/home/fuad/Downloads/fuad_ws/install/integration_pkg/lib/python3.12/site-packages/integration_pkg/battery_sim_node.py
/home/fuad/Downloads/fuad_ws/install/integration_pkg/lib/python3.12/site-packages/integration_pkg/teleop_bridge.py
/home/fuad/Downloads/fuad_ws/install/integration_pkg/lib/python3.12/site-packages/integration_pkg/selector_node.py
/home/fuad/Downloads/fuad_ws/install/integration_pkg/lib/python3.12/site-packages/integration_pkg/dashboard_node.py
/home/fuad/Downloads/fuad_ws/install/integration_pkg/lib/python3.12/site-packages/integration_pkg/voice_node.py
/home/fuad/Downloads/fuad_ws/install/integration_pkg/lib/python3.12/site-packages/integration_pkg/follow_node.py
/home/fuad/Downloads/fuad_ws/install/integration_pkg/lib/python3.12/site-packages/integration_pkg/__init__.py
/home/fuad/Downloads/fuad_ws/install/integration_pkg/lib/python3.12/site-packages/integration_pkg/__pycache__/battery_sim_node.cpython-312.pyc
/home/fuad/Downloads/fuad_ws/install/integration_pkg/lib/python3.12/site-packages/integration_pkg/__pycache__/teleop_bridge.cpython-312.pyc
/home/fuad/Downloads/fuad_ws/install/integration_pkg/lib/python3.12/site-packages/integration_pkg/__pycache__/selector_node.cpython-312.pyc
/home/fuad/Downloads/fuad_ws/install/integration_pkg/lib/python3.12/site-packages/integration_pkg/__pycache__/dashboard_node.cpython-312.pyc
/home/fuad/Downloads/fuad_ws/install/integration_pkg/lib/python3.12/site-packages/integration_pkg/__pycache__/voice_node.cpython-312.pyc
/home/fuad/Downloads/fuad_ws/install/integration_pkg/lib/python3.12/site-packages/integration_pkg/__pycache__/follow_node.cpython-312.pyc
/home/fuad/Downloads/fuad_ws/install/integration_pkg/lib/python3.12/site-packages/integration_pkg/__pycache__/__init__.cpython-312.pyc
/home/fuad/Downloads/fuad_ws/install/integration_pkg/share/ament_index/resource_index/packages/integration_pkg
/home/fuad/Downloads/fuad_ws/install/integration_pkg/share/integration_pkg/package.xml
/home/fuad/Downloads/fuad_ws/install/integration_pkg/share/integration_pkg/launch/all.launch.py
/home/fuad/Downloads/fuad_ws/install/integration_pkg/share/integration_pkg/config/params.yaml
/home/fuad/Downloads/fuad_ws/install/integration_pkg/lib/python3.12/site-packages/integration_pkg-0.0.1-py3.12.egg-info/PKG-INFO
/home/fuad/Downloads/fuad_ws/install/integration_pkg/lib/python3.12/site-packages/integration_pkg-0.0.1-py3.12.egg-info/dependency_links.txt
/home/fuad/Downloads/fuad_ws/install/integration_pkg/lib/python3.12/site-packages/integration_pkg-0.0.1-py3.12.egg-info/requires.txt
/home/fuad/Downloads/fuad_ws/install/integration_pkg/lib/python3.12/site-packages/integration_pkg-0.0.1-py3.12.egg-info/top_level.txt
/home/fuad/Downloads/fuad_ws/install/integration_pkg/lib/python3.12/site-packages/integration_pkg-0.0.1-py3.12.egg-info/entry_points.txt
/home/fuad/Downloads/fuad_ws/install/integration_pkg/lib/python3.12/site-packages/integration_pkg-0.0.1-py3.12.egg-info/zip-safe
/home/fuad/Downloads/fuad_ws/install/integration_pkg/lib/python3.12/site-packages/integration_pkg-0.0.1-py3.12.egg-info/SOURCES.txt
/home/fuad/Downloads/fuad_ws/install/integration_pkg/lib/integration_pkg/battery_sim
/home/fuad/Downloads/fuad_ws/install/integration_pkg/lib/integration_pkg/dashboard_node
/home/fuad/Downloads/fuad_ws/install/integration_pkg/lib/integration_pkg/follow_node
/home/fuad/Downloads/fuad_ws/install/integration_pkg/lib/integration_pkg/selector_node
/home/fuad/Downloads/fuad_ws/install/integration_pkg/lib/integration_pkg/teleop_bridge
/home/fuad/Downloads/fuad_ws/install/integration_pkg/lib/integration_pkg/voice_node
