[1.030s] Invoking command in '/home/fuad/Downloads/fuad_ws/build/quadcopter_gazebo': DEBUGINFOD_URLS=https://debuginfod.ubuntu.com PS1=(.venv) \[\e]0;\u@\h: \w\a\]${debian_chroot:+($debian_chroot)}\[\033[01;32m\]\u@\h\[\033[00m\]:\[\033[01;34m\]\w\[\033[00m\]\$ PYTHONPATH=/home/fuad/Downloads/fuad_ws/build/quadcopter_gazebo/prefix_override:/home/fuad/Downloads/fuad_ws/.venv/lib/python3.12/site-packages/colcon_core/task/python/colcon_distutils_commands:/home/fuad/Downloads/fuad_ws/install/quadcopter_gazebo/lib/python3.12/site-packages:${PYTHONPATH} VIRTUAL_ENV_PROMPT=(.venv) /home/fuad/Downloads/fuad_ws/.venv/bin/python3 -W ignore:setup.py install is deprecated -W ignore:easy_install command is deprecated setup.py develop --uninstall --editable --build-directory /home/fuad/Downloads/fuad_ws/build/quadcopter_gazebo/build
[1.181s] /home/fuad/Downloads/fuad_ws/.venv/lib/python3.12/site-packages/setuptools/_distutils/dist.py:289: UserWarning: Unknown distribution option: 'tests_require'
[1.182s]   warnings.warn(msg)
[1.280s] running develop
[1.412s] Removing /home/fuad/Downloads/fuad_ws/install/quadcopter_gazebo/lib/python3.12/site-packages/quadcopter-gazebo.egg-link (link to .)
[1.464s] Invoked command in '/home/fuad/Downloads/fuad_ws/build/quadcopter_gazebo' returned '0': DEBUGINFOD_URLS=https://debuginfod.ubuntu.com PS1=(.venv) \[\e]0;\u@\h: \w\a\]${debian_chroot:+($debian_chroot)}\[\033[01;32m\]\u@\h\[\033[00m\]:\[\033[01;34m\]\w\[\033[00m\]\$ PYTHONPATH=/home/fuad/Downloads/fuad_ws/build/quadcopter_gazebo/prefix_override:/home/fuad/Downloads/fuad_ws/.venv/lib/python3.12/site-packages/colcon_core/task/python/colcon_distutils_commands:/home/fuad/Downloads/fuad_ws/install/quadcopter_gazebo/lib/python3.12/site-packages:${PYTHONPATH} VIRTUAL_ENV_PROMPT=(.venv) /home/fuad/Downloads/fuad_ws/.venv/bin/python3 -W ignore:setup.py install is deprecated -W ignore:easy_install command is deprecated setup.py develop --uninstall --editable --build-directory /home/fuad/Downloads/fuad_ws/build/quadcopter_gazebo/build
[1.467s] Invoking command in '/home/fuad/Downloads/fuad_ws/src/quadcopter_gazebo': DEBUGINFOD_URLS=https://debuginfod.ubuntu.com PS1=(.venv) \[\e]0;\u@\h: \w\a\]${debian_chroot:+($debian_chroot)}\[\033[01;32m\]\u@\h\[\033[00m\]:\[\033[01;34m\]\w\[\033[00m\]\$ PYTHONPATH=/home/fuad/Downloads/fuad_ws/build/quadcopter_gazebo/prefix_override:/home/fuad/Downloads/fuad_ws/.venv/lib/python3.12/site-packages/colcon_core/task/python/colcon_distutils_commands:/home/fuad/Downloads/fuad_ws/install/quadcopter_gazebo/lib/python3.12/site-packages:${PYTHONPATH} VIRTUAL_ENV_PROMPT=(.venv) /home/fuad/Downloads/fuad_ws/.venv/bin/python3 -W ignore:setup.py install is deprecated -W ignore:easy_install command is deprecated setup.py egg_info --egg-base ../../build/quadcopter_gazebo build --build-base /home/fuad/Downloads/fuad_ws/build/quadcopter_gazebo/build install --record /home/fuad/Downloads/fuad_ws/build/quadcopter_gazebo/install.log --install-scripts $base/lib/quadcopter_gazebo --single-version-externally-managed install_data --force
[1.627s] /home/fuad/Downloads/fuad_ws/.venv/lib/python3.12/site-packages/setuptools/_distutils/dist.py:289: UserWarning: Unknown distribution option: 'tests_require'
[1.628s]   warnings.warn(msg)
[1.720s] running egg_info
[1.735s] writing ../../build/quadcopter_gazebo/quadcopter_gazebo.egg-info/PKG-INFO
[1.736s] writing dependency_links to ../../build/quadcopter_gazebo/quadcopter_gazebo.egg-info/dependency_links.txt
[1.736s] writing entry points to ../../build/quadcopter_gazebo/quadcopter_gazebo.egg-info/entry_points.txt
[1.736s] writing requirements to ../../build/quadcopter_gazebo/quadcopter_gazebo.egg-info/requires.txt
[1.736s] writing top-level names to ../../build/quadcopter_gazebo/quadcopter_gazebo.egg-info/top_level.txt
[1.770s] reading manifest file '../../build/quadcopter_gazebo/quadcopter_gazebo.egg-info/SOURCES.txt'
[1.771s] writing manifest file '../../build/quadcopter_gazebo/quadcopter_gazebo.egg-info/SOURCES.txt'
[1.771s] running build
[1.771s] running build_py
[1.771s] copying quadcopter_gazebo/motor_mixer_node.py -> /home/fuad/Downloads/fuad_ws/build/quadcopter_gazebo/build/lib/quadcopter_gazebo
[1.772s] copying quadcopter_gazebo/__init__.py -> /home/fuad/Downloads/fuad_ws/build/quadcopter_gazebo/build/lib/quadcopter_gazebo
[1.772s] running install
[1.778s] running install_lib
[1.793s] creating /home/fuad/Downloads/fuad_ws/install/quadcopter_gazebo/lib/python3.12/site-packages/quadcopter_gazebo
[1.793s] copying /home/fuad/Downloads/fuad_ws/build/quadcopter_gazebo/build/lib/quadcopter_gazebo/motor_mixer_node.py -> /home/fuad/Downloads/fuad_ws/install/quadcopter_gazebo/lib/python3.12/site-packages/quadcopter_gazebo
[1.794s] copying /home/fuad/Downloads/fuad_ws/build/quadcopter_gazebo/build/lib/quadcopter_gazebo/__init__.py -> /home/fuad/Downloads/fuad_ws/install/quadcopter_gazebo/lib/python3.12/site-packages/quadcopter_gazebo
[1.794s] byte-compiling /home/fuad/Downloads/fuad_ws/install/quadcopter_gazebo/lib/python3.12/site-packages/quadcopter_gazebo/motor_mixer_node.py to motor_mixer_node.cpython-312.pyc
[1.795s] byte-compiling /home/fuad/Downloads/fuad_ws/install/quadcopter_gazebo/lib/python3.12/site-packages/quadcopter_gazebo/__init__.py to __init__.cpython-312.pyc
[1.795s] running install_data
[1.796s] copying resource/quadcopter_gazebo -> /home/fuad/Downloads/fuad_ws/install/quadcopter_gazebo/share/ament_index/resource_index/packages
[1.796s] copying launch/quadcopter.launch.py -> /home/fuad/Downloads/fuad_ws/install/quadcopter_gazebo/share/quadcopter_gazebo/launch
[1.796s] copying models/quadcopter/model.sdf -> /home/fuad/Downloads/fuad_ws/install/quadcopter_gazebo/share/quadcopter_gazebo/models/quadcopter
[1.796s] copying models/quadcopter/model.config -> /home/fuad/Downloads/fuad_ws/install/quadcopter_gazebo/share/quadcopter_gazebo/models/quadcopter
[1.797s] running install_egg_info
[1.813s] Copying ../../build/quadcopter_gazebo/quadcopter_gazebo.egg-info to /home/fuad/Downloads/fuad_ws/install/quadcopter_gazebo/lib/python3.12/site-packages/quadcopter_gazebo-0.0.1-py3.12.egg-info
[1.814s] running install_scripts
[1.895s] Installing motor_mixer script to /home/fuad/Downloads/fuad_ws/install/quadcopter_gazebo/lib/quadcopter_gazebo
[1.896s] Installing teleop_to_motor script to /home/fuad/Downloads/fuad_ws/install/quadcopter_gazebo/lib/quadcopter_gazebo
[1.896s] writing list of installed files to '/home/fuad/Downloads/fuad_ws/build/quadcopter_gazebo/install.log'
[1.966s] Invoked command in '/home/fuad/Downloads/fuad_ws/src/quadcopter_gazebo' returned '0': DEBUGINFOD_URLS=https://debuginfod.ubuntu.com PS1=(.venv) \[\e]0;\u@\h: \w\a\]${debian_chroot:+($debian_chroot)}\[\033[01;32m\]\u@\h\[\033[00m\]:\[\033[01;34m\]\w\[\033[00m\]\$ PYTHONPATH=/home/fuad/Downloads/fuad_ws/build/quadcopter_gazebo/prefix_override:/home/fuad/Downloads/fuad_ws/.venv/lib/python3.12/site-packages/colcon_core/task/python/colcon_distutils_commands:/home/fuad/Downloads/fuad_ws/install/quadcopter_gazebo/lib/python3.12/site-packages:${PYTHONPATH} VIRTUAL_ENV_PROMPT=(.venv) /home/fuad/Downloads/fuad_ws/.venv/bin/python3 -W ignore:setup.py install is deprecated -W ignore:easy_install command is deprecated setup.py egg_info --egg-base ../../build/quadcopter_gazebo build --build-base /home/fuad/Downloads/fuad_ws/build/quadcopter_gazebo/build install --record /home/fuad/Downloads/fuad_ws/build/quadcopter_gazebo/install.log --install-scripts $base/lib/quadcopter_gazebo --single-version-externally-managed install_data --force
