[0.637s] Invoking command in '/home/fuad/Downloads/fuad_ws/build/turtlebot3_gazebo': CMAKE_PREFIX_PATH=${CMAKE_PREFIX_PATH}:/home/fuad/Downloads/fuad_ws/install/quadcopter_gazebo:/home/fuad/Downloads/fuad_ws/install/integration_pkg:/opt/ros/jazzy DEBUGINFOD_URLS=https://debuginfod.ubuntu.com PS1=(.venv) \[\e]0;\u@\h: \w\a\]${debian_chroot:+($debian_chroot)}\[\033[01;32m\]\u@\h\[\033[00m\]:\[\033[01;34m\]\w\[\033[00m\]\$ VIRTUAL_ENV_PROMPT=(.venv) /usr/bin/cmake /home/fuad/Downloads/fuad_ws/src/turtlebot3/turtlebot3_gazebo -DCMAKE_INSTALL_PREFIX=/home/fuad/Downloads/fuad_ws/install/turtlebot3_gazebo
[0.722s] -- The C compiler identification is GNU 13.3.0
[0.799s] -- The CXX compiler identification is GNU 13.3.0
[0.827s] -- Detecting C compiler ABI info
[0.968s] -- Detecting C compiler ABI info - done
[0.978s] -- Check for working C compiler: /usr/bin/cc - skipped
[0.978s] -- Detecting C compile features
[0.978s] -- Detecting C compile features - done
[0.992s] -- Detecting CXX compiler ABI info
[1.164s] -- Detecting CXX compiler ABI info - done
[1.188s] -- Check for working CXX compiler: /usr/bin/c++ - skipped
[1.188s] -- Detecting CXX compile features
[1.189s] -- Detecting CXX compile features - done
[1.201s] -- Found ament_cmake: 2.5.6 (/opt/ros/jazzy/share/ament_cmake/cmake)
[1.391s] -- Found Python3: /home/fuad/Downloads/fuad_ws/.venv/bin/python3 (found version "3.12.3") found components: Interpreter 
[1.588s] -- Found ros_gz_sim: 1.0.22 (/opt/ros/jazzy/share/ros_gz_sim/cmake)
[1.679s] -- Found rosidl_generator_c: 4.6.9 (/opt/ros/jazzy/share/rosidl_generator_c/cmake)
[1.705s] -- Found rosidl_generator_cpp: 4.6.9 (/opt/ros/jazzy/share/rosidl_generator_cpp/cmake)
[1.733s] -- Using all available rosidl_typesupport_c: rosidl_typesupport_fastrtps_c;rosidl_typesupport_introspection_c
[1.763s] -- Using all available rosidl_typesupport_cpp: rosidl_typesupport_fastrtps_cpp;rosidl_typesupport_introspection_cpp
[1.891s] -- Found rmw_implementation_cmake: 7.3.3 (/opt/ros/jazzy/share/rmw_implementation_cmake/cmake)
[1.898s] -- Found rmw_fastrtps_cpp: 8.4.4 (/opt/ros/jazzy/share/rmw_fastrtps_cpp/cmake)
[2.074s] -- Found OpenSSL: /usr/lib/x86_64-linux-gnu/libcrypto.so (found version "3.0.13")  
[2.108s] -- Found FastRTPS: /opt/ros/jazzy/include (Required is at least version "2.13") 
[2.140s] -- Using RMW implementation 'rmw_fastrtps_cpp' as default
[2.520s] -- Found nav_msgs: 5.3.8 (/opt/ros/jazzy/share/nav_msgs/cmake)
[2.555s] -- Found sensor_msgs: 5.3.8 (/opt/ros/jazzy/share/sensor_msgs/cmake)
[2.588s] -- Found gz_math_vendor: 0.0.9 (/opt/ros/jazzy/share/gz_math_vendor/cmake)
[2.603s] -- Looking for gz-math7 -- found version 7.6.0
[2.615s] -- Searching for dependencies of gz-math7
[2.617s] -- Looking for gz-utils2 -- found version 2.2.1
[2.618s] -- Searching for dependencies of gz-utils2
[2.624s] -- Found gz_sim_vendor: 0.0.10 (/opt/ros/jazzy/share/gz_sim_vendor/cmake)
[2.712s] -- Looking for gz-sim8 -- found version 8.11.0
[2.713s] -- Searching for dependencies of gz-sim8
[2.715s] -- Looking for sdformat14 -- found version 14.9.0
[2.715s] -- Searching for dependencies of sdformat14
[2.725s] -- Checking for module 'tinyxml2'
[2.758s] --   Found tinyxml2, version 10.0.0
[2.836s] -- Looking for gz-math7 -- found version 7.6.0
[2.836s] -- Looking for gz-utils2 -- found version 2.2.1
[2.837s] -- Searching for dependencies of gz-utils2
[2.837s] -- Searching for <gz-utils2> component [cli]
[2.846s] -- Looking for gz-utils2-cli -- found version 2.2.1
[2.847s] -- Searching for dependencies of gz-utils2-cli
[2.855s] -- Looking for gz-plugin2 -- found version 2.0.4
[2.855s] -- Searching for dependencies of gz-plugin2
[2.856s] -- Looking for gz-utils2 -- found version 2.2.1
[2.856s] -- Searching for <gz-plugin2> component [loader]
[2.860s] -- Looking for gz-plugin2-loader -- found version 2.0.4
[2.860s] -- Searching for dependencies of gz-plugin2-loader
[2.861s] -- Searching for <gz-plugin2> component [register]
[2.865s] -- Looking for gz-plugin2-register -- found version 2.0.4
[2.865s] -- Searching for dependencies of gz-plugin2-register
[2.869s] -- Looking for gz-transport13 -- found version 13.5.0
[2.869s] -- Searching for dependencies of gz-transport13
[3.108s] -- Found Protobuf: /usr/lib/x86_64-linux-gnu/libprotobuf.so (found version "3.21.12") 
[3.133s] -- Config-file not installed for ZeroMQ -- checking for pkg-config
[3.142s] -- Checking for module 'libzmq >= 4'
[3.184s] --   Found libzmq, version 4.3.5
[3.294s] -- Found ZeroMQ: TRUE (Required is at least version "4") 
[3.304s] -- Checking for module 'uuid'
[3.344s] --   Found uuid, version 2.39.3
[3.446s] -- Found UUID: TRUE  
[3.446s] -- Looking for gz-utils2 -- found version 2.2.1
[3.455s] -- Looking for gz-msgs10 -- found version 10.3.2
[3.455s] -- Searching for dependencies of gz-msgs10
[3.491s] -- Looking for gz-utils2 -- found version 2.2.1
[3.491s] -- Looking for gz-math7 -- found version 7.6.0
[3.504s] -- Searching for <gz-transport13> component [log]
[3.508s] -- Looking for gz-transport13-log -- found version 13.5.0
[3.508s] -- Searching for dependencies of gz-transport13-log
[3.508s] -- Searching for <gz-transport13> component [parameters]
[3.512s] -- Looking for gz-transport13-parameters -- found version 13.5.0
[3.512s] -- Searching for dependencies of gz-transport13-parameters
[3.513s] -- Looking for gz-msgs10 -- found version 10.3.2
[3.517s] -- Looking for gz-common5 -- found version 5.8.0
[3.518s] -- Searching for dependencies of gz-common5
[3.518s] -- Looking for gz-utils2 -- found version 2.2.1
[3.519s] -- Looking for dlfcn.h - found
[3.521s] -- Looking for libdl - found
[3.522s] -- Found DL: TRUE  
[3.532s] -- Searching for <gz-common5> component [av]
[3.536s] -- Looking for gz-common5-av -- found version 5.8.0
[3.536s] -- Searching for dependencies of gz-common5-av
[3.545s] -- Checking for module 'libswscale'
[3.575s] --   Found libswscale, version 7.5.100
[3.658s] -- Found SWSCALE: TRUE  
[3.668s] -- Checking for module 'libavdevice >= 56.4.100'
[3.702s] --   Found libavdevice, version 60.3.100
[3.797s] -- Found AVDEVICE: TRUE (Required is at least version "56.4.100") 
[3.806s] -- Checking for module 'libavformat'
[3.843s] --   Found libavformat, version 60.16.100
[3.947s] -- Found AVFORMAT: TRUE  
[3.960s] -- Checking for module 'libavcodec'
[4.007s] --   Found libavcodec, version 60.31.102
[4.093s] -- Found AVCODEC: TRUE  
[4.103s] -- Checking for module 'libavutil'
[4.138s] --   Found libavutil, version 58.29.100
[4.232s] -- Found AVUTIL: TRUE  
[4.233s] -- Searching for <gz-common5> component [events]
[4.237s] -- Looking for gz-common5-events -- found version 5.8.0
[4.237s] -- Searching for dependencies of gz-common5-events
[4.237s] -- Looking for gz-math7 -- found version 7.6.0
[4.238s] -- Searching for <gz-common5> component [graphics]
[4.246s] -- Looking for gz-common5-graphics -- found version 5.8.0
[4.246s] -- Searching for dependencies of gz-common5-graphics
[4.248s] -- Looking for gz-math7 -- found version 7.6.0
[4.263s] -- Found GzAssimp: TRUE (found version "5.3.0") 
[4.264s] -- Searching for <gz-common5> component [io]
[4.268s] -- Looking for gz-common5-io -- found version 5.8.0
[4.268s] -- Searching for dependencies of gz-common5-io
[4.269s] -- Searching for <gz-common5> component [profiler]
[4.274s] -- Looking for gz-common5-profiler -- found version 5.8.0
[4.274s] -- Searching for dependencies of gz-common5-profiler
[4.279s] -- Looking for gz-fuel_tools9 -- found version 9.1.1
[4.279s] -- Searching for dependencies of gz-fuel_tools9
[4.468s] -- Found CURL: /usr/lib/x86_64-linux-gnu/libcurl.so (found version "8.5.0")  
[4.485s] -- Checking for module 'jsoncpp'
[4.521s] --   Found jsoncpp, version 1.9.5
[4.602s] -- Found JSONCPP: TRUE  
[4.629s] -- Checking for module 'yaml-0.1'
[4.663s] --   Found yaml-0.1, version 0.2.5
[4.764s] -- Found YAML: TRUE  
[4.780s] -- Checking for module 'libzip'
[4.819s] --   Found libzip, version 1.7.3
[4.915s] -- Found ZIP: TRUE  
[4.915s] -- Looking for gz-utils2 -- found version 2.2.1
[4.916s] -- Looking for gz-common5 -- found version 5.8.0
[4.916s] -- Searching for dependencies of gz-common5
[4.916s] -- Looking for gz-utils2 -- found version 2.2.1
[4.916s] -- Looking for dlfcn.h - found
[4.917s] -- Looking for libdl - found
[4.927s] -- Searching for <gz-common5> component [testing]
[4.931s] -- Looking for gz-common5-testing -- found version 5.8.0
[4.932s] -- Searching for dependencies of gz-common5-testing
[4.933s] -- Looking for gz-math7 -- found version 7.6.0
[4.934s] -- Looking for gz-msgs10 -- found version 10.3.2
[4.939s] -- Looking for gz-gui8 -- found version 8.4.0
[4.940s] -- Searching for dependencies of gz-gui8
[4.983s] -- Looking for gz-utils2 -- found version 2.2.1
[4.984s] -- Looking for gz-math7 -- found version 7.6.0
[4.984s] -- Looking for gz-common5 -- found version 5.8.0
[4.984s] -- Looking for gz-plugin2 -- found version 2.0.4
[4.985s] -- Looking for gz-transport13 -- found version 13.5.0
[4.988s] -- Looking for gz-rendering8 -- found version 8.2.3
[4.989s] -- Searching for dependencies of gz-rendering8
[4.989s] -- Looking for gz-math7 -- found version 7.6.0
[4.989s] -- Searching for dependencies of gz-math7
[4.990s] -- Looking for gz-utils2 -- found version 2.2.1
[4.990s] -- Searching for <gz-math7> component [eigen3]
[4.994s] -- Looking for gz-math7-eigen3 -- found version 7.6.0
[4.995s] -- Searching for dependencies of gz-math7-eigen3
[5.009s] -- Looking for gz-common5 -- found version 5.8.0
[5.009s] -- Searching for dependencies of gz-common5
[5.010s] -- Looking for gz-utils2 -- found version 2.2.1
[5.010s] -- Looking for dlfcn.h - found
[5.010s] -- Looking for libdl - found
[5.023s] -- Searching for <gz-common5> component [graphics]
[5.024s] -- Searching for <gz-common5> component [events]
[5.024s] -- Searching for <gz-common5> component [geospatial]
[5.027s] -- Looking for gz-common5-geospatial -- found version 5.8.0
[5.028s] -- Searching for dependencies of gz-common5-geospatial
[5.028s] -- Looking for gz-math7 -- found version 7.6.0
[5.028s] -- Looking for gz-common5 -- found version 5.8.0
[5.030s] -- Looking for gz-plugin2 -- found version 2.0.4
[5.030s] -- Searching for dependencies of gz-plugin2
[5.030s] -- Looking for gz-utils2 -- found version 2.2.1
[5.031s] -- Searching for <gz-plugin2> component [all]
[5.034s] -- Looking for all libraries of gz-plugin2 -- found version 2.0.4
[5.035s] -- Looking for gz-plugin2 -- found version 2.0.4
[5.036s] -- Looking for gz-utils2 -- found version 2.2.1
[5.054s] -- Found OpenGL: /usr/lib/x86_64-linux-gnu/libOpenGL.so  found components: OpenGL 
[5.056s] -- Looking for gz-msgs10 -- found version 10.3.2
[5.093s] -- Looking for gz-physics7 -- found version 7.6.0
[5.094s] -- Searching for dependencies of gz-physics7
[5.094s] -- Looking for gz-common5 -- found version 5.8.0
[5.094s] -- Looking for gz-math7 -- found version 7.6.0
[5.095s] -- Looking for gz-plugin2 -- found version 2.0.4
[5.095s] -- Looking for gz-utils2 -- found version 2.2.1
[5.097s] -- Searching for <gz-physics7> component [heightmap]
[5.099s] -- Looking for gz-physics7-heightmap -- found version 7.6.0
[5.100s] -- Searching for dependencies of gz-physics7-heightmap
[5.100s] -- Looking for gz-common5 -- found version 5.8.0
[5.101s] -- Searching for <gz-physics7> component [mesh]
[5.104s] -- Looking for gz-physics7-mesh -- found version 7.6.0
[5.104s] -- Searching for dependencies of gz-physics7-mesh
[5.104s] -- Looking for gz-common5 -- found version 5.8.0
[5.105s] -- Searching for <gz-physics7> component [sdf]
[5.108s] -- Looking for gz-physics7-sdf -- found version 7.6.0
[5.109s] -- Searching for dependencies of gz-physics7-sdf
[5.109s] -- Looking for sdformat14 -- found version 14.9.0
[5.114s] -- Looking for gz-sensors8 -- found version 8.2.2
[5.114s] -- Searching for dependencies of gz-sensors8
[5.149s] -- Looking for gz-math7 -- found version 7.6.0
[5.149s] -- Looking for gz-common5 -- found version 5.8.0
[5.150s] -- Looking for gz-transport13 -- found version 13.5.0
[5.150s] -- Looking for gz-rendering8 -- found version 8.2.3
[5.150s] -- Looking for gz-msgs10 -- found version 10.3.2
[5.150s] -- Looking for sdformat14 -- found version 14.9.0
[5.151s] -- Searching for <gz-sensors8> component [air_pressure]
[5.154s] -- Looking for gz-sensors8-air_pressure -- found version 8.2.2
[5.154s] -- Searching for dependencies of gz-sensors8-air_pressure
[5.155s] -- Searching for <gz-sensors8> component [air_speed]
[5.157s] -- Looking for gz-sensors8-air_speed -- found version 8.2.2
[5.158s] -- Searching for dependencies of gz-sensors8-air_speed
[5.158s] -- Searching for <gz-sensors8> component [altimeter]
[5.161s] -- Looking for gz-sensors8-altimeter -- found version 8.2.2
[5.161s] -- Searching for dependencies of gz-sensors8-altimeter
[5.162s] -- Searching for <gz-sensors8> component [imu]
[5.164s] -- Looking for gz-sensors8-imu -- found version 8.2.2
[5.165s] -- Searching for dependencies of gz-sensors8-imu
[5.165s] -- Searching for <gz-sensors8> component [force_torque]
[5.167s] -- Looking for gz-sensors8-force_torque -- found version 8.2.2
[5.168s] -- Searching for dependencies of gz-sensors8-force_torque
[5.168s] -- Searching for <gz-sensors8> component [logical_camera]
[5.170s] -- Looking for gz-sensors8-logical_camera -- found version 8.2.2
[5.171s] -- Searching for dependencies of gz-sensors8-logical_camera
[5.171s] -- Searching for <gz-sensors8> component [magnetometer]
[5.174s] -- Looking for gz-sensors8-magnetometer -- found version 8.2.2
[5.174s] -- Searching for dependencies of gz-sensors8-magnetometer
[5.175s] -- Searching for <gz-sensors8> component [navsat]
[5.177s] -- Looking for gz-sensors8-navsat -- found version 8.2.2
[5.178s] -- Searching for dependencies of gz-sensors8-navsat
[5.178s] -- Searching for <gz-sensors8> component [dvl]
[5.181s] -- Looking for gz-sensors8-dvl -- found version 8.2.2
[5.181s] -- Searching for dependencies of gz-sensors8-dvl
[5.181s] -- Looking for gz-sensors8 -- found version 8.2.2
[5.181s] -- Searching for dependencies of gz-sensors8
[5.210s] -- Looking for gz-math7 -- found version 7.6.0
[5.211s] -- Looking for gz-common5 -- found version 5.8.0
[5.211s] -- Looking for gz-transport13 -- found version 13.5.0
[5.211s] -- Looking for gz-rendering8 -- found version 8.2.3
[5.211s] -- Looking for gz-msgs10 -- found version 10.3.2
[5.212s] -- Looking for sdformat14 -- found version 14.9.0
[5.212s] -- Searching for <gz-sensors8> component [rendering]
[5.215s] -- Looking for gz-sensors8-rendering -- found version 8.2.2
[5.215s] -- Searching for dependencies of gz-sensors8-rendering
[5.217s] -- Searching for <gz-sensors8> component [rendering]
[5.217s] -- Searching for <gz-sensors8> component [lidar]
[5.220s] -- Looking for gz-sensors8-lidar -- found version 8.2.2
[5.220s] -- Searching for dependencies of gz-sensors8-lidar
[5.220s] -- Looking for gz-sensors8 -- found version 8.2.2
[5.221s] -- Searching for <gz-sensors8> component [gpu_lidar]
[5.224s] -- Looking for gz-sensors8-gpu_lidar -- found version 8.2.2
[5.225s] -- Searching for dependencies of gz-sensors8-gpu_lidar
[5.225s] -- Looking for gz-sensors8 -- found version 8.2.2
[5.226s] -- Searching for <gz-sensors8> component [camera]
[5.228s] -- Looking for gz-sensors8-camera -- found version 8.2.2
[5.229s] -- Searching for dependencies of gz-sensors8-camera
[5.229s] -- Looking for gz-sensors8 -- found version 8.2.2
[5.229s] -- Searching for <gz-sensors8> component [boundingbox_camera]
[5.233s] -- Looking for gz-sensors8-boundingbox_camera -- found version 8.2.2
[5.233s] -- Searching for dependencies of gz-sensors8-boundingbox_camera
[5.233s] -- Searching for <gz-sensors8> component [segmentation_camera]
[5.236s] -- Looking for gz-sensors8-segmentation_camera -- found version 8.2.2
[5.237s] -- Searching for dependencies of gz-sensors8-segmentation_camera
[5.237s] -- Searching for <gz-sensors8> component [depth_camera]
[5.240s] -- Looking for gz-sensors8-depth_camera -- found version 8.2.2
[5.240s] -- Searching for dependencies of gz-sensors8-depth_camera
[5.241s] -- Looking for gz-sensors8 -- found version 8.2.2
[5.242s] -- Searching for <gz-sensors8> component [rgbd_camera]
[5.245s] -- Looking for gz-sensors8-rgbd_camera -- found version 8.2.2
[5.245s] -- Searching for dependencies of gz-sensors8-rgbd_camera
[5.245s] -- Looking for gz-sensors8 -- found version 8.2.2
[5.246s] -- Searching for <gz-sensors8> component [thermal_camera]
[5.249s] -- Looking for gz-sensors8-thermal_camera -- found version 8.2.2
[5.249s] -- Searching for dependencies of gz-sensors8-thermal_camera
[5.249s] -- Looking for gz-sensors8 -- found version 8.2.2
[5.250s] -- Searching for <gz-sensors8> component [wide_angle_camera]
[5.253s] -- Looking for gz-sensors8-wide_angle_camera -- found version 8.2.2
[5.253s] -- Searching for dependencies of gz-sensors8-wide_angle_camera
[5.255s] -- Looking for gz-rendering8 -- found version 8.2.3
[5.255s] -- Looking for gz-math7 -- found version 7.6.0
[5.255s] -- Looking for gz-utils2 -- found version 2.2.1
[5.289s] -- Looking for gz-plugin2 -- found version 2.0.4
[5.404s] -- Configuring done (4.8s)
[5.443s] -- Generating done (0.0s)
[5.453s] -- Build files have been written to: /home/fuad/Downloads/fuad_ws/build/turtlebot3_gazebo
[5.477s] Invoked command in '/home/fuad/Downloads/fuad_ws/build/turtlebot3_gazebo' returned '0': CMAKE_PREFIX_PATH=${CMAKE_PREFIX_PATH}:/home/fuad/Downloads/fuad_ws/install/quadcopter_gazebo:/home/fuad/Downloads/fuad_ws/install/integration_pkg:/opt/ros/jazzy DEBUGINFOD_URLS=https://debuginfod.ubuntu.com PS1=(.venv) \[\e]0;\u@\h: \w\a\]${debian_chroot:+($debian_chroot)}\[\033[01;32m\]\u@\h\[\033[00m\]:\[\033[01;34m\]\w\[\033[00m\]\$ VIRTUAL_ENV_PROMPT=(.venv) /usr/bin/cmake /home/fuad/Downloads/fuad_ws/src/turtlebot3/turtlebot3_gazebo -DCMAKE_INSTALL_PREFIX=/home/fuad/Downloads/fuad_ws/install/turtlebot3_gazebo
[5.480s] Invoking command in '/home/fuad/Downloads/fuad_ws/build/turtlebot3_gazebo': CMAKE_PREFIX_PATH=${CMAKE_PREFIX_PATH}:/home/fuad/Downloads/fuad_ws/install/quadcopter_gazebo:/home/fuad/Downloads/fuad_ws/install/integration_pkg:/opt/ros/jazzy DEBUGINFOD_URLS=https://debuginfod.ubuntu.com PS1=(.venv) \[\e]0;\u@\h: \w\a\]${debian_chroot:+($debian_chroot)}\[\033[01;32m\]\u@\h\[\033[00m\]:\[\033[01;34m\]\w\[\033[00m\]\$ VIRTUAL_ENV_PROMPT=(.venv) /usr/bin/cmake --build /home/fuad/Downloads/fuad_ws/build/turtlebot3_gazebo -- -j16 -l16
[5.565s] [ 12%] [32mBuilding CXX object CMakeFiles/obstacle1.dir/src/obstacle1.cpp.o[0m
[5.565s] [ 25%] [32mBuilding CXX object CMakeFiles/turtlebot3_drive.dir/src/turtlebot3_drive.cpp.o[0m
[5.567s] [ 50%] [32mBuilding CXX object CMakeFiles/obstacle2.dir/src/obstacle2.cpp.o[0m
[5.567s] [ 50%] [32mBuilding CXX object CMakeFiles/obstacles.dir/src/obstacles.cpp.o[0m
[7.994s] [ 62%] [32m[1mLinking CXX shared library libobstacle2.so[0m
[8.066s] [ 75%] [32m[1mLinking CXX shared library libobstacle1.so[0m
[8.332s] [ 75%] Built target obstacle2
[8.378s] [ 75%] Built target obstacle1
[8.461s] [ 87%] [32m[1mLinking CXX shared library libobstacles.so[0m
[8.752s] [ 87%] Built target obstacles
[16.854s] [100%] [32m[1mLinking CXX executable turtlebot3_drive[0m
[17.541s] [100%] Built target turtlebot3_drive
[17.560s] Invoked command in '/home/fuad/Downloads/fuad_ws/build/turtlebot3_gazebo' returned '0': CMAKE_PREFIX_PATH=${CMAKE_PREFIX_PATH}:/home/fuad/Downloads/fuad_ws/install/quadcopter_gazebo:/home/fuad/Downloads/fuad_ws/install/integration_pkg:/opt/ros/jazzy DEBUGINFOD_URLS=https://debuginfod.ubuntu.com PS1=(.venv) \[\e]0;\u@\h: \w\a\]${debian_chroot:+($debian_chroot)}\[\033[01;32m\]\u@\h\[\033[00m\]:\[\033[01;34m\]\w\[\033[00m\]\$ VIRTUAL_ENV_PROMPT=(.venv) /usr/bin/cmake --build /home/fuad/Downloads/fuad_ws/build/turtlebot3_gazebo -- -j16 -l16
[17.561s] Invoking command in '/home/fuad/Downloads/fuad_ws/build/turtlebot3_gazebo': CMAKE_PREFIX_PATH=${CMAKE_PREFIX_PATH}:/home/fuad/Downloads/fuad_ws/install/quadcopter_gazebo:/home/fuad/Downloads/fuad_ws/install/integration_pkg:/opt/ros/jazzy DEBUGINFOD_URLS=https://debuginfod.ubuntu.com PS1=(.venv) \[\e]0;\u@\h: \w\a\]${debian_chroot:+($debian_chroot)}\[\033[01;32m\]\u@\h\[\033[00m\]:\[\033[01;34m\]\w\[\033[00m\]\$ VIRTUAL_ENV_PROMPT=(.venv) /usr/bin/cmake --install /home/fuad/Downloads/fuad_ws/build/turtlebot3_gazebo
[17.579s] -- Install configuration: ""
[17.580s] -- Installing: /home/fuad/Downloads/fuad_ws/install/turtlebot3_gazebo/lib/turtlebot3_gazebo/turtlebot3_drive
[17.588s] -- Set non-toolchain portion of runtime path of "/home/fuad/Downloads/fuad_ws/install/turtlebot3_gazebo/lib/turtlebot3_gazebo/turtlebot3_drive" to ""
[17.588s] -- Installing: /home/fuad/Downloads/fuad_ws/install/turtlebot3_gazebo/lib/turtlebot3_gazebo/libobstacles.so
[17.589s] -- Set non-toolchain portion of runtime path of "/home/fuad/Downloads/fuad_ws/install/turtlebot3_gazebo/lib/turtlebot3_gazebo/libobstacles.so" to ""
[17.589s] -- Installing: /home/fuad/Downloads/fuad_ws/install/turtlebot3_gazebo/lib/turtlebot3_gazebo/libobstacle1.so
[17.590s] -- Set non-toolchain portion of runtime path of "/home/fuad/Downloads/fuad_ws/install/turtlebot3_gazebo/lib/turtlebot3_gazebo/libobstacle1.so" to ""
[17.590s] -- Installing: /home/fuad/Downloads/fuad_ws/install/turtlebot3_gazebo/lib/turtlebot3_gazebo/libobstacle2.so
[17.590s] -- Set non-toolchain portion of runtime path of "/home/fuad/Downloads/fuad_ws/install/turtlebot3_gazebo/lib/turtlebot3_gazebo/libobstacle2.so" to ""
[17.591s] -- Installing: /home/fuad/Downloads/fuad_ws/install/turtlebot3_gazebo/share/turtlebot3_gazebo//launch
[17.591s] -- Installing: /home/fuad/Downloads/fuad_ws/install/turtlebot3_gazebo/share/turtlebot3_gazebo//launch/turtlebot3_house.launch.py
[17.591s] -- Installing: /home/fuad/Downloads/fuad_ws/install/turtlebot3_gazebo/share/turtlebot3_gazebo//launch/spawn_turtlebot3.launch.py
[17.591s] -- Installing: /home/fuad/Downloads/fuad_ws/install/turtlebot3_gazebo/share/turtlebot3_gazebo//launch/turtlebot3_dqn_stage2.launch.py
[17.592s] -- Installing: /home/fuad/Downloads/fuad_ws/install/turtlebot3_gazebo/share/turtlebot3_gazebo//launch/turtlebot3_dqn_stage1.launch.py
[17.592s] -- Installing: /home/fuad/Downloads/fuad_ws/install/turtlebot3_gazebo/share/turtlebot3_gazebo//launch/turtlebot3_dqn_stage3.launch.py
[17.592s] -- Installing: /home/fuad/Downloads/fuad_ws/install/turtlebot3_gazebo/share/turtlebot3_gazebo//launch/turtlebot3_dqn_stage4.launch.py
[17.592s] -- Installing: /home/fuad/Downloads/fuad_ws/install/turtlebot3_gazebo/share/turtlebot3_gazebo//launch/empty_world.launch.py
[17.592s] -- Installing: /home/fuad/Downloads/fuad_ws/install/turtlebot3_gazebo/share/turtlebot3_gazebo//launch/robot_state_publisher.launch.py
[17.592s] -- Installing: /home/fuad/Downloads/fuad_ws/install/turtlebot3_gazebo/share/turtlebot3_gazebo//launch/turtlebot3_world.launch.py
[17.593s] -- Installing: /home/fuad/Downloads/fuad_ws/install/turtlebot3_gazebo/share/turtlebot3_gazebo//models
[17.593s] -- Installing: /home/fuad/Downloads/fuad_ws/install/turtlebot3_gazebo/share/turtlebot3_gazebo//models/turtlebot3_waffle_pi
[17.593s] -- Installing: /home/fuad/Downloads/fuad_ws/install/turtlebot3_gazebo/share/turtlebot3_gazebo//models/turtlebot3_waffle_pi/model-1_4_.sdf
[17.593s] -- Installing: /home/fuad/Downloads/fuad_ws/install/turtlebot3_gazebo/share/turtlebot3_gazebo//models/turtlebot3_waffle_pi/model.sdf
[17.593s] -- Installing: /home/fuad/Downloads/fuad_ws/install/turtlebot3_gazebo/share/turtlebot3_gazebo//models/turtlebot3_waffle_pi/model.config
[17.593s] -- Installing: /home/fuad/Downloads/fuad_ws/install/turtlebot3_gazebo/share/turtlebot3_gazebo//models/turtlebot3_burger_cam
[17.594s] -- Installing: /home/fuad/Downloads/fuad_ws/install/turtlebot3_gazebo/share/turtlebot3_gazebo//models/turtlebot3_burger_cam/model.sdf
[17.594s] -- Installing: /home/fuad/Downloads/fuad_ws/install/turtlebot3_gazebo/share/turtlebot3_gazebo//models/turtlebot3_burger_cam/model-1_4.sdf
[17.594s] -- Installing: /home/fuad/Downloads/fuad_ws/install/turtlebot3_gazebo/share/turtlebot3_gazebo//models/turtlebot3_burger_cam/model.config
[17.594s] -- Installing: /home/fuad/Downloads/fuad_ws/install/turtlebot3_gazebo/share/turtlebot3_gazebo//models/turtlebot3_house
[17.594s] -- Installing: /home/fuad/Downloads/fuad_ws/install/turtlebot3_gazebo/share/turtlebot3_gazebo//models/turtlebot3_house/textures
[17.594s] -- Installing: /home/fuad/Downloads/fuad_ws/install/turtlebot3_gazebo/share/turtlebot3_gazebo//models/turtlebot3_house/textures/wood.png
[17.594s] -- Installing: /home/fuad/Downloads/fuad_ws/install/turtlebot3_gazebo/share/turtlebot3_gazebo//models/turtlebot3_house/textures/bricks.png
[17.595s] -- Installing: /home/fuad/Downloads/fuad_ws/install/turtlebot3_gazebo/share/turtlebot3_gazebo//models/turtlebot3_house/model.sdf
[17.595s] -- Installing: /home/fuad/Downloads/fuad_ws/install/turtlebot3_gazebo/share/turtlebot3_gazebo//models/turtlebot3_house/cafe_table
[17.595s] -- Installing: /home/fuad/Downloads/fuad_ws/install/turtlebot3_gazebo/share/turtlebot3_gazebo//models/turtlebot3_house/cafe_table/model.sdf
[17.595s] -- Installing: /home/fuad/Downloads/fuad_ws/install/turtlebot3_gazebo/share/turtlebot3_gazebo//models/turtlebot3_house/cafe_table/meshes
[17.595s] -- Installing: /home/fuad/Downloads/fuad_ws/install/turtlebot3_gazebo/share/turtlebot3_gazebo//models/turtlebot3_house/cafe_table/meshes/cafe_table.dae
[17.596s] -- Installing: /home/fuad/Downloads/fuad_ws/install/turtlebot3_gazebo/share/turtlebot3_gazebo//models/turtlebot3_house/cafe_table/model-1_4.sdf
[17.596s] -- Installing: /home/fuad/Downloads/fuad_ws/install/turtlebot3_gazebo/share/turtlebot3_gazebo//models/turtlebot3_house/cafe_table/model.config
[17.596s] -- Installing: /home/fuad/Downloads/fuad_ws/install/turtlebot3_gazebo/share/turtlebot3_gazebo//models/turtlebot3_house/cafe_table/materials
[17.596s] -- Installing: /home/fuad/Downloads/fuad_ws/install/turtlebot3_gazebo/share/turtlebot3_gazebo//models/turtlebot3_house/cafe_table/materials/textures
[17.597s] -- Installing: /home/fuad/Downloads/fuad_ws/install/turtlebot3_gazebo/share/turtlebot3_gazebo//models/turtlebot3_house/cafe_table/materials/textures/Wood_Floor_Dark.jpg
[17.597s] -- Installing: /home/fuad/Downloads/fuad_ws/install/turtlebot3_gazebo/share/turtlebot3_gazebo//models/turtlebot3_house/cafe_table/materials/textures/Maple.jpg
[17.597s] -- Installing: /home/fuad/Downloads/fuad_ws/install/turtlebot3_gazebo/share/turtlebot3_gazebo//models/turtlebot3_house/mailbox
[17.597s] -- Installing: /home/fuad/Downloads/fuad_ws/install/turtlebot3_gazebo/share/turtlebot3_gazebo//models/turtlebot3_house/mailbox/model.sdf
[17.597s] -- Installing: /home/fuad/Downloads/fuad_ws/install/turtlebot3_gazebo/share/turtlebot3_gazebo//models/turtlebot3_house/mailbox/meshes
[17.597s] -- Installing: /home/fuad/Downloads/fuad_ws/install/turtlebot3_gazebo/share/turtlebot3_gazebo//models/turtlebot3_house/mailbox/meshes/mailbox.dae
[17.598s] -- Installing: /home/fuad/Downloads/fuad_ws/install/turtlebot3_gazebo/share/turtlebot3_gazebo//models/turtlebot3_house/mailbox/model-1_3.sdf
[17.598s] -- Installing: /home/fuad/Downloads/fuad_ws/install/turtlebot3_gazebo/share/turtlebot3_gazebo//models/turtlebot3_house/mailbox/model-1_4.sdf
[17.598s] -- Installing: /home/fuad/Downloads/fuad_ws/install/turtlebot3_gazebo/share/turtlebot3_gazebo//models/turtlebot3_house/mailbox/model.config
[17.598s] -- Installing: /home/fuad/Downloads/fuad_ws/install/turtlebot3_gazebo/share/turtlebot3_gazebo//models/turtlebot3_house/mailbox/materials
[17.598s] -- Installing: /home/fuad/Downloads/fuad_ws/install/turtlebot3_gazebo/share/turtlebot3_gazebo//models/turtlebot3_house/mailbox/materials/textures
[17.599s] -- Installing: /home/fuad/Downloads/fuad_ws/install/turtlebot3_gazebo/share/turtlebot3_gazebo//models/turtlebot3_house/mailbox/materials/textures/Mailbox_Diffuse.png
[17.599s] -- Installing: /home/fuad/Downloads/fuad_ws/install/turtlebot3_gazebo/share/turtlebot3_gazebo//models/turtlebot3_house/mailbox/materials/textures/Mailbox_Spec.png
[17.599s] -- Installing: /home/fuad/Downloads/fuad_ws/install/turtlebot3_gazebo/share/turtlebot3_gazebo//models/turtlebot3_house/mailbox/materials/textures/Mailbox_Diffuse.tga.orig
[17.599s] -- Installing: /home/fuad/Downloads/fuad_ws/install/turtlebot3_gazebo/share/turtlebot3_gazebo//models/turtlebot3_house/mailbox/materials/scripts
[17.599s] -- Installing: /home/fuad/Downloads/fuad_ws/install/turtlebot3_gazebo/share/turtlebot3_gazebo//models/turtlebot3_house/mailbox/materials/scripts/mailbox.material
[17.599s] -- Installing: /home/fuad/Downloads/fuad_ws/install/turtlebot3_gazebo/share/turtlebot3_gazebo//models/turtlebot3_house/first_2015_trash_can
[17.600s] -- Installing: /home/fuad/Downloads/fuad_ws/install/turtlebot3_gazebo/share/turtlebot3_gazebo//models/turtlebot3_house/first_2015_trash_can/model.sdf
[17.600s] -- Installing: /home/fuad/Downloads/fuad_ws/install/turtlebot3_gazebo/share/turtlebot3_gazebo//models/turtlebot3_house/first_2015_trash_can/meshes
[17.600s] -- Installing: /home/fuad/Downloads/fuad_ws/install/turtlebot3_gazebo/share/turtlebot3_gazebo//models/turtlebot3_house/first_2015_trash_can/meshes/trash_can.dae
[17.600s] -- Installing: /home/fuad/Downloads/fuad_ws/install/turtlebot3_gazebo/share/turtlebot3_gazebo//models/turtlebot3_house/first_2015_trash_can/model.config
[17.600s] -- Installing: /home/fuad/Downloads/fuad_ws/install/turtlebot3_gazebo/share/turtlebot3_gazebo//models/turtlebot3_house/table_marble
[17.601s] -- Installing: /home/fuad/Downloads/fuad_ws/install/turtlebot3_gazebo/share/turtlebot3_gazebo//models/turtlebot3_house/table_marble/model.sdf
[17.601s] -- Installing: /home/fuad/Downloads/fuad_ws/install/turtlebot3_gazebo/share/turtlebot3_gazebo//models/turtlebot3_house/table_marble/meshes
[17.601s] -- Installing: /home/fuad/Downloads/fuad_ws/install/turtlebot3_gazebo/share/turtlebot3_gazebo//models/turtlebot3_house/table_marble/meshes/table_lightmap.dae
[17.601s] -- Installing: /home/fuad/Downloads/fuad_ws/install/turtlebot3_gazebo/share/turtlebot3_gazebo//models/turtlebot3_house/table_marble/model-1_4.sdf
[17.601s] -- Installing: /home/fuad/Downloads/fuad_ws/install/turtlebot3_gazebo/share/turtlebot3_gazebo//models/turtlebot3_house/table_marble/model.config
[17.601s] -- Installing: /home/fuad/Downloads/fuad_ws/install/turtlebot3_gazebo/share/turtlebot3_gazebo//models/turtlebot3_house/table_marble/materials
[17.602s] -- Installing: /home/fuad/Downloads/fuad_ws/install/turtlebot3_gazebo/share/turtlebot3_gazebo//models/turtlebot3_house/table_marble/materials/textures
[17.602s] -- Installing: /home/fuad/Downloads/fuad_ws/install/turtlebot3_gazebo/share/turtlebot3_gazebo//models/turtlebot3_house/table_marble/materials/textures/marble.png
[17.602s] -- Installing: /home/fuad/Downloads/fuad_ws/install/turtlebot3_gazebo/share/turtlebot3_gazebo//models/turtlebot3_house/table_marble/materials/textures/table_lightmap.png
[17.602s] -- Installing: /home/fuad/Downloads/fuad_ws/install/turtlebot3_gazebo/share/turtlebot3_gazebo//models/turtlebot3_house/table_marble/materials/scripts
[17.602s] -- Installing: /home/fuad/Downloads/fuad_ws/install/turtlebot3_gazebo/share/turtlebot3_gazebo//models/turtlebot3_house/table_marble/materials/scripts/table_lightmap.material
[17.602s] -- Installing: /home/fuad/Downloads/fuad_ws/install/turtlebot3_gazebo/share/turtlebot3_gazebo//models/turtlebot3_house/model.config
[17.602s] -- Installing: /home/fuad/Downloads/fuad_ws/install/turtlebot3_gazebo/share/turtlebot3_gazebo//models/turtlebot3_common
[17.603s] -- Installing: /home/fuad/Downloads/fuad_ws/install/turtlebot3_gazebo/share/turtlebot3_gazebo//models/turtlebot3_common/meshes
[17.603s] -- Installing: /home/fuad/Downloads/fuad_ws/install/turtlebot3_gazebo/share/turtlebot3_gazebo//models/turtlebot3_common/meshes/bases
[17.603s] -- Installing: /home/fuad/Downloads/fuad_ws/install/turtlebot3_gazebo/share/turtlebot3_gazebo//models/turtlebot3_common/meshes/bases/waffle_pi_base.stl
[17.609s] -- Installing: /home/fuad/Downloads/fuad_ws/install/turtlebot3_gazebo/share/turtlebot3_gazebo//models/turtlebot3_common/meshes/bases/burger_base.stl
[17.613s] -- Installing: /home/fuad/Downloads/fuad_ws/install/turtlebot3_gazebo/share/turtlebot3_gazebo//models/turtlebot3_common/meshes/bases/waffle_base.stl
[17.628s] -- Installing: /home/fuad/Downloads/fuad_ws/install/turtlebot3_gazebo/share/turtlebot3_gazebo//models/turtlebot3_common/meshes/waffle_base.dae
[17.629s] -- Installing: /home/fuad/Downloads/fuad_ws/install/turtlebot3_gazebo/share/turtlebot3_gazebo//models/turtlebot3_common/meshes/tire.dae
[17.629s] -- Installing: /home/fuad/Downloads/fuad_ws/install/turtlebot3_gazebo/share/turtlebot3_gazebo//models/turtlebot3_common/meshes/waffle_pi_base.dae
[17.629s] -- Installing: /home/fuad/Downloads/fuad_ws/install/turtlebot3_gazebo/share/turtlebot3_gazebo//models/turtlebot3_common/meshes/burger_base.dae
[17.629s] -- Installing: /home/fuad/Downloads/fuad_ws/install/turtlebot3_gazebo/share/turtlebot3_gazebo//models/turtlebot3_common/meshes/sensors
[17.629s] -- Installing: /home/fuad/Downloads/fuad_ws/install/turtlebot3_gazebo/share/turtlebot3_gazebo//models/turtlebot3_common/meshes/sensors/astra.dae
[17.637s] -- Installing: /home/fuad/Downloads/fuad_ws/install/turtlebot3_gazebo/share/turtlebot3_gazebo//models/turtlebot3_common/meshes/sensors/lds.stl
[17.638s] -- Installing: /home/fuad/Downloads/fuad_ws/install/turtlebot3_gazebo/share/turtlebot3_gazebo//models/turtlebot3_common/meshes/sensors/astra.jpg
[17.638s] -- Installing: /home/fuad/Downloads/fuad_ws/install/turtlebot3_gazebo/share/turtlebot3_gazebo//models/turtlebot3_common/meshes/sensors/r200.dae
[17.639s] -- Installing: /home/fuad/Downloads/fuad_ws/install/turtlebot3_gazebo/share/turtlebot3_gazebo//models/turtlebot3_common/meshes/sensors/r200.jpg
[17.639s] -- Installing: /home/fuad/Downloads/fuad_ws/install/turtlebot3_gazebo/share/turtlebot3_gazebo//models/turtlebot3_common/meshes/lds.dae
[17.639s] -- Installing: /home/fuad/Downloads/fuad_ws/install/turtlebot3_gazebo/share/turtlebot3_gazebo//models/turtlebot3_common/meshes/wheels
[17.639s] -- Installing: /home/fuad/Downloads/fuad_ws/install/turtlebot3_gazebo/share/turtlebot3_gazebo//models/turtlebot3_common/meshes/wheels/right_tire.stl
[17.640s] -- Installing: /home/fuad/Downloads/fuad_ws/install/turtlebot3_gazebo/share/turtlebot3_gazebo//models/turtlebot3_common/meshes/wheels/left_tire.stl
[17.641s] -- Installing: /home/fuad/Downloads/fuad_ws/install/turtlebot3_gazebo/share/turtlebot3_gazebo//models/turtlebot3_common/meshes/r200.dae
[17.641s] -- Installing: /home/fuad/Downloads/fuad_ws/install/turtlebot3_gazebo/share/turtlebot3_gazebo//models/turtlebot3_common/model.config
[17.642s] -- Installing: /home/fuad/Downloads/fuad_ws/install/turtlebot3_gazebo/share/turtlebot3_gazebo//models/turtlebot3_waffle
[17.642s] -- Installing: /home/fuad/Downloads/fuad_ws/install/turtlebot3_gazebo/share/turtlebot3_gazebo//models/turtlebot3_waffle/model.sdf
[17.642s] -- Installing: /home/fuad/Downloads/fuad_ws/install/turtlebot3_gazebo/share/turtlebot3_gazebo//models/turtlebot3_waffle/model-1_4.sdf
[17.642s] -- Installing: /home/fuad/Downloads/fuad_ws/install/turtlebot3_gazebo/share/turtlebot3_gazebo//models/turtlebot3_waffle/model.config
[17.643s] -- Installing: /home/fuad/Downloads/fuad_ws/install/turtlebot3_gazebo/share/turtlebot3_gazebo//models/turtlebot3_dqn_world
[17.643s] -- Installing: /home/fuad/Downloads/fuad_ws/install/turtlebot3_gazebo/share/turtlebot3_gazebo//models/turtlebot3_dqn_world/textures
[17.643s] -- Installing: /home/fuad/Downloads/fuad_ws/install/turtlebot3_gazebo/share/turtlebot3_gazebo//models/turtlebot3_dqn_world/textures/wood.png
[17.643s] -- Installing: /home/fuad/Downloads/fuad_ws/install/turtlebot3_gazebo/share/turtlebot3_gazebo//models/turtlebot3_dqn_world/obstacles
[17.643s] -- Installing: /home/fuad/Downloads/fuad_ws/install/turtlebot3_gazebo/share/turtlebot3_gazebo//models/turtlebot3_dqn_world/obstacles/model.sdf
[17.644s] -- Installing: /home/fuad/Downloads/fuad_ws/install/turtlebot3_gazebo/share/turtlebot3_gazebo//models/turtlebot3_dqn_world/obstacles/model.config
[17.644s] -- Installing: /home/fuad/Downloads/fuad_ws/install/turtlebot3_gazebo/share/turtlebot3_gazebo//models/turtlebot3_dqn_world/inner_walls
[17.644s] -- Installing: /home/fuad/Downloads/fuad_ws/install/turtlebot3_gazebo/share/turtlebot3_gazebo//models/turtlebot3_dqn_world/inner_walls/textures
[17.644s] -- Installing: /home/fuad/Downloads/fuad_ws/install/turtlebot3_gazebo/share/turtlebot3_gazebo//models/turtlebot3_dqn_world/inner_walls/textures/wood.png
[17.644s] -- Installing: /home/fuad/Downloads/fuad_ws/install/turtlebot3_gazebo/share/turtlebot3_gazebo//models/turtlebot3_dqn_world/inner_walls/model.sdf
[17.644s] -- Installing: /home/fuad/Downloads/fuad_ws/install/turtlebot3_gazebo/share/turtlebot3_gazebo//models/turtlebot3_dqn_world/inner_walls/model.config
[17.645s] -- Installing: /home/fuad/Downloads/fuad_ws/install/turtlebot3_gazebo/share/turtlebot3_gazebo//models/turtlebot3_dqn_world/model.sdf
[17.645s] -- Installing: /home/fuad/Downloads/fuad_ws/install/turtlebot3_gazebo/share/turtlebot3_gazebo//models/turtlebot3_dqn_world/obstacle1
[17.645s] -- Installing: /home/fuad/Downloads/fuad_ws/install/turtlebot3_gazebo/share/turtlebot3_gazebo//models/turtlebot3_dqn_world/obstacle1/model.sdf
[17.645s] -- Installing: /home/fuad/Downloads/fuad_ws/install/turtlebot3_gazebo/share/turtlebot3_gazebo//models/turtlebot3_dqn_world/obstacle1/model.config
[17.645s] -- Installing: /home/fuad/Downloads/fuad_ws/install/turtlebot3_gazebo/share/turtlebot3_gazebo//models/turtlebot3_dqn_world/model.config
[17.645s] -- Installing: /home/fuad/Downloads/fuad_ws/install/turtlebot3_gazebo/share/turtlebot3_gazebo//models/turtlebot3_dqn_world/obstacle2
[17.645s] -- Installing: /home/fuad/Downloads/fuad_ws/install/turtlebot3_gazebo/share/turtlebot3_gazebo//models/turtlebot3_dqn_world/obstacle2/model.sdf
[17.645s] -- Installing: /home/fuad/Downloads/fuad_ws/install/turtlebot3_gazebo/share/turtlebot3_gazebo//models/turtlebot3_dqn_world/obstacle2/model.config
[17.646s] -- Installing: /home/fuad/Downloads/fuad_ws/install/turtlebot3_gazebo/share/turtlebot3_gazebo//models/turtlebot3_dqn_world/goal_box
[17.646s] -- Installing: /home/fuad/Downloads/fuad_ws/install/turtlebot3_gazebo/share/turtlebot3_gazebo//models/turtlebot3_dqn_world/goal_box/model.sdf
[17.646s] -- Installing: /home/fuad/Downloads/fuad_ws/install/turtlebot3_gazebo/share/turtlebot3_gazebo//models/turtlebot3_dqn_world/goal_box/model.config
[17.646s] -- Installing: /home/fuad/Downloads/fuad_ws/install/turtlebot3_gazebo/share/turtlebot3_gazebo//models/turtlebot3_world
[17.646s] -- Installing: /home/fuad/Downloads/fuad_ws/install/turtlebot3_gazebo/share/turtlebot3_gazebo//models/turtlebot3_world/model.sdf
[17.646s] -- Installing: /home/fuad/Downloads/fuad_ws/install/turtlebot3_gazebo/share/turtlebot3_gazebo//models/turtlebot3_world/meshes
[17.646s] -- Installing: /home/fuad/Downloads/fuad_ws/install/turtlebot3_gazebo/share/turtlebot3_gazebo//models/turtlebot3_world/meshes/wall.dae
[17.646s] -- Installing: /home/fuad/Downloads/fuad_ws/install/turtlebot3_gazebo/share/turtlebot3_gazebo//models/turtlebot3_world/meshes/hexagon.dae
[17.646s] -- Installing: /home/fuad/Downloads/fuad_ws/install/turtlebot3_gazebo/share/turtlebot3_gazebo//models/turtlebot3_world/model-1_4.sdf
[17.647s] -- Installing: /home/fuad/Downloads/fuad_ws/install/turtlebot3_gazebo/share/turtlebot3_gazebo//models/turtlebot3_world/model.config
[17.647s] -- Installing: /home/fuad/Downloads/fuad_ws/install/turtlebot3_gazebo/share/turtlebot3_gazebo//models/turtlebot3_burger
[17.647s] -- Installing: /home/fuad/Downloads/fuad_ws/install/turtlebot3_gazebo/share/turtlebot3_gazebo//models/turtlebot3_burger/model.sdf
[17.647s] -- Installing: /home/fuad/Downloads/fuad_ws/install/turtlebot3_gazebo/share/turtlebot3_gazebo//models/turtlebot3_burger/model-1_4.sdf
[17.647s] -- Installing: /home/fuad/Downloads/fuad_ws/install/turtlebot3_gazebo/share/turtlebot3_gazebo//models/turtlebot3_burger/model.config
[17.647s] -- Installing: /home/fuad/Downloads/fuad_ws/install/turtlebot3_gazebo/share/turtlebot3_gazebo//params
[17.647s] -- Installing: /home/fuad/Downloads/fuad_ws/install/turtlebot3_gazebo/share/turtlebot3_gazebo//params/turtlebot3_burger_bridge.yaml
[17.647s] -- Installing: /home/fuad/Downloads/fuad_ws/install/turtlebot3_gazebo/share/turtlebot3_gazebo//params/turtlebot3_burger_cam_bridge.yaml
[17.647s] -- Installing: /home/fuad/Downloads/fuad_ws/install/turtlebot3_gazebo/share/turtlebot3_gazebo//params/turtlebot3_waffle_bridge.yaml
[17.647s] -- Installing: /home/fuad/Downloads/fuad_ws/install/turtlebot3_gazebo/share/turtlebot3_gazebo//params/turtlebot3_waffle_pi_bridge.yaml
[17.648s] -- Installing: /home/fuad/Downloads/fuad_ws/install/turtlebot3_gazebo/share/turtlebot3_gazebo//rviz
[17.648s] -- Installing: /home/fuad/Downloads/fuad_ws/install/turtlebot3_gazebo/share/turtlebot3_gazebo//rviz/tb3_gazebo.rviz
[17.648s] -- Installing: /home/fuad/Downloads/fuad_ws/install/turtlebot3_gazebo/share/turtlebot3_gazebo//urdf
[17.648s] -- Installing: /home/fuad/Downloads/fuad_ws/install/turtlebot3_gazebo/share/turtlebot3_gazebo//urdf/common_properties.urdf
[17.648s] -- Installing: /home/fuad/Downloads/fuad_ws/install/turtlebot3_gazebo/share/turtlebot3_gazebo//urdf/turtlebot3_waffle_pi.urdf
[17.648s] -- Installing: /home/fuad/Downloads/fuad_ws/install/turtlebot3_gazebo/share/turtlebot3_gazebo//urdf/turtlebot3_waffle.urdf
[17.648s] -- Installing: /home/fuad/Downloads/fuad_ws/install/turtlebot3_gazebo/share/turtlebot3_gazebo//urdf/turtlebot3_burger.urdf
[17.648s] -- Installing: /home/fuad/Downloads/fuad_ws/install/turtlebot3_gazebo/share/turtlebot3_gazebo//urdf/turtlebot3_burger_cam.urdf
[17.649s] -- Installing: /home/fuad/Downloads/fuad_ws/install/turtlebot3_gazebo/share/turtlebot3_gazebo//worlds
[17.649s] -- Installing: /home/fuad/Downloads/fuad_ws/install/turtlebot3_gazebo/share/turtlebot3_gazebo//worlds/turtlebot3_world.world
[17.649s] -- Installing: /home/fuad/Downloads/fuad_ws/install/turtlebot3_gazebo/share/turtlebot3_gazebo//worlds/turtlebot3_dqn_stage1.world
[17.649s] -- Installing: /home/fuad/Downloads/fuad_ws/install/turtlebot3_gazebo/share/turtlebot3_gazebo//worlds/turtlebot3_autorace_2020.world
[17.649s] -- Installing: /home/fuad/Downloads/fuad_ws/install/turtlebot3_gazebo/share/turtlebot3_gazebo//worlds/empty_world.world
[17.649s] -- Installing: /home/fuad/Downloads/fuad_ws/install/turtlebot3_gazebo/share/turtlebot3_gazebo//worlds/turtlebot3_house.world
[17.649s] -- Installing: /home/fuad/Downloads/fuad_ws/install/turtlebot3_gazebo/share/turtlebot3_gazebo//worlds/turtlebot3_dqn_stage3.world
[17.650s] -- Installing: /home/fuad/Downloads/fuad_ws/install/turtlebot3_gazebo/share/turtlebot3_gazebo//worlds/turtlebot3_dqn_stage4.world
[17.650s] -- Installing: /home/fuad/Downloads/fuad_ws/install/turtlebot3_gazebo/share/turtlebot3_gazebo//worlds/turtlebot3_dqn_stage2.world
[17.650s] -- Installing: /home/fuad/Downloads/fuad_ws/install/turtlebot3_gazebo/include/
[17.650s] -- Installing: /home/fuad/Downloads/fuad_ws/install/turtlebot3_gazebo/include//turtlebot3_gazebo
[17.650s] -- Installing: /home/fuad/Downloads/fuad_ws/install/turtlebot3_gazebo/include//turtlebot3_gazebo/traffic_light_plugin.hpp
[17.650s] -- Installing: /home/fuad/Downloads/fuad_ws/install/turtlebot3_gazebo/include//turtlebot3_gazebo/traffic_bar_plugin.hpp
[17.650s] -- Installing: /home/fuad/Downloads/fuad_ws/install/turtlebot3_gazebo/include//turtlebot3_gazebo/obstacle1.hpp
[17.650s] -- Installing: /home/fuad/Downloads/fuad_ws/install/turtlebot3_gazebo/include//turtlebot3_gazebo/obstacle2.hpp
[17.650s] -- Installing: /home/fuad/Downloads/fuad_ws/install/turtlebot3_gazebo/include//turtlebot3_gazebo/obstacles.hpp
[17.651s] -- Installing: /home/fuad/Downloads/fuad_ws/install/turtlebot3_gazebo/include//turtlebot3_gazebo/turtlebot3_drive.hpp
[17.651s] -- Installing: /home/fuad/Downloads/fuad_ws/install/turtlebot3_gazebo/share/ament_index/resource_index/package_run_dependencies/turtlebot3_gazebo
[17.651s] -- Installing: /home/fuad/Downloads/fuad_ws/install/turtlebot3_gazebo/share/ament_index/resource_index/parent_prefix_path/turtlebot3_gazebo
[17.651s] -- Installing: /home/fuad/Downloads/fuad_ws/install/turtlebot3_gazebo/share/turtlebot3_gazebo/environment/ament_prefix_path.sh
[17.651s] -- Installing: /home/fuad/Downloads/fuad_ws/install/turtlebot3_gazebo/share/turtlebot3_gazebo/environment/ament_prefix_path.dsv
[17.651s] -- Installing: /home/fuad/Downloads/fuad_ws/install/turtlebot3_gazebo/share/turtlebot3_gazebo/environment/path.sh
[17.651s] -- Installing: /home/fuad/Downloads/fuad_ws/install/turtlebot3_gazebo/share/turtlebot3_gazebo/environment/path.dsv
[17.652s] -- Installing: /home/fuad/Downloads/fuad_ws/install/turtlebot3_gazebo/share/turtlebot3_gazebo/local_setup.bash
[17.652s] -- Installing: /home/fuad/Downloads/fuad_ws/install/turtlebot3_gazebo/share/turtlebot3_gazebo/local_setup.sh
[17.652s] -- Installing: /home/fuad/Downloads/fuad_ws/install/turtlebot3_gazebo/share/turtlebot3_gazebo/local_setup.zsh
[17.652s] -- Installing: /home/fuad/Downloads/fuad_ws/install/turtlebot3_gazebo/share/turtlebot3_gazebo/local_setup.dsv
[17.652s] -- Installing: /home/fuad/Downloads/fuad_ws/install/turtlebot3_gazebo/share/turtlebot3_gazebo/package.dsv
[17.653s] -- Installing: /home/fuad/Downloads/fuad_ws/install/turtlebot3_gazebo/share/ament_index/resource_index/packages/turtlebot3_gazebo
[17.653s] -- Installing: /home/fuad/Downloads/fuad_ws/install/turtlebot3_gazebo/share/turtlebot3_gazebo/cmake/ament_cmake_export_include_directories-extras.cmake
[17.653s] -- Installing: /home/fuad/Downloads/fuad_ws/install/turtlebot3_gazebo/share/turtlebot3_gazebo/cmake/ament_cmake_export_dependencies-extras.cmake
[17.653s] -- Installing: /home/fuad/Downloads/fuad_ws/install/turtlebot3_gazebo/share/turtlebot3_gazebo/cmake/turtlebot3_gazeboConfig.cmake
[17.653s] -- Installing: /home/fuad/Downloads/fuad_ws/install/turtlebot3_gazebo/share/turtlebot3_gazebo/cmake/turtlebot3_gazeboConfig-version.cmake
[17.654s] -- Installing: /home/fuad/Downloads/fuad_ws/install/turtlebot3_gazebo/share/turtlebot3_gazebo/package.xml
[17.657s] Invoked command in '/home/fuad/Downloads/fuad_ws/build/turtlebot3_gazebo' returned '0': CMAKE_PREFIX_PATH=${CMAKE_PREFIX_PATH}:/home/fuad/Downloads/fuad_ws/install/quadcopter_gazebo:/home/fuad/Downloads/fuad_ws/install/integration_pkg:/opt/ros/jazzy DEBUGINFOD_URLS=https://debuginfod.ubuntu.com PS1=(.venv) \[\e]0;\u@\h: \w\a\]${debian_chroot:+($debian_chroot)}\[\033[01;32m\]\u@\h\[\033[00m\]:\[\033[01;34m\]\w\[\033[00m\]\$ VIRTUAL_ENV_PROMPT=(.venv) /usr/bin/cmake --install /home/fuad/Downloads/fuad_ws/build/turtlebot3_gazebo
