[0.215s] DEBUG:colcon:Command line arguments: ['/usr/bin/colcon', 'build', '--symlink-install', '--packages-select', 'integration_pkg', 'quadcopter_gazebo']
[0.215s] DEBUG:colcon:Parsed command line arguments: Namespace(log_base=None, log_level=None, verb_name='build', build_base='build', install_base='install', merge_install=False, symlink_install=True, test_result_base=None, continue_on_error=False, executor='parallel', parallel_workers=16, event_handlers=None, ignore_user_meta=False, metas=['./colcon.meta'], base_paths=['.'], packages_ignore=None, packages_ignore_regex=None, paths=None, packages_up_to=None, packages_up_to_regex=None, packages_above=None, packages_above_and_dependencies=None, packages_above_depth=None, packages_select_by_dep=None, packages_skip_by_dep=None, packages_skip_up_to=None, packages_select_build_failed=False, packages_skip_build_finished=False, packages_select_test_failures=False, packages_skip_test_passed=False, packages_select=['integration_pkg', 'quadcopter_gazebo'], packages_skip=None, packages_select_regex=None, packages_skip_regex=None, packages_start=None, packages_end=None, allow_overriding=[], cmake_args=None, cmake_target=None, cmake_target_skip_unavailable=False, cmake_clean_cache=False, cmake_clean_first=False, cmake_force_configure=False, ament_cmake_args=None, catkin_cmake_args=None, catkin_skip_building_tests=False, mixin_files=None, mixin=None, verb_parser=<colcon_mixin.mixin.mixin_argument.MixinArgumentDecorator object at 0x7d5f3fdb7cb0>, verb_extension=<colcon_core.verb.build.BuildVerb object at 0x7d5f3fdb7a40>, main=<bound method BuildVerb.main of <colcon_core.verb.build.BuildVerb object at 0x7d5f3fdb7a40>>, mixin_verb=('build',))
[0.294s] Level 1:colcon.colcon_core.package_discovery:discover_packages(colcon_meta) check parameters
[0.295s] Level 1:colcon.colcon_core.package_discovery:discover_packages(recursive) check parameters
[0.295s] Level 1:colcon.colcon_core.package_discovery:discover_packages(ignore) check parameters
[0.295s] Level 1:colcon.colcon_core.package_discovery:discover_packages(path) check parameters
[0.295s] Level 1:colcon.colcon_core.package_discovery:discover_packages(colcon_meta) discover
[0.295s] Level 1:colcon.colcon_core.package_discovery:discover_packages(recursive) discover
[0.295s] INFO:colcon.colcon_core.package_discovery:Crawling recursively for packages in '/home/fuad/Downloads/fuad_ws'
[0.296s] Level 1:colcon.colcon_core.package_identification:_identify(.) by extensions ['ignore', 'ignore_ament_install']
[0.296s] Level 1:colcon.colcon_core.package_identification:_identify(.) by extension 'ignore'
[0.296s] Level 1:colcon.colcon_core.package_identification:_identify(.) by extension 'ignore_ament_install'
[0.296s] Level 1:colcon.colcon_core.package_identification:_identify(.) by extensions ['colcon_pkg']
[0.296s] Level 1:colcon.colcon_core.package_identification:_identify(.) by extension 'colcon_pkg'
[0.296s] Level 1:colcon.colcon_core.package_identification:_identify(.) by extensions ['colcon_meta']
[0.296s] Level 1:colcon.colcon_core.package_identification:_identify(.) by extension 'colcon_meta'
[0.296s] Level 1:colcon.colcon_core.package_identification:_identify(.) by extensions ['ros']
[0.296s] Level 1:colcon.colcon_core.package_identification:_identify(.) by extension 'ros'
[0.340s] Level 1:colcon.colcon_core.package_identification:_identify(.) by extensions ['cmake', 'python']
[0.340s] Level 1:colcon.colcon_core.package_identification:_identify(.) by extension 'cmake'
[0.340s] Level 1:colcon.colcon_core.package_identification:_identify(.) by extension 'python'
[0.340s] Level 1:colcon.colcon_core.package_identification:_identify(.) by extensions ['python_setup_py']
[0.340s] Level 1:colcon.colcon_core.package_identification:_identify(.) by extension 'python_setup_py'
[0.340s] Level 1:colcon.colcon_core.package_identification:_identify(build) by extensions ['ignore', 'ignore_ament_install']
[0.340s] Level 1:colcon.colcon_core.package_identification:_identify(build) by extension 'ignore'
[0.340s] Level 1:colcon.colcon_core.package_identification:_identify(build) ignored
[0.341s] Level 1:colcon.colcon_core.package_identification:_identify(install) by extensions ['ignore', 'ignore_ament_install']
[0.341s] Level 1:colcon.colcon_core.package_identification:_identify(install) by extension 'ignore'
[0.341s] Level 1:colcon.colcon_core.package_identification:_identify(install) ignored
[0.341s] Level 1:colcon.colcon_core.package_identification:_identify(log) by extensions ['ignore', 'ignore_ament_install']
[0.341s] Level 1:colcon.colcon_core.package_identification:_identify(log) by extension 'ignore'
[0.341s] Level 1:colcon.colcon_core.package_identification:_identify(log) ignored
[0.341s] Level 1:colcon.colcon_core.package_identification:_identify(src) by extensions ['ignore', 'ignore_ament_install']
[0.341s] Level 1:colcon.colcon_core.package_identification:_identify(src) by extension 'ignore'
[0.342s] Level 1:colcon.colcon_core.package_identification:_identify(src) by extension 'ignore_ament_install'
[0.342s] Level 1:colcon.colcon_core.package_identification:_identify(src) by extensions ['colcon_pkg']
[0.342s] Level 1:colcon.colcon_core.package_identification:_identify(src) by extension 'colcon_pkg'
[0.342s] Level 1:colcon.colcon_core.package_identification:_identify(src) by extensions ['colcon_meta']
[0.342s] Level 1:colcon.colcon_core.package_identification:_identify(src) by extension 'colcon_meta'
[0.342s] Level 1:colcon.colcon_core.package_identification:_identify(src) by extensions ['ros']
[0.342s] Level 1:colcon.colcon_core.package_identification:_identify(src) by extension 'ros'
[0.342s] Level 1:colcon.colcon_core.package_identification:_identify(src) by extensions ['cmake', 'python']
[0.342s] Level 1:colcon.colcon_core.package_identification:_identify(src) by extension 'cmake'
[0.342s] Level 1:colcon.colcon_core.package_identification:_identify(src) by extension 'python'
[0.343s] Level 1:colcon.colcon_core.package_identification:_identify(src) by extensions ['python_setup_py']
[0.343s] Level 1:colcon.colcon_core.package_identification:_identify(src) by extension 'python_setup_py'
[0.343s] Level 1:colcon.colcon_core.package_identification:_identify(src/integration_pkg) by extensions ['ignore', 'ignore_ament_install']
[0.343s] Level 1:colcon.colcon_core.package_identification:_identify(src/integration_pkg) by extension 'ignore'
[0.343s] Level 1:colcon.colcon_core.package_identification:_identify(src/integration_pkg) by extension 'ignore_ament_install'
[0.343s] Level 1:colcon.colcon_core.package_identification:_identify(src/integration_pkg) by extensions ['colcon_pkg']
[0.343s] Level 1:colcon.colcon_core.package_identification:_identify(src/integration_pkg) by extension 'colcon_pkg'
[0.343s] Level 1:colcon.colcon_core.package_identification:_identify(src/integration_pkg) by extensions ['colcon_meta']
[0.343s] Level 1:colcon.colcon_core.package_identification:_identify(src/integration_pkg) by extension 'colcon_meta'
[0.343s] Level 1:colcon.colcon_core.package_identification:_identify(src/integration_pkg) by extensions ['ros']
[0.344s] Level 1:colcon.colcon_core.package_identification:_identify(src/integration_pkg) by extension 'ros'
[0.349s] DEBUG:colcon.colcon_core.package_identification:Package 'src/integration_pkg' with type 'ros.ament_python' and name 'integration_pkg'
[0.349s] Level 1:colcon.colcon_core.package_identification:_identify(src/quadcopter_gazebo) by extensions ['ignore', 'ignore_ament_install']
[0.349s] Level 1:colcon.colcon_core.package_identification:_identify(src/quadcopter_gazebo) by extension 'ignore'
[0.349s] Level 1:colcon.colcon_core.package_identification:_identify(src/quadcopter_gazebo) by extension 'ignore_ament_install'
[0.349s] Level 1:colcon.colcon_core.package_identification:_identify(src/quadcopter_gazebo) by extensions ['colcon_pkg']
[0.350s] Level 1:colcon.colcon_core.package_identification:_identify(src/quadcopter_gazebo) by extension 'colcon_pkg'
[0.350s] Level 1:colcon.colcon_core.package_identification:_identify(src/quadcopter_gazebo) by extensions ['colcon_meta']
[0.350s] Level 1:colcon.colcon_core.package_identification:_identify(src/quadcopter_gazebo) by extension 'colcon_meta'
[0.350s] Level 1:colcon.colcon_core.package_identification:_identify(src/quadcopter_gazebo) by extensions ['ros']
[0.350s] Level 1:colcon.colcon_core.package_identification:_identify(src/quadcopter_gazebo) by extension 'ros'
[0.351s] DEBUG:colcon.colcon_core.package_identification:Package 'src/quadcopter_gazebo' with type 'ros.ament_python' and name 'quadcopter_gazebo'
[0.351s] Level 1:colcon.colcon_core.package_identification:_identify(src/turtlebot3) by extensions ['ignore', 'ignore_ament_install']
[0.351s] Level 1:colcon.colcon_core.package_identification:_identify(src/turtlebot3) by extension 'ignore'
[0.351s] Level 1:colcon.colcon_core.package_identification:_identify(src/turtlebot3) by extension 'ignore_ament_install'
[0.351s] Level 1:colcon.colcon_core.package_identification:_identify(src/turtlebot3) by extensions ['colcon_pkg']
[0.351s] Level 1:colcon.colcon_core.package_identification:_identify(src/turtlebot3) by extension 'colcon_pkg'
[0.352s] Level 1:colcon.colcon_core.package_identification:_identify(src/turtlebot3) by extensions ['colcon_meta']
[0.352s] Level 1:colcon.colcon_core.package_identification:_identify(src/turtlebot3) by extension 'colcon_meta'
[0.352s] Level 1:colcon.colcon_core.package_identification:_identify(src/turtlebot3) by extensions ['ros']
[0.352s] Level 1:colcon.colcon_core.package_identification:_identify(src/turtlebot3) by extension 'ros'
[0.352s] Level 1:colcon.colcon_core.package_identification:_identify(src/turtlebot3) by extensions ['cmake', 'python']
[0.352s] Level 1:colcon.colcon_core.package_identification:_identify(src/turtlebot3) by extension 'cmake'
[0.352s] Level 1:colcon.colcon_core.package_identification:_identify(src/turtlebot3) by extension 'python'
[0.352s] Level 1:colcon.colcon_core.package_identification:_identify(src/turtlebot3) by extensions ['python_setup_py']
[0.352s] Level 1:colcon.colcon_core.package_identification:_identify(src/turtlebot3) by extension 'python_setup_py'
[0.352s] Level 1:colcon.colcon_core.package_identification:_identify(src/turtlebot3/turtlebot3_bringup) by extensions ['ignore', 'ignore_ament_install']
[0.352s] Level 1:colcon.colcon_core.package_identification:_identify(src/turtlebot3/turtlebot3_bringup) by extension 'ignore'
[0.352s] Level 1:colcon.colcon_core.package_identification:_identify(src/turtlebot3/turtlebot3_bringup) by extension 'ignore_ament_install'
[0.353s] Level 1:colcon.colcon_core.package_identification:_identify(src/turtlebot3/turtlebot3_bringup) by extensions ['colcon_pkg']
[0.353s] Level 1:colcon.colcon_core.package_identification:_identify(src/turtlebot3/turtlebot3_bringup) by extension 'colcon_pkg'
[0.353s] Level 1:colcon.colcon_core.package_identification:_identify(src/turtlebot3/turtlebot3_bringup) by extensions ['colcon_meta']
[0.353s] Level 1:colcon.colcon_core.package_identification:_identify(src/turtlebot3/turtlebot3_bringup) by extension 'colcon_meta'
[0.353s] Level 1:colcon.colcon_core.package_identification:_identify(src/turtlebot3/turtlebot3_bringup) by extensions ['ros']
[0.353s] Level 1:colcon.colcon_core.package_identification:_identify(src/turtlebot3/turtlebot3_bringup) by extension 'ros'
[0.354s] DEBUG:colcon.colcon_core.package_identification:Package 'src/turtlebot3/turtlebot3_bringup' with type 'ros.ament_cmake' and name 'turtlebot3_bringup'
[0.354s] Level 1:colcon.colcon_core.package_identification:_identify(src/turtlebot3/turtlebot3_description) by extensions ['ignore', 'ignore_ament_install']
[0.354s] Level 1:colcon.colcon_core.package_identification:_identify(src/turtlebot3/turtlebot3_description) by extension 'ignore'
[0.355s] Level 1:colcon.colcon_core.package_identification:_identify(src/turtlebot3/turtlebot3_description) by extension 'ignore_ament_install'
[0.355s] Level 1:colcon.colcon_core.package_identification:_identify(src/turtlebot3/turtlebot3_description) by extensions ['colcon_pkg']
[0.355s] Level 1:colcon.colcon_core.package_identification:_identify(src/turtlebot3/turtlebot3_description) by extension 'colcon_pkg'
[0.355s] Level 1:colcon.colcon_core.package_identification:_identify(src/turtlebot3/turtlebot3_description) by extensions ['colcon_meta']
[0.355s] Level 1:colcon.colcon_core.package_identification:_identify(src/turtlebot3/turtlebot3_description) by extension 'colcon_meta'
[0.355s] Level 1:colcon.colcon_core.package_identification:_identify(src/turtlebot3/turtlebot3_description) by extensions ['ros']
[0.355s] Level 1:colcon.colcon_core.package_identification:_identify(src/turtlebot3/turtlebot3_description) by extension 'ros'
[0.356s] DEBUG:colcon.colcon_core.package_identification:Package 'src/turtlebot3/turtlebot3_description' with type 'ros.ament_cmake' and name 'turtlebot3_description'
[0.356s] Level 1:colcon.colcon_core.package_identification:_identify(src/turtlebot3/turtlebot3_gazebo) by extensions ['ignore', 'ignore_ament_install']
[0.356s] Level 1:colcon.colcon_core.package_identification:_identify(src/turtlebot3/turtlebot3_gazebo) by extension 'ignore'
[0.356s] Level 1:colcon.colcon_core.package_identification:_identify(src/turtlebot3/turtlebot3_gazebo) by extension 'ignore_ament_install'
[0.356s] Level 1:colcon.colcon_core.package_identification:_identify(src/turtlebot3/turtlebot3_gazebo) by extensions ['colcon_pkg']
[0.356s] Level 1:colcon.colcon_core.package_identification:_identify(src/turtlebot3/turtlebot3_gazebo) by extension 'colcon_pkg'
[0.356s] Level 1:colcon.colcon_core.package_identification:_identify(src/turtlebot3/turtlebot3_gazebo) by extensions ['colcon_meta']
[0.356s] Level 1:colcon.colcon_core.package_identification:_identify(src/turtlebot3/turtlebot3_gazebo) by extension 'colcon_meta'
[0.356s] Level 1:colcon.colcon_core.package_identification:_identify(src/turtlebot3/turtlebot3_gazebo) by extensions ['ros']
[0.356s] Level 1:colcon.colcon_core.package_identification:_identify(src/turtlebot3/turtlebot3_gazebo) by extension 'ros'
[0.358s] DEBUG:colcon.colcon_core.package_identification:Package 'src/turtlebot3/turtlebot3_gazebo' with type 'ros.ament_cmake' and name 'turtlebot3_gazebo'
[0.358s] Level 1:colcon.colcon_core.package_discovery:discover_packages(recursive) using defaults
[0.358s] Level 1:colcon.colcon_core.package_discovery:discover_packages(ignore) discover
[0.358s] Level 1:colcon.colcon_core.package_discovery:discover_packages(ignore) using defaults
[0.358s] Level 1:colcon.colcon_core.package_discovery:discover_packages(path) discover
[0.358s] Level 1:colcon.colcon_core.package_discovery:discover_packages(path) using defaults
[0.390s] INFO:colcon.colcon_core.package_selection:Skipping not selected package 'turtlebot3_description' in 'src/turtlebot3/turtlebot3_description'
[0.390s] INFO:colcon.colcon_core.package_selection:Skipping not selected package 'turtlebot3_gazebo' in 'src/turtlebot3/turtlebot3_gazebo'
[0.390s] INFO:colcon.colcon_core.package_selection:Skipping not selected package 'turtlebot3_bringup' in 'src/turtlebot3/turtlebot3_bringup'
[0.391s] Level 1:colcon.colcon_core.package_discovery:discover_packages(prefix_path) check parameters
[0.391s] Level 1:colcon.colcon_core.package_discovery:discover_packages(prefix_path) discover
[0.398s] DEBUG:colcon.colcon_installed_package_information.package_discovery:Found 460 installed packages in /opt/ros/jazzy
[0.401s] Level 1:colcon.colcon_core.package_discovery:discover_packages(prefix_path) using defaults
[0.490s] Level 5:colcon.colcon_core.verb:set package 'integration_pkg' build argument 'cmake_args' from command line to 'None'
[0.491s] Level 5:colcon.colcon_core.verb:set package 'integration_pkg' build argument 'cmake_target' from command line to 'None'
[0.491s] Level 5:colcon.colcon_core.verb:set package 'integration_pkg' build argument 'cmake_target_skip_unavailable' from command line to 'False'
[0.491s] Level 5:colcon.colcon_core.verb:set package 'integration_pkg' build argument 'cmake_clean_cache' from command line to 'False'
[0.491s] Level 5:colcon.colcon_core.verb:set package 'integration_pkg' build argument 'cmake_clean_first' from command line to 'False'
[0.491s] Level 5:colcon.colcon_core.verb:set package 'integration_pkg' build argument 'cmake_force_configure' from command line to 'False'
[0.491s] Level 5:colcon.colcon_core.verb:set package 'integration_pkg' build argument 'ament_cmake_args' from command line to 'None'
[0.491s] Level 5:colcon.colcon_core.verb:set package 'integration_pkg' build argument 'catkin_cmake_args' from command line to 'None'
[0.491s] Level 5:colcon.colcon_core.verb:set package 'integration_pkg' build argument 'catkin_skip_building_tests' from command line to 'False'
[0.491s] DEBUG:colcon.colcon_core.verb:Building package 'integration_pkg' with the following arguments: {'ament_cmake_args': None, 'build_base': '/home/fuad/Downloads/fuad_ws/build/integration_pkg', 'catkin_cmake_args': None, 'catkin_skip_building_tests': False, 'cmake_args': None, 'cmake_clean_cache': False, 'cmake_clean_first': False, 'cmake_force_configure': False, 'cmake_target': None, 'cmake_target_skip_unavailable': False, 'install_base': '/home/fuad/Downloads/fuad_ws/install/integration_pkg', 'merge_install': False, 'path': '/home/fuad/Downloads/fuad_ws/src/integration_pkg', 'symlink_install': True, 'test_result_base': None}
[0.491s] Level 5:colcon.colcon_core.verb:set package 'quadcopter_gazebo' build argument 'cmake_args' from command line to 'None'
[0.491s] Level 5:colcon.colcon_core.verb:set package 'quadcopter_gazebo' build argument 'cmake_target' from command line to 'None'
[0.491s] Level 5:colcon.colcon_core.verb:set package 'quadcopter_gazebo' build argument 'cmake_target_skip_unavailable' from command line to 'False'
[0.491s] Level 5:colcon.colcon_core.verb:set package 'quadcopter_gazebo' build argument 'cmake_clean_cache' from command line to 'False'
[0.492s] Level 5:colcon.colcon_core.verb:set package 'quadcopter_gazebo' build argument 'cmake_clean_first' from command line to 'False'
[0.492s] Level 5:colcon.colcon_core.verb:set package 'quadcopter_gazebo' build argument 'cmake_force_configure' from command line to 'False'
[0.492s] Level 5:colcon.colcon_core.verb:set package 'quadcopter_gazebo' build argument 'ament_cmake_args' from command line to 'None'
[0.492s] Level 5:colcon.colcon_core.verb:set package 'quadcopter_gazebo' build argument 'catkin_cmake_args' from command line to 'None'
[0.492s] Level 5:colcon.colcon_core.verb:set package 'quadcopter_gazebo' build argument 'catkin_skip_building_tests' from command line to 'False'
[0.492s] DEBUG:colcon.colcon_core.verb:Building package 'quadcopter_gazebo' with the following arguments: {'ament_cmake_args': None, 'build_base': '/home/fuad/Downloads/fuad_ws/build/quadcopter_gazebo', 'catkin_cmake_args': None, 'catkin_skip_building_tests': False, 'cmake_args': None, 'cmake_clean_cache': False, 'cmake_clean_first': False, 'cmake_force_configure': False, 'cmake_target': None, 'cmake_target_skip_unavailable': False, 'install_base': '/home/fuad/Downloads/fuad_ws/install/quadcopter_gazebo', 'merge_install': False, 'path': '/home/fuad/Downloads/fuad_ws/src/quadcopter_gazebo', 'symlink_install': True, 'test_result_base': None}
[0.492s] INFO:colcon.colcon_core.executor:Executing jobs using 'parallel' executor
[0.493s] DEBUG:colcon.colcon_parallel_executor.executor.parallel:run_until_complete
[0.494s] INFO:colcon.colcon_ros.task.ament_python.build:Building ROS package in '/home/fuad/Downloads/fuad_ws/src/integration_pkg' with build type 'ament_python'
[0.494s] Level 1:colcon.colcon_core.shell:create_environment_hook('integration_pkg', 'ament_prefix_path')
[0.498s] INFO:colcon.colcon_core.plugin_system:Skipping extension 'colcon_core.shell.bat': Not used on non-Windows systems
[0.499s] INFO:colcon.colcon_core.shell:Creating environment hook '/home/fuad/Downloads/fuad_ws/install/integration_pkg/share/integration_pkg/hook/ament_prefix_path.ps1'
[0.500s] INFO:colcon.colcon_core.shell:Creating environment descriptor '/home/fuad/Downloads/fuad_ws/install/integration_pkg/share/integration_pkg/hook/ament_prefix_path.dsv'
[0.501s] INFO:colcon.colcon_core.shell:Creating environment hook '/home/fuad/Downloads/fuad_ws/install/integration_pkg/share/integration_pkg/hook/ament_prefix_path.sh'
[0.502s] INFO:colcon.colcon_core.shell:Skip shell extension 'powershell' for command environment: Not usable outside of PowerShell
[0.502s] DEBUG:colcon.colcon_core.shell:Skip shell extension 'dsv' for command environment
[0.508s] INFO:colcon.colcon_ros.task.ament_python.build:Building ROS package in '/home/fuad/Downloads/fuad_ws/src/quadcopter_gazebo' with build type 'ament_python'
[0.509s] Level 1:colcon.colcon_core.shell:create_environment_hook('quadcopter_gazebo', 'ament_prefix_path')
[0.509s] INFO:colcon.colcon_core.shell:Creating environment hook '/home/fuad/Downloads/fuad_ws/install/quadcopter_gazebo/share/quadcopter_gazebo/hook/ament_prefix_path.ps1'
[0.510s] INFO:colcon.colcon_core.shell:Creating environment descriptor '/home/fuad/Downloads/fuad_ws/install/quadcopter_gazebo/share/quadcopter_gazebo/hook/ament_prefix_path.dsv'
[0.511s] INFO:colcon.colcon_core.shell:Creating environment hook '/home/fuad/Downloads/fuad_ws/install/quadcopter_gazebo/share/quadcopter_gazebo/hook/ament_prefix_path.sh'
[0.512s] INFO:colcon.colcon_core.shell:Skip shell extension 'powershell' for command environment: Not usable outside of PowerShell
[0.512s] DEBUG:colcon.colcon_core.shell:Skip shell extension 'dsv' for command environment
[0.926s] WARNING:colcon.colcon_ros.task.ament_python.build:Package 'integration_pkg' doesn't explicitly install the 'package.xml' file (colcon-ros currently does it implicitly but that fallback will be removed in the future)
[0.927s] INFO:colcon.colcon_core.task.python.build:Building Python package in '/home/fuad/Downloads/fuad_ws/src/integration_pkg'
[0.927s] INFO:colcon.colcon_core.shell:Skip shell extension 'powershell' for command environment: Not usable outside of PowerShell
[0.927s] DEBUG:colcon.colcon_core.shell:Skip shell extension 'dsv' for command environment
[1.311s] WARNING:colcon.colcon_ros.task.ament_python.build:Package 'quadcopter_gazebo' doesn't explicitly install the 'package.xml' file (colcon-ros currently does it implicitly but that fallback will be removed in the future)
[1.312s] INFO:colcon.colcon_core.task.python.build:Building Python package in '/home/fuad/Downloads/fuad_ws/src/quadcopter_gazebo'
[1.313s] INFO:colcon.colcon_core.shell:Skip shell extension 'powershell' for command environment: Not usable outside of PowerShell
[1.313s] DEBUG:colcon.colcon_core.shell:Skip shell extension 'dsv' for command environment
[2.685s] DEBUG:colcon.colcon_core.task.python.build:Available setuptools commands: update_catalog, extract_messages, install_headers, build_ext, bdist_egg, install_lib, compile_catalog, editable_wheel, alias, build_py, symlink_data, egg_info, dist_info, easy_install, sdist, check, develop, init_catalog, install_egg_info, install, bdist_dumb, install_scripts, build_clib, bdist_wheel, clean, saveopts, install_data, test, build_scripts, upload_docs, register, upload, bdist, build, rotate, bdist_rpm, setopt
[2.688s] DEBUG:colcon.colcon_core.task.python.build:Available setuptools commands: update_catalog, extract_messages, install_headers, build_ext, bdist_egg, install_lib, compile_catalog, editable_wheel, alias, build_py, symlink_data, egg_info, dist_info, easy_install, sdist, check, develop, init_catalog, install_egg_info, install, bdist_dumb, install_scripts, build_clib, bdist_wheel, clean, saveopts, install_data, test, build_scripts, upload_docs, register, upload, bdist, build, rotate, bdist_rpm, setopt
[3.326s] DEBUG:colcon.colcon_core.task.python.build:Available setuptools 'develop' options: --no-deps, --force-installation-into-system-dir, --prefix, --upgrade, --script-dir, --quiet, --version, --no-find-links, --install-dir, --always-unzip, --uninstall, --editable, --install-layout, --help, --local-snapshots-ok, --dry-run, --no-user-cfg, --always-copy, --optimize, --record, --build-directory, --verbose, --site-dirs, --exclude-scripts, --allow-hosts, --zip-ok, --user, --egg-path, --find-links, --index-url, --multi-version
[3.328s] DEBUG:colcon.colcon_core.task.python.build:While undoing a previous installation files outside the Python library path are being ignored: /home/fuad/Downloads/fuad_ws/install/integration_pkg/share/ament_index/resource_index/packages/integration_pkg
[3.328s] DEBUG:colcon.colcon_core.task.python.build:While undoing a previous installation files outside the Python library path are being ignored: /home/fuad/Downloads/fuad_ws/install/integration_pkg/share/integration_pkg/launch/all.launch.py
[3.328s] DEBUG:colcon.colcon_core.task.python.build:While undoing a previous installation files outside the Python library path are being ignored: /home/fuad/Downloads/fuad_ws/install/integration_pkg/share/integration_pkg/config/params.yaml
[3.329s] DEBUG:colcon.colcon_core.task.python.build:While undoing a previous installation files outside the Python library path are being ignored: /home/fuad/Downloads/fuad_ws/install/integration_pkg/lib/integration_pkg/dashboard_node
[3.329s] DEBUG:colcon.colcon_core.task.python.build:While undoing a previous installation files outside the Python library path are being ignored: /home/fuad/Downloads/fuad_ws/install/integration_pkg/lib/integration_pkg/follow_node
[3.329s] DEBUG:colcon.colcon_core.task.python.build:While undoing a previous installation files outside the Python library path are being ignored: /home/fuad/Downloads/fuad_ws/install/integration_pkg/lib/integration_pkg/selector_node
[3.329s] DEBUG:colcon.colcon_core.task.python.build:While undoing a previous installation files outside the Python library path are being ignored: /home/fuad/Downloads/fuad_ws/install/integration_pkg/lib/integration_pkg/teleop_bridge
[3.329s] DEBUG:colcon.colcon_core.task.python.build:While undoing a previous installation files outside the Python library path are being ignored: /home/fuad/Downloads/fuad_ws/install/integration_pkg/lib/integration_pkg/voice_node
[3.335s] DEBUG:colcon.colcon_core.event_handler.log_command:Invoking command in '/home/fuad/Downloads/fuad_ws/build/integration_pkg': DEBUGINFOD_URLS=https://debuginfod.ubuntu.com PYTHONPATH=/home/fuad/Downloads/fuad_ws/build/integration_pkg/prefix_override:/usr/lib/python3/dist-packages/colcon_core/task/python/colcon_distutils_commands:/home/fuad/Downloads/fuad_ws/install/integration_pkg/lib/python3.12/site-packages:${PYTHONPATH} /usr/bin/python3 -W ignore:setup.py install is deprecated -W ignore:easy_install command is deprecated setup.py develop --editable --build-directory /home/fuad/Downloads/fuad_ws/build/integration_pkg/build --no-deps symlink_data --force
[3.340s] DEBUG:colcon.colcon_core.task.python.build:Available setuptools 'develop' options: --no-deps, --force-installation-into-system-dir, --prefix, --upgrade, --script-dir, --quiet, --version, --no-find-links, --install-dir, --always-unzip, --uninstall, --editable, --install-layout, --help, --local-snapshots-ok, --dry-run, --no-user-cfg, --always-copy, --optimize, --record, --build-directory, --verbose, --site-dirs, --exclude-scripts, --allow-hosts, --zip-ok, --user, --egg-path, --find-links, --index-url, --multi-version
[3.341s] DEBUG:colcon.colcon_core.task.python.build:While undoing a previous installation files outside the Python library path are being ignored: /home/fuad/Downloads/fuad_ws/install/quadcopter_gazebo/share/ament_index/resource_index/packages/quadcopter_gazebo
[3.341s] DEBUG:colcon.colcon_core.task.python.build:While undoing a previous installation files outside the Python library path are being ignored: /home/fuad/Downloads/fuad_ws/install/quadcopter_gazebo/share/quadcopter_gazebo/launch/quadcopter.launch.py
[3.341s] DEBUG:colcon.colcon_core.task.python.build:While undoing a previous installation files outside the Python library path are being ignored: /home/fuad/Downloads/fuad_ws/install/quadcopter_gazebo/share/quadcopter_gazebo/config
[3.342s] DEBUG:colcon.colcon_core.task.python.build:While undoing a previous installation files outside the Python library path are being ignored: /home/fuad/Downloads/fuad_ws/install/quadcopter_gazebo/share/quadcopter_gazebo/models/quadcopter/model.sdf
[3.342s] DEBUG:colcon.colcon_core.task.python.build:While undoing a previous installation files outside the Python library path are being ignored: /home/fuad/Downloads/fuad_ws/install/quadcopter_gazebo/share/quadcopter_gazebo/models/quadcopter/model.config
[3.343s] DEBUG:colcon.colcon_core.task.python.build:While undoing a previous installation files outside the Python library path are being ignored: /home/fuad/Downloads/fuad_ws/install/quadcopter_gazebo/lib/quadcopter_gazebo/motor_mixer
[3.343s] DEBUG:colcon.colcon_core.task.python.build:While undoing a previous installation files outside the Python library path are being ignored: /home/fuad/Downloads/fuad_ws/install/quadcopter_gazebo/lib/quadcopter_gazebo/teleop_to_motor
[3.347s] DEBUG:colcon.colcon_core.event_handler.log_command:Invoking command in '/home/fuad/Downloads/fuad_ws/build/quadcopter_gazebo': DEBUGINFOD_URLS=https://debuginfod.ubuntu.com PYTHONPATH=/home/fuad/Downloads/fuad_ws/build/quadcopter_gazebo/prefix_override:/usr/lib/python3/dist-packages/colcon_core/task/python/colcon_distutils_commands:/home/fuad/Downloads/fuad_ws/install/quadcopter_gazebo/lib/python3.12/site-packages:${PYTHONPATH} /usr/bin/python3 -W ignore:setup.py install is deprecated -W ignore:easy_install command is deprecated setup.py develop --editable --build-directory /home/fuad/Downloads/fuad_ws/build/quadcopter_gazebo/build --no-deps symlink_data --force
[4.652s] Level 1:colcon.colcon_core.shell:create_environment_hook('integration_pkg', 'pythonpath_develop')
[4.653s] INFO:colcon.colcon_core.shell:Creating environment hook '/home/fuad/Downloads/fuad_ws/build/integration_pkg/share/integration_pkg/hook/pythonpath_develop.ps1'
[4.654s] DEBUG:colcon.colcon_core.event_handler.log_command:Invoked command in '/home/fuad/Downloads/fuad_ws/build/integration_pkg' returned '0': DEBUGINFOD_URLS=https://debuginfod.ubuntu.com PYTHONPATH=/home/fuad/Downloads/fuad_ws/build/integration_pkg/prefix_override:/usr/lib/python3/dist-packages/colcon_core/task/python/colcon_distutils_commands:/home/fuad/Downloads/fuad_ws/install/integration_pkg/lib/python3.12/site-packages:${PYTHONPATH} /usr/bin/python3 -W ignore:setup.py install is deprecated -W ignore:easy_install command is deprecated setup.py develop --editable --build-directory /home/fuad/Downloads/fuad_ws/build/integration_pkg/build --no-deps symlink_data --force
[4.655s] INFO:colcon.colcon_core.shell:Creating environment descriptor '/home/fuad/Downloads/fuad_ws/build/integration_pkg/share/integration_pkg/hook/pythonpath_develop.dsv'
[4.656s] INFO:colcon.colcon_core.shell:Creating environment hook '/home/fuad/Downloads/fuad_ws/build/integration_pkg/share/integration_pkg/hook/pythonpath_develop.sh'
[4.664s] Level 1:colcon.colcon_core.environment:checking '/home/fuad/Downloads/fuad_ws/install/integration_pkg' for CMake module files
[4.665s] Level 1:colcon.colcon_core.environment:checking '/home/fuad/Downloads/fuad_ws/install/integration_pkg' for CMake config files
[4.666s] Level 1:colcon.colcon_core.environment:checking '/home/fuad/Downloads/fuad_ws/install/integration_pkg/lib'
[4.666s] Level 1:colcon.colcon_core.environment:checking '/home/fuad/Downloads/fuad_ws/install/integration_pkg/bin'
[4.666s] Level 1:colcon.colcon_core.environment:checking '/home/fuad/Downloads/fuad_ws/install/integration_pkg/lib/pkgconfig/integration_pkg.pc'
[4.667s] Level 1:colcon.colcon_core.environment:checking '/home/fuad/Downloads/fuad_ws/install/integration_pkg/lib/python3.12/site-packages'
[4.667s] Level 1:colcon.colcon_core.shell:create_environment_hook('integration_pkg', 'pythonpath')
[4.667s] INFO:colcon.colcon_core.shell:Creating environment hook '/home/fuad/Downloads/fuad_ws/install/integration_pkg/share/integration_pkg/hook/pythonpath.ps1'
[4.668s] INFO:colcon.colcon_core.shell:Creating environment descriptor '/home/fuad/Downloads/fuad_ws/install/integration_pkg/share/integration_pkg/hook/pythonpath.dsv'
[4.668s] INFO:colcon.colcon_core.shell:Creating environment hook '/home/fuad/Downloads/fuad_ws/install/integration_pkg/share/integration_pkg/hook/pythonpath.sh'
[4.669s] Level 1:colcon.colcon_core.environment:checking '/home/fuad/Downloads/fuad_ws/install/integration_pkg/bin'
[4.669s] Level 1:colcon.colcon_core.environment:create_environment_scripts_only(integration_pkg)
[4.670s] INFO:colcon.colcon_core.shell:Creating package script '/home/fuad/Downloads/fuad_ws/install/integration_pkg/share/integration_pkg/package.ps1'
[4.695s] INFO:colcon.colcon_core.shell:Creating package descriptor '/home/fuad/Downloads/fuad_ws/install/integration_pkg/share/integration_pkg/package.dsv'
[4.696s] INFO:colcon.colcon_core.shell:Creating package script '/home/fuad/Downloads/fuad_ws/install/integration_pkg/share/integration_pkg/package.sh'
[4.697s] INFO:colcon.colcon_core.shell:Creating package script '/home/fuad/Downloads/fuad_ws/install/integration_pkg/share/integration_pkg/package.bash'
[4.698s] INFO:colcon.colcon_core.shell:Creating package script '/home/fuad/Downloads/fuad_ws/install/integration_pkg/share/integration_pkg/package.zsh'
[4.699s] Level 1:colcon.colcon_core.environment:create_file_with_runtime_dependencies(/home/fuad/Downloads/fuad_ws/install/integration_pkg/share/colcon-core/packages/integration_pkg)
[4.705s] Level 1:colcon.colcon_core.shell:create_environment_hook('quadcopter_gazebo', 'pythonpath_develop')
[4.706s] INFO:colcon.colcon_core.shell:Creating environment hook '/home/fuad/Downloads/fuad_ws/build/quadcopter_gazebo/share/quadcopter_gazebo/hook/pythonpath_develop.ps1'
[4.707s] DEBUG:colcon.colcon_core.event_handler.log_command:Invoked command in '/home/fuad/Downloads/fuad_ws/build/quadcopter_gazebo' returned '0': DEBUGINFOD_URLS=https://debuginfod.ubuntu.com PYTHONPATH=/home/fuad/Downloads/fuad_ws/build/quadcopter_gazebo/prefix_override:/usr/lib/python3/dist-packages/colcon_core/task/python/colcon_distutils_commands:/home/fuad/Downloads/fuad_ws/install/quadcopter_gazebo/lib/python3.12/site-packages:${PYTHONPATH} /usr/bin/python3 -W ignore:setup.py install is deprecated -W ignore:easy_install command is deprecated setup.py develop --editable --build-directory /home/fuad/Downloads/fuad_ws/build/quadcopter_gazebo/build --no-deps symlink_data --force
[4.708s] INFO:colcon.colcon_core.shell:Creating environment descriptor '/home/fuad/Downloads/fuad_ws/build/quadcopter_gazebo/share/quadcopter_gazebo/hook/pythonpath_develop.dsv'
[4.709s] INFO:colcon.colcon_core.shell:Creating environment hook '/home/fuad/Downloads/fuad_ws/build/quadcopter_gazebo/share/quadcopter_gazebo/hook/pythonpath_develop.sh'
[4.710s] Level 1:colcon.colcon_core.environment:checking '/home/fuad/Downloads/fuad_ws/install/quadcopter_gazebo' for CMake module files
[4.711s] Level 1:colcon.colcon_core.environment:checking '/home/fuad/Downloads/fuad_ws/install/quadcopter_gazebo' for CMake config files
[4.712s] Level 1:colcon.colcon_core.environment:checking '/home/fuad/Downloads/fuad_ws/install/quadcopter_gazebo/lib'
[4.712s] Level 1:colcon.colcon_core.environment:checking '/home/fuad/Downloads/fuad_ws/install/quadcopter_gazebo/bin'
[4.712s] Level 1:colcon.colcon_core.environment:checking '/home/fuad/Downloads/fuad_ws/install/quadcopter_gazebo/lib/pkgconfig/quadcopter_gazebo.pc'
[4.713s] Level 1:colcon.colcon_core.environment:checking '/home/fuad/Downloads/fuad_ws/install/quadcopter_gazebo/lib/python3.12/site-packages'
[4.713s] Level 1:colcon.colcon_core.shell:create_environment_hook('quadcopter_gazebo', 'pythonpath')
[4.713s] INFO:colcon.colcon_core.shell:Creating environment hook '/home/fuad/Downloads/fuad_ws/install/quadcopter_gazebo/share/quadcopter_gazebo/hook/pythonpath.ps1'
[4.714s] INFO:colcon.colcon_core.shell:Creating environment descriptor '/home/fuad/Downloads/fuad_ws/install/quadcopter_gazebo/share/quadcopter_gazebo/hook/pythonpath.dsv'
[4.715s] INFO:colcon.colcon_core.shell:Creating environment hook '/home/fuad/Downloads/fuad_ws/install/quadcopter_gazebo/share/quadcopter_gazebo/hook/pythonpath.sh'
[4.717s] Level 1:colcon.colcon_core.environment:checking '/home/fuad/Downloads/fuad_ws/install/quadcopter_gazebo/bin'
[4.717s] Level 1:colcon.colcon_core.environment:create_environment_scripts_only(quadcopter_gazebo)
[4.718s] INFO:colcon.colcon_core.shell:Creating package script '/home/fuad/Downloads/fuad_ws/install/quadcopter_gazebo/share/quadcopter_gazebo/package.ps1'
[4.719s] INFO:colcon.colcon_core.shell:Creating package descriptor '/home/fuad/Downloads/fuad_ws/install/quadcopter_gazebo/share/quadcopter_gazebo/package.dsv'
[4.719s] INFO:colcon.colcon_core.shell:Creating package script '/home/fuad/Downloads/fuad_ws/install/quadcopter_gazebo/share/quadcopter_gazebo/package.sh'
[4.720s] INFO:colcon.colcon_core.shell:Creating package script '/home/fuad/Downloads/fuad_ws/install/quadcopter_gazebo/share/quadcopter_gazebo/package.bash'
[4.721s] INFO:colcon.colcon_core.shell:Creating package script '/home/fuad/Downloads/fuad_ws/install/quadcopter_gazebo/share/quadcopter_gazebo/package.zsh'
[4.722s] Level 1:colcon.colcon_core.environment:create_file_with_runtime_dependencies(/home/fuad/Downloads/fuad_ws/install/quadcopter_gazebo/share/colcon-core/packages/quadcopter_gazebo)
[4.722s] DEBUG:colcon.colcon_parallel_executor.executor.parallel:closing loop
[4.723s] DEBUG:colcon.colcon_parallel_executor.executor.parallel:loop closed
[4.723s] DEBUG:colcon.colcon_parallel_executor.executor.parallel:run_until_complete finished with '0'
[4.723s] DEBUG:colcon.colcon_core.event_reactor:joining thread
[4.738s] INFO:colcon.colcon_core.plugin_system:Skipping extension 'colcon_notification.desktop_notification.terminal_notifier': Not used on non-Darwin systems
[4.738s] INFO:colcon.colcon_core.plugin_system:Skipping extension 'colcon_notification.desktop_notification.win32': Not used on non-Windows systems
[4.738s] INFO:colcon.colcon_notification.desktop_notification:Sending desktop notification using 'notify2'
[4.738s] DEBUG:colcon.colcon_notification.desktop_notification.notify2:Failed to initialize notify2: org.freedesktop.DBus.Error.FileNotFound: Failed to connect to socket /run/user/1000/bus: No such file or directory
[4.739s] DEBUG:colcon.colcon_core.event_reactor:joined thread
[4.739s] INFO:colcon.colcon_core.shell:Creating prefix script '/home/fuad/Downloads/fuad_ws/install/local_setup.ps1'
[4.742s] INFO:colcon.colcon_core.shell:Creating prefix util module '/home/fuad/Downloads/fuad_ws/install/_local_setup_util_ps1.py'
[4.745s] INFO:colcon.colcon_core.shell:Creating prefix chain script '/home/fuad/Downloads/fuad_ws/install/setup.ps1'
[4.748s] INFO:colcon.colcon_core.shell:Creating prefix script '/home/fuad/Downloads/fuad_ws/install/local_setup.sh'
[4.750s] INFO:colcon.colcon_core.shell:Creating prefix util module '/home/fuad/Downloads/fuad_ws/install/_local_setup_util_sh.py'
[4.752s] INFO:colcon.colcon_core.shell:Creating prefix chain script '/home/fuad/Downloads/fuad_ws/install/setup.sh'
[4.755s] INFO:colcon.colcon_core.shell:Creating prefix script '/home/fuad/Downloads/fuad_ws/install/local_setup.bash'
[4.756s] INFO:colcon.colcon_core.shell:Creating prefix chain script '/home/fuad/Downloads/fuad_ws/install/setup.bash'
[4.759s] INFO:colcon.colcon_core.shell:Creating prefix script '/home/fuad/Downloads/fuad_ws/install/local_setup.zsh'
[4.760s] INFO:colcon.colcon_core.shell:Creating prefix chain script '/home/fuad/Downloads/fuad_ws/install/setup.zsh'
