[1.531s] Invoking command in '/home/fuad/Downloads/fuad_ws/src/quadcopter_gazebo': DEBUGINFOD_URLS=https://debuginfod.ubuntu.com PS1=(.venv) \[\e]0;\u@\h: \w\a\]${debian_chroot:+($debian_chroot)}\[\033[01;32m\]\u@\h\[\033[00m\]:\[\033[01;34m\]\w\[\033[00m\]\$ PYTHONPATH=/home/fuad/Downloads/fuad_ws/build/quadcopter_gazebo/prefix_override:/usr/lib/python3/dist-packages/colcon_core/task/python/colcon_distutils_commands:/home/fuad/Downloads/fuad_ws/install/quadcopter_gazebo/lib/python3.12/site-packages:${PYTHONPATH} VIRTUAL_ENV_PROMPT=(.venv) /usr/bin/python3 -W ignore:setup.py install is deprecated -W ignore:easy_install command is deprecated setup.py egg_info --egg-base ../../build/quadcopter_gazebo build --build-base /home/fuad/Downloads/fuad_ws/build/quadcopter_gazebo/build install --record /home/fuad/Downloads/fuad_ws/build/quadcopter_gazebo/install.log --install-scripts $base/lib/quadcopter_gazebo --single-version-externally-managed install_data
[1.907s] running egg_info
[1.907s] creating ../../build/quadcopter_gazebo/quadcopter_gazebo.egg-info
[1.935s] writing ../../build/quadcopter_gazebo/quadcopter_gazebo.egg-info/PKG-INFO
[1.935s] writing dependency_links to ../../build/quadcopter_gazebo/quadcopter_gazebo.egg-info/dependency_links.txt
[1.935s] writing entry points to ../../build/quadcopter_gazebo/quadcopter_gazebo.egg-info/entry_points.txt
[1.936s] writing requirements to ../../build/quadcopter_gazebo/quadcopter_gazebo.egg-info/requires.txt
[1.936s] writing top-level names to ../../build/quadcopter_gazebo/quadcopter_gazebo.egg-info/top_level.txt
[1.936s] writing manifest file '../../build/quadcopter_gazebo/quadcopter_gazebo.egg-info/SOURCES.txt'
[1.996s] reading manifest file '../../build/quadcopter_gazebo/quadcopter_gazebo.egg-info/SOURCES.txt'
[1.996s] writing manifest file '../../build/quadcopter_gazebo/quadcopter_gazebo.egg-info/SOURCES.txt'
[1.997s] running build
[1.997s] running build_py
[1.997s] creating /home/fuad/Downloads/fuad_ws/build/quadcopter_gazebo/build
[1.997s] creating /home/fuad/Downloads/fuad_ws/build/quadcopter_gazebo/build/lib
[1.997s] creating /home/fuad/Downloads/fuad_ws/build/quadcopter_gazebo/build/lib/quadcopter_gazebo
[1.997s] copying quadcopter_gazebo/motor_mixer_node.py -> /home/fuad/Downloads/fuad_ws/build/quadcopter_gazebo/build/lib/quadcopter_gazebo
[1.998s] copying quadcopter_gazebo/__init__.py -> /home/fuad/Downloads/fuad_ws/build/quadcopter_gazebo/build/lib/quadcopter_gazebo
[1.998s] running install
[2.004s] running install_lib
[2.033s] creating /home/fuad/Downloads/fuad_ws/install/quadcopter_gazebo/lib/python3.12/site-packages/quadcopter_gazebo
[2.034s] copying /home/fuad/Downloads/fuad_ws/build/quadcopter_gazebo/build/lib/quadcopter_gazebo/motor_mixer_node.py -> /home/fuad/Downloads/fuad_ws/install/quadcopter_gazebo/lib/python3.12/site-packages/quadcopter_gazebo
[2.034s] copying /home/fuad/Downloads/fuad_ws/build/quadcopter_gazebo/build/lib/quadcopter_gazebo/__init__.py -> /home/fuad/Downloads/fuad_ws/install/quadcopter_gazebo/lib/python3.12/site-packages/quadcopter_gazebo
[2.034s] byte-compiling /home/fuad/Downloads/fuad_ws/install/quadcopter_gazebo/lib/python3.12/site-packages/quadcopter_gazebo/motor_mixer_node.py to motor_mixer_node.cpython-312.pyc
[2.036s] byte-compiling /home/fuad/Downloads/fuad_ws/install/quadcopter_gazebo/lib/python3.12/site-packages/quadcopter_gazebo/__init__.py to __init__.cpython-312.pyc
[2.037s] running install_data
[2.037s] creating /home/fuad/Downloads/fuad_ws/install/quadcopter_gazebo/share/ament_index
[2.037s] creating /home/fuad/Downloads/fuad_ws/install/quadcopter_gazebo/share/ament_index/resource_index
[2.037s] creating /home/fuad/Downloads/fuad_ws/install/quadcopter_gazebo/share/ament_index/resource_index/packages
[2.037s] copying resource/quadcopter_gazebo -> /home/fuad/Downloads/fuad_ws/install/quadcopter_gazebo/share/ament_index/resource_index/packages
[2.037s] creating /home/fuad/Downloads/fuad_ws/install/quadcopter_gazebo/share/quadcopter_gazebo/launch
[2.037s] copying launch/quadcopter.launch.py -> /home/fuad/Downloads/fuad_ws/install/quadcopter_gazebo/share/quadcopter_gazebo/launch
[2.037s] creating /home/fuad/Downloads/fuad_ws/install/quadcopter_gazebo/share/quadcopter_gazebo/config
[2.037s] creating /home/fuad/Downloads/fuad_ws/install/quadcopter_gazebo/share/quadcopter_gazebo/models
[2.037s] creating /home/fuad/Downloads/fuad_ws/install/quadcopter_gazebo/share/quadcopter_gazebo/models/quadcopter
[2.037s] copying models/quadcopter/model.sdf -> /home/fuad/Downloads/fuad_ws/install/quadcopter_gazebo/share/quadcopter_gazebo/models/quadcopter
[2.038s] copying models/quadcopter/model.config -> /home/fuad/Downloads/fuad_ws/install/quadcopter_gazebo/share/quadcopter_gazebo/models/quadcopter
[2.038s] running install_egg_info
[2.067s] Copying ../../build/quadcopter_gazebo/quadcopter_gazebo.egg-info to /home/fuad/Downloads/fuad_ws/install/quadcopter_gazebo/lib/python3.12/site-packages/quadcopter_gazebo-0.0.1-py3.12.egg-info
[2.068s] running install_scripts
[2.258s] Installing motor_mixer script to /home/fuad/Downloads/fuad_ws/install/quadcopter_gazebo/lib/quadcopter_gazebo
[2.258s] Installing teleop_to_motor script to /home/fuad/Downloads/fuad_ws/install/quadcopter_gazebo/lib/quadcopter_gazebo
[2.258s] writing list of installed files to '/home/fuad/Downloads/fuad_ws/build/quadcopter_gazebo/install.log'
[2.323s] Invoked command in '/home/fuad/Downloads/fuad_ws/src/quadcopter_gazebo' returned '0': DEBUGINFOD_URLS=https://debuginfod.ubuntu.com PS1=(.venv) \[\e]0;\u@\h: \w\a\]${debian_chroot:+($debian_chroot)}\[\033[01;32m\]\u@\h\[\033[00m\]:\[\033[01;34m\]\w\[\033[00m\]\$ PYTHONPATH=/home/fuad/Downloads/fuad_ws/build/quadcopter_gazebo/prefix_override:/usr/lib/python3/dist-packages/colcon_core/task/python/colcon_distutils_commands:/home/fuad/Downloads/fuad_ws/install/quadcopter_gazebo/lib/python3.12/site-packages:${PYTHONPATH} VIRTUAL_ENV_PROMPT=(.venv) /usr/bin/python3 -W ignore:setup.py install is deprecated -W ignore:easy_install command is deprecated setup.py egg_info --egg-base ../../build/quadcopter_gazebo build --build-base /home/fuad/Downloads/fuad_ws/build/quadcopter_gazebo/build install --record /home/fuad/Downloads/fuad_ws/build/quadcopter_gazebo/install.log --install-scripts $base/lib/quadcopter_gazebo --single-version-externally-managed install_data
