[1.455s] Invoking command in '/home/fuad/Downloads/fuad_ws/src/quadcopter_gazebo': DEBUGINFOD_URLS=https://debuginfod.ubuntu.com PYTHONPATH=/home/fuad/Downloads/fuad_ws/build/quadcopter_gazebo/prefix_override:/usr/lib/python3/dist-packages/colcon_core/task/python/colcon_distutils_commands:/home/fuad/Downloads/fuad_ws/install/quadcopter_gazebo/lib/python3.12/site-packages:${PYTHONPATH} /usr/bin/python3 -W ignore:setup.py install is deprecated -W ignore:easy_install command is deprecated setup.py egg_info --egg-base ../../build/quadcopter_gazebo build --build-base /home/fuad/Downloads/fuad_ws/build/quadcopter_gazebo/build install --record /home/fuad/Downloads/fuad_ws/build/quadcopter_gazebo/install.log --install-scripts $base/lib/quadcopter_gazebo --single-version-externally-managed install_data
[1.774s] running egg_info
[1.800s] writing ../../build/quadcopter_gazebo/quadcopter_gazebo.egg-info/PKG-INFO
[1.801s] writing dependency_links to ../../build/quadcopter_gazebo/quadcopter_gazebo.egg-info/dependency_links.txt
[1.801s] writing entry points to ../../build/quadcopter_gazebo/quadcopter_gazebo.egg-info/entry_points.txt
[1.801s] writing requirements to ../../build/quadcopter_gazebo/quadcopter_gazebo.egg-info/requires.txt
[1.801s] writing top-level names to ../../build/quadcopter_gazebo/quadcopter_gazebo.egg-info/top_level.txt
[1.855s] reading manifest file '../../build/quadcopter_gazebo/quadcopter_gazebo.egg-info/SOURCES.txt'
[1.855s] writing manifest file '../../build/quadcopter_gazebo/quadcopter_gazebo.egg-info/SOURCES.txt'
[1.856s] running build
[1.856s] running build_py
[1.856s] running install
[1.862s] running install_lib
[1.891s] running install_data
[1.891s] copying package.xml -> /home/fuad/Downloads/fuad_ws/install/quadcopter_gazebo/share/quadcopter_gazebo
[1.891s] running install_egg_info
[1.918s] removing '/home/fuad/Downloads/fuad_ws/install/quadcopter_gazebo/lib/python3.12/site-packages/quadcopter_gazebo-0.0.1-py3.12.egg-info' (and everything under it)
[1.918s] Copying ../../build/quadcopter_gazebo/quadcopter_gazebo.egg-info to /home/fuad/Downloads/fuad_ws/install/quadcopter_gazebo/lib/python3.12/site-packages/quadcopter_gazebo-0.0.1-py3.12.egg-info
[1.919s] running install_scripts
[2.087s] Installing motor_mixer script to /home/fuad/Downloads/fuad_ws/install/quadcopter_gazebo/lib/quadcopter_gazebo
[2.087s] Installing teleop_to_motor script to /home/fuad/Downloads/fuad_ws/install/quadcopter_gazebo/lib/quadcopter_gazebo
[2.087s] writing list of installed files to '/home/fuad/Downloads/fuad_ws/build/quadcopter_gazebo/install.log'
[2.160s] Invoked command in '/home/fuad/Downloads/fuad_ws/src/quadcopter_gazebo' returned '0': DEBUGINFOD_URLS=https://debuginfod.ubuntu.com PYTHONPATH=/home/fuad/Downloads/fuad_ws/build/quadcopter_gazebo/prefix_override:/usr/lib/python3/dist-packages/colcon_core/task/python/colcon_distutils_commands:/home/fuad/Downloads/fuad_ws/install/quadcopter_gazebo/lib/python3.12/site-packages:${PYTHONPATH} /usr/bin/python3 -W ignore:setup.py install is deprecated -W ignore:easy_install command is deprecated setup.py egg_info --egg-base ../../build/quadcopter_gazebo build --build-base /home/fuad/Downloads/fuad_ws/build/quadcopter_gazebo/build install --record /home/fuad/Downloads/fuad_ws/build/quadcopter_gazebo/install.log --install-scripts $base/lib/quadcopter_gazebo --single-version-externally-managed install_data
