[1.420s] Invoking command in '/home/fuad/Downloads/fuad_ws/src/quadcopter_gazebo': DEBUGINFOD_URLS=https://debuginfod.ubuntu.com PS1=(.venv) \[\e]0;\u@\h: \w\a\]${debian_chroot:+($debian_chroot)}\[\033[01;32m\]\u@\h\[\033[00m\]:\[\033[01;34m\]\w\[\033[00m\]\$ PYTHONPATH=/home/fuad/Downloads/fuad_ws/build/quadcopter_gazebo/prefix_override:/usr/lib/python3/dist-packages/colcon_core/task/python/colcon_distutils_commands:/home/fuad/Downloads/fuad_ws/install/quadcopter_gazebo/lib/python3.12/site-packages:${PYTHONPATH} VIRTUAL_ENV_PROMPT=(.venv) /usr/bin/python3 -W ignore:setup.py install is deprecated -W ignore:easy_install command is deprecated setup.py egg_info --egg-base ../../build/quadcopter_gazebo build --build-base /home/fuad/Downloads/fuad_ws/build/quadcopter_gazebo/build install --record /home/fuad/Downloads/fuad_ws/build/quadcopter_gazebo/install.log --install-scripts $base/lib/quadcopter_gazebo --single-version-externally-managed install_data
[1.756s] running egg_info
[1.783s] writing ../../build/quadcopter_gazebo/quadcopter_gazebo.egg-info/PKG-INFO
[1.783s] writing dependency_links to ../../build/quadcopter_gazebo/quadcopter_gazebo.egg-info/dependency_links.txt
[1.784s] writing entry points to ../../build/quadcopter_gazebo/quadcopter_gazebo.egg-info/entry_points.txt
[1.784s] writing requirements to ../../build/quadcopter_gazebo/quadcopter_gazebo.egg-info/requires.txt
[1.784s] writing top-level names to ../../build/quadcopter_gazebo/quadcopter_gazebo.egg-info/top_level.txt
[1.839s] reading manifest file '../../build/quadcopter_gazebo/quadcopter_gazebo.egg-info/SOURCES.txt'
[1.840s] writing manifest file '../../build/quadcopter_gazebo/quadcopter_gazebo.egg-info/SOURCES.txt'
[1.840s] running build
[1.841s] running build_py
[1.841s] running install
[1.847s] running install_lib
[1.875s] running install_data
[1.875s] running install_egg_info
[1.904s] removing '/home/fuad/Downloads/fuad_ws/install/quadcopter_gazebo/lib/python3.12/site-packages/quadcopter_gazebo-0.0.1-py3.12.egg-info' (and everything under it)
[1.905s] Copying ../../build/quadcopter_gazebo/quadcopter_gazebo.egg-info to /home/fuad/Downloads/fuad_ws/install/quadcopter_gazebo/lib/python3.12/site-packages/quadcopter_gazebo-0.0.1-py3.12.egg-info
[1.905s] running install_scripts
[2.079s] Installing motor_mixer script to /home/fuad/Downloads/fuad_ws/install/quadcopter_gazebo/lib/quadcopter_gazebo
[2.080s] Installing teleop_to_motor script to /home/fuad/Downloads/fuad_ws/install/quadcopter_gazebo/lib/quadcopter_gazebo
[2.080s] writing list of installed files to '/home/fuad/Downloads/fuad_ws/build/quadcopter_gazebo/install.log'
[2.136s] Invoked command in '/home/fuad/Downloads/fuad_ws/src/quadcopter_gazebo' returned '0': DEBUGINFOD_URLS=https://debuginfod.ubuntu.com PS1=(.venv) \[\e]0;\u@\h: \w\a\]${debian_chroot:+($debian_chroot)}\[\033[01;32m\]\u@\h\[\033[00m\]:\[\033[01;34m\]\w\[\033[00m\]\$ PYTHONPATH=/home/fuad/Downloads/fuad_ws/build/quadcopter_gazebo/prefix_override:/usr/lib/python3/dist-packages/colcon_core/task/python/colcon_distutils_commands:/home/fuad/Downloads/fuad_ws/install/quadcopter_gazebo/lib/python3.12/site-packages:${PYTHONPATH} VIRTUAL_ENV_PROMPT=(.venv) /usr/bin/python3 -W ignore:setup.py install is deprecated -W ignore:easy_install command is deprecated setup.py egg_info --egg-base ../../build/quadcopter_gazebo build --build-base /home/fuad/Downloads/fuad_ws/build/quadcopter_gazebo/build install --record /home/fuad/Downloads/fuad_ws/build/quadcopter_gazebo/install.log --install-scripts $base/lib/quadcopter_gazebo --single-version-externally-managed install_data
