[0.032s] Invoking command in '/home/fuad/Downloads/fuad_ws/build/turtlebot3_description': CMAKE_PREFIX_PATH=${CMAKE_PREFIX_PATH}:/home/fuad/Downloads/fuad_ws/install/integration_pkg:/opt/ros/jazzy DEBUGINFOD_URLS=https://debuginfod.ubuntu.com /usr/bin/cmake --build /home/fuad/Downloads/fuad_ws/build/turtlebot3_description -- -j16 -l16
[0.611s] Invoked command in '/home/fuad/Downloads/fuad_ws/build/turtlebot3_description' returned '0': CMAKE_PREFIX_PATH=${CMAKE_PREFIX_PATH}:/home/fuad/Downloads/fuad_ws/install/integration_pkg:/opt/ros/jazzy DEBUGINFOD_URLS=https://debuginfod.ubuntu.com /usr/bin/cmake --build /home/fuad/Downloads/fuad_ws/build/turtlebot3_description -- -j16 -l16
[0.627s] Invoking command in '/home/fuad/Downloads/fuad_ws/build/turtlebot3_description': CMAKE_PREFIX_PATH=${CMAKE_PREFIX_PATH}:/home/fuad/Downloads/fuad_ws/install/integration_pkg:/opt/ros/jazzy DEBUGINFOD_URLS=https://debuginfod.ubuntu.com /usr/bin/cmake --install /home/fuad/Downloads/fuad_ws/build/turtlebot3_description
[0.644s] -- Install configuration: ""
[0.644s] -- Up-to-date: /home/fuad/Downloads/fuad_ws/install/turtlebot3_description/share/turtlebot3_description/meshes
[0.644s] -- Up-to-date: /home/fuad/Downloads/fuad_ws/install/turtlebot3_description/share/turtlebot3_description/meshes/bases
[0.645s] -- Up-to-date: /home/fuad/Downloads/fuad_ws/install/turtlebot3_description/share/turtlebot3_description/meshes/bases/waffle_pi_base.stl
[0.645s] -- Up-to-date: /home/fuad/Downloads/fuad_ws/install/turtlebot3_description/share/turtlebot3_description/meshes/bases/burger_base.stl
[0.645s] -- Up-to-date: /home/fuad/Downloads/fuad_ws/install/turtlebot3_description/share/turtlebot3_description/meshes/bases/waffle_base.stl
[0.645s] -- Up-to-date: /home/fuad/Downloads/fuad_ws/install/turtlebot3_description/share/turtlebot3_description/meshes/sensors
[0.645s] -- Up-to-date: /home/fuad/Downloads/fuad_ws/install/turtlebot3_description/share/turtlebot3_description/meshes/sensors/astra.dae
[0.645s] -- Up-to-date: /home/fuad/Downloads/fuad_ws/install/turtlebot3_description/share/turtlebot3_description/meshes/sensors/lds.stl
[0.645s] -- Up-to-date: /home/fuad/Downloads/fuad_ws/install/turtlebot3_description/share/turtlebot3_description/meshes/sensors/astra.jpg
[0.645s] -- Up-to-date: /home/fuad/Downloads/fuad_ws/install/turtlebot3_description/share/turtlebot3_description/meshes/sensors/r200.dae
[0.646s] -- Up-to-date: /home/fuad/Downloads/fuad_ws/install/turtlebot3_description/share/turtlebot3_description/meshes/sensors/r200.jpg
[0.646s] -- Up-to-date: /home/fuad/Downloads/fuad_ws/install/turtlebot3_description/share/turtlebot3_description/meshes/wheels
[0.646s] -- Up-to-date: /home/fuad/Downloads/fuad_ws/install/turtlebot3_description/share/turtlebot3_description/meshes/wheels/right_tire.stl
[0.646s] -- Up-to-date: /home/fuad/Downloads/fuad_ws/install/turtlebot3_description/share/turtlebot3_description/meshes/wheels/left_tire.stl
[0.646s] -- Up-to-date: /home/fuad/Downloads/fuad_ws/install/turtlebot3_description/share/turtlebot3_description/rviz
[0.646s] -- Up-to-date: /home/fuad/Downloads/fuad_ws/install/turtlebot3_description/share/turtlebot3_description/rviz/model.rviz
[0.646s] -- Up-to-date: /home/fuad/Downloads/fuad_ws/install/turtlebot3_description/share/turtlebot3_description/urdf
[0.646s] -- Up-to-date: /home/fuad/Downloads/fuad_ws/install/turtlebot3_description/share/turtlebot3_description/urdf/common_properties.urdf
[0.646s] -- Up-to-date: /home/fuad/Downloads/fuad_ws/install/turtlebot3_description/share/turtlebot3_description/urdf/turtlebot3_waffle_pi.urdf
[0.647s] -- Up-to-date: /home/fuad/Downloads/fuad_ws/install/turtlebot3_description/share/turtlebot3_description/urdf/turtlebot3_waffle.urdf
[0.647s] -- Up-to-date: /home/fuad/Downloads/fuad_ws/install/turtlebot3_description/share/turtlebot3_description/urdf/turtlebot3_burger.urdf
[0.647s] -- Up-to-date: /home/fuad/Downloads/fuad_ws/install/turtlebot3_description/share/ament_index/resource_index/package_run_dependencies/turtlebot3_description
[0.647s] -- Up-to-date: /home/fuad/Downloads/fuad_ws/install/turtlebot3_description/share/ament_index/resource_index/parent_prefix_path/turtlebot3_description
[0.647s] -- Up-to-date: /home/fuad/Downloads/fuad_ws/install/turtlebot3_description/share/turtlebot3_description/environment/ament_prefix_path.sh
[0.647s] -- Up-to-date: /home/fuad/Downloads/fuad_ws/install/turtlebot3_description/share/turtlebot3_description/environment/ament_prefix_path.dsv
[0.647s] -- Up-to-date: /home/fuad/Downloads/fuad_ws/install/turtlebot3_description/share/turtlebot3_description/environment/path.sh
[0.647s] -- Up-to-date: /home/fuad/Downloads/fuad_ws/install/turtlebot3_description/share/turtlebot3_description/environment/path.dsv
[0.648s] -- Up-to-date: /home/fuad/Downloads/fuad_ws/install/turtlebot3_description/share/turtlebot3_description/local_setup.bash
[0.648s] -- Up-to-date: /home/fuad/Downloads/fuad_ws/install/turtlebot3_description/share/turtlebot3_description/local_setup.sh
[0.649s] -- Up-to-date: /home/fuad/Downloads/fuad_ws/install/turtlebot3_description/share/turtlebot3_description/local_setup.zsh
[0.649s] -- Up-to-date: /home/fuad/Downloads/fuad_ws/install/turtlebot3_description/share/turtlebot3_description/local_setup.dsv
[0.649s] -- Installing: /home/fuad/Downloads/fuad_ws/install/turtlebot3_description/share/turtlebot3_description/package.dsv
[0.649s] -- Up-to-date: /home/fuad/Downloads/fuad_ws/install/turtlebot3_description/share/ament_index/resource_index/packages/turtlebot3_description
[0.649s] -- Up-to-date: /home/fuad/Downloads/fuad_ws/install/turtlebot3_description/share/turtlebot3_description/cmake/turtlebot3_descriptionConfig.cmake
[0.649s] -- Up-to-date: /home/fuad/Downloads/fuad_ws/install/turtlebot3_description/share/turtlebot3_description/cmake/turtlebot3_descriptionConfig-version.cmake
[0.649s] -- Up-to-date: /home/fuad/Downloads/fuad_ws/install/turtlebot3_description/share/turtlebot3_description/package.xml
[0.650s] Invoked command in '/home/fuad/Downloads/fuad_ws/build/turtlebot3_description' returned '0': CMAKE_PREFIX_PATH=${CMAKE_PREFIX_PATH}:/home/fuad/Downloads/fuad_ws/install/integration_pkg:/opt/ros/jazzy DEBUGINFOD_URLS=https://debuginfod.ubuntu.com /usr/bin/cmake --install /home/fuad/Downloads/fuad_ws/build/turtlebot3_description
