running develop
Removing /home/fuad/Downloads/fuad_ws/install/integration_pkg/lib/python3.12/site-packages/integration-pkg.egg-link (link to .)
running egg_info
writing ../../build/integration_pkg/integration_pkg.egg-info/PKG-INFO
writing dependency_links to ../../build/integration_pkg/integration_pkg.egg-info/dependency_links.txt
writing entry points to ../../build/integration_pkg/integration_pkg.egg-info/entry_points.txt
writing requirements to ../../build/integration_pkg/integration_pkg.egg-info/requires.txt
writing top-level names to ../../build/integration_pkg/integration_pkg.egg-info/top_level.txt
reading manifest file '../../build/integration_pkg/integration_pkg.egg-info/SOURCES.txt'
writing manifest file '../../build/integration_pkg/integration_pkg.egg-info/SOURCES.txt'
running build
running build_py
copying integration_pkg/battery_sim_node.py -> /home/fuad/Downloads/fuad_ws/build/integration_pkg/build/lib/integration_pkg
copying integration_pkg/teleop_bridge.py -> /home/fuad/Downloads/fuad_ws/build/integration_pkg/build/lib/integration_pkg
copying integration_pkg/selector_node.py -> /home/fuad/Downloads/fuad_ws/build/integration_pkg/build/lib/integration_pkg
copying integration_pkg/dashboard_node.py -> /home/fuad/Downloads/fuad_ws/build/integration_pkg/build/lib/integration_pkg
copying integration_pkg/voice_node.py -> /home/fuad/Downloads/fuad_ws/build/integration_pkg/build/lib/integration_pkg
copying integration_pkg/follow_node.py -> /home/fuad/Downloads/fuad_ws/build/integration_pkg/build/lib/integration_pkg
copying integration_pkg/__init__.py -> /home/fuad/Downloads/fuad_ws/build/integration_pkg/build/lib/integration_pkg
running install
running install_lib
creating /home/fuad/Downloads/fuad_ws/install/integration_pkg/lib/python3.12/site-packages/integration_pkg
copying /home/fuad/Downloads/fuad_ws/build/integration_pkg/build/lib/integration_pkg/battery_sim_node.py -> /home/fuad/Downloads/fuad_ws/install/integration_pkg/lib/python3.12/site-packages/integration_pkg
copying /home/fuad/Downloads/fuad_ws/build/integration_pkg/build/lib/integration_pkg/teleop_bridge.py -> /home/fuad/Downloads/fuad_ws/install/integration_pkg/lib/python3.12/site-packages/integration_pkg
copying /home/fuad/Downloads/fuad_ws/build/integration_pkg/build/lib/integration_pkg/selector_node.py -> /home/fuad/Downloads/fuad_ws/install/integration_pkg/lib/python3.12/site-packages/integration_pkg
copying /home/fuad/Downloads/fuad_ws/build/integration_pkg/build/lib/integration_pkg/dashboard_node.py -> /home/fuad/Downloads/fuad_ws/install/integration_pkg/lib/python3.12/site-packages/integration_pkg
copying /home/fuad/Downloads/fuad_ws/build/integration_pkg/build/lib/integration_pkg/voice_node.py -> /home/fuad/Downloads/fuad_ws/install/integration_pkg/lib/python3.12/site-packages/integration_pkg
copying /home/fuad/Downloads/fuad_ws/build/integration_pkg/build/lib/integration_pkg/follow_node.py -> /home/fuad/Downloads/fuad_ws/install/integration_pkg/lib/python3.12/site-packages/integration_pkg
copying /home/fuad/Downloads/fuad_ws/build/integration_pkg/build/lib/integration_pkg/__init__.py -> /home/fuad/Downloads/fuad_ws/install/integration_pkg/lib/python3.12/site-packages/integration_pkg
byte-compiling /home/fuad/Downloads/fuad_ws/install/integration_pkg/lib/python3.12/site-packages/integration_pkg/battery_sim_node.py to battery_sim_node.cpython-312.pyc
byte-compiling /home/fuad/Downloads/fuad_ws/install/integration_pkg/lib/python3.12/site-packages/integration_pkg/teleop_bridge.py to teleop_bridge.cpython-312.pyc
byte-compiling /home/fuad/Downloads/fuad_ws/install/integration_pkg/lib/python3.12/site-packages/integration_pkg/selector_node.py to selector_node.cpython-312.pyc
byte-compiling /home/fuad/Downloads/fuad_ws/install/integration_pkg/lib/python3.12/site-packages/integration_pkg/dashboard_node.py to dashboard_node.cpython-312.pyc
byte-compiling /home/fuad/Downloads/fuad_ws/install/integration_pkg/lib/python3.12/site-packages/integration_pkg/voice_node.py to voice_node.cpython-312.pyc
byte-compiling /home/fuad/Downloads/fuad_ws/install/integration_pkg/lib/python3.12/site-packages/integration_pkg/follow_node.py to follow_node.cpython-312.pyc
byte-compiling /home/fuad/Downloads/fuad_ws/install/integration_pkg/lib/python3.12/site-packages/integration_pkg/__init__.py to __init__.cpython-312.pyc
running install_data
copying resource/integration_pkg -> /home/fuad/Downloads/fuad_ws/install/integration_pkg/share/ament_index/resource_index/packages
copying launch/all.launch.py -> /home/fuad/Downloads/fuad_ws/install/integration_pkg/share/integration_pkg/launch
copying config/params.yaml -> /home/fuad/Downloads/fuad_ws/install/integration_pkg/share/integration_pkg/config
running install_egg_info
Copying ../../build/integration_pkg/integration_pkg.egg-info to /home/fuad/Downloads/fuad_ws/install/integration_pkg/lib/python3.12/site-packages/integration_pkg-0.0.1-py3.12.egg-info
running install_scripts
Installing battery_sim script to /home/fuad/Downloads/fuad_ws/install/integration_pkg/lib/integration_pkg
Installing dashboard_node script to /home/fuad/Downloads/fuad_ws/install/integration_pkg/lib/integration_pkg
Installing follow_node script to /home/fuad/Downloads/fuad_ws/install/integration_pkg/lib/integration_pkg
Installing selector_node script to /home/fuad/Downloads/fuad_ws/install/integration_pkg/lib/integration_pkg
Installing teleop_bridge script to /home/fuad/Downloads/fuad_ws/install/integration_pkg/lib/integration_pkg
Installing voice_node script to /home/fuad/Downloads/fuad_ws/install/integration_pkg/lib/integration_pkg
writing list of installed files to '/home/fuad/Downloads/fuad_ws/build/integration_pkg/install.log'
