[1.049s] Invoking command in '/home/fuad/Downloads/fuad_ws/build/integration_pkg': DEBUGINFOD_URLS=https://debuginfod.ubuntu.com PS1=(.venv) \[\e]0;\u@\h: \w\a\]${debian_chroot:+($debian_chroot)}\[\033[01;32m\]\u@\h\[\033[00m\]:\[\033[01;34m\]\w\[\033[00m\]\$ PYTHONPATH=/home/fuad/Downloads/fuad_ws/build/integration_pkg/prefix_override:/home/fuad/Downloads/fuad_ws/.venv/lib/python3.12/site-packages/colcon_core/task/python/colcon_distutils_commands:/home/fuad/Downloads/fuad_ws/install/integration_pkg/lib/python3.12/site-packages:${PYTHONPATH} VIRTUAL_ENV_PROMPT=(.venv) /home/fuad/Downloads/fuad_ws/.venv/bin/python3 -W ignore:setup.py install is deprecated -W ignore:easy_install command is deprecated setup.py develop --uninstall --editable --build-directory /home/fuad/Downloads/fuad_ws/build/integration_pkg/build
[1.200s] /home/fuad/Downloads/fuad_ws/.venv/lib/python3.12/site-packages/setuptools/_distutils/dist.py:289: UserWarning: Unknown distribution option: 'tests_require'
[1.201s]   warnings.warn(msg)
[1.296s] running develop
[1.430s] Removing /home/fuad/Downloads/fuad_ws/install/integration_pkg/lib/python3.12/site-packages/integration-pkg.egg-link (link to .)
[1.480s] Invoked command in '/home/fuad/Downloads/fuad_ws/build/integration_pkg' returned '0': DEBUGINFOD_URLS=https://debuginfod.ubuntu.com PS1=(.venv) \[\e]0;\u@\h: \w\a\]${debian_chroot:+($debian_chroot)}\[\033[01;32m\]\u@\h\[\033[00m\]:\[\033[01;34m\]\w\[\033[00m\]\$ PYTHONPATH=/home/fuad/Downloads/fuad_ws/build/integration_pkg/prefix_override:/home/fuad/Downloads/fuad_ws/.venv/lib/python3.12/site-packages/colcon_core/task/python/colcon_distutils_commands:/home/fuad/Downloads/fuad_ws/install/integration_pkg/lib/python3.12/site-packages:${PYTHONPATH} VIRTUAL_ENV_PROMPT=(.venv) /home/fuad/Downloads/fuad_ws/.venv/bin/python3 -W ignore:setup.py install is deprecated -W ignore:easy_install command is deprecated setup.py develop --uninstall --editable --build-directory /home/fuad/Downloads/fuad_ws/build/integration_pkg/build
[1.482s] Invoking command in '/home/fuad/Downloads/fuad_ws/src/integration_pkg': DEBUGINFOD_URLS=https://debuginfod.ubuntu.com PS1=(.venv) \[\e]0;\u@\h: \w\a\]${debian_chroot:+($debian_chroot)}\[\033[01;32m\]\u@\h\[\033[00m\]:\[\033[01;34m\]\w\[\033[00m\]\$ PYTHONPATH=/home/fuad/Downloads/fuad_ws/build/integration_pkg/prefix_override:/home/fuad/Downloads/fuad_ws/.venv/lib/python3.12/site-packages/colcon_core/task/python/colcon_distutils_commands:/home/fuad/Downloads/fuad_ws/install/integration_pkg/lib/python3.12/site-packages:${PYTHONPATH} VIRTUAL_ENV_PROMPT=(.venv) /home/fuad/Downloads/fuad_ws/.venv/bin/python3 -W ignore:setup.py install is deprecated -W ignore:easy_install command is deprecated setup.py egg_info --egg-base ../../build/integration_pkg build --build-base /home/fuad/Downloads/fuad_ws/build/integration_pkg/build install --record /home/fuad/Downloads/fuad_ws/build/integration_pkg/install.log --install-scripts $base/lib/integration_pkg --single-version-externally-managed install_data --force
[1.643s] /home/fuad/Downloads/fuad_ws/.venv/lib/python3.12/site-packages/setuptools/_distutils/dist.py:289: UserWarning: Unknown distribution option: 'tests_require'
[1.644s]   warnings.warn(msg)
[1.736s] running egg_info
[1.751s] writing ../../build/integration_pkg/integration_pkg.egg-info/PKG-INFO
[1.751s] writing dependency_links to ../../build/integration_pkg/integration_pkg.egg-info/dependency_links.txt
[1.751s] writing entry points to ../../build/integration_pkg/integration_pkg.egg-info/entry_points.txt
[1.752s] writing requirements to ../../build/integration_pkg/integration_pkg.egg-info/requires.txt
[1.752s] writing top-level names to ../../build/integration_pkg/integration_pkg.egg-info/top_level.txt
[1.784s] reading manifest file '../../build/integration_pkg/integration_pkg.egg-info/SOURCES.txt'
[1.785s] writing manifest file '../../build/integration_pkg/integration_pkg.egg-info/SOURCES.txt'
[1.785s] running build
[1.786s] running build_py
[1.786s] copying integration_pkg/battery_sim_node.py -> /home/fuad/Downloads/fuad_ws/build/integration_pkg/build/lib/integration_pkg
[1.786s] copying integration_pkg/teleop_bridge.py -> /home/fuad/Downloads/fuad_ws/build/integration_pkg/build/lib/integration_pkg
[1.786s] copying integration_pkg/selector_node.py -> /home/fuad/Downloads/fuad_ws/build/integration_pkg/build/lib/integration_pkg
[1.787s] copying integration_pkg/dashboard_node.py -> /home/fuad/Downloads/fuad_ws/build/integration_pkg/build/lib/integration_pkg
[1.787s] copying integration_pkg/voice_node.py -> /home/fuad/Downloads/fuad_ws/build/integration_pkg/build/lib/integration_pkg
[1.787s] copying integration_pkg/follow_node.py -> /home/fuad/Downloads/fuad_ws/build/integration_pkg/build/lib/integration_pkg
[1.787s] copying integration_pkg/__init__.py -> /home/fuad/Downloads/fuad_ws/build/integration_pkg/build/lib/integration_pkg
[1.788s] running install
[1.792s] running install_lib
[1.807s] creating /home/fuad/Downloads/fuad_ws/install/integration_pkg/lib/python3.12/site-packages/integration_pkg
[1.807s] copying /home/fuad/Downloads/fuad_ws/build/integration_pkg/build/lib/integration_pkg/battery_sim_node.py -> /home/fuad/Downloads/fuad_ws/install/integration_pkg/lib/python3.12/site-packages/integration_pkg
[1.807s] copying /home/fuad/Downloads/fuad_ws/build/integration_pkg/build/lib/integration_pkg/teleop_bridge.py -> /home/fuad/Downloads/fuad_ws/install/integration_pkg/lib/python3.12/site-packages/integration_pkg
[1.808s] copying /home/fuad/Downloads/fuad_ws/build/integration_pkg/build/lib/integration_pkg/selector_node.py -> /home/fuad/Downloads/fuad_ws/install/integration_pkg/lib/python3.12/site-packages/integration_pkg
[1.808s] copying /home/fuad/Downloads/fuad_ws/build/integration_pkg/build/lib/integration_pkg/dashboard_node.py -> /home/fuad/Downloads/fuad_ws/install/integration_pkg/lib/python3.12/site-packages/integration_pkg
[1.808s] copying /home/fuad/Downloads/fuad_ws/build/integration_pkg/build/lib/integration_pkg/voice_node.py -> /home/fuad/Downloads/fuad_ws/install/integration_pkg/lib/python3.12/site-packages/integration_pkg
[1.808s] copying /home/fuad/Downloads/fuad_ws/build/integration_pkg/build/lib/integration_pkg/follow_node.py -> /home/fuad/Downloads/fuad_ws/install/integration_pkg/lib/python3.12/site-packages/integration_pkg
[1.808s] copying /home/fuad/Downloads/fuad_ws/build/integration_pkg/build/lib/integration_pkg/__init__.py -> /home/fuad/Downloads/fuad_ws/install/integration_pkg/lib/python3.12/site-packages/integration_pkg
[1.809s] byte-compiling /home/fuad/Downloads/fuad_ws/install/integration_pkg/lib/python3.12/site-packages/integration_pkg/battery_sim_node.py to battery_sim_node.cpython-312.pyc
[1.809s] byte-compiling /home/fuad/Downloads/fuad_ws/install/integration_pkg/lib/python3.12/site-packages/integration_pkg/teleop_bridge.py to teleop_bridge.cpython-312.pyc
[1.810s] byte-compiling /home/fuad/Downloads/fuad_ws/install/integration_pkg/lib/python3.12/site-packages/integration_pkg/selector_node.py to selector_node.cpython-312.pyc
[1.811s] byte-compiling /home/fuad/Downloads/fuad_ws/install/integration_pkg/lib/python3.12/site-packages/integration_pkg/dashboard_node.py to dashboard_node.cpython-312.pyc
[1.815s] byte-compiling /home/fuad/Downloads/fuad_ws/install/integration_pkg/lib/python3.12/site-packages/integration_pkg/voice_node.py to voice_node.cpython-312.pyc
[1.816s] byte-compiling /home/fuad/Downloads/fuad_ws/install/integration_pkg/lib/python3.12/site-packages/integration_pkg/follow_node.py to follow_node.cpython-312.pyc
[1.817s] byte-compiling /home/fuad/Downloads/fuad_ws/install/integration_pkg/lib/python3.12/site-packages/integration_pkg/__init__.py to __init__.cpython-312.pyc
[1.817s] running install_data
[1.817s] copying resource/integration_pkg -> /home/fuad/Downloads/fuad_ws/install/integration_pkg/share/ament_index/resource_index/packages
[1.818s] copying launch/all.launch.py -> /home/fuad/Downloads/fuad_ws/install/integration_pkg/share/integration_pkg/launch
[1.818s] copying config/params.yaml -> /home/fuad/Downloads/fuad_ws/install/integration_pkg/share/integration_pkg/config
[1.818s] running install_egg_info
[1.833s] Copying ../../build/integration_pkg/integration_pkg.egg-info to /home/fuad/Downloads/fuad_ws/install/integration_pkg/lib/python3.12/site-packages/integration_pkg-0.0.1-py3.12.egg-info
[1.834s] running install_scripts
[1.917s] Installing battery_sim script to /home/fuad/Downloads/fuad_ws/install/integration_pkg/lib/integration_pkg
[1.918s] Installing dashboard_node script to /home/fuad/Downloads/fuad_ws/install/integration_pkg/lib/integration_pkg
[1.918s] Installing follow_node script to /home/fuad/Downloads/fuad_ws/install/integration_pkg/lib/integration_pkg
[1.919s] Installing selector_node script to /home/fuad/Downloads/fuad_ws/install/integration_pkg/lib/integration_pkg
[1.919s] Installing teleop_bridge script to /home/fuad/Downloads/fuad_ws/install/integration_pkg/lib/integration_pkg
[1.919s] Installing voice_node script to /home/fuad/Downloads/fuad_ws/install/integration_pkg/lib/integration_pkg
[1.919s] writing list of installed files to '/home/fuad/Downloads/fuad_ws/build/integration_pkg/install.log'
[1.999s] Invoked command in '/home/fuad/Downloads/fuad_ws/src/integration_pkg' returned '0': DEBUGINFOD_URLS=https://debuginfod.ubuntu.com PS1=(.venv) \[\e]0;\u@\h: \w\a\]${debian_chroot:+($debian_chroot)}\[\033[01;32m\]\u@\h\[\033[00m\]:\[\033[01;34m\]\w\[\033[00m\]\$ PYTHONPATH=/home/fuad/Downloads/fuad_ws/build/integration_pkg/prefix_override:/home/fuad/Downloads/fuad_ws/.venv/lib/python3.12/site-packages/colcon_core/task/python/colcon_distutils_commands:/home/fuad/Downloads/fuad_ws/install/integration_pkg/lib/python3.12/site-packages:${PYTHONPATH} VIRTUAL_ENV_PROMPT=(.venv) /home/fuad/Downloads/fuad_ws/.venv/bin/python3 -W ignore:setup.py install is deprecated -W ignore:easy_install command is deprecated setup.py egg_info --egg-base ../../build/integration_pkg build --build-base /home/fuad/Downloads/fuad_ws/build/integration_pkg/build install --record /home/fuad/Downloads/fuad_ws/build/integration_pkg/install.log --install-scripts $base/lib/integration_pkg --single-version-externally-managed install_data --force
