[1.494s] Invoking command in '/home/fuad/Downloads/fuad_ws/src/integration_pkg': DEBUGINFOD_URLS=https://debuginfod.ubuntu.com PS1=(.venv) \[\e]0;\u@\h: \w\a\]${debian_chroot:+($debian_chroot)}\[\033[01;32m\]\u@\h\[\033[00m\]:\[\033[01;34m\]\w\[\033[00m\]\$ PYTHONPATH=/home/fuad/Downloads/fuad_ws/build/integration_pkg/prefix_override:/usr/lib/python3/dist-packages/colcon_core/task/python/colcon_distutils_commands:/home/fuad/Downloads/fuad_ws/install/integration_pkg/lib/python3.12/site-packages:${PYTHONPATH} VIRTUAL_ENV_PROMPT=(.venv) /usr/bin/python3 -W ignore:setup.py install is deprecated -W ignore:easy_install command is deprecated setup.py egg_info --egg-base ../../build/integration_pkg build --build-base /home/fuad/Downloads/fuad_ws/build/integration_pkg/build install --record /home/fuad/Downloads/fuad_ws/build/integration_pkg/install.log --install-scripts $base/lib/integration_pkg --single-version-externally-managed install_data
[1.861s] running egg_info
[1.861s] creating ../../build/integration_pkg/integration_pkg.egg-info
[1.890s] writing ../../build/integration_pkg/integration_pkg.egg-info/PKG-INFO
[1.890s] writing dependency_links to ../../build/integration_pkg/integration_pkg.egg-info/dependency_links.txt
[1.890s] writing entry points to ../../build/integration_pkg/integration_pkg.egg-info/entry_points.txt
[1.890s] writing requirements to ../../build/integration_pkg/integration_pkg.egg-info/requires.txt
[1.891s] writing top-level names to ../../build/integration_pkg/integration_pkg.egg-info/top_level.txt
[1.891s] writing manifest file '../../build/integration_pkg/integration_pkg.egg-info/SOURCES.txt'
[1.949s] reading manifest file '../../build/integration_pkg/integration_pkg.egg-info/SOURCES.txt'
[1.950s] writing manifest file '../../build/integration_pkg/integration_pkg.egg-info/SOURCES.txt'
[1.951s] running build
[1.951s] running build_py
[1.951s] creating /home/fuad/Downloads/fuad_ws/build/integration_pkg/build
[1.951s] creating /home/fuad/Downloads/fuad_ws/build/integration_pkg/build/lib
[1.952s] creating /home/fuad/Downloads/fuad_ws/build/integration_pkg/build/lib/integration_pkg
[1.952s] copying integration_pkg/teleop_bridge.py -> /home/fuad/Downloads/fuad_ws/build/integration_pkg/build/lib/integration_pkg
[1.952s] copying integration_pkg/selector_node.py -> /home/fuad/Downloads/fuad_ws/build/integration_pkg/build/lib/integration_pkg
[1.952s] copying integration_pkg/dashboard_node.py -> /home/fuad/Downloads/fuad_ws/build/integration_pkg/build/lib/integration_pkg
[1.952s] copying integration_pkg/voice_node.py -> /home/fuad/Downloads/fuad_ws/build/integration_pkg/build/lib/integration_pkg
[1.953s] copying integration_pkg/follow_node.py -> /home/fuad/Downloads/fuad_ws/build/integration_pkg/build/lib/integration_pkg
[1.953s] copying integration_pkg/__init__.py -> /home/fuad/Downloads/fuad_ws/build/integration_pkg/build/lib/integration_pkg
[1.953s] running install
[1.960s] running install_lib
[1.988s] creating /home/fuad/Downloads/fuad_ws/install/integration_pkg/lib/python3.12/site-packages/integration_pkg
[1.988s] copying /home/fuad/Downloads/fuad_ws/build/integration_pkg/build/lib/integration_pkg/teleop_bridge.py -> /home/fuad/Downloads/fuad_ws/install/integration_pkg/lib/python3.12/site-packages/integration_pkg
[1.989s] copying /home/fuad/Downloads/fuad_ws/build/integration_pkg/build/lib/integration_pkg/selector_node.py -> /home/fuad/Downloads/fuad_ws/install/integration_pkg/lib/python3.12/site-packages/integration_pkg
[1.989s] copying /home/fuad/Downloads/fuad_ws/build/integration_pkg/build/lib/integration_pkg/dashboard_node.py -> /home/fuad/Downloads/fuad_ws/install/integration_pkg/lib/python3.12/site-packages/integration_pkg
[1.989s] copying /home/fuad/Downloads/fuad_ws/build/integration_pkg/build/lib/integration_pkg/voice_node.py -> /home/fuad/Downloads/fuad_ws/install/integration_pkg/lib/python3.12/site-packages/integration_pkg
[1.989s] copying /home/fuad/Downloads/fuad_ws/build/integration_pkg/build/lib/integration_pkg/follow_node.py -> /home/fuad/Downloads/fuad_ws/install/integration_pkg/lib/python3.12/site-packages/integration_pkg
[1.989s] copying /home/fuad/Downloads/fuad_ws/build/integration_pkg/build/lib/integration_pkg/__init__.py -> /home/fuad/Downloads/fuad_ws/install/integration_pkg/lib/python3.12/site-packages/integration_pkg
[1.990s] byte-compiling /home/fuad/Downloads/fuad_ws/install/integration_pkg/lib/python3.12/site-packages/integration_pkg/teleop_bridge.py to teleop_bridge.cpython-312.pyc
[1.991s]   File "/home/fuad/Downloads/fuad_ws/install/integration_pkg/lib/python3.12/site-packages/integration_pkg/teleop_bridge.py", line 61
[1.991s]     "TeleopBridge: no TTY detected (running from launch file?).\n"
[1.991s]     ^^^^^^^^^^^^^^^^^^^^
[1.991s] SyntaxError: invalid syntax. Perhaps you forgot a comma?
[1.991s] 
[1.991s] byte-compiling /home/fuad/Downloads/fuad_ws/install/integration_pkg/lib/python3.12/site-packages/integration_pkg/selector_node.py to selector_node.cpython-312.pyc
[1.992s] byte-compiling /home/fuad/Downloads/fuad_ws/install/integration_pkg/lib/python3.12/site-packages/integration_pkg/dashboard_node.py to dashboard_node.cpython-312.pyc
[1.994s] byte-compiling /home/fuad/Downloads/fuad_ws/install/integration_pkg/lib/python3.12/site-packages/integration_pkg/voice_node.py to voice_node.cpython-312.pyc
[1.995s] byte-compiling /home/fuad/Downloads/fuad_ws/install/integration_pkg/lib/python3.12/site-packages/integration_pkg/follow_node.py to follow_node.cpython-312.pyc
[1.996s] byte-compiling /home/fuad/Downloads/fuad_ws/install/integration_pkg/lib/python3.12/site-packages/integration_pkg/__init__.py to __init__.cpython-312.pyc
[1.997s] running install_data
[1.997s] creating /home/fuad/Downloads/fuad_ws/install/integration_pkg/share/ament_index
[1.998s] creating /home/fuad/Downloads/fuad_ws/install/integration_pkg/share/ament_index/resource_index
[1.998s] creating /home/fuad/Downloads/fuad_ws/install/integration_pkg/share/ament_index/resource_index/packages
[1.998s] copying resource/integration_pkg -> /home/fuad/Downloads/fuad_ws/install/integration_pkg/share/ament_index/resource_index/packages
[1.998s] creating /home/fuad/Downloads/fuad_ws/install/integration_pkg/share/integration_pkg/launch
[1.998s] copying launch/all.launch.py -> /home/fuad/Downloads/fuad_ws/install/integration_pkg/share/integration_pkg/launch
[1.999s] creating /home/fuad/Downloads/fuad_ws/install/integration_pkg/share/integration_pkg/config
[1.999s] copying config/params.yaml -> /home/fuad/Downloads/fuad_ws/install/integration_pkg/share/integration_pkg/config
[1.999s] running install_egg_info
[2.031s] Copying ../../build/integration_pkg/integration_pkg.egg-info to /home/fuad/Downloads/fuad_ws/install/integration_pkg/lib/python3.12/site-packages/integration_pkg-0.0.1-py3.12.egg-info
[2.032s] running install_scripts
[2.216s] Installing dashboard_node script to /home/fuad/Downloads/fuad_ws/install/integration_pkg/lib/integration_pkg
[2.216s] Installing follow_node script to /home/fuad/Downloads/fuad_ws/install/integration_pkg/lib/integration_pkg
[2.217s] Installing selector_node script to /home/fuad/Downloads/fuad_ws/install/integration_pkg/lib/integration_pkg
[2.217s] Installing teleop_bridge script to /home/fuad/Downloads/fuad_ws/install/integration_pkg/lib/integration_pkg
[2.217s] Installing voice_node script to /home/fuad/Downloads/fuad_ws/install/integration_pkg/lib/integration_pkg
[2.217s] writing list of installed files to '/home/fuad/Downloads/fuad_ws/build/integration_pkg/install.log'
[2.293s] Invoked command in '/home/fuad/Downloads/fuad_ws/src/integration_pkg' returned '0': DEBUGINFOD_URLS=https://debuginfod.ubuntu.com PS1=(.venv) \[\e]0;\u@\h: \w\a\]${debian_chroot:+($debian_chroot)}\[\033[01;32m\]\u@\h\[\033[00m\]:\[\033[01;34m\]\w\[\033[00m\]\$ PYTHONPATH=/home/fuad/Downloads/fuad_ws/build/integration_pkg/prefix_override:/usr/lib/python3/dist-packages/colcon_core/task/python/colcon_distutils_commands:/home/fuad/Downloads/fuad_ws/install/integration_pkg/lib/python3.12/site-packages:${PYTHONPATH} VIRTUAL_ENV_PROMPT=(.venv) /usr/bin/python3 -W ignore:setup.py install is deprecated -W ignore:easy_install command is deprecated setup.py egg_info --egg-base ../../build/integration_pkg build --build-base /home/fuad/Downloads/fuad_ws/build/integration_pkg/build install --record /home/fuad/Downloads/fuad_ws/build/integration_pkg/install.log --install-scripts $base/lib/integration_pkg --single-version-externally-managed install_data
