running egg_info
writing ../../build/quadcopter_gazebo/quadcopter_gazebo.egg-info/PKG-INFO
writing dependency_links to ../../build/quadcopter_gazebo/quadcopter_gazebo.egg-info/dependency_links.txt
writing entry points to ../../build/quadcopter_gazebo/quadcopter_gazebo.egg-info/entry_points.txt
writing requirements to ../../build/quadcopter_gazebo/quadcopter_gazebo.egg-info/requires.txt
writing top-level names to ../../build/quadcopter_gazebo/quadcopter_gazebo.egg-info/top_level.txt
reading manifest file '../../build/quadcopter_gazebo/quadcopter_gazebo.egg-info/SOURCES.txt'
writing manifest file '../../build/quadcopter_gazebo/quadcopter_gazebo.egg-info/SOURCES.txt'
running build
running build_py
running install
running install_lib
running install_data
running install_egg_info
removing '/home/fuad/Downloads/fuad_ws/install/quadcopter_gazebo/lib/python3.12/site-packages/quadcopter_gazebo-0.0.1-py3.12.egg-info' (and everything under it)
Copying ../../build/quadcopter_gazebo/quadcopter_gazebo.egg-info to /home/fuad/Downloads/fuad_ws/install/quadcopter_gazebo/lib/python3.12/site-packages/quadcopter_gazebo-0.0.1-py3.12.egg-info
running install_scripts
Installing motor_mixer script to /home/fuad/Downloads/fuad_ws/install/quadcopter_gazebo/lib/quadcopter_gazebo
Installing teleop_to_motor script to /home/fuad/Downloads/fuad_ws/install/quadcopter_gazebo/lib/quadcopter_gazebo
writing list of installed files to '/home/fuad/Downloads/fuad_ws/build/quadcopter_gazebo/install.log'
