[1.384s] Invoking command in '/home/fuad/Downloads/fuad_ws/src/integration_pkg': DEBUGINFOD_URLS=https://debuginfod.ubuntu.com PS1=(.venv) \[\e]0;\u@\h: \w\a\]${debian_chroot:+($debian_chroot)}\[\033[01;32m\]\u@\h\[\033[00m\]:\[\033[01;34m\]\w\[\033[00m\]\$ PYTHONPATH=/home/fuad/Downloads/fuad_ws/build/integration_pkg/prefix_override:/usr/lib/python3/dist-packages/colcon_core/task/python/colcon_distutils_commands:/home/fuad/Downloads/fuad_ws/install/integration_pkg/lib/python3.12/site-packages:${PYTHONPATH} VIRTUAL_ENV_PROMPT=(.venv) /usr/bin/python3 -W ignore:setup.py install is deprecated -W ignore:easy_install command is deprecated setup.py egg_info --egg-base ../../build/integration_pkg build --build-base /home/fuad/Downloads/fuad_ws/build/integration_pkg/build install --record /home/fuad/Downloads/fuad_ws/build/integration_pkg/install.log --install-scripts $base/lib/integration_pkg --single-version-externally-managed install_data
[1.731s] running egg_info
[1.759s] writing ../../build/integration_pkg/integration_pkg.egg-info/PKG-INFO
[1.759s] writing dependency_links to ../../build/integration_pkg/integration_pkg.egg-info/dependency_links.txt
[1.759s] writing entry points to ../../build/integration_pkg/integration_pkg.egg-info/entry_points.txt
[1.760s] writing requirements to ../../build/integration_pkg/integration_pkg.egg-info/requires.txt
[1.760s] writing top-level names to ../../build/integration_pkg/integration_pkg.egg-info/top_level.txt
[1.815s] reading manifest file '../../build/integration_pkg/integration_pkg.egg-info/SOURCES.txt'
[1.816s] writing manifest file '../../build/integration_pkg/integration_pkg.egg-info/SOURCES.txt'
[1.816s] running build
[1.816s] running build_py
[1.816s] running install
[1.823s] running install_lib
[1.851s] byte-compiling /home/fuad/Downloads/fuad_ws/install/integration_pkg/lib/python3.12/site-packages/integration_pkg/teleop_bridge.py to teleop_bridge.cpython-312.pyc
[1.852s]   File "/home/fuad/Downloads/fuad_ws/install/integration_pkg/lib/python3.12/site-packages/integration_pkg/teleop_bridge.py", line 61
[1.852s]     "TeleopBridge: no TTY detected (running from launch file?).\n"
[1.852s]     ^^^^^^^^^^^^^^^^^^^^
[1.852s] SyntaxError: invalid syntax. Perhaps you forgot a comma?
[1.853s] 
[1.853s] running install_data
[1.853s] running install_egg_info
[1.881s] removing '/home/fuad/Downloads/fuad_ws/install/integration_pkg/lib/python3.12/site-packages/integration_pkg-0.0.1-py3.12.egg-info' (and everything under it)
[1.882s] Copying ../../build/integration_pkg/integration_pkg.egg-info to /home/fuad/Downloads/fuad_ws/install/integration_pkg/lib/python3.12/site-packages/integration_pkg-0.0.1-py3.12.egg-info
[1.883s] running install_scripts
[2.071s] Installing dashboard_node script to /home/fuad/Downloads/fuad_ws/install/integration_pkg/lib/integration_pkg
[2.072s] Installing follow_node script to /home/fuad/Downloads/fuad_ws/install/integration_pkg/lib/integration_pkg
[2.073s] Installing selector_node script to /home/fuad/Downloads/fuad_ws/install/integration_pkg/lib/integration_pkg
[2.073s] Installing teleop_bridge script to /home/fuad/Downloads/fuad_ws/install/integration_pkg/lib/integration_pkg
[2.073s] Installing voice_node script to /home/fuad/Downloads/fuad_ws/install/integration_pkg/lib/integration_pkg
[2.073s] writing list of installed files to '/home/fuad/Downloads/fuad_ws/build/integration_pkg/install.log'
[2.158s] Invoked command in '/home/fuad/Downloads/fuad_ws/src/integration_pkg' returned '0': DEBUGINFOD_URLS=https://debuginfod.ubuntu.com PS1=(.venv) \[\e]0;\u@\h: \w\a\]${debian_chroot:+($debian_chroot)}\[\033[01;32m\]\u@\h\[\033[00m\]:\[\033[01;34m\]\w\[\033[00m\]\$ PYTHONPATH=/home/fuad/Downloads/fuad_ws/build/integration_pkg/prefix_override:/usr/lib/python3/dist-packages/colcon_core/task/python/colcon_distutils_commands:/home/fuad/Downloads/fuad_ws/install/integration_pkg/lib/python3.12/site-packages:${PYTHONPATH} VIRTUAL_ENV_PROMPT=(.venv) /usr/bin/python3 -W ignore:setup.py install is deprecated -W ignore:easy_install command is deprecated setup.py egg_info --egg-base ../../build/integration_pkg build --build-base /home/fuad/Downloads/fuad_ws/build/integration_pkg/build install --record /home/fuad/Downloads/fuad_ws/build/integration_pkg/install.log --install-scripts $base/lib/integration_pkg --single-version-externally-managed install_data
