[0.039s] Invoking command in '/home/fuad/Downloads/fuad_ws/build/turtlebot3_description': CMAKE_PREFIX_PATH=${CMAKE_PREFIX_PATH}:/home/fuad/Downloads/fuad_ws/install/quadcopter_gazebo:/home/fuad/Downloads/fuad_ws/install/integration_pkg:/opt/ros/jazzy DEBUGINFOD_URLS=https://debuginfod.ubuntu.com PS1=(.venv) \[\e]0;\u@\h: \w\a\]${debian_chroot:+($debian_chroot)}\[\033[01;32m\]\u@\h\[\033[00m\]:\[\033[01;34m\]\w\[\033[00m\]\$ VIRTUAL_ENV_PROMPT=(.venv) /usr/bin/cmake --build /home/fuad/Downloads/fuad_ws/build/turtlebot3_description -- -j16 -l16
[0.547s] Invoked command in '/home/fuad/Downloads/fuad_ws/build/turtlebot3_description' returned '0': CMAKE_PREFIX_PATH=${CMAKE_PREFIX_PATH}:/home/fuad/Downloads/fuad_ws/install/quadcopter_gazebo:/home/fuad/Downloads/fuad_ws/install/integration_pkg:/opt/ros/jazzy DEBUGINFOD_URLS=https://debuginfod.ubuntu.com PS1=(.venv) \[\e]0;\u@\h: \w\a\]${debian_chroot:+($debian_chroot)}\[\033[01;32m\]\u@\h\[\033[00m\]:\[\033[01;34m\]\w\[\033[00m\]\$ VIRTUAL_ENV_PROMPT=(.venv) /usr/bin/cmake --build /home/fuad/Downloads/fuad_ws/build/turtlebot3_description -- -j16 -l16
[0.571s] Invoking command in '/home/fuad/Downloads/fuad_ws/build/turtlebot3_description': CMAKE_PREFIX_PATH=${CMAKE_PREFIX_PATH}:/home/fuad/Downloads/fuad_ws/install/quadcopter_gazebo:/home/fuad/Downloads/fuad_ws/install/integration_pkg:/opt/ros/jazzy DEBUGINFOD_URLS=https://debuginfod.ubuntu.com PS1=(.venv) \[\e]0;\u@\h: \w\a\]${debian_chroot:+($debian_chroot)}\[\033[01;32m\]\u@\h\[\033[00m\]:\[\033[01;34m\]\w\[\033[00m\]\$ VIRTUAL_ENV_PROMPT=(.venv) /usr/bin/cmake --install /home/fuad/Downloads/fuad_ws/build/turtlebot3_description
[0.584s] -- Install configuration: ""
[0.585s] -- Up-to-date: /home/fuad/Downloads/fuad_ws/install/turtlebot3_description/share/turtlebot3_description/meshes
[0.585s] -- Up-to-date: /home/fuad/Downloads/fuad_ws/install/turtlebot3_description/share/turtlebot3_description/meshes/bases
[0.586s] -- Up-to-date: /home/fuad/Downloads/fuad_ws/install/turtlebot3_description/share/turtlebot3_description/meshes/bases/waffle_pi_base.stl
[0.586s] -- Up-to-date: /home/fuad/Downloads/fuad_ws/install/turtlebot3_description/share/turtlebot3_description/meshes/bases/burger_base.stl
[0.586s] -- Up-to-date: /home/fuad/Downloads/fuad_ws/install/turtlebot3_description/share/turtlebot3_description/meshes/bases/waffle_base.stl
[0.587s] -- Up-to-date: /home/fuad/Downloads/fuad_ws/install/turtlebot3_description/share/turtlebot3_description/meshes/sensors
[0.587s] -- Up-to-date: /home/fuad/Downloads/fuad_ws/install/turtlebot3_description/share/turtlebot3_description/meshes/sensors/astra.dae
[0.587s] -- Up-to-date: /home/fuad/Downloads/fuad_ws/install/turtlebot3_description/share/turtlebot3_description/meshes/sensors/lds.stl
[0.588s] -- Up-to-date: /home/fuad/Downloads/fuad_ws/install/turtlebot3_description/share/turtlebot3_description/meshes/sensors/astra.jpg
[0.588s] -- Up-to-date: /home/fuad/Downloads/fuad_ws/install/turtlebot3_description/share/turtlebot3_description/meshes/sensors/r200.dae
[0.588s] -- Up-to-date: /home/fuad/Downloads/fuad_ws/install/turtlebot3_description/share/turtlebot3_description/meshes/sensors/r200.jpg
[0.588s] -- Up-to-date: /home/fuad/Downloads/fuad_ws/install/turtlebot3_description/share/turtlebot3_description/meshes/wheels
[0.589s] -- Up-to-date: /home/fuad/Downloads/fuad_ws/install/turtlebot3_description/share/turtlebot3_description/meshes/wheels/right_tire.stl
[0.589s] -- Up-to-date: /home/fuad/Downloads/fuad_ws/install/turtlebot3_description/share/turtlebot3_description/meshes/wheels/left_tire.stl
[0.589s] -- Up-to-date: /home/fuad/Downloads/fuad_ws/install/turtlebot3_description/share/turtlebot3_description/rviz
[0.589s] -- Up-to-date: /home/fuad/Downloads/fuad_ws/install/turtlebot3_description/share/turtlebot3_description/rviz/model.rviz
[0.590s] -- Up-to-date: /home/fuad/Downloads/fuad_ws/install/turtlebot3_description/share/turtlebot3_description/urdf
[0.590s] -- Up-to-date: /home/fuad/Downloads/fuad_ws/install/turtlebot3_description/share/turtlebot3_description/urdf/common_properties.urdf
[0.590s] -- Up-to-date: /home/fuad/Downloads/fuad_ws/install/turtlebot3_description/share/turtlebot3_description/urdf/turtlebot3_waffle_pi.urdf
[0.590s] -- Up-to-date: /home/fuad/Downloads/fuad_ws/install/turtlebot3_description/share/turtlebot3_description/urdf/turtlebot3_waffle.urdf
[0.590s] -- Up-to-date: /home/fuad/Downloads/fuad_ws/install/turtlebot3_description/share/turtlebot3_description/urdf/turtlebot3_burger.urdf
[0.591s] -- Up-to-date: /home/fuad/Downloads/fuad_ws/install/turtlebot3_description/share/ament_index/resource_index/package_run_dependencies/turtlebot3_description
[0.591s] -- Up-to-date: /home/fuad/Downloads/fuad_ws/install/turtlebot3_description/share/ament_index/resource_index/parent_prefix_path/turtlebot3_description
[0.591s] -- Up-to-date: /home/fuad/Downloads/fuad_ws/install/turtlebot3_description/share/turtlebot3_description/environment/ament_prefix_path.sh
[0.591s] -- Up-to-date: /home/fuad/Downloads/fuad_ws/install/turtlebot3_description/share/turtlebot3_description/environment/ament_prefix_path.dsv
[0.591s] -- Up-to-date: /home/fuad/Downloads/fuad_ws/install/turtlebot3_description/share/turtlebot3_description/environment/path.sh
[0.591s] -- Up-to-date: /home/fuad/Downloads/fuad_ws/install/turtlebot3_description/share/turtlebot3_description/environment/path.dsv
[0.591s] -- Up-to-date: /home/fuad/Downloads/fuad_ws/install/turtlebot3_description/share/turtlebot3_description/local_setup.bash
[0.592s] -- Up-to-date: /home/fuad/Downloads/fuad_ws/install/turtlebot3_description/share/turtlebot3_description/local_setup.sh
[0.592s] -- Up-to-date: /home/fuad/Downloads/fuad_ws/install/turtlebot3_description/share/turtlebot3_description/local_setup.zsh
[0.594s] -- Up-to-date: /home/fuad/Downloads/fuad_ws/install/turtlebot3_description/share/turtlebot3_description/local_setup.dsv
[0.594s] -- Installing: /home/fuad/Downloads/fuad_ws/install/turtlebot3_description/share/turtlebot3_description/package.dsv
[0.594s] -- Up-to-date: /home/fuad/Downloads/fuad_ws/install/turtlebot3_description/share/ament_index/resource_index/packages/turtlebot3_description
[0.594s] -- Up-to-date: /home/fuad/Downloads/fuad_ws/install/turtlebot3_description/share/turtlebot3_description/cmake/turtlebot3_descriptionConfig.cmake
[0.595s] -- Up-to-date: /home/fuad/Downloads/fuad_ws/install/turtlebot3_description/share/turtlebot3_description/cmake/turtlebot3_descriptionConfig-version.cmake
[0.595s] -- Up-to-date: /home/fuad/Downloads/fuad_ws/install/turtlebot3_description/share/turtlebot3_description/package.xml
[0.595s] Invoked command in '/home/fuad/Downloads/fuad_ws/build/turtlebot3_description' returned '0': CMAKE_PREFIX_PATH=${CMAKE_PREFIX_PATH}:/home/fuad/Downloads/fuad_ws/install/quadcopter_gazebo:/home/fuad/Downloads/fuad_ws/install/integration_pkg:/opt/ros/jazzy DEBUGINFOD_URLS=https://debuginfod.ubuntu.com PS1=(.venv) \[\e]0;\u@\h: \w\a\]${debian_chroot:+($debian_chroot)}\[\033[01;32m\]\u@\h\[\033[00m\]:\[\033[01;34m\]\w\[\033[00m\]\$ VIRTUAL_ENV_PROMPT=(.venv) /usr/bin/cmake --install /home/fuad/Downloads/fuad_ws/build/turtlebot3_description
