[0.014s] Invoking command in '/home/fuad/Downloads/fuad_ws/build/turtlebot3_bringup': CMAKE_PREFIX_PATH=/home/fuad/Downloads/fuad_ws/install/turtlebot3_description:/home/fuad/Downloads/fuad_ws/install/turtlebot3_gazebo:/home/fuad/Downloads/fuad_ws/install/turtlebot3_bringup:/opt/ros/jazzy/opt/gz_sim_vendor:/opt/ros/jazzy/opt/gz_sensors_vendor:/opt/ros/jazzy/opt/gz_physics_vendor:/opt/ros/jazzy/opt/sdformat_vendor:/opt/ros/jazzy/opt/gz_gui_vendor:/opt/ros/jazzy/opt/gz_transport_vendor:/opt/ros/jazzy/opt/gz_rendering_vendor:/opt/ros/jazzy/opt/gz_plugin_vendor:/opt/ros/jazzy/opt/gz_fuel_tools_vendor:/opt/ros/jazzy/opt/gz_msgs_vendor:/opt/ros/jazzy/opt/gz_common_vendor:/opt/ros/jazzy/opt/gz_math_vendor:/opt/ros/jazzy/opt/gz_utils_vendor:/opt/ros/jazzy/opt/gz_tools_vendor:/opt/ros/jazzy/opt/gz_ogre_next_vendor:/opt/ros/jazzy/opt/gz_dartsim_vendor:/opt/ros/jazzy/opt/gz_cmake_vendor:/home/fuad/Downloads/fuad_ws/install/quadcopter_gazebo:/home/fuad/Downloads/fuad_ws/install/integration_pkg:/opt/ros/jazzy DEBUGINFOD_URLS=https://debuginfod.ubuntu.com PS1=(.venv) \[\e]0;\u@\h: \w\a\]${debian_chroot:+($debian_chroot)}\[\033[01;32m\]\u@\h\[\033[00m\]:\[\033[01;34m\]\w\[\033[00m\]\$ VIRTUAL_ENV_PROMPT=(.venv) /usr/bin/cmake --build /home/fuad/Downloads/fuad_ws/build/turtlebot3_bringup -- -j16 -l16
[0.078s] Invoked command in '/home/fuad/Downloads/fuad_ws/build/turtlebot3_bringup' returned '0': CMAKE_PREFIX_PATH=/home/fuad/Downloads/fuad_ws/install/turtlebot3_description:/home/fuad/Downloads/fuad_ws/install/turtlebot3_gazebo:/home/fuad/Downloads/fuad_ws/install/turtlebot3_bringup:/opt/ros/jazzy/opt/gz_sim_vendor:/opt/ros/jazzy/opt/gz_sensors_vendor:/opt/ros/jazzy/opt/gz_physics_vendor:/opt/ros/jazzy/opt/sdformat_vendor:/opt/ros/jazzy/opt/gz_gui_vendor:/opt/ros/jazzy/opt/gz_transport_vendor:/opt/ros/jazzy/opt/gz_rendering_vendor:/opt/ros/jazzy/opt/gz_plugin_vendor:/opt/ros/jazzy/opt/gz_fuel_tools_vendor:/opt/ros/jazzy/opt/gz_msgs_vendor:/opt/ros/jazzy/opt/gz_common_vendor:/opt/ros/jazzy/opt/gz_math_vendor:/opt/ros/jazzy/opt/gz_utils_vendor:/opt/ros/jazzy/opt/gz_tools_vendor:/opt/ros/jazzy/opt/gz_ogre_next_vendor:/opt/ros/jazzy/opt/gz_dartsim_vendor:/opt/ros/jazzy/opt/gz_cmake_vendor:/home/fuad/Downloads/fuad_ws/install/quadcopter_gazebo:/home/fuad/Downloads/fuad_ws/install/integration_pkg:/opt/ros/jazzy DEBUGINFOD_URLS=https://debuginfod.ubuntu.com PS1=(.venv) \[\e]0;\u@\h: \w\a\]${debian_chroot:+($debian_chroot)}\[\033[01;32m\]\u@\h\[\033[00m\]:\[\033[01;34m\]\w\[\033[00m\]\$ VIRTUAL_ENV_PROMPT=(.venv) /usr/bin/cmake --build /home/fuad/Downloads/fuad_ws/build/turtlebot3_bringup -- -j16 -l16
[0.080s] Invoking command in '/home/fuad/Downloads/fuad_ws/build/turtlebot3_bringup': CMAKE_PREFIX_PATH=/home/fuad/Downloads/fuad_ws/install/turtlebot3_description:/home/fuad/Downloads/fuad_ws/install/turtlebot3_gazebo:/home/fuad/Downloads/fuad_ws/install/turtlebot3_bringup:/opt/ros/jazzy/opt/gz_sim_vendor:/opt/ros/jazzy/opt/gz_sensors_vendor:/opt/ros/jazzy/opt/gz_physics_vendor:/opt/ros/jazzy/opt/sdformat_vendor:/opt/ros/jazzy/opt/gz_gui_vendor:/opt/ros/jazzy/opt/gz_transport_vendor:/opt/ros/jazzy/opt/gz_rendering_vendor:/opt/ros/jazzy/opt/gz_plugin_vendor:/opt/ros/jazzy/opt/gz_fuel_tools_vendor:/opt/ros/jazzy/opt/gz_msgs_vendor:/opt/ros/jazzy/opt/gz_common_vendor:/opt/ros/jazzy/opt/gz_math_vendor:/opt/ros/jazzy/opt/gz_utils_vendor:/opt/ros/jazzy/opt/gz_tools_vendor:/opt/ros/jazzy/opt/gz_ogre_next_vendor:/opt/ros/jazzy/opt/gz_dartsim_vendor:/opt/ros/jazzy/opt/gz_cmake_vendor:/home/fuad/Downloads/fuad_ws/install/quadcopter_gazebo:/home/fuad/Downloads/fuad_ws/install/integration_pkg:/opt/ros/jazzy DEBUGINFOD_URLS=https://debuginfod.ubuntu.com PS1=(.venv) \[\e]0;\u@\h: \w\a\]${debian_chroot:+($debian_chroot)}\[\033[01;32m\]\u@\h\[\033[00m\]:\[\033[01;34m\]\w\[\033[00m\]\$ VIRTUAL_ENV_PROMPT=(.venv) /usr/bin/cmake --install /home/fuad/Downloads/fuad_ws/build/turtlebot3_bringup
[0.091s] -- Install configuration: ""
[0.091s] -- Up-to-date: /home/fuad/Downloads/fuad_ws/install/turtlebot3_bringup/share/turtlebot3_bringup/launch
[0.092s] -- Up-to-date: /home/fuad/Downloads/fuad_ws/install/turtlebot3_bringup/share/turtlebot3_bringup/launch/rviz2.launch.py
[0.092s] -- Up-to-date: /home/fuad/Downloads/fuad_ws/install/turtlebot3_bringup/share/turtlebot3_bringup/launch/turtlebot3_state_publisher.launch.py
[0.093s] -- Up-to-date: /home/fuad/Downloads/fuad_ws/install/turtlebot3_bringup/share/turtlebot3_bringup/launch/robot.launch.py
[0.093s] -- Up-to-date: /home/fuad/Downloads/fuad_ws/install/turtlebot3_bringup/share/turtlebot3_bringup/launch/camera.launch.py
[0.093s] -- Up-to-date: /home/fuad/Downloads/fuad_ws/install/turtlebot3_bringup/share/turtlebot3_bringup/param
[0.093s] -- Up-to-date: /home/fuad/Downloads/fuad_ws/install/turtlebot3_bringup/share/turtlebot3_bringup/param/humble
[0.093s] -- Up-to-date: /home/fuad/Downloads/fuad_ws/install/turtlebot3_bringup/share/turtlebot3_bringup/param/humble/waffle_pi.yaml
[0.093s] -- Up-to-date: /home/fuad/Downloads/fuad_ws/install/turtlebot3_bringup/share/turtlebot3_bringup/param/humble/waffle.yaml
[0.093s] -- Up-to-date: /home/fuad/Downloads/fuad_ws/install/turtlebot3_bringup/share/turtlebot3_bringup/param/humble/burger.yaml
[0.094s] -- Up-to-date: /home/fuad/Downloads/fuad_ws/install/turtlebot3_bringup/share/turtlebot3_bringup/param/waffle_pi.yaml
[0.094s] -- Up-to-date: /home/fuad/Downloads/fuad_ws/install/turtlebot3_bringup/share/turtlebot3_bringup/param/waffle.yaml
[0.094s] -- Up-to-date: /home/fuad/Downloads/fuad_ws/install/turtlebot3_bringup/share/turtlebot3_bringup/param/burger.yaml
[0.094s] -- Up-to-date: /home/fuad/Downloads/fuad_ws/install/turtlebot3_bringup/share/turtlebot3_bringup/script
[0.094s] -- Up-to-date: /home/fuad/Downloads/fuad_ws/install/turtlebot3_bringup/share/turtlebot3_bringup/script/create_udev_rules
[0.094s] -- Up-to-date: /home/fuad/Downloads/fuad_ws/install/turtlebot3_bringup/share/turtlebot3_bringup/script/99-turtlebot3-cdc.rules
[0.094s] -- Up-to-date: /home/fuad/Downloads/fuad_ws/install/turtlebot3_bringup/share/ament_index/resource_index/package_run_dependencies/turtlebot3_bringup
[0.094s] -- Up-to-date: /home/fuad/Downloads/fuad_ws/install/turtlebot3_bringup/share/ament_index/resource_index/parent_prefix_path/turtlebot3_bringup
[0.094s] -- Up-to-date: /home/fuad/Downloads/fuad_ws/install/turtlebot3_bringup/share/turtlebot3_bringup/environment/ament_prefix_path.sh
[0.094s] -- Up-to-date: /home/fuad/Downloads/fuad_ws/install/turtlebot3_bringup/share/turtlebot3_bringup/environment/ament_prefix_path.dsv
[0.094s] -- Up-to-date: /home/fuad/Downloads/fuad_ws/install/turtlebot3_bringup/share/turtlebot3_bringup/environment/path.sh
[0.095s] -- Up-to-date: /home/fuad/Downloads/fuad_ws/install/turtlebot3_bringup/share/turtlebot3_bringup/environment/path.dsv
[0.095s] -- Up-to-date: /home/fuad/Downloads/fuad_ws/install/turtlebot3_bringup/share/turtlebot3_bringup/local_setup.bash
[0.095s] -- Up-to-date: /home/fuad/Downloads/fuad_ws/install/turtlebot3_bringup/share/turtlebot3_bringup/local_setup.sh
[0.095s] -- Up-to-date: /home/fuad/Downloads/fuad_ws/install/turtlebot3_bringup/share/turtlebot3_bringup/local_setup.zsh
[0.095s] -- Up-to-date: /home/fuad/Downloads/fuad_ws/install/turtlebot3_bringup/share/turtlebot3_bringup/local_setup.dsv
[0.095s] -- Installing: /home/fuad/Downloads/fuad_ws/install/turtlebot3_bringup/share/turtlebot3_bringup/package.dsv
[0.096s] -- Up-to-date: /home/fuad/Downloads/fuad_ws/install/turtlebot3_bringup/share/ament_index/resource_index/packages/turtlebot3_bringup
[0.096s] -- Up-to-date: /home/fuad/Downloads/fuad_ws/install/turtlebot3_bringup/share/turtlebot3_bringup/cmake/turtlebot3_bringupConfig.cmake
[0.096s] -- Up-to-date: /home/fuad/Downloads/fuad_ws/install/turtlebot3_bringup/share/turtlebot3_bringup/cmake/turtlebot3_bringupConfig-version.cmake
[0.096s] -- Up-to-date: /home/fuad/Downloads/fuad_ws/install/turtlebot3_bringup/share/turtlebot3_bringup/package.xml
[0.098s] Invoked command in '/home/fuad/Downloads/fuad_ws/build/turtlebot3_bringup' returned '0': CMAKE_PREFIX_PATH=/home/fuad/Downloads/fuad_ws/install/turtlebot3_description:/home/fuad/Downloads/fuad_ws/install/turtlebot3_gazebo:/home/fuad/Downloads/fuad_ws/install/turtlebot3_bringup:/opt/ros/jazzy/opt/gz_sim_vendor:/opt/ros/jazzy/opt/gz_sensors_vendor:/opt/ros/jazzy/opt/gz_physics_vendor:/opt/ros/jazzy/opt/sdformat_vendor:/opt/ros/jazzy/opt/gz_gui_vendor:/opt/ros/jazzy/opt/gz_transport_vendor:/opt/ros/jazzy/opt/gz_rendering_vendor:/opt/ros/jazzy/opt/gz_plugin_vendor:/opt/ros/jazzy/opt/gz_fuel_tools_vendor:/opt/ros/jazzy/opt/gz_msgs_vendor:/opt/ros/jazzy/opt/gz_common_vendor:/opt/ros/jazzy/opt/gz_math_vendor:/opt/ros/jazzy/opt/gz_utils_vendor:/opt/ros/jazzy/opt/gz_tools_vendor:/opt/ros/jazzy/opt/gz_ogre_next_vendor:/opt/ros/jazzy/opt/gz_dartsim_vendor:/opt/ros/jazzy/opt/gz_cmake_vendor:/home/fuad/Downloads/fuad_ws/install/quadcopter_gazebo:/home/fuad/Downloads/fuad_ws/install/integration_pkg:/opt/ros/jazzy DEBUGINFOD_URLS=https://debuginfod.ubuntu.com PS1=(.venv) \[\e]0;\u@\h: \w\a\]${debian_chroot:+($debian_chroot)}\[\033[01;32m\]\u@\h\[\033[00m\]:\[\033[01;34m\]\w\[\033[00m\]\$ VIRTUAL_ENV_PROMPT=(.venv) /usr/bin/cmake --install /home/fuad/Downloads/fuad_ws/build/turtlebot3_bringup
