[0.150s] DEBUG:colcon:Command line arguments: ['/home/fuad/Downloads/fuad_ws/.venv/bin/colcon', 'build']
[0.150s] DEBUG:colcon:Parsed command line arguments: Namespace(log_base=None, log_level=None, verb_name='build', build_base='build', install_base='install', merge_install=False, symlink_install=False, test_result_base=None, continue_on_error=False, executor='parallel', parallel_workers=16, event_handlers=None, ignore_user_meta=False, metas=['./colcon.meta'], base_paths=['.'], packages_ignore=None, packages_ignore_regex=None, paths=None, packages_up_to=None, packages_up_to_regex=None, packages_above=None, packages_above_and_dependencies=None, packages_above_depth=None, packages_select_by_dep=None, packages_skip_by_dep=None, packages_skip_up_to=None, packages_select_build_failed=False, packages_skip_build_finished=False, packages_select_test_failures=False, packages_skip_test_passed=False, packages_select=None, packages_skip=None, packages_select_regex=None, packages_skip_regex=None, packages_start=None, packages_end=None, cmake_args=None, cmake_target=None, cmake_target_skip_unavailable=False, cmake_clean_cache=False, cmake_clean_first=False, cmake_force_configure=False, ament_cmake_args=None, catkin_cmake_args=None, catkin_skip_building_tests=False, verb_parser=<colcon_defaults.argument_parser.defaults.DefaultArgumentsDecorator object at 0x70470469eab0>, verb_extension=<colcon_core.verb.build.BuildVerb object at 0x7047047aaea0>, main=<bound method BuildVerb.main of <colcon_core.verb.build.BuildVerb object at 0x7047047aaea0>>)
[0.202s] Level 1:colcon.colcon_core.package_discovery:discover_packages(colcon_meta) check parameters
[0.202s] Level 1:colcon.colcon_core.package_discovery:discover_packages(recursive) check parameters
[0.202s] Level 1:colcon.colcon_core.package_discovery:discover_packages(ignore) check parameters
[0.202s] Level 1:colcon.colcon_core.package_discovery:discover_packages(path) check parameters
[0.202s] Level 1:colcon.colcon_core.package_discovery:discover_packages(colcon_meta) discover
[0.202s] Level 1:colcon.colcon_core.package_discovery:discover_packages(recursive) discover
[0.202s] INFO:colcon.colcon_core.package_discovery:Crawling recursively for packages in '/home/fuad/Downloads/fuad_ws'
[0.202s] Level 1:colcon.colcon_core.package_identification:_identify(.) by extensions ['ignore', 'ignore_ament_install']
[0.202s] Level 1:colcon.colcon_core.package_identification:_identify(.) by extension 'ignore'
[0.202s] Level 1:colcon.colcon_core.package_identification:_identify(.) by extension 'ignore_ament_install'
[0.202s] Level 1:colcon.colcon_core.package_identification:_identify(.) by extensions ['colcon_pkg']
[0.202s] Level 1:colcon.colcon_core.package_identification:_identify(.) by extension 'colcon_pkg'
[0.202s] Level 1:colcon.colcon_core.package_identification:_identify(.) by extensions ['colcon_meta']
[0.202s] Level 1:colcon.colcon_core.package_identification:_identify(.) by extension 'colcon_meta'
[0.203s] Level 1:colcon.colcon_core.package_identification:_identify(.) by extensions ['ros']
[0.203s] Level 1:colcon.colcon_core.package_identification:_identify(.) by extension 'ros'
[0.236s] Level 1:colcon.colcon_core.package_identification:_identify(.) by extensions ['cmake', 'python']
[0.236s] Level 1:colcon.colcon_core.package_identification:_identify(.) by extension 'cmake'
[0.237s] Level 1:colcon.colcon_core.package_identification:_identify(.) by extension 'python'
[0.237s] Level 1:colcon.colcon_core.package_identification:_identify(.) by extensions ['python_setup_py']
[0.237s] Level 1:colcon.colcon_core.package_identification:_identify(.) by extension 'python_setup_py'
[0.237s] Level 1:colcon.colcon_core.package_identification:_identify(build) by extensions ['ignore', 'ignore_ament_install']
[0.237s] Level 1:colcon.colcon_core.package_identification:_identify(build) by extension 'ignore'
[0.237s] Level 1:colcon.colcon_core.package_identification:_identify(build) ignored
[0.237s] Level 1:colcon.colcon_core.package_identification:_identify(install) by extensions ['ignore', 'ignore_ament_install']
[0.237s] Level 1:colcon.colcon_core.package_identification:_identify(install) by extension 'ignore'
[0.237s] Level 1:colcon.colcon_core.package_identification:_identify(install) ignored
[0.237s] Level 1:colcon.colcon_core.package_identification:_identify(log) by extensions ['ignore', 'ignore_ament_install']
[0.237s] Level 1:colcon.colcon_core.package_identification:_identify(log) by extension 'ignore'
[0.237s] Level 1:colcon.colcon_core.package_identification:_identify(log) ignored
[0.237s] Level 1:colcon.colcon_core.package_identification:_identify(src) by extensions ['ignore', 'ignore_ament_install']
[0.238s] Level 1:colcon.colcon_core.package_identification:_identify(src) by extension 'ignore'
[0.238s] Level 1:colcon.colcon_core.package_identification:_identify(src) by extension 'ignore_ament_install'
[0.238s] Level 1:colcon.colcon_core.package_identification:_identify(src) by extensions ['colcon_pkg']
[0.238s] Level 1:colcon.colcon_core.package_identification:_identify(src) by extension 'colcon_pkg'
[0.238s] Level 1:colcon.colcon_core.package_identification:_identify(src) by extensions ['colcon_meta']
[0.238s] Level 1:colcon.colcon_core.package_identification:_identify(src) by extension 'colcon_meta'
[0.238s] Level 1:colcon.colcon_core.package_identification:_identify(src) by extensions ['ros']
[0.238s] Level 1:colcon.colcon_core.package_identification:_identify(src) by extension 'ros'
[0.238s] Level 1:colcon.colcon_core.package_identification:_identify(src) by extensions ['cmake', 'python']
[0.238s] Level 1:colcon.colcon_core.package_identification:_identify(src) by extension 'cmake'
[0.238s] Level 1:colcon.colcon_core.package_identification:_identify(src) by extension 'python'
[0.238s] Level 1:colcon.colcon_core.package_identification:_identify(src) by extensions ['python_setup_py']
[0.238s] Level 1:colcon.colcon_core.package_identification:_identify(src) by extension 'python_setup_py'
[0.238s] Level 1:colcon.colcon_core.package_identification:_identify(src/integration_pkg) by extensions ['ignore', 'ignore_ament_install']
[0.238s] Level 1:colcon.colcon_core.package_identification:_identify(src/integration_pkg) by extension 'ignore'
[0.238s] Level 1:colcon.colcon_core.package_identification:_identify(src/integration_pkg) by extension 'ignore_ament_install'
[0.238s] Level 1:colcon.colcon_core.package_identification:_identify(src/integration_pkg) by extensions ['colcon_pkg']
[0.239s] Level 1:colcon.colcon_core.package_identification:_identify(src/integration_pkg) by extension 'colcon_pkg'
[0.239s] Level 1:colcon.colcon_core.package_identification:_identify(src/integration_pkg) by extensions ['colcon_meta']
[0.239s] Level 1:colcon.colcon_core.package_identification:_identify(src/integration_pkg) by extension 'colcon_meta'
[0.239s] Level 1:colcon.colcon_core.package_identification:_identify(src/integration_pkg) by extensions ['ros']
[0.239s] Level 1:colcon.colcon_core.package_identification:_identify(src/integration_pkg) by extension 'ros'
[0.242s] DEBUG:colcon.colcon_core.package_identification:Package 'src/integration_pkg' with type 'ros.ament_python' and name 'integration_pkg'
[0.242s] Level 1:colcon.colcon_core.package_identification:_identify(src/quadcopter_gazebo) by extensions ['ignore', 'ignore_ament_install']
[0.242s] Level 1:colcon.colcon_core.package_identification:_identify(src/quadcopter_gazebo) by extension 'ignore'
[0.242s] Level 1:colcon.colcon_core.package_identification:_identify(src/quadcopter_gazebo) by extension 'ignore_ament_install'
[0.242s] Level 1:colcon.colcon_core.package_identification:_identify(src/quadcopter_gazebo) by extensions ['colcon_pkg']
[0.243s] Level 1:colcon.colcon_core.package_identification:_identify(src/quadcopter_gazebo) by extension 'colcon_pkg'
[0.243s] Level 1:colcon.colcon_core.package_identification:_identify(src/quadcopter_gazebo) by extensions ['colcon_meta']
[0.243s] Level 1:colcon.colcon_core.package_identification:_identify(src/quadcopter_gazebo) by extension 'colcon_meta'
[0.243s] Level 1:colcon.colcon_core.package_identification:_identify(src/quadcopter_gazebo) by extensions ['ros']
[0.243s] Level 1:colcon.colcon_core.package_identification:_identify(src/quadcopter_gazebo) by extension 'ros'
[0.244s] DEBUG:colcon.colcon_core.package_identification:Package 'src/quadcopter_gazebo' with type 'ros.ament_python' and name 'quadcopter_gazebo'
[0.244s] Level 1:colcon.colcon_core.package_identification:_identify(src/turtlebot3) by extensions ['ignore', 'ignore_ament_install']
[0.244s] Level 1:colcon.colcon_core.package_identification:_identify(src/turtlebot3) by extension 'ignore'
[0.244s] Level 1:colcon.colcon_core.package_identification:_identify(src/turtlebot3) by extension 'ignore_ament_install'
[0.244s] Level 1:colcon.colcon_core.package_identification:_identify(src/turtlebot3) by extensions ['colcon_pkg']
[0.244s] Level 1:colcon.colcon_core.package_identification:_identify(src/turtlebot3) by extension 'colcon_pkg'
[0.244s] Level 1:colcon.colcon_core.package_identification:_identify(src/turtlebot3) by extensions ['colcon_meta']
[0.244s] Level 1:colcon.colcon_core.package_identification:_identify(src/turtlebot3) by extension 'colcon_meta'
[0.244s] Level 1:colcon.colcon_core.package_identification:_identify(src/turtlebot3) by extensions ['ros']
[0.244s] Level 1:colcon.colcon_core.package_identification:_identify(src/turtlebot3) by extension 'ros'
[0.244s] Level 1:colcon.colcon_core.package_identification:_identify(src/turtlebot3) by extensions ['cmake', 'python']
[0.244s] Level 1:colcon.colcon_core.package_identification:_identify(src/turtlebot3) by extension 'cmake'
[0.244s] Level 1:colcon.colcon_core.package_identification:_identify(src/turtlebot3) by extension 'python'
[0.244s] Level 1:colcon.colcon_core.package_identification:_identify(src/turtlebot3) by extensions ['python_setup_py']
[0.244s] Level 1:colcon.colcon_core.package_identification:_identify(src/turtlebot3) by extension 'python_setup_py'
[0.244s] Level 1:colcon.colcon_core.package_identification:_identify(src/turtlebot3/turtlebot3_bringup) by extensions ['ignore', 'ignore_ament_install']
[0.245s] Level 1:colcon.colcon_core.package_identification:_identify(src/turtlebot3/turtlebot3_bringup) by extension 'ignore'
[0.245s] Level 1:colcon.colcon_core.package_identification:_identify(src/turtlebot3/turtlebot3_bringup) by extension 'ignore_ament_install'
[0.245s] Level 1:colcon.colcon_core.package_identification:_identify(src/turtlebot3/turtlebot3_bringup) by extensions ['colcon_pkg']
[0.245s] Level 1:colcon.colcon_core.package_identification:_identify(src/turtlebot3/turtlebot3_bringup) by extension 'colcon_pkg'
[0.245s] Level 1:colcon.colcon_core.package_identification:_identify(src/turtlebot3/turtlebot3_bringup) by extensions ['colcon_meta']
[0.245s] Level 1:colcon.colcon_core.package_identification:_identify(src/turtlebot3/turtlebot3_bringup) by extension 'colcon_meta'
[0.245s] Level 1:colcon.colcon_core.package_identification:_identify(src/turtlebot3/turtlebot3_bringup) by extensions ['ros']
[0.245s] Level 1:colcon.colcon_core.package_identification:_identify(src/turtlebot3/turtlebot3_bringup) by extension 'ros'
[0.245s] DEBUG:colcon.colcon_core.package_identification:Package 'src/turtlebot3/turtlebot3_bringup' with type 'ros.ament_cmake' and name 'turtlebot3_bringup'
[0.246s] Level 1:colcon.colcon_core.package_identification:_identify(src/turtlebot3/turtlebot3_description) by extensions ['ignore', 'ignore_ament_install']
[0.246s] Level 1:colcon.colcon_core.package_identification:_identify(src/turtlebot3/turtlebot3_description) by extension 'ignore'
[0.246s] Level 1:colcon.colcon_core.package_identification:_identify(src/turtlebot3/turtlebot3_description) by extension 'ignore_ament_install'
[0.246s] Level 1:colcon.colcon_core.package_identification:_identify(src/turtlebot3/turtlebot3_description) by extensions ['colcon_pkg']
[0.246s] Level 1:colcon.colcon_core.package_identification:_identify(src/turtlebot3/turtlebot3_description) by extension 'colcon_pkg'
[0.246s] Level 1:colcon.colcon_core.package_identification:_identify(src/turtlebot3/turtlebot3_description) by extensions ['colcon_meta']
[0.246s] Level 1:colcon.colcon_core.package_identification:_identify(src/turtlebot3/turtlebot3_description) by extension 'colcon_meta'
[0.246s] Level 1:colcon.colcon_core.package_identification:_identify(src/turtlebot3/turtlebot3_description) by extensions ['ros']
[0.246s] Level 1:colcon.colcon_core.package_identification:_identify(src/turtlebot3/turtlebot3_description) by extension 'ros'
[0.247s] DEBUG:colcon.colcon_core.package_identification:Package 'src/turtlebot3/turtlebot3_description' with type 'ros.ament_cmake' and name 'turtlebot3_description'
[0.247s] Level 1:colcon.colcon_core.package_identification:_identify(src/turtlebot3/turtlebot3_gazebo) by extensions ['ignore', 'ignore_ament_install']
[0.247s] Level 1:colcon.colcon_core.package_identification:_identify(src/turtlebot3/turtlebot3_gazebo) by extension 'ignore'
[0.247s] Level 1:colcon.colcon_core.package_identification:_identify(src/turtlebot3/turtlebot3_gazebo) by extension 'ignore_ament_install'
[0.247s] Level 1:colcon.colcon_core.package_identification:_identify(src/turtlebot3/turtlebot3_gazebo) by extensions ['colcon_pkg']
[0.247s] Level 1:colcon.colcon_core.package_identification:_identify(src/turtlebot3/turtlebot3_gazebo) by extension 'colcon_pkg'
[0.247s] Level 1:colcon.colcon_core.package_identification:_identify(src/turtlebot3/turtlebot3_gazebo) by extensions ['colcon_meta']
[0.247s] Level 1:colcon.colcon_core.package_identification:_identify(src/turtlebot3/turtlebot3_gazebo) by extension 'colcon_meta'
[0.247s] Level 1:colcon.colcon_core.package_identification:_identify(src/turtlebot3/turtlebot3_gazebo) by extensions ['ros']
[0.247s] Level 1:colcon.colcon_core.package_identification:_identify(src/turtlebot3/turtlebot3_gazebo) by extension 'ros'
[0.248s] DEBUG:colcon.colcon_core.package_identification:Package 'src/turtlebot3/turtlebot3_gazebo' with type 'ros.ament_cmake' and name 'turtlebot3_gazebo'
[0.248s] Level 1:colcon.colcon_core.package_discovery:discover_packages(recursive) using defaults
[0.248s] Level 1:colcon.colcon_core.package_discovery:discover_packages(ignore) discover
[0.248s] Level 1:colcon.colcon_core.package_discovery:discover_packages(ignore) using defaults
[0.248s] Level 1:colcon.colcon_core.package_discovery:discover_packages(path) discover
[0.249s] Level 1:colcon.colcon_core.package_discovery:discover_packages(path) using defaults
[0.269s] Level 5:colcon.colcon_core.verb:set package 'integration_pkg' build argument 'cmake_args' from command line to 'None'
[0.269s] Level 5:colcon.colcon_core.verb:set package 'integration_pkg' build argument 'cmake_target' from command line to 'None'
[0.269s] Level 5:colcon.colcon_core.verb:set package 'integration_pkg' build argument 'cmake_target_skip_unavailable' from command line to 'False'
[0.270s] Level 5:colcon.colcon_core.verb:set package 'integration_pkg' build argument 'cmake_clean_cache' from command line to 'False'
[0.270s] Level 5:colcon.colcon_core.verb:set package 'integration_pkg' build argument 'cmake_clean_first' from command line to 'False'
[0.270s] Level 5:colcon.colcon_core.verb:set package 'integration_pkg' build argument 'cmake_force_configure' from command line to 'False'
[0.270s] Level 5:colcon.colcon_core.verb:set package 'integration_pkg' build argument 'ament_cmake_args' from command line to 'None'
[0.270s] Level 5:colcon.colcon_core.verb:set package 'integration_pkg' build argument 'catkin_cmake_args' from command line to 'None'
[0.270s] Level 5:colcon.colcon_core.verb:set package 'integration_pkg' build argument 'catkin_skip_building_tests' from command line to 'False'
[0.270s] DEBUG:colcon.colcon_core.verb:Building package 'integration_pkg' with the following arguments: {'ament_cmake_args': None, 'build_base': '/home/fuad/Downloads/fuad_ws/build/integration_pkg', 'catkin_cmake_args': None, 'catkin_skip_building_tests': False, 'cmake_args': None, 'cmake_clean_cache': False, 'cmake_clean_first': False, 'cmake_force_configure': False, 'cmake_target': None, 'cmake_target_skip_unavailable': False, 'install_base': '/home/fuad/Downloads/fuad_ws/install/integration_pkg', 'merge_install': False, 'path': '/home/fuad/Downloads/fuad_ws/src/integration_pkg', 'symlink_install': False, 'test_result_base': None}
[0.270s] Level 5:colcon.colcon_core.verb:set package 'quadcopter_gazebo' build argument 'cmake_args' from command line to 'None'
[0.270s] Level 5:colcon.colcon_core.verb:set package 'quadcopter_gazebo' build argument 'cmake_target' from command line to 'None'
[0.270s] Level 5:colcon.colcon_core.verb:set package 'quadcopter_gazebo' build argument 'cmake_target_skip_unavailable' from command line to 'False'
[0.270s] Level 5:colcon.colcon_core.verb:set package 'quadcopter_gazebo' build argument 'cmake_clean_cache' from command line to 'False'
[0.270s] Level 5:colcon.colcon_core.verb:set package 'quadcopter_gazebo' build argument 'cmake_clean_first' from command line to 'False'
[0.270s] Level 5:colcon.colcon_core.verb:set package 'quadcopter_gazebo' build argument 'cmake_force_configure' from command line to 'False'
[0.270s] Level 5:colcon.colcon_core.verb:set package 'quadcopter_gazebo' build argument 'ament_cmake_args' from command line to 'None'
[0.270s] Level 5:colcon.colcon_core.verb:set package 'quadcopter_gazebo' build argument 'catkin_cmake_args' from command line to 'None'
[0.270s] Level 5:colcon.colcon_core.verb:set package 'quadcopter_gazebo' build argument 'catkin_skip_building_tests' from command line to 'False'
[0.270s] DEBUG:colcon.colcon_core.verb:Building package 'quadcopter_gazebo' with the following arguments: {'ament_cmake_args': None, 'build_base': '/home/fuad/Downloads/fuad_ws/build/quadcopter_gazebo', 'catkin_cmake_args': None, 'catkin_skip_building_tests': False, 'cmake_args': None, 'cmake_clean_cache': False, 'cmake_clean_first': False, 'cmake_force_configure': False, 'cmake_target': None, 'cmake_target_skip_unavailable': False, 'install_base': '/home/fuad/Downloads/fuad_ws/install/quadcopter_gazebo', 'merge_install': False, 'path': '/home/fuad/Downloads/fuad_ws/src/quadcopter_gazebo', 'symlink_install': False, 'test_result_base': None}
[0.270s] Level 5:colcon.colcon_core.verb:set package 'turtlebot3_description' build argument 'cmake_args' from command line to 'None'
[0.270s] Level 5:colcon.colcon_core.verb:set package 'turtlebot3_description' build argument 'cmake_target' from command line to 'None'
[0.270s] Level 5:colcon.colcon_core.verb:set package 'turtlebot3_description' build argument 'cmake_target_skip_unavailable' from command line to 'False'
[0.270s] Level 5:colcon.colcon_core.verb:set package 'turtlebot3_description' build argument 'cmake_clean_cache' from command line to 'False'
[0.271s] Level 5:colcon.colcon_core.verb:set package 'turtlebot3_description' build argument 'cmake_clean_first' from command line to 'False'
[0.271s] Level 5:colcon.colcon_core.verb:set package 'turtlebot3_description' build argument 'cmake_force_configure' from command line to 'False'
[0.271s] Level 5:colcon.colcon_core.verb:set package 'turtlebot3_description' build argument 'ament_cmake_args' from command line to 'None'
[0.271s] Level 5:colcon.colcon_core.verb:set package 'turtlebot3_description' build argument 'catkin_cmake_args' from command line to 'None'
[0.271s] Level 5:colcon.colcon_core.verb:set package 'turtlebot3_description' build argument 'catkin_skip_building_tests' from command line to 'False'
[0.271s] DEBUG:colcon.colcon_core.verb:Building package 'turtlebot3_description' with the following arguments: {'ament_cmake_args': None, 'build_base': '/home/fuad/Downloads/fuad_ws/build/turtlebot3_description', 'catkin_cmake_args': None, 'catkin_skip_building_tests': False, 'cmake_args': None, 'cmake_clean_cache': False, 'cmake_clean_first': False, 'cmake_force_configure': False, 'cmake_target': None, 'cmake_target_skip_unavailable': False, 'install_base': '/home/fuad/Downloads/fuad_ws/install/turtlebot3_description', 'merge_install': False, 'path': '/home/fuad/Downloads/fuad_ws/src/turtlebot3/turtlebot3_description', 'symlink_install': False, 'test_result_base': None}
[0.271s] Level 5:colcon.colcon_core.verb:set package 'turtlebot3_gazebo' build argument 'cmake_args' from command line to 'None'
[0.271s] Level 5:colcon.colcon_core.verb:set package 'turtlebot3_gazebo' build argument 'cmake_target' from command line to 'None'
[0.271s] Level 5:colcon.colcon_core.verb:set package 'turtlebot3_gazebo' build argument 'cmake_target_skip_unavailable' from command line to 'False'
[0.271s] Level 5:colcon.colcon_core.verb:set package 'turtlebot3_gazebo' build argument 'cmake_clean_cache' from command line to 'False'
[0.271s] Level 5:colcon.colcon_core.verb:set package 'turtlebot3_gazebo' build argument 'cmake_clean_first' from command line to 'False'
[0.271s] Level 5:colcon.colcon_core.verb:set package 'turtlebot3_gazebo' build argument 'cmake_force_configure' from command line to 'False'
[0.271s] Level 5:colcon.colcon_core.verb:set package 'turtlebot3_gazebo' build argument 'ament_cmake_args' from command line to 'None'
[0.271s] Level 5:colcon.colcon_core.verb:set package 'turtlebot3_gazebo' build argument 'catkin_cmake_args' from command line to 'None'
[0.271s] Level 5:colcon.colcon_core.verb:set package 'turtlebot3_gazebo' build argument 'catkin_skip_building_tests' from command line to 'False'
[0.271s] DEBUG:colcon.colcon_core.verb:Building package 'turtlebot3_gazebo' with the following arguments: {'ament_cmake_args': None, 'build_base': '/home/fuad/Downloads/fuad_ws/build/turtlebot3_gazebo', 'catkin_cmake_args': None, 'catkin_skip_building_tests': False, 'cmake_args': None, 'cmake_clean_cache': False, 'cmake_clean_first': False, 'cmake_force_configure': False, 'cmake_target': None, 'cmake_target_skip_unavailable': False, 'install_base': '/home/fuad/Downloads/fuad_ws/install/turtlebot3_gazebo', 'merge_install': False, 'path': '/home/fuad/Downloads/fuad_ws/src/turtlebot3/turtlebot3_gazebo', 'symlink_install': False, 'test_result_base': None}
[0.271s] Level 5:colcon.colcon_core.verb:set package 'turtlebot3_bringup' build argument 'cmake_args' from command line to 'None'
[0.271s] Level 5:colcon.colcon_core.verb:set package 'turtlebot3_bringup' build argument 'cmake_target' from command line to 'None'
[0.271s] Level 5:colcon.colcon_core.verb:set package 'turtlebot3_bringup' build argument 'cmake_target_skip_unavailable' from command line to 'False'
[0.271s] Level 5:colcon.colcon_core.verb:set package 'turtlebot3_bringup' build argument 'cmake_clean_cache' from command line to 'False'
[0.271s] Level 5:colcon.colcon_core.verb:set package 'turtlebot3_bringup' build argument 'cmake_clean_first' from command line to 'False'
[0.271s] Level 5:colcon.colcon_core.verb:set package 'turtlebot3_bringup' build argument 'cmake_force_configure' from command line to 'False'
[0.271s] Level 5:colcon.colcon_core.verb:set package 'turtlebot3_bringup' build argument 'ament_cmake_args' from command line to 'None'
[0.271s] Level 5:colcon.colcon_core.verb:set package 'turtlebot3_bringup' build argument 'catkin_cmake_args' from command line to 'None'
[0.271s] Level 5:colcon.colcon_core.verb:set package 'turtlebot3_bringup' build argument 'catkin_skip_building_tests' from command line to 'False'
[0.272s] DEBUG:colcon.colcon_core.verb:Building package 'turtlebot3_bringup' with the following arguments: {'ament_cmake_args': None, 'build_base': '/home/fuad/Downloads/fuad_ws/build/turtlebot3_bringup', 'catkin_cmake_args': None, 'catkin_skip_building_tests': False, 'cmake_args': None, 'cmake_clean_cache': False, 'cmake_clean_first': False, 'cmake_force_configure': False, 'cmake_target': None, 'cmake_target_skip_unavailable': False, 'install_base': '/home/fuad/Downloads/fuad_ws/install/turtlebot3_bringup', 'merge_install': False, 'path': '/home/fuad/Downloads/fuad_ws/src/turtlebot3/turtlebot3_bringup', 'symlink_install': False, 'test_result_base': None}
[0.272s] INFO:colcon.colcon_core.executor:Executing jobs using 'parallel' executor
[0.273s] DEBUG:colcon.colcon_parallel_executor.executor.parallel:run_until_complete
[0.273s] INFO:colcon.colcon_ros.task.ament_cmake.build:Building ROS package in '/home/fuad/Downloads/fuad_ws/src/turtlebot3/turtlebot3_description' with build type 'ament_cmake'
[0.273s] INFO:colcon.colcon_cmake.task.cmake.build:Building CMake package in '/home/fuad/Downloads/fuad_ws/src/turtlebot3/turtlebot3_description'
[0.277s] INFO:colcon.colcon_core.plugin_system:Skipping extension 'colcon_core.shell.bat': Not used on non-Windows systems
[0.277s] INFO:colcon.colcon_core.shell:Skip shell extension 'powershell' for command environment: Not usable outside of PowerShell
[0.277s] DEBUG:colcon.colcon_core.shell:Skip shell extension 'dsv' for command environment
[0.283s] INFO:colcon.colcon_ros.task.ament_python.build:Building ROS package in '/home/fuad/Downloads/fuad_ws/src/integration_pkg' with build type 'ament_python'
[0.284s] Level 1:colcon.colcon_core.shell:create_environment_hook('integration_pkg', 'ament_prefix_path')
[0.284s] INFO:colcon.colcon_core.shell:Creating environment hook '/home/fuad/Downloads/fuad_ws/install/integration_pkg/share/integration_pkg/hook/ament_prefix_path.ps1'
[0.287s] INFO:colcon.colcon_core.shell:Creating environment descriptor '/home/fuad/Downloads/fuad_ws/install/integration_pkg/share/integration_pkg/hook/ament_prefix_path.dsv'
[0.288s] INFO:colcon.colcon_core.shell:Creating environment hook '/home/fuad/Downloads/fuad_ws/install/integration_pkg/share/integration_pkg/hook/ament_prefix_path.sh'
[0.289s] INFO:colcon.colcon_core.shell:Skip shell extension 'powershell' for command environment: Not usable outside of PowerShell
[0.289s] DEBUG:colcon.colcon_core.shell:Skip shell extension 'dsv' for command environment
[0.293s] INFO:colcon.colcon_ros.task.ament_python.build:Building ROS package in '/home/fuad/Downloads/fuad_ws/src/quadcopter_gazebo' with build type 'ament_python'
[0.293s] Level 1:colcon.colcon_core.shell:create_environment_hook('quadcopter_gazebo', 'ament_prefix_path')
[0.293s] INFO:colcon.colcon_core.shell:Creating environment hook '/home/fuad/Downloads/fuad_ws/install/quadcopter_gazebo/share/quadcopter_gazebo/hook/ament_prefix_path.ps1'
[0.294s] INFO:colcon.colcon_core.shell:Creating environment descriptor '/home/fuad/Downloads/fuad_ws/install/quadcopter_gazebo/share/quadcopter_gazebo/hook/ament_prefix_path.dsv'
[0.295s] INFO:colcon.colcon_core.shell:Creating environment hook '/home/fuad/Downloads/fuad_ws/install/quadcopter_gazebo/share/quadcopter_gazebo/hook/ament_prefix_path.sh'
[0.295s] INFO:colcon.colcon_core.shell:Skip shell extension 'powershell' for command environment: Not usable outside of PowerShell
[0.295s] DEBUG:colcon.colcon_core.shell:Skip shell extension 'dsv' for command environment
[0.300s] INFO:colcon.colcon_ros.task.ament_cmake.build:Building ROS package in '/home/fuad/Downloads/fuad_ws/src/turtlebot3/turtlebot3_gazebo' with build type 'ament_cmake'
[0.300s] INFO:colcon.colcon_cmake.task.cmake.build:Building CMake package in '/home/fuad/Downloads/fuad_ws/src/turtlebot3/turtlebot3_gazebo'
[0.300s] INFO:colcon.colcon_core.shell:Skip shell extension 'powershell' for command environment: Not usable outside of PowerShell
[0.300s] DEBUG:colcon.colcon_core.shell:Skip shell extension 'dsv' for command environment
[0.309s] DEBUG:colcon.colcon_core.event_handler.log_command:Invoking command in '/home/fuad/Downloads/fuad_ws/build/turtlebot3_description': CMAKE_PREFIX_PATH=${CMAKE_PREFIX_PATH}:/home/fuad/Downloads/fuad_ws/install/quadcopter_gazebo:/home/fuad/Downloads/fuad_ws/install/integration_pkg:/opt/ros/jazzy DEBUGINFOD_URLS=https://debuginfod.ubuntu.com PS1=(.venv) \[\e]0;\u@\h: \w\a\]${debian_chroot:+($debian_chroot)}\[\033[01;32m\]\u@\h\[\033[00m\]:\[\033[01;34m\]\w\[\033[00m\]\$ VIRTUAL_ENV_PROMPT=(.venv) /usr/bin/cmake --build /home/fuad/Downloads/fuad_ws/build/turtlebot3_description -- -j16 -l16
[0.536s] INFO:colcon.colcon_core.task.python.build:Building Python package in '/home/fuad/Downloads/fuad_ws/src/integration_pkg'
[0.536s] INFO:colcon.colcon_core.shell:Skip shell extension 'powershell' for command environment: Not usable outside of PowerShell
[0.536s] DEBUG:colcon.colcon_core.shell:Skip shell extension 'dsv' for command environment
[0.778s] INFO:colcon.colcon_core.task.python.build:Building Python package in '/home/fuad/Downloads/fuad_ws/src/quadcopter_gazebo'
[0.778s] INFO:colcon.colcon_core.shell:Skip shell extension 'powershell' for command environment: Not usable outside of PowerShell
[0.779s] DEBUG:colcon.colcon_core.shell:Skip shell extension 'dsv' for command environment
[0.796s] DEBUG:colcon.colcon_core.event_handler.log_command:Invoking command in '/home/fuad/Downloads/fuad_ws/build/turtlebot3_gazebo': CMAKE_PREFIX_PATH=${CMAKE_PREFIX_PATH}:/home/fuad/Downloads/fuad_ws/install/quadcopter_gazebo:/home/fuad/Downloads/fuad_ws/install/integration_pkg:/opt/ros/jazzy DEBUGINFOD_URLS=https://debuginfod.ubuntu.com PS1=(.venv) \[\e]0;\u@\h: \w\a\]${debian_chroot:+($debian_chroot)}\[\033[01;32m\]\u@\h\[\033[00m\]:\[\033[01;34m\]\w\[\033[00m\]\$ VIRTUAL_ENV_PROMPT=(.venv) /usr/bin/cmake --build /home/fuad/Downloads/fuad_ws/build/turtlebot3_gazebo -- -j16 -l16
[0.797s] DEBUG:colcon.colcon_core.event_handler.log_command:Invoked command in '/home/fuad/Downloads/fuad_ws/build/turtlebot3_description' returned '0': CMAKE_PREFIX_PATH=${CMAKE_PREFIX_PATH}:/home/fuad/Downloads/fuad_ws/install/quadcopter_gazebo:/home/fuad/Downloads/fuad_ws/install/integration_pkg:/opt/ros/jazzy DEBUGINFOD_URLS=https://debuginfod.ubuntu.com PS1=(.venv) \[\e]0;\u@\h: \w\a\]${debian_chroot:+($debian_chroot)}\[\033[01;32m\]\u@\h\[\033[00m\]:\[\033[01;34m\]\w\[\033[00m\]\$ VIRTUAL_ENV_PROMPT=(.venv) /usr/bin/cmake --build /home/fuad/Downloads/fuad_ws/build/turtlebot3_description -- -j16 -l16
[0.814s] DEBUG:colcon.colcon_core.event_handler.log_command:Invoking command in '/home/fuad/Downloads/fuad_ws/build/turtlebot3_description': CMAKE_PREFIX_PATH=${CMAKE_PREFIX_PATH}:/home/fuad/Downloads/fuad_ws/install/quadcopter_gazebo:/home/fuad/Downloads/fuad_ws/install/integration_pkg:/opt/ros/jazzy DEBUGINFOD_URLS=https://debuginfod.ubuntu.com PS1=(.venv) \[\e]0;\u@\h: \w\a\]${debian_chroot:+($debian_chroot)}\[\033[01;32m\]\u@\h\[\033[00m\]:\[\033[01;34m\]\w\[\033[00m\]\$ VIRTUAL_ENV_PROMPT=(.venv) /usr/bin/cmake --install /home/fuad/Downloads/fuad_ws/build/turtlebot3_description
[0.838s] Level 1:colcon.colcon_core.environment:create_environment_scripts_only(turtlebot3_description)
[0.839s] DEBUG:colcon.colcon_core.event_handler.log_command:Invoked command in '/home/fuad/Downloads/fuad_ws/build/turtlebot3_description' returned '0': CMAKE_PREFIX_PATH=${CMAKE_PREFIX_PATH}:/home/fuad/Downloads/fuad_ws/install/quadcopter_gazebo:/home/fuad/Downloads/fuad_ws/install/integration_pkg:/opt/ros/jazzy DEBUGINFOD_URLS=https://debuginfod.ubuntu.com PS1=(.venv) \[\e]0;\u@\h: \w\a\]${debian_chroot:+($debian_chroot)}\[\033[01;32m\]\u@\h\[\033[00m\]:\[\033[01;34m\]\w\[\033[00m\]\$ VIRTUAL_ENV_PROMPT=(.venv) /usr/bin/cmake --install /home/fuad/Downloads/fuad_ws/build/turtlebot3_description
[0.842s] Level 1:colcon.colcon_core.environment:checking '/home/fuad/Downloads/fuad_ws/install/turtlebot3_description' for CMake module files
[0.843s] Level 1:colcon.colcon_core.environment:checking '/home/fuad/Downloads/fuad_ws/install/turtlebot3_description' for CMake config files
[0.843s] Level 1:colcon.colcon_core.shell:create_environment_hook('turtlebot3_description', 'cmake_prefix_path')
[0.843s] INFO:colcon.colcon_core.shell:Creating environment hook '/home/fuad/Downloads/fuad_ws/install/turtlebot3_description/share/turtlebot3_description/hook/cmake_prefix_path.ps1'
[0.844s] INFO:colcon.colcon_core.shell:Creating environment descriptor '/home/fuad/Downloads/fuad_ws/install/turtlebot3_description/share/turtlebot3_description/hook/cmake_prefix_path.dsv'
[0.844s] INFO:colcon.colcon_core.shell:Creating environment hook '/home/fuad/Downloads/fuad_ws/install/turtlebot3_description/share/turtlebot3_description/hook/cmake_prefix_path.sh'
[0.845s] Level 1:colcon.colcon_core.environment:checking '/home/fuad/Downloads/fuad_ws/install/turtlebot3_description/bin'
[0.845s] Level 1:colcon.colcon_core.environment:checking '/home/fuad/Downloads/fuad_ws/install/turtlebot3_description/lib/pkgconfig/turtlebot3_description.pc'
[0.845s] Level 1:colcon.colcon_core.environment:checking '/home/fuad/Downloads/fuad_ws/install/turtlebot3_description/lib/python3.12/site-packages'
[0.846s] Level 1:colcon.colcon_core.environment:checking '/home/fuad/Downloads/fuad_ws/install/turtlebot3_description/bin'
[0.846s] INFO:colcon.colcon_core.shell:Creating package script '/home/fuad/Downloads/fuad_ws/install/turtlebot3_description/share/turtlebot3_description/package.ps1'
[0.847s] INFO:colcon.colcon_core.shell:Creating package descriptor '/home/fuad/Downloads/fuad_ws/install/turtlebot3_description/share/turtlebot3_description/package.dsv'
[0.848s] INFO:colcon.colcon_core.shell:Creating package script '/home/fuad/Downloads/fuad_ws/install/turtlebot3_description/share/turtlebot3_description/package.sh'
[0.849s] INFO:colcon.colcon_core.shell:Creating package script '/home/fuad/Downloads/fuad_ws/install/turtlebot3_description/share/turtlebot3_description/package.bash'
[0.850s] INFO:colcon.colcon_core.shell:Creating package script '/home/fuad/Downloads/fuad_ws/install/turtlebot3_description/share/turtlebot3_description/package.zsh'
[0.851s] Level 1:colcon.colcon_core.environment:create_file_with_runtime_dependencies(/home/fuad/Downloads/fuad_ws/install/turtlebot3_description/share/colcon-core/packages/turtlebot3_description)
[0.851s] Level 1:colcon.colcon_core.environment:create_environment_scripts_only(turtlebot3_description)
[0.851s] Level 1:colcon.colcon_core.environment:checking '/home/fuad/Downloads/fuad_ws/install/turtlebot3_description' for CMake module files
[0.852s] Level 1:colcon.colcon_core.environment:checking '/home/fuad/Downloads/fuad_ws/install/turtlebot3_description' for CMake config files
[0.853s] Level 1:colcon.colcon_core.shell:create_environment_hook('turtlebot3_description', 'cmake_prefix_path')
[0.853s] INFO:colcon.colcon_core.shell:Creating environment hook '/home/fuad/Downloads/fuad_ws/install/turtlebot3_description/share/turtlebot3_description/hook/cmake_prefix_path.ps1'
[0.854s] INFO:colcon.colcon_core.shell:Creating environment descriptor '/home/fuad/Downloads/fuad_ws/install/turtlebot3_description/share/turtlebot3_description/hook/cmake_prefix_path.dsv'
[0.854s] INFO:colcon.colcon_core.shell:Creating environment hook '/home/fuad/Downloads/fuad_ws/install/turtlebot3_description/share/turtlebot3_description/hook/cmake_prefix_path.sh'
[0.855s] Level 1:colcon.colcon_core.environment:checking '/home/fuad/Downloads/fuad_ws/install/turtlebot3_description/bin'
[0.855s] Level 1:colcon.colcon_core.environment:checking '/home/fuad/Downloads/fuad_ws/install/turtlebot3_description/lib/pkgconfig/turtlebot3_description.pc'
[0.855s] Level 1:colcon.colcon_core.environment:checking '/home/fuad/Downloads/fuad_ws/install/turtlebot3_description/lib/python3.12/site-packages'
[0.856s] Level 1:colcon.colcon_core.environment:checking '/home/fuad/Downloads/fuad_ws/install/turtlebot3_description/bin'
[0.856s] INFO:colcon.colcon_core.shell:Creating package script '/home/fuad/Downloads/fuad_ws/install/turtlebot3_description/share/turtlebot3_description/package.ps1'
[0.857s] INFO:colcon.colcon_core.shell:Creating package descriptor '/home/fuad/Downloads/fuad_ws/install/turtlebot3_description/share/turtlebot3_description/package.dsv'
[0.857s] INFO:colcon.colcon_core.shell:Creating package script '/home/fuad/Downloads/fuad_ws/install/turtlebot3_description/share/turtlebot3_description/package.sh'
[0.858s] INFO:colcon.colcon_core.shell:Creating package script '/home/fuad/Downloads/fuad_ws/install/turtlebot3_description/share/turtlebot3_description/package.bash'
[0.858s] INFO:colcon.colcon_core.shell:Creating package script '/home/fuad/Downloads/fuad_ws/install/turtlebot3_description/share/turtlebot3_description/package.zsh'
[0.859s] Level 1:colcon.colcon_core.environment:create_file_with_runtime_dependencies(/home/fuad/Downloads/fuad_ws/install/turtlebot3_description/share/colcon-core/packages/turtlebot3_description)
[0.859s] INFO:colcon.colcon_ros.task.ament_cmake.build:Building ROS package in '/home/fuad/Downloads/fuad_ws/src/turtlebot3/turtlebot3_bringup' with build type 'ament_cmake'
[0.859s] INFO:colcon.colcon_cmake.task.cmake.build:Building CMake package in '/home/fuad/Downloads/fuad_ws/src/turtlebot3/turtlebot3_bringup'
[0.859s] INFO:colcon.colcon_core.shell:Skip shell extension 'powershell' for command environment: Not usable outside of PowerShell
[0.860s] DEBUG:colcon.colcon_core.shell:Skip shell extension 'dsv' for command environment
[0.873s] DEBUG:colcon.colcon_core.event_handler.log_command:Invoking command in '/home/fuad/Downloads/fuad_ws/build/turtlebot3_bringup': CMAKE_PREFIX_PATH=/home/fuad/Downloads/fuad_ws/install/turtlebot3_description:/home/fuad/Downloads/fuad_ws/install/turtlebot3_gazebo:/home/fuad/Downloads/fuad_ws/install/turtlebot3_bringup:/opt/ros/jazzy/opt/gz_sim_vendor:/opt/ros/jazzy/opt/gz_sensors_vendor:/opt/ros/jazzy/opt/gz_physics_vendor:/opt/ros/jazzy/opt/sdformat_vendor:/opt/ros/jazzy/opt/gz_gui_vendor:/opt/ros/jazzy/opt/gz_transport_vendor:/opt/ros/jazzy/opt/gz_rendering_vendor:/opt/ros/jazzy/opt/gz_plugin_vendor:/opt/ros/jazzy/opt/gz_fuel_tools_vendor:/opt/ros/jazzy/opt/gz_msgs_vendor:/opt/ros/jazzy/opt/gz_common_vendor:/opt/ros/jazzy/opt/gz_math_vendor:/opt/ros/jazzy/opt/gz_utils_vendor:/opt/ros/jazzy/opt/gz_tools_vendor:/opt/ros/jazzy/opt/gz_ogre_next_vendor:/opt/ros/jazzy/opt/gz_dartsim_vendor:/opt/ros/jazzy/opt/gz_cmake_vendor:/home/fuad/Downloads/fuad_ws/install/quadcopter_gazebo:/home/fuad/Downloads/fuad_ws/install/integration_pkg:/opt/ros/jazzy DEBUGINFOD_URLS=https://debuginfod.ubuntu.com PS1=(.venv) \[\e]0;\u@\h: \w\a\]${debian_chroot:+($debian_chroot)}\[\033[01;32m\]\u@\h\[\033[00m\]:\[\033[01;34m\]\w\[\033[00m\]\$ VIRTUAL_ENV_PROMPT=(.venv) /usr/bin/cmake --build /home/fuad/Downloads/fuad_ws/build/turtlebot3_bringup -- -j16 -l16
[0.936s] DEBUG:colcon.colcon_core.event_handler.log_command:Invoked command in '/home/fuad/Downloads/fuad_ws/build/turtlebot3_bringup' returned '0': CMAKE_PREFIX_PATH=/home/fuad/Downloads/fuad_ws/install/turtlebot3_description:/home/fuad/Downloads/fuad_ws/install/turtlebot3_gazebo:/home/fuad/Downloads/fuad_ws/install/turtlebot3_bringup:/opt/ros/jazzy/opt/gz_sim_vendor:/opt/ros/jazzy/opt/gz_sensors_vendor:/opt/ros/jazzy/opt/gz_physics_vendor:/opt/ros/jazzy/opt/sdformat_vendor:/opt/ros/jazzy/opt/gz_gui_vendor:/opt/ros/jazzy/opt/gz_transport_vendor:/opt/ros/jazzy/opt/gz_rendering_vendor:/opt/ros/jazzy/opt/gz_plugin_vendor:/opt/ros/jazzy/opt/gz_fuel_tools_vendor:/opt/ros/jazzy/opt/gz_msgs_vendor:/opt/ros/jazzy/opt/gz_common_vendor:/opt/ros/jazzy/opt/gz_math_vendor:/opt/ros/jazzy/opt/gz_utils_vendor:/opt/ros/jazzy/opt/gz_tools_vendor:/opt/ros/jazzy/opt/gz_ogre_next_vendor:/opt/ros/jazzy/opt/gz_dartsim_vendor:/opt/ros/jazzy/opt/gz_cmake_vendor:/home/fuad/Downloads/fuad_ws/install/quadcopter_gazebo:/home/fuad/Downloads/fuad_ws/install/integration_pkg:/opt/ros/jazzy DEBUGINFOD_URLS=https://debuginfod.ubuntu.com PS1=(.venv) \[\e]0;\u@\h: \w\a\]${debian_chroot:+($debian_chroot)}\[\033[01;32m\]\u@\h\[\033[00m\]:\[\033[01;34m\]\w\[\033[00m\]\$ VIRTUAL_ENV_PROMPT=(.venv) /usr/bin/cmake --build /home/fuad/Downloads/fuad_ws/build/turtlebot3_bringup -- -j16 -l16
[0.938s] DEBUG:colcon.colcon_core.event_handler.log_command:Invoking command in '/home/fuad/Downloads/fuad_ws/build/turtlebot3_bringup': CMAKE_PREFIX_PATH=/home/fuad/Downloads/fuad_ws/install/turtlebot3_description:/home/fuad/Downloads/fuad_ws/install/turtlebot3_gazebo:/home/fuad/Downloads/fuad_ws/install/turtlebot3_bringup:/opt/ros/jazzy/opt/gz_sim_vendor:/opt/ros/jazzy/opt/gz_sensors_vendor:/opt/ros/jazzy/opt/gz_physics_vendor:/opt/ros/jazzy/opt/sdformat_vendor:/opt/ros/jazzy/opt/gz_gui_vendor:/opt/ros/jazzy/opt/gz_transport_vendor:/opt/ros/jazzy/opt/gz_rendering_vendor:/opt/ros/jazzy/opt/gz_plugin_vendor:/opt/ros/jazzy/opt/gz_fuel_tools_vendor:/opt/ros/jazzy/opt/gz_msgs_vendor:/opt/ros/jazzy/opt/gz_common_vendor:/opt/ros/jazzy/opt/gz_math_vendor:/opt/ros/jazzy/opt/gz_utils_vendor:/opt/ros/jazzy/opt/gz_tools_vendor:/opt/ros/jazzy/opt/gz_ogre_next_vendor:/opt/ros/jazzy/opt/gz_dartsim_vendor:/opt/ros/jazzy/opt/gz_cmake_vendor:/home/fuad/Downloads/fuad_ws/install/quadcopter_gazebo:/home/fuad/Downloads/fuad_ws/install/integration_pkg:/opt/ros/jazzy DEBUGINFOD_URLS=https://debuginfod.ubuntu.com PS1=(.venv) \[\e]0;\u@\h: \w\a\]${debian_chroot:+($debian_chroot)}\[\033[01;32m\]\u@\h\[\033[00m\]:\[\033[01;34m\]\w\[\033[00m\]\$ VIRTUAL_ENV_PROMPT=(.venv) /usr/bin/cmake --install /home/fuad/Downloads/fuad_ws/build/turtlebot3_bringup
[0.948s] DEBUG:colcon.colcon_core.event_handler.log_command:Invoked command in '/home/fuad/Downloads/fuad_ws/build/turtlebot3_gazebo' returned '0': CMAKE_PREFIX_PATH=${CMAKE_PREFIX_PATH}:/home/fuad/Downloads/fuad_ws/install/quadcopter_gazebo:/home/fuad/Downloads/fuad_ws/install/integration_pkg:/opt/ros/jazzy DEBUGINFOD_URLS=https://debuginfod.ubuntu.com PS1=(.venv) \[\e]0;\u@\h: \w\a\]${debian_chroot:+($debian_chroot)}\[\033[01;32m\]\u@\h\[\033[00m\]:\[\033[01;34m\]\w\[\033[00m\]\$ VIRTUAL_ENV_PROMPT=(.venv) /usr/bin/cmake --build /home/fuad/Downloads/fuad_ws/build/turtlebot3_gazebo -- -j16 -l16
[0.953s] Level 1:colcon.colcon_core.environment:create_environment_scripts_only(turtlebot3_bringup)
[0.954s] Level 1:colcon.colcon_core.environment:checking '/home/fuad/Downloads/fuad_ws/install/turtlebot3_bringup' for CMake module files
[0.954s] DEBUG:colcon.colcon_core.event_handler.log_command:Invoking command in '/home/fuad/Downloads/fuad_ws/build/turtlebot3_gazebo': CMAKE_PREFIX_PATH=${CMAKE_PREFIX_PATH}:/home/fuad/Downloads/fuad_ws/install/quadcopter_gazebo:/home/fuad/Downloads/fuad_ws/install/integration_pkg:/opt/ros/jazzy DEBUGINFOD_URLS=https://debuginfod.ubuntu.com PS1=(.venv) \[\e]0;\u@\h: \w\a\]${debian_chroot:+($debian_chroot)}\[\033[01;32m\]\u@\h\[\033[00m\]:\[\033[01;34m\]\w\[\033[00m\]\$ VIRTUAL_ENV_PROMPT=(.venv) /usr/bin/cmake --install /home/fuad/Downloads/fuad_ws/build/turtlebot3_gazebo
[0.955s] Level 1:colcon.colcon_core.environment:checking '/home/fuad/Downloads/fuad_ws/install/turtlebot3_bringup' for CMake config files
[0.956s] DEBUG:colcon.colcon_core.event_handler.log_command:Invoked command in '/home/fuad/Downloads/fuad_ws/build/turtlebot3_bringup' returned '0': CMAKE_PREFIX_PATH=/home/fuad/Downloads/fuad_ws/install/turtlebot3_description:/home/fuad/Downloads/fuad_ws/install/turtlebot3_gazebo:/home/fuad/Downloads/fuad_ws/install/turtlebot3_bringup:/opt/ros/jazzy/opt/gz_sim_vendor:/opt/ros/jazzy/opt/gz_sensors_vendor:/opt/ros/jazzy/opt/gz_physics_vendor:/opt/ros/jazzy/opt/sdformat_vendor:/opt/ros/jazzy/opt/gz_gui_vendor:/opt/ros/jazzy/opt/gz_transport_vendor:/opt/ros/jazzy/opt/gz_rendering_vendor:/opt/ros/jazzy/opt/gz_plugin_vendor:/opt/ros/jazzy/opt/gz_fuel_tools_vendor:/opt/ros/jazzy/opt/gz_msgs_vendor:/opt/ros/jazzy/opt/gz_common_vendor:/opt/ros/jazzy/opt/gz_math_vendor:/opt/ros/jazzy/opt/gz_utils_vendor:/opt/ros/jazzy/opt/gz_tools_vendor:/opt/ros/jazzy/opt/gz_ogre_next_vendor:/opt/ros/jazzy/opt/gz_dartsim_vendor:/opt/ros/jazzy/opt/gz_cmake_vendor:/home/fuad/Downloads/fuad_ws/install/quadcopter_gazebo:/home/fuad/Downloads/fuad_ws/install/integration_pkg:/opt/ros/jazzy DEBUGINFOD_URLS=https://debuginfod.ubuntu.com PS1=(.venv) \[\e]0;\u@\h: \w\a\]${debian_chroot:+($debian_chroot)}\[\033[01;32m\]\u@\h\[\033[00m\]:\[\033[01;34m\]\w\[\033[00m\]\$ VIRTUAL_ENV_PROMPT=(.venv) /usr/bin/cmake --install /home/fuad/Downloads/fuad_ws/build/turtlebot3_bringup
[0.956s] Level 1:colcon.colcon_core.shell:create_environment_hook('turtlebot3_bringup', 'cmake_prefix_path')
[0.956s] INFO:colcon.colcon_core.shell:Creating environment hook '/home/fuad/Downloads/fuad_ws/install/turtlebot3_bringup/share/turtlebot3_bringup/hook/cmake_prefix_path.ps1'
[0.957s] INFO:colcon.colcon_core.shell:Creating environment descriptor '/home/fuad/Downloads/fuad_ws/install/turtlebot3_bringup/share/turtlebot3_bringup/hook/cmake_prefix_path.dsv'
[0.957s] INFO:colcon.colcon_core.shell:Creating environment hook '/home/fuad/Downloads/fuad_ws/install/turtlebot3_bringup/share/turtlebot3_bringup/hook/cmake_prefix_path.sh'
[0.958s] Level 1:colcon.colcon_core.environment:checking '/home/fuad/Downloads/fuad_ws/install/turtlebot3_bringup/bin'
[0.958s] Level 1:colcon.colcon_core.environment:checking '/home/fuad/Downloads/fuad_ws/install/turtlebot3_bringup/lib/pkgconfig/turtlebot3_bringup.pc'
[0.959s] Level 1:colcon.colcon_core.environment:checking '/home/fuad/Downloads/fuad_ws/install/turtlebot3_bringup/lib/python3.12/site-packages'
[0.959s] Level 1:colcon.colcon_core.environment:checking '/home/fuad/Downloads/fuad_ws/install/turtlebot3_bringup/bin'
[0.959s] INFO:colcon.colcon_core.shell:Creating package script '/home/fuad/Downloads/fuad_ws/install/turtlebot3_bringup/share/turtlebot3_bringup/package.ps1'
[0.960s] INFO:colcon.colcon_core.shell:Creating package descriptor '/home/fuad/Downloads/fuad_ws/install/turtlebot3_bringup/share/turtlebot3_bringup/package.dsv'
[0.961s] INFO:colcon.colcon_core.shell:Creating package script '/home/fuad/Downloads/fuad_ws/install/turtlebot3_bringup/share/turtlebot3_bringup/package.sh'
[0.961s] INFO:colcon.colcon_core.shell:Creating package script '/home/fuad/Downloads/fuad_ws/install/turtlebot3_bringup/share/turtlebot3_bringup/package.bash'
[0.962s] INFO:colcon.colcon_core.shell:Creating package script '/home/fuad/Downloads/fuad_ws/install/turtlebot3_bringup/share/turtlebot3_bringup/package.zsh'
[0.963s] Level 1:colcon.colcon_core.environment:create_file_with_runtime_dependencies(/home/fuad/Downloads/fuad_ws/install/turtlebot3_bringup/share/colcon-core/packages/turtlebot3_bringup)
[0.964s] Level 1:colcon.colcon_core.environment:create_environment_scripts_only(turtlebot3_bringup)
[0.964s] Level 1:colcon.colcon_core.environment:checking '/home/fuad/Downloads/fuad_ws/install/turtlebot3_bringup' for CMake module files
[0.965s] Level 1:colcon.colcon_core.environment:checking '/home/fuad/Downloads/fuad_ws/install/turtlebot3_bringup' for CMake config files
[0.967s] Level 1:colcon.colcon_core.shell:create_environment_hook('turtlebot3_bringup', 'cmake_prefix_path')
[0.968s] INFO:colcon.colcon_core.shell:Creating environment hook '/home/fuad/Downloads/fuad_ws/install/turtlebot3_bringup/share/turtlebot3_bringup/hook/cmake_prefix_path.ps1'
[0.969s] INFO:colcon.colcon_core.shell:Creating environment descriptor '/home/fuad/Downloads/fuad_ws/install/turtlebot3_bringup/share/turtlebot3_bringup/hook/cmake_prefix_path.dsv'
[0.970s] INFO:colcon.colcon_core.shell:Creating environment hook '/home/fuad/Downloads/fuad_ws/install/turtlebot3_bringup/share/turtlebot3_bringup/hook/cmake_prefix_path.sh'
[0.972s] Level 1:colcon.colcon_core.environment:checking '/home/fuad/Downloads/fuad_ws/install/turtlebot3_bringup/bin'
[0.972s] Level 1:colcon.colcon_core.environment:checking '/home/fuad/Downloads/fuad_ws/install/turtlebot3_bringup/lib/pkgconfig/turtlebot3_bringup.pc'
[0.972s] Level 1:colcon.colcon_core.environment:checking '/home/fuad/Downloads/fuad_ws/install/turtlebot3_bringup/lib/python3.12/site-packages'
[0.972s] Level 1:colcon.colcon_core.environment:checking '/home/fuad/Downloads/fuad_ws/install/turtlebot3_bringup/bin'
[0.973s] INFO:colcon.colcon_core.shell:Creating package script '/home/fuad/Downloads/fuad_ws/install/turtlebot3_bringup/share/turtlebot3_bringup/package.ps1'
[0.974s] INFO:colcon.colcon_core.shell:Creating package descriptor '/home/fuad/Downloads/fuad_ws/install/turtlebot3_bringup/share/turtlebot3_bringup/package.dsv'
[0.975s] INFO:colcon.colcon_core.shell:Creating package script '/home/fuad/Downloads/fuad_ws/install/turtlebot3_bringup/share/turtlebot3_bringup/package.sh'
[0.975s] INFO:colcon.colcon_core.shell:Creating package script '/home/fuad/Downloads/fuad_ws/install/turtlebot3_bringup/share/turtlebot3_bringup/package.bash'
[0.976s] INFO:colcon.colcon_core.shell:Creating package script '/home/fuad/Downloads/fuad_ws/install/turtlebot3_bringup/share/turtlebot3_bringup/package.zsh'
[0.977s] Level 1:colcon.colcon_core.environment:create_file_with_runtime_dependencies(/home/fuad/Downloads/fuad_ws/install/turtlebot3_bringup/share/colcon-core/packages/turtlebot3_bringup)
[0.979s] Level 1:colcon.colcon_core.environment:create_environment_scripts_only(turtlebot3_gazebo)
[0.979s] Level 1:colcon.colcon_core.environment:checking '/home/fuad/Downloads/fuad_ws/install/turtlebot3_gazebo' for CMake module files
[0.980s] Level 1:colcon.colcon_core.environment:checking '/home/fuad/Downloads/fuad_ws/install/turtlebot3_gazebo' for CMake config files
[0.981s] Level 1:colcon.colcon_core.shell:create_environment_hook('turtlebot3_gazebo', 'cmake_prefix_path')
[0.981s] INFO:colcon.colcon_core.shell:Creating environment hook '/home/fuad/Downloads/fuad_ws/install/turtlebot3_gazebo/share/turtlebot3_gazebo/hook/cmake_prefix_path.ps1'
[0.982s] INFO:colcon.colcon_core.shell:Creating environment descriptor '/home/fuad/Downloads/fuad_ws/install/turtlebot3_gazebo/share/turtlebot3_gazebo/hook/cmake_prefix_path.dsv'
[0.983s] INFO:colcon.colcon_core.shell:Creating environment hook '/home/fuad/Downloads/fuad_ws/install/turtlebot3_gazebo/share/turtlebot3_gazebo/hook/cmake_prefix_path.sh'
[0.984s] Level 1:colcon.colcon_core.environment:checking '/home/fuad/Downloads/fuad_ws/install/turtlebot3_gazebo/lib'
[0.985s] Level 1:colcon.colcon_core.environment:checking '/home/fuad/Downloads/fuad_ws/install/turtlebot3_gazebo/bin'
[0.985s] Level 1:colcon.colcon_core.environment:checking '/home/fuad/Downloads/fuad_ws/install/turtlebot3_gazebo/lib/pkgconfig/turtlebot3_gazebo.pc'
[0.986s] Level 1:colcon.colcon_core.environment:checking '/home/fuad/Downloads/fuad_ws/install/turtlebot3_gazebo/lib/python3.12/site-packages'
[0.986s] Level 1:colcon.colcon_core.environment:checking '/home/fuad/Downloads/fuad_ws/install/turtlebot3_gazebo/bin'
[0.986s] INFO:colcon.colcon_core.shell:Creating package script '/home/fuad/Downloads/fuad_ws/install/turtlebot3_gazebo/share/turtlebot3_gazebo/package.ps1'
[0.988s] INFO:colcon.colcon_core.shell:Creating package descriptor '/home/fuad/Downloads/fuad_ws/install/turtlebot3_gazebo/share/turtlebot3_gazebo/package.dsv'
[0.988s] INFO:colcon.colcon_core.shell:Creating package script '/home/fuad/Downloads/fuad_ws/install/turtlebot3_gazebo/share/turtlebot3_gazebo/package.sh'
[0.989s] INFO:colcon.colcon_core.shell:Creating package script '/home/fuad/Downloads/fuad_ws/install/turtlebot3_gazebo/share/turtlebot3_gazebo/package.bash'
[0.990s] INFO:colcon.colcon_core.shell:Creating package script '/home/fuad/Downloads/fuad_ws/install/turtlebot3_gazebo/share/turtlebot3_gazebo/package.zsh'
[0.991s] Level 1:colcon.colcon_core.environment:create_file_with_runtime_dependencies(/home/fuad/Downloads/fuad_ws/install/turtlebot3_gazebo/share/colcon-core/packages/turtlebot3_gazebo)
[0.992s] Level 1:colcon.colcon_core.environment:create_environment_scripts_only(turtlebot3_gazebo)
[0.992s] Level 1:colcon.colcon_core.environment:checking '/home/fuad/Downloads/fuad_ws/install/turtlebot3_gazebo' for CMake module files
[0.993s] Level 1:colcon.colcon_core.environment:checking '/home/fuad/Downloads/fuad_ws/install/turtlebot3_gazebo' for CMake config files
[0.993s] Level 1:colcon.colcon_core.shell:create_environment_hook('turtlebot3_gazebo', 'cmake_prefix_path')
[0.993s] INFO:colcon.colcon_core.shell:Creating environment hook '/home/fuad/Downloads/fuad_ws/install/turtlebot3_gazebo/share/turtlebot3_gazebo/hook/cmake_prefix_path.ps1'
[0.994s] INFO:colcon.colcon_core.shell:Creating environment descriptor '/home/fuad/Downloads/fuad_ws/install/turtlebot3_gazebo/share/turtlebot3_gazebo/hook/cmake_prefix_path.dsv'
[0.995s] INFO:colcon.colcon_core.shell:Creating environment hook '/home/fuad/Downloads/fuad_ws/install/turtlebot3_gazebo/share/turtlebot3_gazebo/hook/cmake_prefix_path.sh'
[0.996s] Level 1:colcon.colcon_core.environment:checking '/home/fuad/Downloads/fuad_ws/install/turtlebot3_gazebo/lib'
[0.997s] Level 1:colcon.colcon_core.environment:checking '/home/fuad/Downloads/fuad_ws/install/turtlebot3_gazebo/bin'
[0.997s] Level 1:colcon.colcon_core.environment:checking '/home/fuad/Downloads/fuad_ws/install/turtlebot3_gazebo/lib/pkgconfig/turtlebot3_gazebo.pc'
[0.997s] Level 1:colcon.colcon_core.environment:checking '/home/fuad/Downloads/fuad_ws/install/turtlebot3_gazebo/lib/python3.12/site-packages'
[0.997s] Level 1:colcon.colcon_core.environment:checking '/home/fuad/Downloads/fuad_ws/install/turtlebot3_gazebo/bin'
[0.997s] INFO:colcon.colcon_core.shell:Creating package script '/home/fuad/Downloads/fuad_ws/install/turtlebot3_gazebo/share/turtlebot3_gazebo/package.ps1'
[0.999s] INFO:colcon.colcon_core.shell:Creating package descriptor '/home/fuad/Downloads/fuad_ws/install/turtlebot3_gazebo/share/turtlebot3_gazebo/package.dsv'
[1.000s] INFO:colcon.colcon_core.shell:Creating package script '/home/fuad/Downloads/fuad_ws/install/turtlebot3_gazebo/share/turtlebot3_gazebo/package.sh'
[1.000s] INFO:colcon.colcon_core.shell:Creating package script '/home/fuad/Downloads/fuad_ws/install/turtlebot3_gazebo/share/turtlebot3_gazebo/package.bash'
[1.002s] INFO:colcon.colcon_core.shell:Creating package script '/home/fuad/Downloads/fuad_ws/install/turtlebot3_gazebo/share/turtlebot3_gazebo/package.zsh'
[1.003s] Level 1:colcon.colcon_core.environment:create_file_with_runtime_dependencies(/home/fuad/Downloads/fuad_ws/install/turtlebot3_gazebo/share/colcon-core/packages/turtlebot3_gazebo)
[1.006s] DEBUG:colcon.colcon_core.event_handler.log_command:Invoked command in '/home/fuad/Downloads/fuad_ws/build/turtlebot3_gazebo' returned '0': CMAKE_PREFIX_PATH=${CMAKE_PREFIX_PATH}:/home/fuad/Downloads/fuad_ws/install/quadcopter_gazebo:/home/fuad/Downloads/fuad_ws/install/integration_pkg:/opt/ros/jazzy DEBUGINFOD_URLS=https://debuginfod.ubuntu.com PS1=(.venv) \[\e]0;\u@\h: \w\a\]${debian_chroot:+($debian_chroot)}\[\033[01;32m\]\u@\h\[\033[00m\]:\[\033[01;34m\]\w\[\033[00m\]\$ VIRTUAL_ENV_PROMPT=(.venv) /usr/bin/cmake --install /home/fuad/Downloads/fuad_ws/build/turtlebot3_gazebo
[1.370s] DEBUG:colcon.colcon_core.task.python.build:Available setuptools commands: bdist_egg, build, rotate, build_clib, install_lib, symlink_data, editable_wheel, bdist_rpm, install_scripts, easy_install, install_data, build_ext, clean, dist_info, check, setopt, alias, bdist_wheel, egg_info, bdist_dumb, develop, install_egg_info, build_py, sdist, install, install_headers, saveopts, build_scripts, bdist
[1.374s] DEBUG:colcon.colcon_core.task.python.build:Available setuptools commands: bdist_egg, build, rotate, build_clib, install_lib, symlink_data, editable_wheel, bdist_rpm, install_scripts, easy_install, install_data, build_ext, clean, dist_info, check, setopt, alias, bdist_wheel, egg_info, bdist_dumb, develop, install_egg_info, build_py, sdist, install, install_headers, saveopts, build_scripts, bdist
[1.375s] DEBUG:colcon.colcon_core.event_handler.log_command:Invoking command in '/home/fuad/Downloads/fuad_ws/src/quadcopter_gazebo': DEBUGINFOD_URLS=https://debuginfod.ubuntu.com PS1=(.venv) \[\e]0;\u@\h: \w\a\]${debian_chroot:+($debian_chroot)}\[\033[01;32m\]\u@\h\[\033[00m\]:\[\033[01;34m\]\w\[\033[00m\]\$ PYTHONPATH=/home/fuad/Downloads/fuad_ws/build/quadcopter_gazebo/prefix_override:/home/fuad/Downloads/fuad_ws/.venv/lib/python3.12/site-packages/colcon_core/task/python/colcon_distutils_commands:/home/fuad/Downloads/fuad_ws/install/quadcopter_gazebo/lib/python3.12/site-packages:${PYTHONPATH} VIRTUAL_ENV_PROMPT=(.venv) /home/fuad/Downloads/fuad_ws/.venv/bin/python3 -W ignore:setup.py install is deprecated -W ignore:easy_install command is deprecated setup.py egg_info --egg-base ../../build/quadcopter_gazebo build --build-base /home/fuad/Downloads/fuad_ws/build/quadcopter_gazebo/build install --record /home/fuad/Downloads/fuad_ws/build/quadcopter_gazebo/install.log --install-scripts $base/lib/quadcopter_gazebo --single-version-externally-managed install_data
[1.379s] DEBUG:colcon.colcon_core.event_handler.log_command:Invoking command in '/home/fuad/Downloads/fuad_ws/src/integration_pkg': DEBUGINFOD_URLS=https://debuginfod.ubuntu.com PS1=(.venv) \[\e]0;\u@\h: \w\a\]${debian_chroot:+($debian_chroot)}\[\033[01;32m\]\u@\h\[\033[00m\]:\[\033[01;34m\]\w\[\033[00m\]\$ PYTHONPATH=/home/fuad/Downloads/fuad_ws/build/integration_pkg/prefix_override:/home/fuad/Downloads/fuad_ws/.venv/lib/python3.12/site-packages/colcon_core/task/python/colcon_distutils_commands:/home/fuad/Downloads/fuad_ws/install/integration_pkg/lib/python3.12/site-packages:${PYTHONPATH} VIRTUAL_ENV_PROMPT=(.venv) /home/fuad/Downloads/fuad_ws/.venv/bin/python3 -W ignore:setup.py install is deprecated -W ignore:easy_install command is deprecated setup.py egg_info --egg-base ../../build/integration_pkg build --build-base /home/fuad/Downloads/fuad_ws/build/integration_pkg/build install --record /home/fuad/Downloads/fuad_ws/build/integration_pkg/install.log --install-scripts $base/lib/integration_pkg --single-version-externally-managed install_data
[1.851s] Level 1:colcon.colcon_core.environment:checking '/home/fuad/Downloads/fuad_ws/install/quadcopter_gazebo' for CMake module files
[1.852s] DEBUG:colcon.colcon_core.event_handler.log_command:Invoked command in '/home/fuad/Downloads/fuad_ws/src/quadcopter_gazebo' returned '0': DEBUGINFOD_URLS=https://debuginfod.ubuntu.com PS1=(.venv) \[\e]0;\u@\h: \w\a\]${debian_chroot:+($debian_chroot)}\[\033[01;32m\]\u@\h\[\033[00m\]:\[\033[01;34m\]\w\[\033[00m\]\$ PYTHONPATH=/home/fuad/Downloads/fuad_ws/build/quadcopter_gazebo/prefix_override:/home/fuad/Downloads/fuad_ws/.venv/lib/python3.12/site-packages/colcon_core/task/python/colcon_distutils_commands:/home/fuad/Downloads/fuad_ws/install/quadcopter_gazebo/lib/python3.12/site-packages:${PYTHONPATH} VIRTUAL_ENV_PROMPT=(.venv) /home/fuad/Downloads/fuad_ws/.venv/bin/python3 -W ignore:setup.py install is deprecated -W ignore:easy_install command is deprecated setup.py egg_info --egg-base ../../build/quadcopter_gazebo build --build-base /home/fuad/Downloads/fuad_ws/build/quadcopter_gazebo/build install --record /home/fuad/Downloads/fuad_ws/build/quadcopter_gazebo/install.log --install-scripts $base/lib/quadcopter_gazebo --single-version-externally-managed install_data
[1.853s] Level 1:colcon.colcon_core.environment:checking '/home/fuad/Downloads/fuad_ws/install/quadcopter_gazebo' for CMake config files
[1.854s] Level 1:colcon.colcon_core.environment:checking '/home/fuad/Downloads/fuad_ws/install/quadcopter_gazebo/lib'
[1.855s] Level 1:colcon.colcon_core.environment:checking '/home/fuad/Downloads/fuad_ws/install/quadcopter_gazebo/bin'
[1.855s] Level 1:colcon.colcon_core.environment:checking '/home/fuad/Downloads/fuad_ws/install/quadcopter_gazebo/lib/pkgconfig/quadcopter_gazebo.pc'
[1.855s] Level 1:colcon.colcon_core.environment:checking '/home/fuad/Downloads/fuad_ws/install/quadcopter_gazebo/lib/python3.12/site-packages'
[1.856s] Level 1:colcon.colcon_core.shell:create_environment_hook('quadcopter_gazebo', 'pythonpath')
[1.856s] INFO:colcon.colcon_core.shell:Creating environment hook '/home/fuad/Downloads/fuad_ws/install/quadcopter_gazebo/share/quadcopter_gazebo/hook/pythonpath.ps1'
[1.857s] INFO:colcon.colcon_core.shell:Creating environment descriptor '/home/fuad/Downloads/fuad_ws/install/quadcopter_gazebo/share/quadcopter_gazebo/hook/pythonpath.dsv'
[1.858s] INFO:colcon.colcon_core.shell:Creating environment hook '/home/fuad/Downloads/fuad_ws/install/quadcopter_gazebo/share/quadcopter_gazebo/hook/pythonpath.sh'
[1.860s] Level 1:colcon.colcon_core.environment:checking '/home/fuad/Downloads/fuad_ws/install/quadcopter_gazebo/bin'
[1.861s] Level 1:colcon.colcon_core.environment:create_environment_scripts_only(quadcopter_gazebo)
[1.861s] INFO:colcon.colcon_core.shell:Creating package script '/home/fuad/Downloads/fuad_ws/install/quadcopter_gazebo/share/quadcopter_gazebo/package.ps1'
[1.863s] INFO:colcon.colcon_core.shell:Creating package descriptor '/home/fuad/Downloads/fuad_ws/install/quadcopter_gazebo/share/quadcopter_gazebo/package.dsv'
[1.865s] INFO:colcon.colcon_core.shell:Creating package script '/home/fuad/Downloads/fuad_ws/install/quadcopter_gazebo/share/quadcopter_gazebo/package.sh'
[1.866s] INFO:colcon.colcon_core.shell:Creating package script '/home/fuad/Downloads/fuad_ws/install/quadcopter_gazebo/share/quadcopter_gazebo/package.bash'
[1.867s] INFO:colcon.colcon_core.shell:Creating package script '/home/fuad/Downloads/fuad_ws/install/quadcopter_gazebo/share/quadcopter_gazebo/package.zsh'
[1.868s] Level 1:colcon.colcon_core.environment:create_file_with_runtime_dependencies(/home/fuad/Downloads/fuad_ws/install/quadcopter_gazebo/share/colcon-core/packages/quadcopter_gazebo)
[1.871s] Level 1:colcon.colcon_core.environment:checking '/home/fuad/Downloads/fuad_ws/install/integration_pkg' for CMake module files
[1.873s] DEBUG:colcon.colcon_core.event_handler.log_command:Invoked command in '/home/fuad/Downloads/fuad_ws/src/integration_pkg' returned '0': DEBUGINFOD_URLS=https://debuginfod.ubuntu.com PS1=(.venv) \[\e]0;\u@\h: \w\a\]${debian_chroot:+($debian_chroot)}\[\033[01;32m\]\u@\h\[\033[00m\]:\[\033[01;34m\]\w\[\033[00m\]\$ PYTHONPATH=/home/fuad/Downloads/fuad_ws/build/integration_pkg/prefix_override:/home/fuad/Downloads/fuad_ws/.venv/lib/python3.12/site-packages/colcon_core/task/python/colcon_distutils_commands:/home/fuad/Downloads/fuad_ws/install/integration_pkg/lib/python3.12/site-packages:${PYTHONPATH} VIRTUAL_ENV_PROMPT=(.venv) /home/fuad/Downloads/fuad_ws/.venv/bin/python3 -W ignore:setup.py install is deprecated -W ignore:easy_install command is deprecated setup.py egg_info --egg-base ../../build/integration_pkg build --build-base /home/fuad/Downloads/fuad_ws/build/integration_pkg/build install --record /home/fuad/Downloads/fuad_ws/build/integration_pkg/install.log --install-scripts $base/lib/integration_pkg --single-version-externally-managed install_data
[1.874s] Level 1:colcon.colcon_core.environment:checking '/home/fuad/Downloads/fuad_ws/install/integration_pkg' for CMake config files
[1.876s] Level 1:colcon.colcon_core.environment:checking '/home/fuad/Downloads/fuad_ws/install/integration_pkg/lib'
[1.876s] Level 1:colcon.colcon_core.environment:checking '/home/fuad/Downloads/fuad_ws/install/integration_pkg/bin'
[1.876s] Level 1:colcon.colcon_core.environment:checking '/home/fuad/Downloads/fuad_ws/install/integration_pkg/lib/pkgconfig/integration_pkg.pc'
[1.876s] Level 1:colcon.colcon_core.environment:checking '/home/fuad/Downloads/fuad_ws/install/integration_pkg/lib/python3.12/site-packages'
[1.877s] Level 1:colcon.colcon_core.shell:create_environment_hook('integration_pkg', 'pythonpath')
[1.877s] INFO:colcon.colcon_core.shell:Creating environment hook '/home/fuad/Downloads/fuad_ws/install/integration_pkg/share/integration_pkg/hook/pythonpath.ps1'
[1.879s] INFO:colcon.colcon_core.shell:Creating environment descriptor '/home/fuad/Downloads/fuad_ws/install/integration_pkg/share/integration_pkg/hook/pythonpath.dsv'
[1.881s] INFO:colcon.colcon_core.shell:Creating environment hook '/home/fuad/Downloads/fuad_ws/install/integration_pkg/share/integration_pkg/hook/pythonpath.sh'
[1.883s] Level 1:colcon.colcon_core.environment:checking '/home/fuad/Downloads/fuad_ws/install/integration_pkg/bin'
[1.884s] Level 1:colcon.colcon_core.environment:create_environment_scripts_only(integration_pkg)
[1.884s] INFO:colcon.colcon_core.shell:Creating package script '/home/fuad/Downloads/fuad_ws/install/integration_pkg/share/integration_pkg/package.ps1'
[1.887s] INFO:colcon.colcon_core.shell:Creating package descriptor '/home/fuad/Downloads/fuad_ws/install/integration_pkg/share/integration_pkg/package.dsv'
[1.889s] INFO:colcon.colcon_core.shell:Creating package script '/home/fuad/Downloads/fuad_ws/install/integration_pkg/share/integration_pkg/package.sh'
[1.890s] INFO:colcon.colcon_core.shell:Creating package script '/home/fuad/Downloads/fuad_ws/install/integration_pkg/share/integration_pkg/package.bash'
[1.891s] INFO:colcon.colcon_core.shell:Creating package script '/home/fuad/Downloads/fuad_ws/install/integration_pkg/share/integration_pkg/package.zsh'
[1.892s] Level 1:colcon.colcon_core.environment:create_file_with_runtime_dependencies(/home/fuad/Downloads/fuad_ws/install/integration_pkg/share/colcon-core/packages/integration_pkg)
[1.893s] DEBUG:colcon.colcon_parallel_executor.executor.parallel:closing loop
[1.894s] DEBUG:colcon.colcon_parallel_executor.executor.parallel:loop closed
[1.894s] DEBUG:colcon.colcon_parallel_executor.executor.parallel:run_until_complete finished with '0'
[1.894s] DEBUG:colcon.colcon_core.event_reactor:joining thread
[1.900s] INFO:colcon.colcon_core.plugin_system:Skipping extension 'colcon_notification.desktop_notification.notify2': 'notify2' not found
[1.901s] INFO:colcon.colcon_core.plugin_system:Skipping extension 'colcon_notification.desktop_notification.terminal_notifier': Not used on non-Darwin systems
[1.901s] INFO:colcon.colcon_core.plugin_system:Skipping extension 'colcon_notification.desktop_notification.win32': Not used on non-Windows systems
[1.901s] INFO:colcon.colcon_notification.desktop_notification:Sending desktop notification using 'notify_send'
[1.932s] DEBUG:colcon.colcon_core.event_reactor:joined thread
[1.933s] INFO:colcon.colcon_core.shell:Creating prefix script '/home/fuad/Downloads/fuad_ws/install/local_setup.ps1'
[1.936s] INFO:colcon.colcon_core.shell:Creating prefix util module '/home/fuad/Downloads/fuad_ws/install/_local_setup_util_ps1.py'
[1.940s] INFO:colcon.colcon_core.shell:Creating prefix chain script '/home/fuad/Downloads/fuad_ws/install/setup.ps1'
[1.943s] INFO:colcon.colcon_core.shell:Creating prefix script '/home/fuad/Downloads/fuad_ws/install/local_setup.sh'
[1.946s] INFO:colcon.colcon_core.shell:Creating prefix util module '/home/fuad/Downloads/fuad_ws/install/_local_setup_util_sh.py'
[1.948s] INFO:colcon.colcon_core.shell:Creating prefix chain script '/home/fuad/Downloads/fuad_ws/install/setup.sh'
[1.952s] INFO:colcon.colcon_core.shell:Creating prefix script '/home/fuad/Downloads/fuad_ws/install/local_setup.bash'
[1.955s] INFO:colcon.colcon_core.shell:Creating prefix chain script '/home/fuad/Downloads/fuad_ws/install/setup.bash'
[1.958s] INFO:colcon.colcon_core.shell:Creating prefix script '/home/fuad/Downloads/fuad_ws/install/local_setup.zsh'
[1.960s] INFO:colcon.colcon_core.shell:Creating prefix chain script '/home/fuad/Downloads/fuad_ws/install/setup.zsh'
