[0.134s] DEBUG:colcon:Command line arguments: ['/home/fuad/Downloads/fuad_ws/.venv/bin/colcon', 'build']
[0.134s] DEBUG:colcon:Parsed command line arguments: Namespace(log_base=None, log_level=None, verb_name='build', build_base='build', install_base='install', merge_install=False, symlink_install=False, test_result_base=None, continue_on_error=False, executor='parallel', parallel_workers=16, event_handlers=None, ignore_user_meta=False, metas=['./colcon.meta'], base_paths=['.'], packages_ignore=None, packages_ignore_regex=None, paths=None, packages_up_to=None, packages_up_to_regex=None, packages_above=None, packages_above_and_dependencies=None, packages_above_depth=None, packages_select_by_dep=None, packages_skip_by_dep=None, packages_skip_up_to=None, packages_select_build_failed=False, packages_skip_build_finished=False, packages_select_test_failures=False, packages_skip_test_passed=False, packages_select=None, packages_skip=None, packages_select_regex=None, packages_skip_regex=None, packages_start=None, packages_end=None, cmake_args=None, cmake_target=None, cmake_target_skip_unavailable=False, cmake_clean_cache=False, cmake_clean_first=False, cmake_force_configure=False, ament_cmake_args=None, catkin_cmake_args=None, catkin_skip_building_tests=False, verb_parser=<colcon_defaults.argument_parser.defaults.DefaultArgumentsDecorator object at 0x7f8d2f4aec90>, verb_extension=<colcon_core.verb.build.BuildVerb object at 0x7f8d2f5bb110>, main=<bound method BuildVerb.main of <colcon_core.verb.build.BuildVerb object at 0x7f8d2f5bb110>>)
[0.170s] Level 1:colcon.colcon_core.package_discovery:discover_packages(colcon_meta) check parameters
[0.170s] Level 1:colcon.colcon_core.package_discovery:discover_packages(recursive) check parameters
[0.170s] Level 1:colcon.colcon_core.package_discovery:discover_packages(ignore) check parameters
[0.170s] Level 1:colcon.colcon_core.package_discovery:discover_packages(path) check parameters
[0.170s] Level 1:colcon.colcon_core.package_discovery:discover_packages(colcon_meta) discover
[0.171s] Level 1:colcon.colcon_core.package_discovery:discover_packages(recursive) discover
[0.171s] INFO:colcon.colcon_core.package_discovery:Crawling recursively for packages in '/home/fuad/Downloads/fuad_ws'
[0.171s] Level 1:colcon.colcon_core.package_identification:_identify(.) by extensions ['ignore', 'ignore_ament_install']
[0.171s] Level 1:colcon.colcon_core.package_identification:_identify(.) by extension 'ignore'
[0.171s] Level 1:colcon.colcon_core.package_identification:_identify(.) by extension 'ignore_ament_install'
[0.171s] Level 1:colcon.colcon_core.package_identification:_identify(.) by extensions ['colcon_pkg']
[0.171s] Level 1:colcon.colcon_core.package_identification:_identify(.) by extension 'colcon_pkg'
[0.171s] Level 1:colcon.colcon_core.package_identification:_identify(.) by extensions ['colcon_meta']
[0.171s] Level 1:colcon.colcon_core.package_identification:_identify(.) by extension 'colcon_meta'
[0.171s] Level 1:colcon.colcon_core.package_identification:_identify(.) by extensions ['ros']
[0.171s] Level 1:colcon.colcon_core.package_identification:_identify(.) by extension 'ros'
[0.200s] Level 1:colcon.colcon_core.package_identification:_identify(.) by extensions ['cmake', 'python']
[0.200s] Level 1:colcon.colcon_core.package_identification:_identify(.) by extension 'cmake'
[0.200s] Level 1:colcon.colcon_core.package_identification:_identify(.) by extension 'python'
[0.200s] Level 1:colcon.colcon_core.package_identification:_identify(.) by extensions ['python_setup_py']
[0.200s] Level 1:colcon.colcon_core.package_identification:_identify(.) by extension 'python_setup_py'
[0.201s] Level 1:colcon.colcon_core.package_identification:_identify(build) by extensions ['ignore', 'ignore_ament_install']
[0.201s] Level 1:colcon.colcon_core.package_identification:_identify(build) by extension 'ignore'
[0.201s] Level 1:colcon.colcon_core.package_identification:_identify(build) ignored
[0.201s] Level 1:colcon.colcon_core.package_identification:_identify(install) by extensions ['ignore', 'ignore_ament_install']
[0.201s] Level 1:colcon.colcon_core.package_identification:_identify(install) by extension 'ignore'
[0.201s] Level 1:colcon.colcon_core.package_identification:_identify(install) ignored
[0.201s] Level 1:colcon.colcon_core.package_identification:_identify(log) by extensions ['ignore', 'ignore_ament_install']
[0.201s] Level 1:colcon.colcon_core.package_identification:_identify(log) by extension 'ignore'
[0.201s] Level 1:colcon.colcon_core.package_identification:_identify(log) ignored
[0.201s] Level 1:colcon.colcon_core.package_identification:_identify(src) by extensions ['ignore', 'ignore_ament_install']
[0.201s] Level 1:colcon.colcon_core.package_identification:_identify(src) by extension 'ignore'
[0.201s] Level 1:colcon.colcon_core.package_identification:_identify(src) by extension 'ignore_ament_install'
[0.201s] Level 1:colcon.colcon_core.package_identification:_identify(src) by extensions ['colcon_pkg']
[0.201s] Level 1:colcon.colcon_core.package_identification:_identify(src) by extension 'colcon_pkg'
[0.201s] Level 1:colcon.colcon_core.package_identification:_identify(src) by extensions ['colcon_meta']
[0.201s] Level 1:colcon.colcon_core.package_identification:_identify(src) by extension 'colcon_meta'
[0.202s] Level 1:colcon.colcon_core.package_identification:_identify(src) by extensions ['ros']
[0.202s] Level 1:colcon.colcon_core.package_identification:_identify(src) by extension 'ros'
[0.202s] Level 1:colcon.colcon_core.package_identification:_identify(src) by extensions ['cmake', 'python']
[0.202s] Level 1:colcon.colcon_core.package_identification:_identify(src) by extension 'cmake'
[0.202s] Level 1:colcon.colcon_core.package_identification:_identify(src) by extension 'python'
[0.202s] Level 1:colcon.colcon_core.package_identification:_identify(src) by extensions ['python_setup_py']
[0.202s] Level 1:colcon.colcon_core.package_identification:_identify(src) by extension 'python_setup_py'
[0.202s] Level 1:colcon.colcon_core.package_identification:_identify(src/integration_pkg) by extensions ['ignore', 'ignore_ament_install']
[0.202s] Level 1:colcon.colcon_core.package_identification:_identify(src/integration_pkg) by extension 'ignore'
[0.202s] Level 1:colcon.colcon_core.package_identification:_identify(src/integration_pkg) by extension 'ignore_ament_install'
[0.202s] Level 1:colcon.colcon_core.package_identification:_identify(src/integration_pkg) by extensions ['colcon_pkg']
[0.202s] Level 1:colcon.colcon_core.package_identification:_identify(src/integration_pkg) by extension 'colcon_pkg'
[0.202s] Level 1:colcon.colcon_core.package_identification:_identify(src/integration_pkg) by extensions ['colcon_meta']
[0.202s] Level 1:colcon.colcon_core.package_identification:_identify(src/integration_pkg) by extension 'colcon_meta'
[0.202s] Level 1:colcon.colcon_core.package_identification:_identify(src/integration_pkg) by extensions ['ros']
[0.202s] Level 1:colcon.colcon_core.package_identification:_identify(src/integration_pkg) by extension 'ros'
[0.205s] DEBUG:colcon.colcon_core.package_identification:Package 'src/integration_pkg' with type 'ros.ament_python' and name 'integration_pkg'
[0.205s] Level 1:colcon.colcon_core.package_identification:_identify(src/quadcopter_gazebo) by extensions ['ignore', 'ignore_ament_install']
[0.205s] Level 1:colcon.colcon_core.package_identification:_identify(src/quadcopter_gazebo) by extension 'ignore'
[0.205s] Level 1:colcon.colcon_core.package_identification:_identify(src/quadcopter_gazebo) by extension 'ignore_ament_install'
[0.205s] Level 1:colcon.colcon_core.package_identification:_identify(src/quadcopter_gazebo) by extensions ['colcon_pkg']
[0.205s] Level 1:colcon.colcon_core.package_identification:_identify(src/quadcopter_gazebo) by extension 'colcon_pkg'
[0.206s] Level 1:colcon.colcon_core.package_identification:_identify(src/quadcopter_gazebo) by extensions ['colcon_meta']
[0.206s] Level 1:colcon.colcon_core.package_identification:_identify(src/quadcopter_gazebo) by extension 'colcon_meta'
[0.206s] Level 1:colcon.colcon_core.package_identification:_identify(src/quadcopter_gazebo) by extensions ['ros']
[0.206s] Level 1:colcon.colcon_core.package_identification:_identify(src/quadcopter_gazebo) by extension 'ros'
[0.206s] DEBUG:colcon.colcon_core.package_identification:Package 'src/quadcopter_gazebo' with type 'ros.ament_python' and name 'quadcopter_gazebo'
[0.206s] Level 1:colcon.colcon_core.package_identification:_identify(src/turtlebot3) by extensions ['ignore', 'ignore_ament_install']
[0.207s] Level 1:colcon.colcon_core.package_identification:_identify(src/turtlebot3) by extension 'ignore'
[0.207s] Level 1:colcon.colcon_core.package_identification:_identify(src/turtlebot3) by extension 'ignore_ament_install'
[0.207s] Level 1:colcon.colcon_core.package_identification:_identify(src/turtlebot3) by extensions ['colcon_pkg']
[0.207s] Level 1:colcon.colcon_core.package_identification:_identify(src/turtlebot3) by extension 'colcon_pkg'
[0.207s] Level 1:colcon.colcon_core.package_identification:_identify(src/turtlebot3) by extensions ['colcon_meta']
[0.207s] Level 1:colcon.colcon_core.package_identification:_identify(src/turtlebot3) by extension 'colcon_meta'
[0.207s] Level 1:colcon.colcon_core.package_identification:_identify(src/turtlebot3) by extensions ['ros']
[0.207s] Level 1:colcon.colcon_core.package_identification:_identify(src/turtlebot3) by extension 'ros'
[0.207s] Level 1:colcon.colcon_core.package_identification:_identify(src/turtlebot3) by extensions ['cmake', 'python']
[0.207s] Level 1:colcon.colcon_core.package_identification:_identify(src/turtlebot3) by extension 'cmake'
[0.207s] Level 1:colcon.colcon_core.package_identification:_identify(src/turtlebot3) by extension 'python'
[0.207s] Level 1:colcon.colcon_core.package_identification:_identify(src/turtlebot3) by extensions ['python_setup_py']
[0.207s] Level 1:colcon.colcon_core.package_identification:_identify(src/turtlebot3) by extension 'python_setup_py'
[0.207s] Level 1:colcon.colcon_core.package_identification:_identify(src/turtlebot3/turtlebot3_bringup) by extensions ['ignore', 'ignore_ament_install']
[0.207s] Level 1:colcon.colcon_core.package_identification:_identify(src/turtlebot3/turtlebot3_bringup) by extension 'ignore'
[0.207s] Level 1:colcon.colcon_core.package_identification:_identify(src/turtlebot3/turtlebot3_bringup) by extension 'ignore_ament_install'
[0.207s] Level 1:colcon.colcon_core.package_identification:_identify(src/turtlebot3/turtlebot3_bringup) by extensions ['colcon_pkg']
[0.207s] Level 1:colcon.colcon_core.package_identification:_identify(src/turtlebot3/turtlebot3_bringup) by extension 'colcon_pkg'
[0.207s] Level 1:colcon.colcon_core.package_identification:_identify(src/turtlebot3/turtlebot3_bringup) by extensions ['colcon_meta']
[0.207s] Level 1:colcon.colcon_core.package_identification:_identify(src/turtlebot3/turtlebot3_bringup) by extension 'colcon_meta'
[0.207s] Level 1:colcon.colcon_core.package_identification:_identify(src/turtlebot3/turtlebot3_bringup) by extensions ['ros']
[0.207s] Level 1:colcon.colcon_core.package_identification:_identify(src/turtlebot3/turtlebot3_bringup) by extension 'ros'
[0.208s] DEBUG:colcon.colcon_core.package_identification:Package 'src/turtlebot3/turtlebot3_bringup' with type 'ros.ament_cmake' and name 'turtlebot3_bringup'
[0.208s] Level 1:colcon.colcon_core.package_identification:_identify(src/turtlebot3/turtlebot3_description) by extensions ['ignore', 'ignore_ament_install']
[0.208s] Level 1:colcon.colcon_core.package_identification:_identify(src/turtlebot3/turtlebot3_description) by extension 'ignore'
[0.208s] Level 1:colcon.colcon_core.package_identification:_identify(src/turtlebot3/turtlebot3_description) by extension 'ignore_ament_install'
[0.208s] Level 1:colcon.colcon_core.package_identification:_identify(src/turtlebot3/turtlebot3_description) by extensions ['colcon_pkg']
[0.208s] Level 1:colcon.colcon_core.package_identification:_identify(src/turtlebot3/turtlebot3_description) by extension 'colcon_pkg'
[0.208s] Level 1:colcon.colcon_core.package_identification:_identify(src/turtlebot3/turtlebot3_description) by extensions ['colcon_meta']
[0.208s] Level 1:colcon.colcon_core.package_identification:_identify(src/turtlebot3/turtlebot3_description) by extension 'colcon_meta'
[0.208s] Level 1:colcon.colcon_core.package_identification:_identify(src/turtlebot3/turtlebot3_description) by extensions ['ros']
[0.208s] Level 1:colcon.colcon_core.package_identification:_identify(src/turtlebot3/turtlebot3_description) by extension 'ros'
[0.209s] DEBUG:colcon.colcon_core.package_identification:Package 'src/turtlebot3/turtlebot3_description' with type 'ros.ament_cmake' and name 'turtlebot3_description'
[0.209s] Level 1:colcon.colcon_core.package_identification:_identify(src/turtlebot3/turtlebot3_gazebo) by extensions ['ignore', 'ignore_ament_install']
[0.209s] Level 1:colcon.colcon_core.package_identification:_identify(src/turtlebot3/turtlebot3_gazebo) by extension 'ignore'
[0.209s] Level 1:colcon.colcon_core.package_identification:_identify(src/turtlebot3/turtlebot3_gazebo) by extension 'ignore_ament_install'
[0.209s] Level 1:colcon.colcon_core.package_identification:_identify(src/turtlebot3/turtlebot3_gazebo) by extensions ['colcon_pkg']
[0.209s] Level 1:colcon.colcon_core.package_identification:_identify(src/turtlebot3/turtlebot3_gazebo) by extension 'colcon_pkg'
[0.209s] Level 1:colcon.colcon_core.package_identification:_identify(src/turtlebot3/turtlebot3_gazebo) by extensions ['colcon_meta']
[0.209s] Level 1:colcon.colcon_core.package_identification:_identify(src/turtlebot3/turtlebot3_gazebo) by extension 'colcon_meta'
[0.209s] Level 1:colcon.colcon_core.package_identification:_identify(src/turtlebot3/turtlebot3_gazebo) by extensions ['ros']
[0.209s] Level 1:colcon.colcon_core.package_identification:_identify(src/turtlebot3/turtlebot3_gazebo) by extension 'ros'
[0.210s] DEBUG:colcon.colcon_core.package_identification:Package 'src/turtlebot3/turtlebot3_gazebo' with type 'ros.ament_cmake' and name 'turtlebot3_gazebo'
[0.211s] Level 1:colcon.colcon_core.package_discovery:discover_packages(recursive) using defaults
[0.211s] Level 1:colcon.colcon_core.package_discovery:discover_packages(ignore) discover
[0.211s] Level 1:colcon.colcon_core.package_discovery:discover_packages(ignore) using defaults
[0.211s] Level 1:colcon.colcon_core.package_discovery:discover_packages(path) discover
[0.211s] Level 1:colcon.colcon_core.package_discovery:discover_packages(path) using defaults
[0.229s] Level 5:colcon.colcon_core.verb:set package 'integration_pkg' build argument 'cmake_args' from command line to 'None'
[0.229s] Level 5:colcon.colcon_core.verb:set package 'integration_pkg' build argument 'cmake_target' from command line to 'None'
[0.229s] Level 5:colcon.colcon_core.verb:set package 'integration_pkg' build argument 'cmake_target_skip_unavailable' from command line to 'False'
[0.229s] Level 5:colcon.colcon_core.verb:set package 'integration_pkg' build argument 'cmake_clean_cache' from command line to 'False'
[0.229s] Level 5:colcon.colcon_core.verb:set package 'integration_pkg' build argument 'cmake_clean_first' from command line to 'False'
[0.230s] Level 5:colcon.colcon_core.verb:set package 'integration_pkg' build argument 'cmake_force_configure' from command line to 'False'
[0.230s] Level 5:colcon.colcon_core.verb:set package 'integration_pkg' build argument 'ament_cmake_args' from command line to 'None'
[0.230s] Level 5:colcon.colcon_core.verb:set package 'integration_pkg' build argument 'catkin_cmake_args' from command line to 'None'
[0.230s] Level 5:colcon.colcon_core.verb:set package 'integration_pkg' build argument 'catkin_skip_building_tests' from command line to 'False'
[0.230s] DEBUG:colcon.colcon_core.verb:Building package 'integration_pkg' with the following arguments: {'ament_cmake_args': None, 'build_base': '/home/fuad/Downloads/fuad_ws/build/integration_pkg', 'catkin_cmake_args': None, 'catkin_skip_building_tests': False, 'cmake_args': None, 'cmake_clean_cache': False, 'cmake_clean_first': False, 'cmake_force_configure': False, 'cmake_target': None, 'cmake_target_skip_unavailable': False, 'install_base': '/home/fuad/Downloads/fuad_ws/install/integration_pkg', 'merge_install': False, 'path': '/home/fuad/Downloads/fuad_ws/src/integration_pkg', 'symlink_install': False, 'test_result_base': None}
[0.230s] Level 5:colcon.colcon_core.verb:set package 'quadcopter_gazebo' build argument 'cmake_args' from command line to 'None'
[0.230s] Level 5:colcon.colcon_core.verb:set package 'quadcopter_gazebo' build argument 'cmake_target' from command line to 'None'
[0.230s] Level 5:colcon.colcon_core.verb:set package 'quadcopter_gazebo' build argument 'cmake_target_skip_unavailable' from command line to 'False'
[0.230s] Level 5:colcon.colcon_core.verb:set package 'quadcopter_gazebo' build argument 'cmake_clean_cache' from command line to 'False'
[0.230s] Level 5:colcon.colcon_core.verb:set package 'quadcopter_gazebo' build argument 'cmake_clean_first' from command line to 'False'
[0.230s] Level 5:colcon.colcon_core.verb:set package 'quadcopter_gazebo' build argument 'cmake_force_configure' from command line to 'False'
[0.230s] Level 5:colcon.colcon_core.verb:set package 'quadcopter_gazebo' build argument 'ament_cmake_args' from command line to 'None'
[0.230s] Level 5:colcon.colcon_core.verb:set package 'quadcopter_gazebo' build argument 'catkin_cmake_args' from command line to 'None'
[0.230s] Level 5:colcon.colcon_core.verb:set package 'quadcopter_gazebo' build argument 'catkin_skip_building_tests' from command line to 'False'
[0.230s] DEBUG:colcon.colcon_core.verb:Building package 'quadcopter_gazebo' with the following arguments: {'ament_cmake_args': None, 'build_base': '/home/fuad/Downloads/fuad_ws/build/quadcopter_gazebo', 'catkin_cmake_args': None, 'catkin_skip_building_tests': False, 'cmake_args': None, 'cmake_clean_cache': False, 'cmake_clean_first': False, 'cmake_force_configure': False, 'cmake_target': None, 'cmake_target_skip_unavailable': False, 'install_base': '/home/fuad/Downloads/fuad_ws/install/quadcopter_gazebo', 'merge_install': False, 'path': '/home/fuad/Downloads/fuad_ws/src/quadcopter_gazebo', 'symlink_install': False, 'test_result_base': None}
[0.230s] Level 5:colcon.colcon_core.verb:set package 'turtlebot3_description' build argument 'cmake_args' from command line to 'None'
[0.230s] Level 5:colcon.colcon_core.verb:set package 'turtlebot3_description' build argument 'cmake_target' from command line to 'None'
[0.230s] Level 5:colcon.colcon_core.verb:set package 'turtlebot3_description' build argument 'cmake_target_skip_unavailable' from command line to 'False'
[0.230s] Level 5:colcon.colcon_core.verb:set package 'turtlebot3_description' build argument 'cmake_clean_cache' from command line to 'False'
[0.230s] Level 5:colcon.colcon_core.verb:set package 'turtlebot3_description' build argument 'cmake_clean_first' from command line to 'False'
[0.230s] Level 5:colcon.colcon_core.verb:set package 'turtlebot3_description' build argument 'cmake_force_configure' from command line to 'False'
[0.230s] Level 5:colcon.colcon_core.verb:set package 'turtlebot3_description' build argument 'ament_cmake_args' from command line to 'None'
[0.230s] Level 5:colcon.colcon_core.verb:set package 'turtlebot3_description' build argument 'catkin_cmake_args' from command line to 'None'
[0.230s] Level 5:colcon.colcon_core.verb:set package 'turtlebot3_description' build argument 'catkin_skip_building_tests' from command line to 'False'
[0.230s] DEBUG:colcon.colcon_core.verb:Building package 'turtlebot3_description' with the following arguments: {'ament_cmake_args': None, 'build_base': '/home/fuad/Downloads/fuad_ws/build/turtlebot3_description', 'catkin_cmake_args': None, 'catkin_skip_building_tests': False, 'cmake_args': None, 'cmake_clean_cache': False, 'cmake_clean_first': False, 'cmake_force_configure': False, 'cmake_target': None, 'cmake_target_skip_unavailable': False, 'install_base': '/home/fuad/Downloads/fuad_ws/install/turtlebot3_description', 'merge_install': False, 'path': '/home/fuad/Downloads/fuad_ws/src/turtlebot3/turtlebot3_description', 'symlink_install': False, 'test_result_base': None}
[0.231s] Level 5:colcon.colcon_core.verb:set package 'turtlebot3_gazebo' build argument 'cmake_args' from command line to 'None'
[0.231s] Level 5:colcon.colcon_core.verb:set package 'turtlebot3_gazebo' build argument 'cmake_target' from command line to 'None'
[0.231s] Level 5:colcon.colcon_core.verb:set package 'turtlebot3_gazebo' build argument 'cmake_target_skip_unavailable' from command line to 'False'
[0.231s] Level 5:colcon.colcon_core.verb:set package 'turtlebot3_gazebo' build argument 'cmake_clean_cache' from command line to 'False'
[0.231s] Level 5:colcon.colcon_core.verb:set package 'turtlebot3_gazebo' build argument 'cmake_clean_first' from command line to 'False'
[0.231s] Level 5:colcon.colcon_core.verb:set package 'turtlebot3_gazebo' build argument 'cmake_force_configure' from command line to 'False'
[0.231s] Level 5:colcon.colcon_core.verb:set package 'turtlebot3_gazebo' build argument 'ament_cmake_args' from command line to 'None'
[0.231s] Level 5:colcon.colcon_core.verb:set package 'turtlebot3_gazebo' build argument 'catkin_cmake_args' from command line to 'None'
[0.231s] Level 5:colcon.colcon_core.verb:set package 'turtlebot3_gazebo' build argument 'catkin_skip_building_tests' from command line to 'False'
[0.231s] DEBUG:colcon.colcon_core.verb:Building package 'turtlebot3_gazebo' with the following arguments: {'ament_cmake_args': None, 'build_base': '/home/fuad/Downloads/fuad_ws/build/turtlebot3_gazebo', 'catkin_cmake_args': None, 'catkin_skip_building_tests': False, 'cmake_args': None, 'cmake_clean_cache': False, 'cmake_clean_first': False, 'cmake_force_configure': False, 'cmake_target': None, 'cmake_target_skip_unavailable': False, 'install_base': '/home/fuad/Downloads/fuad_ws/install/turtlebot3_gazebo', 'merge_install': False, 'path': '/home/fuad/Downloads/fuad_ws/src/turtlebot3/turtlebot3_gazebo', 'symlink_install': False, 'test_result_base': None}
[0.231s] Level 5:colcon.colcon_core.verb:set package 'turtlebot3_bringup' build argument 'cmake_args' from command line to 'None'
[0.231s] Level 5:colcon.colcon_core.verb:set package 'turtlebot3_bringup' build argument 'cmake_target' from command line to 'None'
[0.231s] Level 5:colcon.colcon_core.verb:set package 'turtlebot3_bringup' build argument 'cmake_target_skip_unavailable' from command line to 'False'
[0.231s] Level 5:colcon.colcon_core.verb:set package 'turtlebot3_bringup' build argument 'cmake_clean_cache' from command line to 'False'
[0.231s] Level 5:colcon.colcon_core.verb:set package 'turtlebot3_bringup' build argument 'cmake_clean_first' from command line to 'False'
[0.231s] Level 5:colcon.colcon_core.verb:set package 'turtlebot3_bringup' build argument 'cmake_force_configure' from command line to 'False'
[0.231s] Level 5:colcon.colcon_core.verb:set package 'turtlebot3_bringup' build argument 'ament_cmake_args' from command line to 'None'
[0.231s] Level 5:colcon.colcon_core.verb:set package 'turtlebot3_bringup' build argument 'catkin_cmake_args' from command line to 'None'
[0.231s] Level 5:colcon.colcon_core.verb:set package 'turtlebot3_bringup' build argument 'catkin_skip_building_tests' from command line to 'False'
[0.231s] DEBUG:colcon.colcon_core.verb:Building package 'turtlebot3_bringup' with the following arguments: {'ament_cmake_args': None, 'build_base': '/home/fuad/Downloads/fuad_ws/build/turtlebot3_bringup', 'catkin_cmake_args': None, 'catkin_skip_building_tests': False, 'cmake_args': None, 'cmake_clean_cache': False, 'cmake_clean_first': False, 'cmake_force_configure': False, 'cmake_target': None, 'cmake_target_skip_unavailable': False, 'install_base': '/home/fuad/Downloads/fuad_ws/install/turtlebot3_bringup', 'merge_install': False, 'path': '/home/fuad/Downloads/fuad_ws/src/turtlebot3/turtlebot3_bringup', 'symlink_install': False, 'test_result_base': None}
[0.231s] INFO:colcon.colcon_core.executor:Executing jobs using 'parallel' executor
[0.232s] DEBUG:colcon.colcon_parallel_executor.executor.parallel:run_until_complete
[0.233s] INFO:colcon.colcon_ros.task.ament_cmake.build:Building ROS package in '/home/fuad/Downloads/fuad_ws/src/turtlebot3/turtlebot3_description' with build type 'ament_cmake'
[0.233s] INFO:colcon.colcon_cmake.task.cmake.build:Building CMake package in '/home/fuad/Downloads/fuad_ws/src/turtlebot3/turtlebot3_description'
[0.235s] INFO:colcon.colcon_core.plugin_system:Skipping extension 'colcon_core.shell.bat': Not used on non-Windows systems
[0.235s] INFO:colcon.colcon_core.shell:Skip shell extension 'powershell' for command environment: Not usable outside of PowerShell
[0.235s] DEBUG:colcon.colcon_core.shell:Skip shell extension 'dsv' for command environment
[0.241s] INFO:colcon.colcon_ros.task.ament_python.build:Building ROS package in '/home/fuad/Downloads/fuad_ws/src/integration_pkg' with build type 'ament_python'
[0.241s] Level 1:colcon.colcon_core.shell:create_environment_hook('integration_pkg', 'ament_prefix_path')
[0.242s] INFO:colcon.colcon_core.shell:Creating environment hook '/home/fuad/Downloads/fuad_ws/install/integration_pkg/share/integration_pkg/hook/ament_prefix_path.ps1'
[0.244s] INFO:colcon.colcon_core.shell:Creating environment descriptor '/home/fuad/Downloads/fuad_ws/install/integration_pkg/share/integration_pkg/hook/ament_prefix_path.dsv'
[0.245s] INFO:colcon.colcon_core.shell:Creating environment hook '/home/fuad/Downloads/fuad_ws/install/integration_pkg/share/integration_pkg/hook/ament_prefix_path.sh'
[0.246s] INFO:colcon.colcon_core.shell:Skip shell extension 'powershell' for command environment: Not usable outside of PowerShell
[0.246s] DEBUG:colcon.colcon_core.shell:Skip shell extension 'dsv' for command environment
[0.250s] INFO:colcon.colcon_ros.task.ament_python.build:Building ROS package in '/home/fuad/Downloads/fuad_ws/src/quadcopter_gazebo' with build type 'ament_python'
[0.250s] Level 1:colcon.colcon_core.shell:create_environment_hook('quadcopter_gazebo', 'ament_prefix_path')
[0.251s] INFO:colcon.colcon_core.shell:Creating environment hook '/home/fuad/Downloads/fuad_ws/install/quadcopter_gazebo/share/quadcopter_gazebo/hook/ament_prefix_path.ps1'
[0.251s] INFO:colcon.colcon_core.shell:Creating environment descriptor '/home/fuad/Downloads/fuad_ws/install/quadcopter_gazebo/share/quadcopter_gazebo/hook/ament_prefix_path.dsv'
[0.252s] INFO:colcon.colcon_core.shell:Creating environment hook '/home/fuad/Downloads/fuad_ws/install/quadcopter_gazebo/share/quadcopter_gazebo/hook/ament_prefix_path.sh'
[0.252s] INFO:colcon.colcon_core.shell:Skip shell extension 'powershell' for command environment: Not usable outside of PowerShell
[0.252s] DEBUG:colcon.colcon_core.shell:Skip shell extension 'dsv' for command environment
[0.257s] INFO:colcon.colcon_ros.task.ament_cmake.build:Building ROS package in '/home/fuad/Downloads/fuad_ws/src/turtlebot3/turtlebot3_gazebo' with build type 'ament_cmake'
[0.257s] INFO:colcon.colcon_cmake.task.cmake.build:Building CMake package in '/home/fuad/Downloads/fuad_ws/src/turtlebot3/turtlebot3_gazebo'
[0.257s] INFO:colcon.colcon_core.shell:Skip shell extension 'powershell' for command environment: Not usable outside of PowerShell
[0.257s] DEBUG:colcon.colcon_core.shell:Skip shell extension 'dsv' for command environment
[0.267s] DEBUG:colcon.colcon_core.event_handler.log_command:Invoking command in '/home/fuad/Downloads/fuad_ws/build/turtlebot3_description': CMAKE_PREFIX_PATH=${CMAKE_PREFIX_PATH}:/home/fuad/Downloads/fuad_ws/install/quadcopter_gazebo:/home/fuad/Downloads/fuad_ws/install/integration_pkg:/opt/ros/jazzy DEBUGINFOD_URLS=https://debuginfod.ubuntu.com PS1=(.venv) \[\e]0;\u@\h: \w\a\]${debian_chroot:+($debian_chroot)}\[\033[01;32m\]\u@\h\[\033[00m\]:\[\033[01;34m\]\w\[\033[00m\]\$ VIRTUAL_ENV_PROMPT=(.venv) /usr/bin/cmake --build /home/fuad/Downloads/fuad_ws/build/turtlebot3_description -- -j16 -l16
[0.488s] INFO:colcon.colcon_core.task.python.build:Building Python package in '/home/fuad/Downloads/fuad_ws/src/integration_pkg'
[0.488s] INFO:colcon.colcon_core.shell:Skip shell extension 'powershell' for command environment: Not usable outside of PowerShell
[0.488s] DEBUG:colcon.colcon_core.shell:Skip shell extension 'dsv' for command environment
[0.712s] INFO:colcon.colcon_core.task.python.build:Building Python package in '/home/fuad/Downloads/fuad_ws/src/quadcopter_gazebo'
[0.713s] INFO:colcon.colcon_core.shell:Skip shell extension 'powershell' for command environment: Not usable outside of PowerShell
[0.713s] DEBUG:colcon.colcon_core.shell:Skip shell extension 'dsv' for command environment
[0.728s] DEBUG:colcon.colcon_core.event_handler.log_command:Invoking command in '/home/fuad/Downloads/fuad_ws/build/turtlebot3_gazebo': CMAKE_PREFIX_PATH=${CMAKE_PREFIX_PATH}:/home/fuad/Downloads/fuad_ws/install/quadcopter_gazebo:/home/fuad/Downloads/fuad_ws/install/integration_pkg:/opt/ros/jazzy DEBUGINFOD_URLS=https://debuginfod.ubuntu.com PS1=(.venv) \[\e]0;\u@\h: \w\a\]${debian_chroot:+($debian_chroot)}\[\033[01;32m\]\u@\h\[\033[00m\]:\[\033[01;34m\]\w\[\033[00m\]\$ VIRTUAL_ENV_PROMPT=(.venv) /usr/bin/cmake --build /home/fuad/Downloads/fuad_ws/build/turtlebot3_gazebo -- -j16 -l16
[0.729s] DEBUG:colcon.colcon_core.event_handler.log_command:Invoked command in '/home/fuad/Downloads/fuad_ws/build/turtlebot3_description' returned '0': CMAKE_PREFIX_PATH=${CMAKE_PREFIX_PATH}:/home/fuad/Downloads/fuad_ws/install/quadcopter_gazebo:/home/fuad/Downloads/fuad_ws/install/integration_pkg:/opt/ros/jazzy DEBUGINFOD_URLS=https://debuginfod.ubuntu.com PS1=(.venv) \[\e]0;\u@\h: \w\a\]${debian_chroot:+($debian_chroot)}\[\033[01;32m\]\u@\h\[\033[00m\]:\[\033[01;34m\]\w\[\033[00m\]\$ VIRTUAL_ENV_PROMPT=(.venv) /usr/bin/cmake --build /home/fuad/Downloads/fuad_ws/build/turtlebot3_description -- -j16 -l16
[0.754s] DEBUG:colcon.colcon_core.event_handler.log_command:Invoking command in '/home/fuad/Downloads/fuad_ws/build/turtlebot3_description': CMAKE_PREFIX_PATH=${CMAKE_PREFIX_PATH}:/home/fuad/Downloads/fuad_ws/install/quadcopter_gazebo:/home/fuad/Downloads/fuad_ws/install/integration_pkg:/opt/ros/jazzy DEBUGINFOD_URLS=https://debuginfod.ubuntu.com PS1=(.venv) \[\e]0;\u@\h: \w\a\]${debian_chroot:+($debian_chroot)}\[\033[01;32m\]\u@\h\[\033[00m\]:\[\033[01;34m\]\w\[\033[00m\]\$ VIRTUAL_ENV_PROMPT=(.venv) /usr/bin/cmake --install /home/fuad/Downloads/fuad_ws/build/turtlebot3_description
[0.772s] Level 1:colcon.colcon_core.environment:create_environment_scripts_only(turtlebot3_description)
[0.773s] DEBUG:colcon.colcon_core.event_handler.log_command:Invoked command in '/home/fuad/Downloads/fuad_ws/build/turtlebot3_description' returned '0': CMAKE_PREFIX_PATH=${CMAKE_PREFIX_PATH}:/home/fuad/Downloads/fuad_ws/install/quadcopter_gazebo:/home/fuad/Downloads/fuad_ws/install/integration_pkg:/opt/ros/jazzy DEBUGINFOD_URLS=https://debuginfod.ubuntu.com PS1=(.venv) \[\e]0;\u@\h: \w\a\]${debian_chroot:+($debian_chroot)}\[\033[01;32m\]\u@\h\[\033[00m\]:\[\033[01;34m\]\w\[\033[00m\]\$ VIRTUAL_ENV_PROMPT=(.venv) /usr/bin/cmake --install /home/fuad/Downloads/fuad_ws/build/turtlebot3_description
[0.775s] Level 1:colcon.colcon_core.environment:checking '/home/fuad/Downloads/fuad_ws/install/turtlebot3_description' for CMake module files
[0.776s] Level 1:colcon.colcon_core.environment:checking '/home/fuad/Downloads/fuad_ws/install/turtlebot3_description' for CMake config files
[0.776s] Level 1:colcon.colcon_core.shell:create_environment_hook('turtlebot3_description', 'cmake_prefix_path')
[0.776s] INFO:colcon.colcon_core.shell:Creating environment hook '/home/fuad/Downloads/fuad_ws/install/turtlebot3_description/share/turtlebot3_description/hook/cmake_prefix_path.ps1'
[0.777s] INFO:colcon.colcon_core.shell:Creating environment descriptor '/home/fuad/Downloads/fuad_ws/install/turtlebot3_description/share/turtlebot3_description/hook/cmake_prefix_path.dsv'
[0.778s] INFO:colcon.colcon_core.shell:Creating environment hook '/home/fuad/Downloads/fuad_ws/install/turtlebot3_description/share/turtlebot3_description/hook/cmake_prefix_path.sh'
[0.779s] Level 1:colcon.colcon_core.environment:checking '/home/fuad/Downloads/fuad_ws/install/turtlebot3_description/bin'
[0.779s] Level 1:colcon.colcon_core.environment:checking '/home/fuad/Downloads/fuad_ws/install/turtlebot3_description/lib/pkgconfig/turtlebot3_description.pc'
[0.780s] Level 1:colcon.colcon_core.environment:checking '/home/fuad/Downloads/fuad_ws/install/turtlebot3_description/lib/python3.12/site-packages'
[0.780s] Level 1:colcon.colcon_core.environment:checking '/home/fuad/Downloads/fuad_ws/install/turtlebot3_description/bin'
[0.780s] INFO:colcon.colcon_core.shell:Creating package script '/home/fuad/Downloads/fuad_ws/install/turtlebot3_description/share/turtlebot3_description/package.ps1'
[0.782s] INFO:colcon.colcon_core.shell:Creating package descriptor '/home/fuad/Downloads/fuad_ws/install/turtlebot3_description/share/turtlebot3_description/package.dsv'
[0.783s] INFO:colcon.colcon_core.shell:Creating package script '/home/fuad/Downloads/fuad_ws/install/turtlebot3_description/share/turtlebot3_description/package.sh'
[0.784s] INFO:colcon.colcon_core.shell:Creating package script '/home/fuad/Downloads/fuad_ws/install/turtlebot3_description/share/turtlebot3_description/package.bash'
[0.785s] INFO:colcon.colcon_core.shell:Creating package script '/home/fuad/Downloads/fuad_ws/install/turtlebot3_description/share/turtlebot3_description/package.zsh'
[0.786s] Level 1:colcon.colcon_core.environment:create_file_with_runtime_dependencies(/home/fuad/Downloads/fuad_ws/install/turtlebot3_description/share/colcon-core/packages/turtlebot3_description)
[0.787s] Level 1:colcon.colcon_core.environment:create_environment_scripts_only(turtlebot3_description)
[0.787s] Level 1:colcon.colcon_core.environment:checking '/home/fuad/Downloads/fuad_ws/install/turtlebot3_description' for CMake module files
[0.788s] Level 1:colcon.colcon_core.environment:checking '/home/fuad/Downloads/fuad_ws/install/turtlebot3_description' for CMake config files
[0.788s] Level 1:colcon.colcon_core.shell:create_environment_hook('turtlebot3_description', 'cmake_prefix_path')
[0.788s] INFO:colcon.colcon_core.shell:Creating environment hook '/home/fuad/Downloads/fuad_ws/install/turtlebot3_description/share/turtlebot3_description/hook/cmake_prefix_path.ps1'
[0.789s] INFO:colcon.colcon_core.shell:Creating environment descriptor '/home/fuad/Downloads/fuad_ws/install/turtlebot3_description/share/turtlebot3_description/hook/cmake_prefix_path.dsv'
[0.790s] INFO:colcon.colcon_core.shell:Creating environment hook '/home/fuad/Downloads/fuad_ws/install/turtlebot3_description/share/turtlebot3_description/hook/cmake_prefix_path.sh'
[0.791s] Level 1:colcon.colcon_core.environment:checking '/home/fuad/Downloads/fuad_ws/install/turtlebot3_description/bin'
[0.792s] Level 1:colcon.colcon_core.environment:checking '/home/fuad/Downloads/fuad_ws/install/turtlebot3_description/lib/pkgconfig/turtlebot3_description.pc'
[0.792s] Level 1:colcon.colcon_core.environment:checking '/home/fuad/Downloads/fuad_ws/install/turtlebot3_description/lib/python3.12/site-packages'
[0.793s] Level 1:colcon.colcon_core.environment:checking '/home/fuad/Downloads/fuad_ws/install/turtlebot3_description/bin'
[0.793s] INFO:colcon.colcon_core.shell:Creating package script '/home/fuad/Downloads/fuad_ws/install/turtlebot3_description/share/turtlebot3_description/package.ps1'
[0.796s] INFO:colcon.colcon_core.shell:Creating package descriptor '/home/fuad/Downloads/fuad_ws/install/turtlebot3_description/share/turtlebot3_description/package.dsv'
[0.798s] INFO:colcon.colcon_core.shell:Creating package script '/home/fuad/Downloads/fuad_ws/install/turtlebot3_description/share/turtlebot3_description/package.sh'
[0.799s] INFO:colcon.colcon_core.shell:Creating package script '/home/fuad/Downloads/fuad_ws/install/turtlebot3_description/share/turtlebot3_description/package.bash'
[0.801s] INFO:colcon.colcon_core.shell:Creating package script '/home/fuad/Downloads/fuad_ws/install/turtlebot3_description/share/turtlebot3_description/package.zsh'
[0.801s] Level 1:colcon.colcon_core.environment:create_file_with_runtime_dependencies(/home/fuad/Downloads/fuad_ws/install/turtlebot3_description/share/colcon-core/packages/turtlebot3_description)
[0.802s] INFO:colcon.colcon_ros.task.ament_cmake.build:Building ROS package in '/home/fuad/Downloads/fuad_ws/src/turtlebot3/turtlebot3_bringup' with build type 'ament_cmake'
[0.802s] INFO:colcon.colcon_cmake.task.cmake.build:Building CMake package in '/home/fuad/Downloads/fuad_ws/src/turtlebot3/turtlebot3_bringup'
[0.802s] INFO:colcon.colcon_core.shell:Skip shell extension 'powershell' for command environment: Not usable outside of PowerShell
[0.803s] DEBUG:colcon.colcon_core.shell:Skip shell extension 'dsv' for command environment
[0.823s] DEBUG:colcon.colcon_core.event_handler.log_command:Invoking command in '/home/fuad/Downloads/fuad_ws/build/turtlebot3_bringup': CMAKE_PREFIX_PATH=/home/fuad/Downloads/fuad_ws/install/turtlebot3_description:/home/fuad/Downloads/fuad_ws/install/turtlebot3_gazebo:/home/fuad/Downloads/fuad_ws/install/turtlebot3_bringup:/opt/ros/jazzy/opt/gz_sim_vendor:/opt/ros/jazzy/opt/gz_sensors_vendor:/opt/ros/jazzy/opt/gz_physics_vendor:/opt/ros/jazzy/opt/sdformat_vendor:/opt/ros/jazzy/opt/gz_gui_vendor:/opt/ros/jazzy/opt/gz_transport_vendor:/opt/ros/jazzy/opt/gz_rendering_vendor:/opt/ros/jazzy/opt/gz_plugin_vendor:/opt/ros/jazzy/opt/gz_fuel_tools_vendor:/opt/ros/jazzy/opt/gz_msgs_vendor:/opt/ros/jazzy/opt/gz_common_vendor:/opt/ros/jazzy/opt/gz_math_vendor:/opt/ros/jazzy/opt/gz_utils_vendor:/opt/ros/jazzy/opt/gz_tools_vendor:/opt/ros/jazzy/opt/gz_ogre_next_vendor:/opt/ros/jazzy/opt/gz_dartsim_vendor:/opt/ros/jazzy/opt/gz_cmake_vendor:/home/fuad/Downloads/fuad_ws/install/quadcopter_gazebo:/home/fuad/Downloads/fuad_ws/install/integration_pkg:/opt/ros/jazzy DEBUGINFOD_URLS=https://debuginfod.ubuntu.com PS1=(.venv) \[\e]0;\u@\h: \w\a\]${debian_chroot:+($debian_chroot)}\[\033[01;32m\]\u@\h\[\033[00m\]:\[\033[01;34m\]\w\[\033[00m\]\$ VIRTUAL_ENV_PROMPT=(.venv) /usr/bin/cmake --build /home/fuad/Downloads/fuad_ws/build/turtlebot3_bringup -- -j16 -l16
[0.868s] DEBUG:colcon.colcon_core.event_handler.log_command:Invoked command in '/home/fuad/Downloads/fuad_ws/build/turtlebot3_gazebo' returned '0': CMAKE_PREFIX_PATH=${CMAKE_PREFIX_PATH}:/home/fuad/Downloads/fuad_ws/install/quadcopter_gazebo:/home/fuad/Downloads/fuad_ws/install/integration_pkg:/opt/ros/jazzy DEBUGINFOD_URLS=https://debuginfod.ubuntu.com PS1=(.venv) \[\e]0;\u@\h: \w\a\]${debian_chroot:+($debian_chroot)}\[\033[01;32m\]\u@\h\[\033[00m\]:\[\033[01;34m\]\w\[\033[00m\]\$ VIRTUAL_ENV_PROMPT=(.venv) /usr/bin/cmake --build /home/fuad/Downloads/fuad_ws/build/turtlebot3_gazebo -- -j16 -l16
[0.870s] DEBUG:colcon.colcon_core.event_handler.log_command:Invoking command in '/home/fuad/Downloads/fuad_ws/build/turtlebot3_gazebo': CMAKE_PREFIX_PATH=${CMAKE_PREFIX_PATH}:/home/fuad/Downloads/fuad_ws/install/quadcopter_gazebo:/home/fuad/Downloads/fuad_ws/install/integration_pkg:/opt/ros/jazzy DEBUGINFOD_URLS=https://debuginfod.ubuntu.com PS1=(.venv) \[\e]0;\u@\h: \w\a\]${debian_chroot:+($debian_chroot)}\[\033[01;32m\]\u@\h\[\033[00m\]:\[\033[01;34m\]\w\[\033[00m\]\$ VIRTUAL_ENV_PROMPT=(.venv) /usr/bin/cmake --install /home/fuad/Downloads/fuad_ws/build/turtlebot3_gazebo
[0.895s] Level 1:colcon.colcon_core.environment:create_environment_scripts_only(turtlebot3_gazebo)
[0.895s] Level 1:colcon.colcon_core.environment:checking '/home/fuad/Downloads/fuad_ws/install/turtlebot3_gazebo' for CMake module files
[0.896s] Level 1:colcon.colcon_core.environment:checking '/home/fuad/Downloads/fuad_ws/install/turtlebot3_gazebo' for CMake config files
[0.898s] Level 1:colcon.colcon_core.shell:create_environment_hook('turtlebot3_gazebo', 'cmake_prefix_path')
[0.898s] INFO:colcon.colcon_core.shell:Creating environment hook '/home/fuad/Downloads/fuad_ws/install/turtlebot3_gazebo/share/turtlebot3_gazebo/hook/cmake_prefix_path.ps1'
[0.899s] INFO:colcon.colcon_core.shell:Creating environment descriptor '/home/fuad/Downloads/fuad_ws/install/turtlebot3_gazebo/share/turtlebot3_gazebo/hook/cmake_prefix_path.dsv'
[0.900s] INFO:colcon.colcon_core.shell:Creating environment hook '/home/fuad/Downloads/fuad_ws/install/turtlebot3_gazebo/share/turtlebot3_gazebo/hook/cmake_prefix_path.sh'
[0.901s] Level 1:colcon.colcon_core.environment:checking '/home/fuad/Downloads/fuad_ws/install/turtlebot3_gazebo/lib'
[0.902s] Level 1:colcon.colcon_core.environment:checking '/home/fuad/Downloads/fuad_ws/install/turtlebot3_gazebo/bin'
[0.902s] Level 1:colcon.colcon_core.environment:checking '/home/fuad/Downloads/fuad_ws/install/turtlebot3_gazebo/lib/pkgconfig/turtlebot3_gazebo.pc'
[0.902s] Level 1:colcon.colcon_core.environment:checking '/home/fuad/Downloads/fuad_ws/install/turtlebot3_gazebo/lib/python3.12/site-packages'
[0.902s] Level 1:colcon.colcon_core.environment:checking '/home/fuad/Downloads/fuad_ws/install/turtlebot3_gazebo/bin'
[0.903s] INFO:colcon.colcon_core.shell:Creating package script '/home/fuad/Downloads/fuad_ws/install/turtlebot3_gazebo/share/turtlebot3_gazebo/package.ps1'
[0.904s] INFO:colcon.colcon_core.shell:Creating package descriptor '/home/fuad/Downloads/fuad_ws/install/turtlebot3_gazebo/share/turtlebot3_gazebo/package.dsv'
[0.905s] INFO:colcon.colcon_core.shell:Creating package script '/home/fuad/Downloads/fuad_ws/install/turtlebot3_gazebo/share/turtlebot3_gazebo/package.sh'
[0.907s] INFO:colcon.colcon_core.shell:Creating package script '/home/fuad/Downloads/fuad_ws/install/turtlebot3_gazebo/share/turtlebot3_gazebo/package.bash'
[0.908s] INFO:colcon.colcon_core.shell:Creating package script '/home/fuad/Downloads/fuad_ws/install/turtlebot3_gazebo/share/turtlebot3_gazebo/package.zsh'
[0.909s] Level 1:colcon.colcon_core.environment:create_file_with_runtime_dependencies(/home/fuad/Downloads/fuad_ws/install/turtlebot3_gazebo/share/colcon-core/packages/turtlebot3_gazebo)
[0.910s] Level 1:colcon.colcon_core.environment:create_environment_scripts_only(turtlebot3_gazebo)
[0.911s] Level 1:colcon.colcon_core.environment:checking '/home/fuad/Downloads/fuad_ws/install/turtlebot3_gazebo' for CMake module files
[0.912s] Level 1:colcon.colcon_core.environment:checking '/home/fuad/Downloads/fuad_ws/install/turtlebot3_gazebo' for CMake config files
[0.914s] Level 1:colcon.colcon_core.shell:create_environment_hook('turtlebot3_gazebo', 'cmake_prefix_path')
[0.914s] INFO:colcon.colcon_core.shell:Creating environment hook '/home/fuad/Downloads/fuad_ws/install/turtlebot3_gazebo/share/turtlebot3_gazebo/hook/cmake_prefix_path.ps1'
[0.915s] INFO:colcon.colcon_core.shell:Creating environment descriptor '/home/fuad/Downloads/fuad_ws/install/turtlebot3_gazebo/share/turtlebot3_gazebo/hook/cmake_prefix_path.dsv'
[0.916s] INFO:colcon.colcon_core.shell:Creating environment hook '/home/fuad/Downloads/fuad_ws/install/turtlebot3_gazebo/share/turtlebot3_gazebo/hook/cmake_prefix_path.sh'
[0.917s] Level 1:colcon.colcon_core.environment:checking '/home/fuad/Downloads/fuad_ws/install/turtlebot3_gazebo/lib'
[0.917s] Level 1:colcon.colcon_core.environment:checking '/home/fuad/Downloads/fuad_ws/install/turtlebot3_gazebo/bin'
[0.918s] Level 1:colcon.colcon_core.environment:checking '/home/fuad/Downloads/fuad_ws/install/turtlebot3_gazebo/lib/pkgconfig/turtlebot3_gazebo.pc'
[0.918s] Level 1:colcon.colcon_core.environment:checking '/home/fuad/Downloads/fuad_ws/install/turtlebot3_gazebo/lib/python3.12/site-packages'
[0.918s] Level 1:colcon.colcon_core.environment:checking '/home/fuad/Downloads/fuad_ws/install/turtlebot3_gazebo/bin'
[0.919s] INFO:colcon.colcon_core.shell:Creating package script '/home/fuad/Downloads/fuad_ws/install/turtlebot3_gazebo/share/turtlebot3_gazebo/package.ps1'
[0.920s] INFO:colcon.colcon_core.shell:Creating package descriptor '/home/fuad/Downloads/fuad_ws/install/turtlebot3_gazebo/share/turtlebot3_gazebo/package.dsv'
[0.921s] INFO:colcon.colcon_core.shell:Creating package script '/home/fuad/Downloads/fuad_ws/install/turtlebot3_gazebo/share/turtlebot3_gazebo/package.sh'
[0.922s] INFO:colcon.colcon_core.shell:Creating package script '/home/fuad/Downloads/fuad_ws/install/turtlebot3_gazebo/share/turtlebot3_gazebo/package.bash'
[0.923s] INFO:colcon.colcon_core.shell:Creating package script '/home/fuad/Downloads/fuad_ws/install/turtlebot3_gazebo/share/turtlebot3_gazebo/package.zsh'
[0.924s] DEBUG:colcon.colcon_core.event_handler.log_command:Invoked command in '/home/fuad/Downloads/fuad_ws/build/turtlebot3_bringup' returned '0': CMAKE_PREFIX_PATH=/home/fuad/Downloads/fuad_ws/install/turtlebot3_description:/home/fuad/Downloads/fuad_ws/install/turtlebot3_gazebo:/home/fuad/Downloads/fuad_ws/install/turtlebot3_bringup:/opt/ros/jazzy/opt/gz_sim_vendor:/opt/ros/jazzy/opt/gz_sensors_vendor:/opt/ros/jazzy/opt/gz_physics_vendor:/opt/ros/jazzy/opt/sdformat_vendor:/opt/ros/jazzy/opt/gz_gui_vendor:/opt/ros/jazzy/opt/gz_transport_vendor:/opt/ros/jazzy/opt/gz_rendering_vendor:/opt/ros/jazzy/opt/gz_plugin_vendor:/opt/ros/jazzy/opt/gz_fuel_tools_vendor:/opt/ros/jazzy/opt/gz_msgs_vendor:/opt/ros/jazzy/opt/gz_common_vendor:/opt/ros/jazzy/opt/gz_math_vendor:/opt/ros/jazzy/opt/gz_utils_vendor:/opt/ros/jazzy/opt/gz_tools_vendor:/opt/ros/jazzy/opt/gz_ogre_next_vendor:/opt/ros/jazzy/opt/gz_dartsim_vendor:/opt/ros/jazzy/opt/gz_cmake_vendor:/home/fuad/Downloads/fuad_ws/install/quadcopter_gazebo:/home/fuad/Downloads/fuad_ws/install/integration_pkg:/opt/ros/jazzy DEBUGINFOD_URLS=https://debuginfod.ubuntu.com PS1=(.venv) \[\e]0;\u@\h: \w\a\]${debian_chroot:+($debian_chroot)}\[\033[01;32m\]\u@\h\[\033[00m\]:\[\033[01;34m\]\w\[\033[00m\]\$ VIRTUAL_ENV_PROMPT=(.venv) /usr/bin/cmake --build /home/fuad/Downloads/fuad_ws/build/turtlebot3_bringup -- -j16 -l16
[0.924s] DEBUG:colcon.colcon_core.event_handler.log_command:Invoking command in '/home/fuad/Downloads/fuad_ws/build/turtlebot3_bringup': CMAKE_PREFIX_PATH=/home/fuad/Downloads/fuad_ws/install/turtlebot3_description:/home/fuad/Downloads/fuad_ws/install/turtlebot3_gazebo:/home/fuad/Downloads/fuad_ws/install/turtlebot3_bringup:/opt/ros/jazzy/opt/gz_sim_vendor:/opt/ros/jazzy/opt/gz_sensors_vendor:/opt/ros/jazzy/opt/gz_physics_vendor:/opt/ros/jazzy/opt/sdformat_vendor:/opt/ros/jazzy/opt/gz_gui_vendor:/opt/ros/jazzy/opt/gz_transport_vendor:/opt/ros/jazzy/opt/gz_rendering_vendor:/opt/ros/jazzy/opt/gz_plugin_vendor:/opt/ros/jazzy/opt/gz_fuel_tools_vendor:/opt/ros/jazzy/opt/gz_msgs_vendor:/opt/ros/jazzy/opt/gz_common_vendor:/opt/ros/jazzy/opt/gz_math_vendor:/opt/ros/jazzy/opt/gz_utils_vendor:/opt/ros/jazzy/opt/gz_tools_vendor:/opt/ros/jazzy/opt/gz_ogre_next_vendor:/opt/ros/jazzy/opt/gz_dartsim_vendor:/opt/ros/jazzy/opt/gz_cmake_vendor:/home/fuad/Downloads/fuad_ws/install/quadcopter_gazebo:/home/fuad/Downloads/fuad_ws/install/integration_pkg:/opt/ros/jazzy DEBUGINFOD_URLS=https://debuginfod.ubuntu.com PS1=(.venv) \[\e]0;\u@\h: \w\a\]${debian_chroot:+($debian_chroot)}\[\033[01;32m\]\u@\h\[\033[00m\]:\[\033[01;34m\]\w\[\033[00m\]\$ VIRTUAL_ENV_PROMPT=(.venv) /usr/bin/cmake --install /home/fuad/Downloads/fuad_ws/build/turtlebot3_bringup
[0.925s] Level 1:colcon.colcon_core.environment:create_file_with_runtime_dependencies(/home/fuad/Downloads/fuad_ws/install/turtlebot3_gazebo/share/colcon-core/packages/turtlebot3_gazebo)
[0.925s] DEBUG:colcon.colcon_core.event_handler.log_command:Invoked command in '/home/fuad/Downloads/fuad_ws/build/turtlebot3_gazebo' returned '0': CMAKE_PREFIX_PATH=${CMAKE_PREFIX_PATH}:/home/fuad/Downloads/fuad_ws/install/quadcopter_gazebo:/home/fuad/Downloads/fuad_ws/install/integration_pkg:/opt/ros/jazzy DEBUGINFOD_URLS=https://debuginfod.ubuntu.com PS1=(.venv) \[\e]0;\u@\h: \w\a\]${debian_chroot:+($debian_chroot)}\[\033[01;32m\]\u@\h\[\033[00m\]:\[\033[01;34m\]\w\[\033[00m\]\$ VIRTUAL_ENV_PROMPT=(.venv) /usr/bin/cmake --install /home/fuad/Downloads/fuad_ws/build/turtlebot3_gazebo
[0.926s] Level 1:colcon.colcon_core.environment:create_environment_scripts_only(turtlebot3_bringup)
[0.926s] Level 1:colcon.colcon_core.environment:checking '/home/fuad/Downloads/fuad_ws/install/turtlebot3_bringup' for CMake module files
[0.927s] Level 1:colcon.colcon_core.environment:checking '/home/fuad/Downloads/fuad_ws/install/turtlebot3_bringup' for CMake config files
[0.928s] Level 1:colcon.colcon_core.shell:create_environment_hook('turtlebot3_bringup', 'cmake_prefix_path')
[0.928s] INFO:colcon.colcon_core.shell:Creating environment hook '/home/fuad/Downloads/fuad_ws/install/turtlebot3_bringup/share/turtlebot3_bringup/hook/cmake_prefix_path.ps1'
[0.930s] INFO:colcon.colcon_core.shell:Creating environment descriptor '/home/fuad/Downloads/fuad_ws/install/turtlebot3_bringup/share/turtlebot3_bringup/hook/cmake_prefix_path.dsv'
[0.931s] INFO:colcon.colcon_core.shell:Creating environment hook '/home/fuad/Downloads/fuad_ws/install/turtlebot3_bringup/share/turtlebot3_bringup/hook/cmake_prefix_path.sh'
[0.932s] Level 1:colcon.colcon_core.environment:checking '/home/fuad/Downloads/fuad_ws/install/turtlebot3_bringup/bin'
[0.932s] Level 1:colcon.colcon_core.environment:checking '/home/fuad/Downloads/fuad_ws/install/turtlebot3_bringup/lib/pkgconfig/turtlebot3_bringup.pc'
[0.932s] Level 1:colcon.colcon_core.environment:checking '/home/fuad/Downloads/fuad_ws/install/turtlebot3_bringup/lib/python3.12/site-packages'
[0.933s] Level 1:colcon.colcon_core.environment:checking '/home/fuad/Downloads/fuad_ws/install/turtlebot3_bringup/bin'
[0.933s] INFO:colcon.colcon_core.shell:Creating package script '/home/fuad/Downloads/fuad_ws/install/turtlebot3_bringup/share/turtlebot3_bringup/package.ps1'
[0.934s] INFO:colcon.colcon_core.shell:Creating package descriptor '/home/fuad/Downloads/fuad_ws/install/turtlebot3_bringup/share/turtlebot3_bringup/package.dsv'
[0.935s] INFO:colcon.colcon_core.shell:Creating package script '/home/fuad/Downloads/fuad_ws/install/turtlebot3_bringup/share/turtlebot3_bringup/package.sh'
[0.936s] INFO:colcon.colcon_core.shell:Creating package script '/home/fuad/Downloads/fuad_ws/install/turtlebot3_bringup/share/turtlebot3_bringup/package.bash'
[0.937s] INFO:colcon.colcon_core.shell:Creating package script '/home/fuad/Downloads/fuad_ws/install/turtlebot3_bringup/share/turtlebot3_bringup/package.zsh'
[0.938s] Level 1:colcon.colcon_core.environment:create_file_with_runtime_dependencies(/home/fuad/Downloads/fuad_ws/install/turtlebot3_bringup/share/colcon-core/packages/turtlebot3_bringup)
[0.939s] Level 1:colcon.colcon_core.environment:create_environment_scripts_only(turtlebot3_bringup)
[0.939s] Level 1:colcon.colcon_core.environment:checking '/home/fuad/Downloads/fuad_ws/install/turtlebot3_bringup' for CMake module files
[0.941s] Level 1:colcon.colcon_core.environment:checking '/home/fuad/Downloads/fuad_ws/install/turtlebot3_bringup' for CMake config files
[0.941s] DEBUG:colcon.colcon_core.event_handler.log_command:Invoked command in '/home/fuad/Downloads/fuad_ws/build/turtlebot3_bringup' returned '0': CMAKE_PREFIX_PATH=/home/fuad/Downloads/fuad_ws/install/turtlebot3_description:/home/fuad/Downloads/fuad_ws/install/turtlebot3_gazebo:/home/fuad/Downloads/fuad_ws/install/turtlebot3_bringup:/opt/ros/jazzy/opt/gz_sim_vendor:/opt/ros/jazzy/opt/gz_sensors_vendor:/opt/ros/jazzy/opt/gz_physics_vendor:/opt/ros/jazzy/opt/sdformat_vendor:/opt/ros/jazzy/opt/gz_gui_vendor:/opt/ros/jazzy/opt/gz_transport_vendor:/opt/ros/jazzy/opt/gz_rendering_vendor:/opt/ros/jazzy/opt/gz_plugin_vendor:/opt/ros/jazzy/opt/gz_fuel_tools_vendor:/opt/ros/jazzy/opt/gz_msgs_vendor:/opt/ros/jazzy/opt/gz_common_vendor:/opt/ros/jazzy/opt/gz_math_vendor:/opt/ros/jazzy/opt/gz_utils_vendor:/opt/ros/jazzy/opt/gz_tools_vendor:/opt/ros/jazzy/opt/gz_ogre_next_vendor:/opt/ros/jazzy/opt/gz_dartsim_vendor:/opt/ros/jazzy/opt/gz_cmake_vendor:/home/fuad/Downloads/fuad_ws/install/quadcopter_gazebo:/home/fuad/Downloads/fuad_ws/install/integration_pkg:/opt/ros/jazzy DEBUGINFOD_URLS=https://debuginfod.ubuntu.com PS1=(.venv) \[\e]0;\u@\h: \w\a\]${debian_chroot:+($debian_chroot)}\[\033[01;32m\]\u@\h\[\033[00m\]:\[\033[01;34m\]\w\[\033[00m\]\$ VIRTUAL_ENV_PROMPT=(.venv) /usr/bin/cmake --install /home/fuad/Downloads/fuad_ws/build/turtlebot3_bringup
[0.942s] Level 1:colcon.colcon_core.shell:create_environment_hook('turtlebot3_bringup', 'cmake_prefix_path')
[0.942s] INFO:colcon.colcon_core.shell:Creating environment hook '/home/fuad/Downloads/fuad_ws/install/turtlebot3_bringup/share/turtlebot3_bringup/hook/cmake_prefix_path.ps1'
[0.944s] INFO:colcon.colcon_core.shell:Creating environment descriptor '/home/fuad/Downloads/fuad_ws/install/turtlebot3_bringup/share/turtlebot3_bringup/hook/cmake_prefix_path.dsv'
[0.944s] INFO:colcon.colcon_core.shell:Creating environment hook '/home/fuad/Downloads/fuad_ws/install/turtlebot3_bringup/share/turtlebot3_bringup/hook/cmake_prefix_path.sh'
[0.945s] Level 1:colcon.colcon_core.environment:checking '/home/fuad/Downloads/fuad_ws/install/turtlebot3_bringup/bin'
[0.946s] Level 1:colcon.colcon_core.environment:checking '/home/fuad/Downloads/fuad_ws/install/turtlebot3_bringup/lib/pkgconfig/turtlebot3_bringup.pc'
[0.946s] Level 1:colcon.colcon_core.environment:checking '/home/fuad/Downloads/fuad_ws/install/turtlebot3_bringup/lib/python3.12/site-packages'
[0.946s] Level 1:colcon.colcon_core.environment:checking '/home/fuad/Downloads/fuad_ws/install/turtlebot3_bringup/bin'
[0.947s] INFO:colcon.colcon_core.shell:Creating package script '/home/fuad/Downloads/fuad_ws/install/turtlebot3_bringup/share/turtlebot3_bringup/package.ps1'
[0.948s] INFO:colcon.colcon_core.shell:Creating package descriptor '/home/fuad/Downloads/fuad_ws/install/turtlebot3_bringup/share/turtlebot3_bringup/package.dsv'
[0.949s] INFO:colcon.colcon_core.shell:Creating package script '/home/fuad/Downloads/fuad_ws/install/turtlebot3_bringup/share/turtlebot3_bringup/package.sh'
[0.949s] INFO:colcon.colcon_core.shell:Creating package script '/home/fuad/Downloads/fuad_ws/install/turtlebot3_bringup/share/turtlebot3_bringup/package.bash'
[0.950s] INFO:colcon.colcon_core.shell:Creating package script '/home/fuad/Downloads/fuad_ws/install/turtlebot3_bringup/share/turtlebot3_bringup/package.zsh'
[0.951s] Level 1:colcon.colcon_core.environment:create_file_with_runtime_dependencies(/home/fuad/Downloads/fuad_ws/install/turtlebot3_bringup/share/colcon-core/packages/turtlebot3_bringup)
[1.320s] DEBUG:colcon.colcon_core.task.python.build:Available setuptools commands: clean, bdist_rpm, install_egg_info, install_scripts, install_headers, check, easy_install, install, saveopts, alias, setopt, build_py, bdist, install_data, build_clib, install_lib, bdist_dumb, bdist_egg, dist_info, bdist_wheel, egg_info, build_ext, rotate, build, symlink_data, editable_wheel, sdist, develop, build_scripts
[1.323s] DEBUG:colcon.colcon_core.event_handler.log_command:Invoking command in '/home/fuad/Downloads/fuad_ws/src/integration_pkg': DEBUGINFOD_URLS=https://debuginfod.ubuntu.com PS1=(.venv) \[\e]0;\u@\h: \w\a\]${debian_chroot:+($debian_chroot)}\[\033[01;32m\]\u@\h\[\033[00m\]:\[\033[01;34m\]\w\[\033[00m\]\$ PYTHONPATH=/home/fuad/Downloads/fuad_ws/build/integration_pkg/prefix_override:/home/fuad/Downloads/fuad_ws/.venv/lib/python3.12/site-packages/colcon_core/task/python/colcon_distutils_commands:/home/fuad/Downloads/fuad_ws/install/integration_pkg/lib/python3.12/site-packages:${PYTHONPATH} VIRTUAL_ENV_PROMPT=(.venv) /home/fuad/Downloads/fuad_ws/.venv/bin/python3 -W ignore:setup.py install is deprecated -W ignore:easy_install command is deprecated setup.py egg_info --egg-base ../../build/integration_pkg build --build-base /home/fuad/Downloads/fuad_ws/build/integration_pkg/build install --record /home/fuad/Downloads/fuad_ws/build/integration_pkg/install.log --install-scripts $base/lib/integration_pkg --single-version-externally-managed install_data
[1.327s] DEBUG:colcon.colcon_core.task.python.build:Available setuptools commands: clean, bdist_rpm, install_egg_info, install_scripts, install_headers, check, easy_install, install, saveopts, alias, setopt, build_py, bdist, install_data, build_clib, install_lib, bdist_dumb, bdist_egg, dist_info, bdist_wheel, egg_info, build_ext, rotate, build, symlink_data, editable_wheel, sdist, develop, build_scripts
[1.330s] DEBUG:colcon.colcon_core.event_handler.log_command:Invoking command in '/home/fuad/Downloads/fuad_ws/src/quadcopter_gazebo': DEBUGINFOD_URLS=https://debuginfod.ubuntu.com PS1=(.venv) \[\e]0;\u@\h: \w\a\]${debian_chroot:+($debian_chroot)}\[\033[01;32m\]\u@\h\[\033[00m\]:\[\033[01;34m\]\w\[\033[00m\]\$ PYTHONPATH=/home/fuad/Downloads/fuad_ws/build/quadcopter_gazebo/prefix_override:/home/fuad/Downloads/fuad_ws/.venv/lib/python3.12/site-packages/colcon_core/task/python/colcon_distutils_commands:/home/fuad/Downloads/fuad_ws/install/quadcopter_gazebo/lib/python3.12/site-packages:${PYTHONPATH} VIRTUAL_ENV_PROMPT=(.venv) /home/fuad/Downloads/fuad_ws/.venv/bin/python3 -W ignore:setup.py install is deprecated -W ignore:easy_install command is deprecated setup.py egg_info --egg-base ../../build/quadcopter_gazebo build --build-base /home/fuad/Downloads/fuad_ws/build/quadcopter_gazebo/build install --record /home/fuad/Downloads/fuad_ws/build/quadcopter_gazebo/install.log --install-scripts $base/lib/quadcopter_gazebo --single-version-externally-managed install_data
[1.788s] Level 1:colcon.colcon_core.environment:checking '/home/fuad/Downloads/fuad_ws/install/quadcopter_gazebo' for CMake module files
[1.789s] DEBUG:colcon.colcon_core.event_handler.log_command:Invoked command in '/home/fuad/Downloads/fuad_ws/src/quadcopter_gazebo' returned '0': DEBUGINFOD_URLS=https://debuginfod.ubuntu.com PS1=(.venv) \[\e]0;\u@\h: \w\a\]${debian_chroot:+($debian_chroot)}\[\033[01;32m\]\u@\h\[\033[00m\]:\[\033[01;34m\]\w\[\033[00m\]\$ PYTHONPATH=/home/fuad/Downloads/fuad_ws/build/quadcopter_gazebo/prefix_override:/home/fuad/Downloads/fuad_ws/.venv/lib/python3.12/site-packages/colcon_core/task/python/colcon_distutils_commands:/home/fuad/Downloads/fuad_ws/install/quadcopter_gazebo/lib/python3.12/site-packages:${PYTHONPATH} VIRTUAL_ENV_PROMPT=(.venv) /home/fuad/Downloads/fuad_ws/.venv/bin/python3 -W ignore:setup.py install is deprecated -W ignore:easy_install command is deprecated setup.py egg_info --egg-base ../../build/quadcopter_gazebo build --build-base /home/fuad/Downloads/fuad_ws/build/quadcopter_gazebo/build install --record /home/fuad/Downloads/fuad_ws/build/quadcopter_gazebo/install.log --install-scripts $base/lib/quadcopter_gazebo --single-version-externally-managed install_data
[1.790s] Level 1:colcon.colcon_core.environment:checking '/home/fuad/Downloads/fuad_ws/install/quadcopter_gazebo' for CMake config files
[1.791s] Level 1:colcon.colcon_core.environment:checking '/home/fuad/Downloads/fuad_ws/install/quadcopter_gazebo/lib'
[1.791s] Level 1:colcon.colcon_core.environment:checking '/home/fuad/Downloads/fuad_ws/install/quadcopter_gazebo/bin'
[1.791s] Level 1:colcon.colcon_core.environment:checking '/home/fuad/Downloads/fuad_ws/install/quadcopter_gazebo/lib/pkgconfig/quadcopter_gazebo.pc'
[1.791s] Level 1:colcon.colcon_core.environment:checking '/home/fuad/Downloads/fuad_ws/install/quadcopter_gazebo/lib/python3.12/site-packages'
[1.791s] Level 1:colcon.colcon_core.shell:create_environment_hook('quadcopter_gazebo', 'pythonpath')
[1.792s] INFO:colcon.colcon_core.shell:Creating environment hook '/home/fuad/Downloads/fuad_ws/install/quadcopter_gazebo/share/quadcopter_gazebo/hook/pythonpath.ps1'
[1.794s] INFO:colcon.colcon_core.shell:Creating environment descriptor '/home/fuad/Downloads/fuad_ws/install/quadcopter_gazebo/share/quadcopter_gazebo/hook/pythonpath.dsv'
[1.795s] INFO:colcon.colcon_core.shell:Creating environment hook '/home/fuad/Downloads/fuad_ws/install/quadcopter_gazebo/share/quadcopter_gazebo/hook/pythonpath.sh'
[1.797s] Level 1:colcon.colcon_core.environment:checking '/home/fuad/Downloads/fuad_ws/install/quadcopter_gazebo/bin'
[1.797s] Level 1:colcon.colcon_core.environment:create_environment_scripts_only(quadcopter_gazebo)
[1.798s] INFO:colcon.colcon_core.shell:Creating package script '/home/fuad/Downloads/fuad_ws/install/quadcopter_gazebo/share/quadcopter_gazebo/package.ps1'
[1.801s] INFO:colcon.colcon_core.shell:Creating package descriptor '/home/fuad/Downloads/fuad_ws/install/quadcopter_gazebo/share/quadcopter_gazebo/package.dsv'
[1.802s] INFO:colcon.colcon_core.shell:Creating package script '/home/fuad/Downloads/fuad_ws/install/quadcopter_gazebo/share/quadcopter_gazebo/package.sh'
[1.804s] INFO:colcon.colcon_core.shell:Creating package script '/home/fuad/Downloads/fuad_ws/install/quadcopter_gazebo/share/quadcopter_gazebo/package.bash'
[1.806s] INFO:colcon.colcon_core.shell:Creating package script '/home/fuad/Downloads/fuad_ws/install/quadcopter_gazebo/share/quadcopter_gazebo/package.zsh'
[1.808s] Level 1:colcon.colcon_core.environment:create_file_with_runtime_dependencies(/home/fuad/Downloads/fuad_ws/install/quadcopter_gazebo/share/colcon-core/packages/quadcopter_gazebo)
[1.810s] Level 1:colcon.colcon_core.environment:checking '/home/fuad/Downloads/fuad_ws/install/integration_pkg' for CMake module files
[1.812s] DEBUG:colcon.colcon_core.event_handler.log_command:Invoked command in '/home/fuad/Downloads/fuad_ws/src/integration_pkg' returned '0': DEBUGINFOD_URLS=https://debuginfod.ubuntu.com PS1=(.venv) \[\e]0;\u@\h: \w\a\]${debian_chroot:+($debian_chroot)}\[\033[01;32m\]\u@\h\[\033[00m\]:\[\033[01;34m\]\w\[\033[00m\]\$ PYTHONPATH=/home/fuad/Downloads/fuad_ws/build/integration_pkg/prefix_override:/home/fuad/Downloads/fuad_ws/.venv/lib/python3.12/site-packages/colcon_core/task/python/colcon_distutils_commands:/home/fuad/Downloads/fuad_ws/install/integration_pkg/lib/python3.12/site-packages:${PYTHONPATH} VIRTUAL_ENV_PROMPT=(.venv) /home/fuad/Downloads/fuad_ws/.venv/bin/python3 -W ignore:setup.py install is deprecated -W ignore:easy_install command is deprecated setup.py egg_info --egg-base ../../build/integration_pkg build --build-base /home/fuad/Downloads/fuad_ws/build/integration_pkg/build install --record /home/fuad/Downloads/fuad_ws/build/integration_pkg/install.log --install-scripts $base/lib/integration_pkg --single-version-externally-managed install_data
[1.812s] Level 1:colcon.colcon_core.environment:checking '/home/fuad/Downloads/fuad_ws/install/integration_pkg' for CMake config files
[1.813s] Level 1:colcon.colcon_core.environment:checking '/home/fuad/Downloads/fuad_ws/install/integration_pkg/lib'
[1.813s] Level 1:colcon.colcon_core.environment:checking '/home/fuad/Downloads/fuad_ws/install/integration_pkg/bin'
[1.813s] Level 1:colcon.colcon_core.environment:checking '/home/fuad/Downloads/fuad_ws/install/integration_pkg/lib/pkgconfig/integration_pkg.pc'
[1.813s] Level 1:colcon.colcon_core.environment:checking '/home/fuad/Downloads/fuad_ws/install/integration_pkg/lib/python3.12/site-packages'
[1.813s] Level 1:colcon.colcon_core.shell:create_environment_hook('integration_pkg', 'pythonpath')
[1.813s] INFO:colcon.colcon_core.shell:Creating environment hook '/home/fuad/Downloads/fuad_ws/install/integration_pkg/share/integration_pkg/hook/pythonpath.ps1'
[1.814s] INFO:colcon.colcon_core.shell:Creating environment descriptor '/home/fuad/Downloads/fuad_ws/install/integration_pkg/share/integration_pkg/hook/pythonpath.dsv'
[1.815s] INFO:colcon.colcon_core.shell:Creating environment hook '/home/fuad/Downloads/fuad_ws/install/integration_pkg/share/integration_pkg/hook/pythonpath.sh'
[1.815s] Level 1:colcon.colcon_core.environment:checking '/home/fuad/Downloads/fuad_ws/install/integration_pkg/bin'
[1.816s] Level 1:colcon.colcon_core.environment:create_environment_scripts_only(integration_pkg)
[1.816s] INFO:colcon.colcon_core.shell:Creating package script '/home/fuad/Downloads/fuad_ws/install/integration_pkg/share/integration_pkg/package.ps1'
[1.816s] INFO:colcon.colcon_core.shell:Creating package descriptor '/home/fuad/Downloads/fuad_ws/install/integration_pkg/share/integration_pkg/package.dsv'
[1.817s] INFO:colcon.colcon_core.shell:Creating package script '/home/fuad/Downloads/fuad_ws/install/integration_pkg/share/integration_pkg/package.sh'
[1.817s] INFO:colcon.colcon_core.shell:Creating package script '/home/fuad/Downloads/fuad_ws/install/integration_pkg/share/integration_pkg/package.bash'
[1.818s] INFO:colcon.colcon_core.shell:Creating package script '/home/fuad/Downloads/fuad_ws/install/integration_pkg/share/integration_pkg/package.zsh'
[1.819s] Level 1:colcon.colcon_core.environment:create_file_with_runtime_dependencies(/home/fuad/Downloads/fuad_ws/install/integration_pkg/share/colcon-core/packages/integration_pkg)
[1.819s] DEBUG:colcon.colcon_parallel_executor.executor.parallel:closing loop
[1.820s] DEBUG:colcon.colcon_parallel_executor.executor.parallel:loop closed
[1.820s] DEBUG:colcon.colcon_parallel_executor.executor.parallel:run_until_complete finished with '0'
[1.820s] DEBUG:colcon.colcon_core.event_reactor:joining thread
[1.824s] INFO:colcon.colcon_core.plugin_system:Skipping extension 'colcon_notification.desktop_notification.notify2': 'notify2' not found
[1.824s] INFO:colcon.colcon_core.plugin_system:Skipping extension 'colcon_notification.desktop_notification.terminal_notifier': Not used on non-Darwin systems
[1.824s] INFO:colcon.colcon_core.plugin_system:Skipping extension 'colcon_notification.desktop_notification.win32': Not used on non-Windows systems
[1.824s] INFO:colcon.colcon_notification.desktop_notification:Sending desktop notification using 'notify_send'
[1.857s] DEBUG:colcon.colcon_core.event_reactor:joined thread
[1.858s] INFO:colcon.colcon_core.shell:Creating prefix script '/home/fuad/Downloads/fuad_ws/install/local_setup.ps1'
[1.860s] INFO:colcon.colcon_core.shell:Creating prefix util module '/home/fuad/Downloads/fuad_ws/install/_local_setup_util_ps1.py'
[1.861s] INFO:colcon.colcon_core.shell:Creating prefix chain script '/home/fuad/Downloads/fuad_ws/install/setup.ps1'
[1.863s] INFO:colcon.colcon_core.shell:Creating prefix script '/home/fuad/Downloads/fuad_ws/install/local_setup.sh'
[1.864s] INFO:colcon.colcon_core.shell:Creating prefix util module '/home/fuad/Downloads/fuad_ws/install/_local_setup_util_sh.py'
[1.865s] INFO:colcon.colcon_core.shell:Creating prefix chain script '/home/fuad/Downloads/fuad_ws/install/setup.sh'
[1.866s] INFO:colcon.colcon_core.shell:Creating prefix script '/home/fuad/Downloads/fuad_ws/install/local_setup.bash'
[1.867s] INFO:colcon.colcon_core.shell:Creating prefix chain script '/home/fuad/Downloads/fuad_ws/install/setup.bash'
[1.868s] INFO:colcon.colcon_core.shell:Creating prefix script '/home/fuad/Downloads/fuad_ws/install/local_setup.zsh'
[1.869s] INFO:colcon.colcon_core.shell:Creating prefix chain script '/home/fuad/Downloads/fuad_ws/install/setup.zsh'
