[1.458s] Invoking command in '/home/fuad/Downloads/fuad_ws/src/integration_pkg': DEBUGINFOD_URLS=https://debuginfod.ubuntu.com PYTHONPATH=/home/fuad/Downloads/fuad_ws/build/integration_pkg/prefix_override:/usr/lib/python3/dist-packages/colcon_core/task/python/colcon_distutils_commands:/home/fuad/Downloads/fuad_ws/install/integration_pkg/lib/python3.12/site-packages:${PYTHONPATH} /usr/bin/python3 -W ignore:setup.py install is deprecated -W ignore:easy_install command is deprecated setup.py egg_info --egg-base ../../build/integration_pkg build --build-base /home/fuad/Downloads/fuad_ws/build/integration_pkg/build install --record /home/fuad/Downloads/fuad_ws/build/integration_pkg/install.log --install-scripts $base/lib/integration_pkg --single-version-externally-managed install_data
[1.811s] running egg_info
[1.839s] writing ../../build/integration_pkg/integration_pkg.egg-info/PKG-INFO
[1.840s] writing dependency_links to ../../build/integration_pkg/integration_pkg.egg-info/dependency_links.txt
[1.840s] writing entry points to ../../build/integration_pkg/integration_pkg.egg-info/entry_points.txt
[1.840s] writing requirements to ../../build/integration_pkg/integration_pkg.egg-info/requires.txt
[1.840s] writing top-level names to ../../build/integration_pkg/integration_pkg.egg-info/top_level.txt
[1.897s] reading manifest file '../../build/integration_pkg/integration_pkg.egg-info/SOURCES.txt'
[1.898s] writing manifest file '../../build/integration_pkg/integration_pkg.egg-info/SOURCES.txt'
[1.899s] running build
[1.899s] running build_py
[1.900s] running install
[1.906s] running install_lib
[1.937s] running install_data
[1.937s] running install_egg_info
[1.967s] removing '/home/fuad/Downloads/fuad_ws/install/integration_pkg/lib/python3.12/site-packages/integration_pkg-0.0.1-py3.12.egg-info' (and everything under it)
[1.967s] Copying ../../build/integration_pkg/integration_pkg.egg-info to /home/fuad/Downloads/fuad_ws/install/integration_pkg/lib/python3.12/site-packages/integration_pkg-0.0.1-py3.12.egg-info
[1.968s] running install_scripts
[2.158s] Installing battery_sim script to /home/fuad/Downloads/fuad_ws/install/integration_pkg/lib/integration_pkg
[2.158s] Installing dashboard_node script to /home/fuad/Downloads/fuad_ws/install/integration_pkg/lib/integration_pkg
[2.158s] Installing follow_node script to /home/fuad/Downloads/fuad_ws/install/integration_pkg/lib/integration_pkg
[2.158s] Installing selector_node script to /home/fuad/Downloads/fuad_ws/install/integration_pkg/lib/integration_pkg
[2.159s] Installing teleop_bridge script to /home/fuad/Downloads/fuad_ws/install/integration_pkg/lib/integration_pkg
[2.159s] Installing voice_node script to /home/fuad/Downloads/fuad_ws/install/integration_pkg/lib/integration_pkg
[2.159s] writing list of installed files to '/home/fuad/Downloads/fuad_ws/build/integration_pkg/install.log'
[2.233s] Invoked command in '/home/fuad/Downloads/fuad_ws/src/integration_pkg' returned '0': DEBUGINFOD_URLS=https://debuginfod.ubuntu.com PYTHONPATH=/home/fuad/Downloads/fuad_ws/build/integration_pkg/prefix_override:/usr/lib/python3/dist-packages/colcon_core/task/python/colcon_distutils_commands:/home/fuad/Downloads/fuad_ws/install/integration_pkg/lib/python3.12/site-packages:${PYTHONPATH} /usr/bin/python3 -W ignore:setup.py install is deprecated -W ignore:easy_install command is deprecated setup.py egg_info --egg-base ../../build/integration_pkg build --build-base /home/fuad/Downloads/fuad_ws/build/integration_pkg/build install --record /home/fuad/Downloads/fuad_ws/build/integration_pkg/install.log --install-scripts $base/lib/integration_pkg --single-version-externally-managed install_data
