[0.030s] Invoking command in '/home/fuad/Downloads/fuad_ws/build/turtlebot3_description': CMAKE_PREFIX_PATH=${CMAKE_PREFIX_PATH}:/home/fuad/Downloads/fuad_ws/install/quadcopter_gazebo:/home/fuad/Downloads/fuad_ws/install/integration_pkg:/opt/ros/jazzy DEBUGINFOD_URLS=https://debuginfod.ubuntu.com PS1=(.venv) \[\e]0;\u@\h: \w\a\]${debian_chroot:+($debian_chroot)}\[\033[01;32m\]\u@\h\[\033[00m\]:\[\033[01;34m\]\w\[\033[00m\]\$ VIRTUAL_ENV_PROMPT=(.venv) /usr/bin/cmake /home/fuad/Downloads/fuad_ws/src/turtlebot3/turtlebot3_description -DCMAKE_INSTALL_PREFIX=/home/fuad/Downloads/fuad_ws/install/turtlebot3_description
[0.649s] -- The C compiler identification is GNU 13.3.0
[0.650s] -- The CXX compiler identification is GNU 13.3.0
[0.650s] -- Detecting C compiler ABI info
[0.650s] -- Detecting C compiler ABI info - done
[0.650s] -- Check for working C compiler: /usr/bin/cc - skipped
[0.650s] -- Detecting C compile features
[0.651s] -- Detecting C compile features - done
[0.651s] -- Detecting CXX compiler ABI info
[0.651s] -- Detecting CXX compiler ABI info - done
[0.652s] -- Check for working CXX compiler: /usr/bin/c++ - skipped
[0.652s] -- Detecting CXX compile features
[0.652s] -- Detecting CXX compile features - done
[0.653s] -- Found ament_cmake: 2.5.6 (/opt/ros/jazzy/share/ament_cmake/cmake)
[0.785s] -- Found Python3: /home/fuad/Downloads/fuad_ws/.venv/bin/python3 (found version "3.12.3") found components: Interpreter 
[0.956s] -- Found urdf: 2.10.1 (/opt/ros/jazzy/share/urdf/cmake)
[1.030s] -- Found TinyXML2 via Config file: /usr/lib/x86_64-linux-gnu/cmake/tinyxml2
[1.199s] -- Configuring done (1.2s)
[1.203s] -- Generating done (0.0s)
[1.206s] -- Build files have been written to: /home/fuad/Downloads/fuad_ws/build/turtlebot3_description
[1.217s] Invoked command in '/home/fuad/Downloads/fuad_ws/build/turtlebot3_description' returned '0': CMAKE_PREFIX_PATH=${CMAKE_PREFIX_PATH}:/home/fuad/Downloads/fuad_ws/install/quadcopter_gazebo:/home/fuad/Downloads/fuad_ws/install/integration_pkg:/opt/ros/jazzy DEBUGINFOD_URLS=https://debuginfod.ubuntu.com PS1=(.venv) \[\e]0;\u@\h: \w\a\]${debian_chroot:+($debian_chroot)}\[\033[01;32m\]\u@\h\[\033[00m\]:\[\033[01;34m\]\w\[\033[00m\]\$ VIRTUAL_ENV_PROMPT=(.venv) /usr/bin/cmake /home/fuad/Downloads/fuad_ws/src/turtlebot3/turtlebot3_description -DCMAKE_INSTALL_PREFIX=/home/fuad/Downloads/fuad_ws/install/turtlebot3_description
[1.219s] Invoking command in '/home/fuad/Downloads/fuad_ws/build/turtlebot3_description': CMAKE_PREFIX_PATH=${CMAKE_PREFIX_PATH}:/home/fuad/Downloads/fuad_ws/install/quadcopter_gazebo:/home/fuad/Downloads/fuad_ws/install/integration_pkg:/opt/ros/jazzy DEBUGINFOD_URLS=https://debuginfod.ubuntu.com PS1=(.venv) \[\e]0;\u@\h: \w\a\]${debian_chroot:+($debian_chroot)}\[\033[01;32m\]\u@\h\[\033[00m\]:\[\033[01;34m\]\w\[\033[00m\]\$ VIRTUAL_ENV_PROMPT=(.venv) /usr/bin/cmake --build /home/fuad/Downloads/fuad_ws/build/turtlebot3_description -- -j16 -l16
[1.285s] Invoked command in '/home/fuad/Downloads/fuad_ws/build/turtlebot3_description' returned '0': CMAKE_PREFIX_PATH=${CMAKE_PREFIX_PATH}:/home/fuad/Downloads/fuad_ws/install/quadcopter_gazebo:/home/fuad/Downloads/fuad_ws/install/integration_pkg:/opt/ros/jazzy DEBUGINFOD_URLS=https://debuginfod.ubuntu.com PS1=(.venv) \[\e]0;\u@\h: \w\a\]${debian_chroot:+($debian_chroot)}\[\033[01;32m\]\u@\h\[\033[00m\]:\[\033[01;34m\]\w\[\033[00m\]\$ VIRTUAL_ENV_PROMPT=(.venv) /usr/bin/cmake --build /home/fuad/Downloads/fuad_ws/build/turtlebot3_description -- -j16 -l16
[1.300s] Invoking command in '/home/fuad/Downloads/fuad_ws/build/turtlebot3_description': CMAKE_PREFIX_PATH=${CMAKE_PREFIX_PATH}:/home/fuad/Downloads/fuad_ws/install/quadcopter_gazebo:/home/fuad/Downloads/fuad_ws/install/integration_pkg:/opt/ros/jazzy DEBUGINFOD_URLS=https://debuginfod.ubuntu.com PS1=(.venv) \[\e]0;\u@\h: \w\a\]${debian_chroot:+($debian_chroot)}\[\033[01;32m\]\u@\h\[\033[00m\]:\[\033[01;34m\]\w\[\033[00m\]\$ VIRTUAL_ENV_PROMPT=(.venv) /usr/bin/cmake --install /home/fuad/Downloads/fuad_ws/build/turtlebot3_description
[1.312s] -- Install configuration: ""
[1.312s] -- Installing: /home/fuad/Downloads/fuad_ws/install/turtlebot3_description/share/turtlebot3_description/meshes
[1.312s] -- Installing: /home/fuad/Downloads/fuad_ws/install/turtlebot3_description/share/turtlebot3_description/meshes/bases
[1.312s] -- Installing: /home/fuad/Downloads/fuad_ws/install/turtlebot3_description/share/turtlebot3_description/meshes/bases/waffle_pi_base.stl
[1.321s] -- Installing: /home/fuad/Downloads/fuad_ws/install/turtlebot3_description/share/turtlebot3_description/meshes/bases/burger_base.stl
[1.325s] -- Installing: /home/fuad/Downloads/fuad_ws/install/turtlebot3_description/share/turtlebot3_description/meshes/bases/waffle_base.stl
[1.342s] -- Installing: /home/fuad/Downloads/fuad_ws/install/turtlebot3_description/share/turtlebot3_description/meshes/sensors
[1.342s] -- Installing: /home/fuad/Downloads/fuad_ws/install/turtlebot3_description/share/turtlebot3_description/meshes/sensors/astra.dae
[1.351s] -- Installing: /home/fuad/Downloads/fuad_ws/install/turtlebot3_description/share/turtlebot3_description/meshes/sensors/lds.stl
[1.352s] -- Installing: /home/fuad/Downloads/fuad_ws/install/turtlebot3_description/share/turtlebot3_description/meshes/sensors/astra.jpg
[1.352s] -- Installing: /home/fuad/Downloads/fuad_ws/install/turtlebot3_description/share/turtlebot3_description/meshes/sensors/r200.dae
[1.353s] -- Installing: /home/fuad/Downloads/fuad_ws/install/turtlebot3_description/share/turtlebot3_description/meshes/sensors/r200.jpg
[1.353s] -- Installing: /home/fuad/Downloads/fuad_ws/install/turtlebot3_description/share/turtlebot3_description/meshes/wheels
[1.353s] -- Installing: /home/fuad/Downloads/fuad_ws/install/turtlebot3_description/share/turtlebot3_description/meshes/wheels/right_tire.stl
[1.355s] -- Installing: /home/fuad/Downloads/fuad_ws/install/turtlebot3_description/share/turtlebot3_description/meshes/wheels/left_tire.stl
[1.356s] -- Installing: /home/fuad/Downloads/fuad_ws/install/turtlebot3_description/share/turtlebot3_description/rviz
[1.357s] -- Installing: /home/fuad/Downloads/fuad_ws/install/turtlebot3_description/share/turtlebot3_description/rviz/model.rviz
[1.357s] -- Installing: /home/fuad/Downloads/fuad_ws/install/turtlebot3_description/share/turtlebot3_description/urdf
[1.357s] -- Installing: /home/fuad/Downloads/fuad_ws/install/turtlebot3_description/share/turtlebot3_description/urdf/common_properties.urdf
[1.357s] -- Installing: /home/fuad/Downloads/fuad_ws/install/turtlebot3_description/share/turtlebot3_description/urdf/turtlebot3_waffle_pi.urdf
[1.357s] -- Installing: /home/fuad/Downloads/fuad_ws/install/turtlebot3_description/share/turtlebot3_description/urdf/turtlebot3_waffle.urdf
[1.357s] -- Installing: /home/fuad/Downloads/fuad_ws/install/turtlebot3_description/share/turtlebot3_description/urdf/turtlebot3_burger.urdf
[1.358s] -- Installing: /home/fuad/Downloads/fuad_ws/install/turtlebot3_description/share/ament_index/resource_index/package_run_dependencies/turtlebot3_description
[1.358s] -- Installing: /home/fuad/Downloads/fuad_ws/install/turtlebot3_description/share/ament_index/resource_index/parent_prefix_path/turtlebot3_description
[1.358s] -- Installing: /home/fuad/Downloads/fuad_ws/install/turtlebot3_description/share/turtlebot3_description/environment/ament_prefix_path.sh
[1.358s] -- Installing: /home/fuad/Downloads/fuad_ws/install/turtlebot3_description/share/turtlebot3_description/environment/ament_prefix_path.dsv
[1.358s] -- Installing: /home/fuad/Downloads/fuad_ws/install/turtlebot3_description/share/turtlebot3_description/environment/path.sh
[1.358s] -- Installing: /home/fuad/Downloads/fuad_ws/install/turtlebot3_description/share/turtlebot3_description/environment/path.dsv
[1.359s] -- Installing: /home/fuad/Downloads/fuad_ws/install/turtlebot3_description/share/turtlebot3_description/local_setup.bash
[1.359s] -- Installing: /home/fuad/Downloads/fuad_ws/install/turtlebot3_description/share/turtlebot3_description/local_setup.sh
[1.359s] -- Installing: /home/fuad/Downloads/fuad_ws/install/turtlebot3_description/share/turtlebot3_description/local_setup.zsh
[1.359s] -- Installing: /home/fuad/Downloads/fuad_ws/install/turtlebot3_description/share/turtlebot3_description/local_setup.dsv
[1.359s] -- Installing: /home/fuad/Downloads/fuad_ws/install/turtlebot3_description/share/turtlebot3_description/package.dsv
[1.360s] -- Installing: /home/fuad/Downloads/fuad_ws/install/turtlebot3_description/share/ament_index/resource_index/packages/turtlebot3_description
[1.360s] -- Installing: /home/fuad/Downloads/fuad_ws/install/turtlebot3_description/share/turtlebot3_description/cmake/turtlebot3_descriptionConfig.cmake
[1.360s] -- Installing: /home/fuad/Downloads/fuad_ws/install/turtlebot3_description/share/turtlebot3_description/cmake/turtlebot3_descriptionConfig-version.cmake
[1.360s] -- Installing: /home/fuad/Downloads/fuad_ws/install/turtlebot3_description/share/turtlebot3_description/package.xml
[1.364s] Invoked command in '/home/fuad/Downloads/fuad_ws/build/turtlebot3_description' returned '0': CMAKE_PREFIX_PATH=${CMAKE_PREFIX_PATH}:/home/fuad/Downloads/fuad_ws/install/quadcopter_gazebo:/home/fuad/Downloads/fuad_ws/install/integration_pkg:/opt/ros/jazzy DEBUGINFOD_URLS=https://debuginfod.ubuntu.com PS1=(.venv) \[\e]0;\u@\h: \w\a\]${debian_chroot:+($debian_chroot)}\[\033[01;32m\]\u@\h\[\033[00m\]:\[\033[01;34m\]\w\[\033[00m\]\$ VIRTUAL_ENV_PROMPT=(.venv) /usr/bin/cmake --install /home/fuad/Downloads/fuad_ws/build/turtlebot3_description
