[0.614s] Invoking command in '/home/fuad/Downloads/fuad_ws/build/turtlebot3_gazebo': CMAKE_PREFIX_PATH=${CMAKE_PREFIX_PATH}:/home/fuad/Downloads/fuad_ws/install/quadcopter_gazebo:/home/fuad/Downloads/fuad_ws/install/integration_pkg:/opt/ros/jazzy DEBUGINFOD_URLS=https://debuginfod.ubuntu.com PS1=(.venv) \[\e]0;\u@\h: \w\a\]${debian_chroot:+($debian_chroot)}\[\033[01;32m\]\u@\h\[\033[00m\]:\[\033[01;34m\]\w\[\033[00m\]\$ VIRTUAL_ENV_PROMPT=(.venv) /usr/bin/cmake /home/fuad/Downloads/fuad_ws/src/turtlebot3/turtlebot3_gazebo -DCMAKE_INSTALL_PREFIX=/home/fuad/Downloads/fuad_ws/install/turtlebot3_gazebo
[0.698s] -- The C compiler identification is GNU 13.3.0
[0.784s] -- The CXX compiler identification is GNU 13.3.0
[0.820s] -- Detecting C compiler ABI info
[0.967s] -- Detecting C compiler ABI info - done
[0.988s] -- Check for working C compiler: /usr/bin/cc - skipped
[0.988s] -- Detecting C compile features
[0.989s] -- Detecting C compile features - done
[1.005s] -- Detecting CXX compiler ABI info
[1.159s] -- Detecting CXX compiler ABI info - done
[1.184s] -- Check for working CXX compiler: /usr/bin/c++ - skipped
[1.185s] -- Detecting CXX compile features
[1.186s] -- Detecting CXX compile features - done
[1.200s] -- Found ament_cmake: 2.5.6 (/opt/ros/jazzy/share/ament_cmake/cmake)
[1.389s] -- Found Python3: /home/fuad/Downloads/fuad_ws/.venv/bin/python3 (found version "3.12.3") found components: Interpreter 
[1.589s] -- Found ros_gz_sim: 1.0.22 (/opt/ros/jazzy/share/ros_gz_sim/cmake)
[1.681s] -- Found rosidl_generator_c: 4.6.9 (/opt/ros/jazzy/share/rosidl_generator_c/cmake)
[1.708s] -- Found rosidl_generator_cpp: 4.6.9 (/opt/ros/jazzy/share/rosidl_generator_cpp/cmake)
[1.739s] -- Using all available rosidl_typesupport_c: rosidl_typesupport_fastrtps_c;rosidl_typesupport_introspection_c
[1.772s] -- Using all available rosidl_typesupport_cpp: rosidl_typesupport_fastrtps_cpp;rosidl_typesupport_introspection_cpp
[1.913s] -- Found rmw_implementation_cmake: 7.3.3 (/opt/ros/jazzy/share/rmw_implementation_cmake/cmake)
[1.921s] -- Found rmw_fastrtps_cpp: 8.4.4 (/opt/ros/jazzy/share/rmw_fastrtps_cpp/cmake)
[2.096s] -- Found OpenSSL: /usr/lib/x86_64-linux-gnu/libcrypto.so (found version "3.0.13")  
[2.143s] -- Found FastRTPS: /opt/ros/jazzy/include (Required is at least version "2.13") 
[2.180s] -- Using RMW implementation 'rmw_fastrtps_cpp' as default
[2.620s] -- Found nav_msgs: 5.3.8 (/opt/ros/jazzy/share/nav_msgs/cmake)
[2.661s] -- Found sensor_msgs: 5.3.8 (/opt/ros/jazzy/share/sensor_msgs/cmake)
[2.702s] -- Found gz_math_vendor: 0.0.9 (/opt/ros/jazzy/share/gz_math_vendor/cmake)
[2.719s] -- Looking for gz-math7 -- found version 7.6.0
[2.731s] -- Searching for dependencies of gz-math7
[2.735s] -- Looking for gz-utils2 -- found version 2.2.1
[2.735s] -- Searching for dependencies of gz-utils2
[2.742s] -- Found gz_sim_vendor: 0.0.10 (/opt/ros/jazzy/share/gz_sim_vendor/cmake)
[2.840s] -- Looking for gz-sim8 -- found version 8.11.0
[2.840s] -- Searching for dependencies of gz-sim8
[2.843s] -- Looking for sdformat14 -- found version 14.9.0
[2.843s] -- Searching for dependencies of sdformat14
[2.853s] -- Checking for module 'tinyxml2'
[2.888s] --   Found tinyxml2, version 10.0.0
[2.978s] -- Looking for gz-math7 -- found version 7.6.0
[2.979s] -- Looking for gz-utils2 -- found version 2.2.1
[2.979s] -- Searching for dependencies of gz-utils2
[2.979s] -- Searching for <gz-utils2> component [cli]
[2.984s] -- Looking for gz-utils2-cli -- found version 2.2.1
[2.984s] -- Searching for dependencies of gz-utils2-cli
[2.989s] -- Looking for gz-plugin2 -- found version 2.0.4
[2.990s] -- Searching for dependencies of gz-plugin2
[2.990s] -- Looking for gz-utils2 -- found version 2.2.1
[2.991s] -- Searching for <gz-plugin2> component [loader]
[2.995s] -- Looking for gz-plugin2-loader -- found version 2.0.4
[2.996s] -- Searching for dependencies of gz-plugin2-loader
[2.997s] -- Searching for <gz-plugin2> component [register]
[3.001s] -- Looking for gz-plugin2-register -- found version 2.0.4
[3.001s] -- Searching for dependencies of gz-plugin2-register
[3.005s] -- Looking for gz-transport13 -- found version 13.5.0
[3.006s] -- Searching for dependencies of gz-transport13
[3.222s] -- Found Protobuf: /usr/lib/x86_64-linux-gnu/libprotobuf.so (found version "3.21.12") 
[3.242s] -- Config-file not installed for ZeroMQ -- checking for pkg-config
[3.253s] -- Checking for module 'libzmq >= 4'
[3.296s] --   Found libzmq, version 4.3.5
[3.400s] -- Found ZeroMQ: TRUE (Required is at least version "4") 
[3.416s] -- Checking for module 'uuid'
[3.453s] --   Found uuid, version 2.39.3
[3.543s] -- Found UUID: TRUE  
[3.544s] -- Looking for gz-utils2 -- found version 2.2.1
[3.553s] -- Looking for gz-msgs10 -- found version 10.3.2
[3.554s] -- Searching for dependencies of gz-msgs10
[3.590s] -- Looking for gz-utils2 -- found version 2.2.1
[3.591s] -- Looking for gz-math7 -- found version 7.6.0
[3.604s] -- Searching for <gz-transport13> component [log]
[3.607s] -- Looking for gz-transport13-log -- found version 13.5.0
[3.607s] -- Searching for dependencies of gz-transport13-log
[3.608s] -- Searching for <gz-transport13> component [parameters]
[3.612s] -- Looking for gz-transport13-parameters -- found version 13.5.0
[3.612s] -- Searching for dependencies of gz-transport13-parameters
[3.614s] -- Looking for gz-msgs10 -- found version 10.3.2
[3.617s] -- Looking for gz-common5 -- found version 5.8.0
[3.618s] -- Searching for dependencies of gz-common5
[3.618s] -- Looking for gz-utils2 -- found version 2.2.1
[3.619s] -- Looking for dlfcn.h - found
[3.621s] -- Looking for libdl - found
[3.623s] -- Found DL: TRUE  
[3.635s] -- Searching for <gz-common5> component [av]
[3.639s] -- Looking for gz-common5-av -- found version 5.8.0
[3.640s] -- Searching for dependencies of gz-common5-av
[3.649s] -- Checking for module 'libswscale'
[3.684s] --   Found libswscale, version 7.5.100
[3.761s] -- Found SWSCALE: TRUE  
[3.769s] -- Checking for module 'libavdevice >= 56.4.100'
[3.805s] --   Found libavdevice, version 60.3.100
[3.913s] -- Found AVDEVICE: TRUE (Required is at least version "56.4.100") 
[3.922s] -- Checking for module 'libavformat'
[3.964s] --   Found libavformat, version 60.16.100
[4.053s] -- Found AVFORMAT: TRUE  
[4.062s] -- Checking for module 'libavcodec'
[4.098s] --   Found libavcodec, version 60.31.102
[4.183s] -- Found AVCODEC: TRUE  
[4.192s] -- Checking for module 'libavutil'
[4.227s] --   Found libavutil, version 58.29.100
[4.312s] -- Found AVUTIL: TRUE  
[4.313s] -- Searching for <gz-common5> component [events]
[4.318s] -- Looking for gz-common5-events -- found version 5.8.0
[4.319s] -- Searching for dependencies of gz-common5-events
[4.319s] -- Looking for gz-math7 -- found version 7.6.0
[4.321s] -- Searching for <gz-common5> component [graphics]
[4.326s] -- Looking for gz-common5-graphics -- found version 5.8.0
[4.326s] -- Searching for dependencies of gz-common5-graphics
[4.326s] -- Looking for gz-math7 -- found version 7.6.0
[4.336s] -- Found GzAssimp: TRUE (found version "5.3.0") 
[4.337s] -- Searching for <gz-common5> component [io]
[4.341s] -- Looking for gz-common5-io -- found version 5.8.0
[4.342s] -- Searching for dependencies of gz-common5-io
[4.342s] -- Searching for <gz-common5> component [profiler]
[4.347s] -- Looking for gz-common5-profiler -- found version 5.8.0
[4.347s] -- Searching for dependencies of gz-common5-profiler
[4.353s] -- Looking for gz-fuel_tools9 -- found version 9.1.1
[4.353s] -- Searching for dependencies of gz-fuel_tools9
[4.553s] -- Found CURL: /usr/lib/x86_64-linux-gnu/libcurl.so (found version "8.5.0")  
[4.575s] -- Checking for module 'jsoncpp'
[4.618s] --   Found jsoncpp, version 1.9.5
[4.706s] -- Found JSONCPP: TRUE  
[4.736s] -- Checking for module 'yaml-0.1'
[4.769s] --   Found yaml-0.1, version 0.2.5
[4.852s] -- Found YAML: TRUE  
[4.863s] -- Checking for module 'libzip'
[4.898s] --   Found libzip, version 1.7.3
[5.000s] -- Found ZIP: TRUE  
[5.000s] -- Looking for gz-utils2 -- found version 2.2.1
[5.001s] -- Looking for gz-common5 -- found version 5.8.0
[5.001s] -- Searching for dependencies of gz-common5
[5.001s] -- Looking for gz-utils2 -- found version 2.2.1
[5.002s] -- Looking for dlfcn.h - found
[5.002s] -- Looking for libdl - found
[5.015s] -- Searching for <gz-common5> component [testing]
[5.021s] -- Looking for gz-common5-testing -- found version 5.8.0
[5.021s] -- Searching for dependencies of gz-common5-testing
[5.023s] -- Looking for gz-math7 -- found version 7.6.0
[5.023s] -- Looking for gz-msgs10 -- found version 10.3.2
[5.029s] -- Looking for gz-gui8 -- found version 8.4.0
[5.029s] -- Searching for dependencies of gz-gui8
[5.072s] -- Looking for gz-utils2 -- found version 2.2.1
[5.072s] -- Looking for gz-math7 -- found version 7.6.0
[5.072s] -- Looking for gz-common5 -- found version 5.8.0
[5.073s] -- Looking for gz-plugin2 -- found version 2.0.4
[5.073s] -- Looking for gz-transport13 -- found version 13.5.0
[5.077s] -- Looking for gz-rendering8 -- found version 8.2.3
[5.077s] -- Searching for dependencies of gz-rendering8
[5.078s] -- Looking for gz-math7 -- found version 7.6.0
[5.078s] -- Searching for dependencies of gz-math7
[5.078s] -- Looking for gz-utils2 -- found version 2.2.1
[5.079s] -- Searching for <gz-math7> component [eigen3]
[5.084s] -- Looking for gz-math7-eigen3 -- found version 7.6.0
[5.084s] -- Searching for dependencies of gz-math7-eigen3
[5.099s] -- Looking for gz-common5 -- found version 5.8.0
[5.099s] -- Searching for dependencies of gz-common5
[5.100s] -- Looking for gz-utils2 -- found version 2.2.1
[5.100s] -- Looking for dlfcn.h - found
[5.100s] -- Looking for libdl - found
[5.114s] -- Searching for <gz-common5> component [graphics]
[5.114s] -- Searching for <gz-common5> component [events]
[5.114s] -- Searching for <gz-common5> component [geospatial]
[5.119s] -- Looking for gz-common5-geospatial -- found version 5.8.0
[5.120s] -- Searching for dependencies of gz-common5-geospatial
[5.120s] -- Looking for gz-math7 -- found version 7.6.0
[5.120s] -- Looking for gz-common5 -- found version 5.8.0
[5.122s] -- Looking for gz-plugin2 -- found version 2.0.4
[5.122s] -- Searching for dependencies of gz-plugin2
[5.122s] -- Looking for gz-utils2 -- found version 2.2.1
[5.123s] -- Searching for <gz-plugin2> component [all]
[5.127s] -- Looking for all libraries of gz-plugin2 -- found version 2.0.4
[5.127s] -- Looking for gz-plugin2 -- found version 2.0.4
[5.129s] -- Looking for gz-utils2 -- found version 2.2.1
[5.154s] -- Found OpenGL: /usr/lib/x86_64-linux-gnu/libOpenGL.so  found components: OpenGL 
[5.155s] -- Looking for gz-msgs10 -- found version 10.3.2
[5.200s] -- Looking for gz-physics7 -- found version 7.6.0
[5.200s] -- Searching for dependencies of gz-physics7
[5.200s] -- Looking for gz-common5 -- found version 5.8.0
[5.201s] -- Looking for gz-math7 -- found version 7.6.0
[5.201s] -- Looking for gz-plugin2 -- found version 2.0.4
[5.202s] -- Looking for gz-utils2 -- found version 2.2.1
[5.204s] -- Searching for <gz-physics7> component [heightmap]
[5.207s] -- Looking for gz-physics7-heightmap -- found version 7.6.0
[5.207s] -- Searching for dependencies of gz-physics7-heightmap
[5.207s] -- Looking for gz-common5 -- found version 5.8.0
[5.208s] -- Searching for <gz-physics7> component [mesh]
[5.213s] -- Looking for gz-physics7-mesh -- found version 7.6.0
[5.213s] -- Searching for dependencies of gz-physics7-mesh
[5.214s] -- Looking for gz-common5 -- found version 5.8.0
[5.214s] -- Searching for <gz-physics7> component [sdf]
[5.218s] -- Looking for gz-physics7-sdf -- found version 7.6.0
[5.218s] -- Searching for dependencies of gz-physics7-sdf
[5.218s] -- Looking for sdformat14 -- found version 14.9.0
[5.224s] -- Looking for gz-sensors8 -- found version 8.2.2
[5.224s] -- Searching for dependencies of gz-sensors8
[5.261s] -- Looking for gz-math7 -- found version 7.6.0
[5.261s] -- Looking for gz-common5 -- found version 5.8.0
[5.261s] -- Looking for gz-transport13 -- found version 13.5.0
[5.262s] -- Looking for gz-rendering8 -- found version 8.2.3
[5.262s] -- Looking for gz-msgs10 -- found version 10.3.2
[5.263s] -- Looking for sdformat14 -- found version 14.9.0
[5.264s] -- Searching for <gz-sensors8> component [air_pressure]
[5.267s] -- Looking for gz-sensors8-air_pressure -- found version 8.2.2
[5.267s] -- Searching for dependencies of gz-sensors8-air_pressure
[5.268s] -- Searching for <gz-sensors8> component [air_speed]
[5.271s] -- Looking for gz-sensors8-air_speed -- found version 8.2.2
[5.271s] -- Searching for dependencies of gz-sensors8-air_speed
[5.272s] -- Searching for <gz-sensors8> component [altimeter]
[5.275s] -- Looking for gz-sensors8-altimeter -- found version 8.2.2
[5.276s] -- Searching for dependencies of gz-sensors8-altimeter
[5.277s] -- Searching for <gz-sensors8> component [imu]
[5.280s] -- Looking for gz-sensors8-imu -- found version 8.2.2
[5.281s] -- Searching for dependencies of gz-sensors8-imu
[5.281s] -- Searching for <gz-sensors8> component [force_torque]
[5.284s] -- Looking for gz-sensors8-force_torque -- found version 8.2.2
[5.285s] -- Searching for dependencies of gz-sensors8-force_torque
[5.285s] -- Searching for <gz-sensors8> component [logical_camera]
[5.288s] -- Looking for gz-sensors8-logical_camera -- found version 8.2.2
[5.289s] -- Searching for dependencies of gz-sensors8-logical_camera
[5.289s] -- Searching for <gz-sensors8> component [magnetometer]
[5.293s] -- Looking for gz-sensors8-magnetometer -- found version 8.2.2
[5.293s] -- Searching for dependencies of gz-sensors8-magnetometer
[5.294s] -- Searching for <gz-sensors8> component [navsat]
[5.297s] -- Looking for gz-sensors8-navsat -- found version 8.2.2
[5.297s] -- Searching for dependencies of gz-sensors8-navsat
[5.299s] -- Searching for <gz-sensors8> component [dvl]
[5.302s] -- Looking for gz-sensors8-dvl -- found version 8.2.2
[5.302s] -- Searching for dependencies of gz-sensors8-dvl
[5.302s] -- Looking for gz-sensors8 -- found version 8.2.2
[5.303s] -- Searching for dependencies of gz-sensors8
[5.334s] -- Looking for gz-math7 -- found version 7.6.0
[5.334s] -- Looking for gz-common5 -- found version 5.8.0
[5.335s] -- Looking for gz-transport13 -- found version 13.5.0
[5.335s] -- Looking for gz-rendering8 -- found version 8.2.3
[5.336s] -- Looking for gz-msgs10 -- found version 10.3.2
[5.336s] -- Looking for sdformat14 -- found version 14.9.0
[5.337s] -- Searching for <gz-sensors8> component [rendering]
[5.341s] -- Looking for gz-sensors8-rendering -- found version 8.2.2
[5.341s] -- Searching for dependencies of gz-sensors8-rendering
[5.343s] -- Searching for <gz-sensors8> component [rendering]
[5.343s] -- Searching for <gz-sensors8> component [lidar]
[5.346s] -- Looking for gz-sensors8-lidar -- found version 8.2.2
[5.346s] -- Searching for dependencies of gz-sensors8-lidar
[5.347s] -- Looking for gz-sensors8 -- found version 8.2.2
[5.349s] -- Searching for <gz-sensors8> component [gpu_lidar]
[5.352s] -- Looking for gz-sensors8-gpu_lidar -- found version 8.2.2
[5.353s] -- Searching for dependencies of gz-sensors8-gpu_lidar
[5.353s] -- Looking for gz-sensors8 -- found version 8.2.2
[5.354s] -- Searching for <gz-sensors8> component [camera]
[5.358s] -- Looking for gz-sensors8-camera -- found version 8.2.2
[5.358s] -- Searching for dependencies of gz-sensors8-camera
[5.358s] -- Looking for gz-sensors8 -- found version 8.2.2
[5.359s] -- Searching for <gz-sensors8> component [boundingbox_camera]
[5.363s] -- Looking for gz-sensors8-boundingbox_camera -- found version 8.2.2
[5.364s] -- Searching for dependencies of gz-sensors8-boundingbox_camera
[5.365s] -- Searching for <gz-sensors8> component [segmentation_camera]
[5.369s] -- Looking for gz-sensors8-segmentation_camera -- found version 8.2.2
[5.369s] -- Searching for dependencies of gz-sensors8-segmentation_camera
[5.371s] -- Searching for <gz-sensors8> component [depth_camera]
[5.375s] -- Looking for gz-sensors8-depth_camera -- found version 8.2.2
[5.375s] -- Searching for dependencies of gz-sensors8-depth_camera
[5.375s] -- Looking for gz-sensors8 -- found version 8.2.2
[5.377s] -- Searching for <gz-sensors8> component [rgbd_camera]
[5.381s] -- Looking for gz-sensors8-rgbd_camera -- found version 8.2.2
[5.381s] -- Searching for dependencies of gz-sensors8-rgbd_camera
[5.382s] -- Looking for gz-sensors8 -- found version 8.2.2
[5.383s] -- Searching for <gz-sensors8> component [thermal_camera]
[5.387s] -- Looking for gz-sensors8-thermal_camera -- found version 8.2.2
[5.388s] -- Searching for dependencies of gz-sensors8-thermal_camera
[5.388s] -- Looking for gz-sensors8 -- found version 8.2.2
[5.389s] -- Searching for <gz-sensors8> component [wide_angle_camera]
[5.393s] -- Looking for gz-sensors8-wide_angle_camera -- found version 8.2.2
[5.393s] -- Searching for dependencies of gz-sensors8-wide_angle_camera
[5.396s] -- Looking for gz-rendering8 -- found version 8.2.3
[5.396s] -- Looking for gz-math7 -- found version 7.6.0
[5.396s] -- Looking for gz-utils2 -- found version 2.2.1
[5.439s] -- Looking for gz-plugin2 -- found version 2.0.4
[5.565s] -- Configuring done (4.9s)
[5.606s] -- Generating done (0.0s)
[5.615s] -- Build files have been written to: /home/fuad/Downloads/fuad_ws/build/turtlebot3_gazebo
[5.645s] Invoked command in '/home/fuad/Downloads/fuad_ws/build/turtlebot3_gazebo' returned '0': CMAKE_PREFIX_PATH=${CMAKE_PREFIX_PATH}:/home/fuad/Downloads/fuad_ws/install/quadcopter_gazebo:/home/fuad/Downloads/fuad_ws/install/integration_pkg:/opt/ros/jazzy DEBUGINFOD_URLS=https://debuginfod.ubuntu.com PS1=(.venv) \[\e]0;\u@\h: \w\a\]${debian_chroot:+($debian_chroot)}\[\033[01;32m\]\u@\h\[\033[00m\]:\[\033[01;34m\]\w\[\033[00m\]\$ VIRTUAL_ENV_PROMPT=(.venv) /usr/bin/cmake /home/fuad/Downloads/fuad_ws/src/turtlebot3/turtlebot3_gazebo -DCMAKE_INSTALL_PREFIX=/home/fuad/Downloads/fuad_ws/install/turtlebot3_gazebo
[5.649s] Invoking command in '/home/fuad/Downloads/fuad_ws/build/turtlebot3_gazebo': CMAKE_PREFIX_PATH=${CMAKE_PREFIX_PATH}:/home/fuad/Downloads/fuad_ws/install/quadcopter_gazebo:/home/fuad/Downloads/fuad_ws/install/integration_pkg:/opt/ros/jazzy DEBUGINFOD_URLS=https://debuginfod.ubuntu.com PS1=(.venv) \[\e]0;\u@\h: \w\a\]${debian_chroot:+($debian_chroot)}\[\033[01;32m\]\u@\h\[\033[00m\]:\[\033[01;34m\]\w\[\033[00m\]\$ VIRTUAL_ENV_PROMPT=(.venv) /usr/bin/cmake --build /home/fuad/Downloads/fuad_ws/build/turtlebot3_gazebo -- -j16 -l16
[5.748s] [ 25%] [32mBuilding CXX object CMakeFiles/obstacles.dir/src/obstacles.cpp.o[0m
[5.748s] [ 25%] [32mBuilding CXX object CMakeFiles/turtlebot3_drive.dir/src/turtlebot3_drive.cpp.o[0m
[5.749s] [ 37%] [32mBuilding CXX object CMakeFiles/obstacle2.dir/src/obstacle2.cpp.o[0m
[5.758s] [ 50%] [32mBuilding CXX object CMakeFiles/obstacle1.dir/src/obstacle1.cpp.o[0m
[8.401s] [ 62%] [32m[1mLinking CXX shared library libobstacle1.so[0m
[8.420s] [ 75%] [32m[1mLinking CXX shared library libobstacle2.so[0m
[8.741s] [ 75%] Built target obstacle1
[8.748s] [ 75%] Built target obstacle2
[8.849s] [ 87%] [32m[1mLinking CXX shared library libobstacles.so[0m
[9.170s] [ 87%] Built target obstacles
[16.975s] [100%] [32m[1mLinking CXX executable turtlebot3_drive[0m
[17.726s] [100%] Built target turtlebot3_drive
[17.756s] Invoked command in '/home/fuad/Downloads/fuad_ws/build/turtlebot3_gazebo' returned '0': CMAKE_PREFIX_PATH=${CMAKE_PREFIX_PATH}:/home/fuad/Downloads/fuad_ws/install/quadcopter_gazebo:/home/fuad/Downloads/fuad_ws/install/integration_pkg:/opt/ros/jazzy DEBUGINFOD_URLS=https://debuginfod.ubuntu.com PS1=(.venv) \[\e]0;\u@\h: \w\a\]${debian_chroot:+($debian_chroot)}\[\033[01;32m\]\u@\h\[\033[00m\]:\[\033[01;34m\]\w\[\033[00m\]\$ VIRTUAL_ENV_PROMPT=(.venv) /usr/bin/cmake --build /home/fuad/Downloads/fuad_ws/build/turtlebot3_gazebo -- -j16 -l16
[17.758s] Invoking command in '/home/fuad/Downloads/fuad_ws/build/turtlebot3_gazebo': CMAKE_PREFIX_PATH=${CMAKE_PREFIX_PATH}:/home/fuad/Downloads/fuad_ws/install/quadcopter_gazebo:/home/fuad/Downloads/fuad_ws/install/integration_pkg:/opt/ros/jazzy DEBUGINFOD_URLS=https://debuginfod.ubuntu.com PS1=(.venv) \[\e]0;\u@\h: \w\a\]${debian_chroot:+($debian_chroot)}\[\033[01;32m\]\u@\h\[\033[00m\]:\[\033[01;34m\]\w\[\033[00m\]\$ VIRTUAL_ENV_PROMPT=(.venv) /usr/bin/cmake --install /home/fuad/Downloads/fuad_ws/build/turtlebot3_gazebo
[17.775s] -- Install configuration: ""
[17.775s] -- Installing: /home/fuad/Downloads/fuad_ws/install/turtlebot3_gazebo/lib/turtlebot3_gazebo/turtlebot3_drive
[17.782s] -- Set non-toolchain portion of runtime path of "/home/fuad/Downloads/fuad_ws/install/turtlebot3_gazebo/lib/turtlebot3_gazebo/turtlebot3_drive" to ""
[17.783s] -- Installing: /home/fuad/Downloads/fuad_ws/install/turtlebot3_gazebo/lib/turtlebot3_gazebo/libobstacles.so
[17.783s] -- Set non-toolchain portion of runtime path of "/home/fuad/Downloads/fuad_ws/install/turtlebot3_gazebo/lib/turtlebot3_gazebo/libobstacles.so" to ""
[17.784s] -- Installing: /home/fuad/Downloads/fuad_ws/install/turtlebot3_gazebo/lib/turtlebot3_gazebo/libobstacle1.so
[17.784s] -- Set non-toolchain portion of runtime path of "/home/fuad/Downloads/fuad_ws/install/turtlebot3_gazebo/lib/turtlebot3_gazebo/libobstacle1.so" to ""
[17.784s] -- Installing: /home/fuad/Downloads/fuad_ws/install/turtlebot3_gazebo/lib/turtlebot3_gazebo/libobstacle2.so
[17.785s] -- Set non-toolchain portion of runtime path of "/home/fuad/Downloads/fuad_ws/install/turtlebot3_gazebo/lib/turtlebot3_gazebo/libobstacle2.so" to ""
[17.785s] -- Installing: /home/fuad/Downloads/fuad_ws/install/turtlebot3_gazebo/share/turtlebot3_gazebo//launch
[17.786s] -- Installing: /home/fuad/Downloads/fuad_ws/install/turtlebot3_gazebo/share/turtlebot3_gazebo//launch/turtlebot3_house.launch.py
[17.786s] -- Installing: /home/fuad/Downloads/fuad_ws/install/turtlebot3_gazebo/share/turtlebot3_gazebo//launch/spawn_turtlebot3.launch.py
[17.786s] -- Installing: /home/fuad/Downloads/fuad_ws/install/turtlebot3_gazebo/share/turtlebot3_gazebo//launch/turtlebot3_dqn_stage2.launch.py
[17.786s] -- Installing: /home/fuad/Downloads/fuad_ws/install/turtlebot3_gazebo/share/turtlebot3_gazebo//launch/turtlebot3_dqn_stage1.launch.py
[17.786s] -- Installing: /home/fuad/Downloads/fuad_ws/install/turtlebot3_gazebo/share/turtlebot3_gazebo//launch/turtlebot3_dqn_stage3.launch.py
[17.786s] -- Installing: /home/fuad/Downloads/fuad_ws/install/turtlebot3_gazebo/share/turtlebot3_gazebo//launch/turtlebot3_dqn_stage4.launch.py
[17.786s] -- Installing: /home/fuad/Downloads/fuad_ws/install/turtlebot3_gazebo/share/turtlebot3_gazebo//launch/empty_world.launch.py
[17.786s] -- Installing: /home/fuad/Downloads/fuad_ws/install/turtlebot3_gazebo/share/turtlebot3_gazebo//launch/robot_state_publisher.launch.py
[17.786s] -- Installing: /home/fuad/Downloads/fuad_ws/install/turtlebot3_gazebo/share/turtlebot3_gazebo//launch/turtlebot3_world.launch.py
[17.787s] -- Installing: /home/fuad/Downloads/fuad_ws/install/turtlebot3_gazebo/share/turtlebot3_gazebo//models
[17.787s] -- Installing: /home/fuad/Downloads/fuad_ws/install/turtlebot3_gazebo/share/turtlebot3_gazebo//models/turtlebot3_waffle_pi
[17.787s] -- Installing: /home/fuad/Downloads/fuad_ws/install/turtlebot3_gazebo/share/turtlebot3_gazebo//models/turtlebot3_waffle_pi/model-1_4_.sdf
[17.787s] -- Installing: /home/fuad/Downloads/fuad_ws/install/turtlebot3_gazebo/share/turtlebot3_gazebo//models/turtlebot3_waffle_pi/model.sdf
[17.787s] -- Installing: /home/fuad/Downloads/fuad_ws/install/turtlebot3_gazebo/share/turtlebot3_gazebo//models/turtlebot3_waffle_pi/model.config
[17.787s] -- Installing: /home/fuad/Downloads/fuad_ws/install/turtlebot3_gazebo/share/turtlebot3_gazebo//models/turtlebot3_burger_cam
[17.787s] -- Installing: /home/fuad/Downloads/fuad_ws/install/turtlebot3_gazebo/share/turtlebot3_gazebo//models/turtlebot3_burger_cam/model.sdf
[17.787s] -- Installing: /home/fuad/Downloads/fuad_ws/install/turtlebot3_gazebo/share/turtlebot3_gazebo//models/turtlebot3_burger_cam/model-1_4.sdf
[17.787s] -- Installing: /home/fuad/Downloads/fuad_ws/install/turtlebot3_gazebo/share/turtlebot3_gazebo//models/turtlebot3_burger_cam/model.config
[17.787s] -- Installing: /home/fuad/Downloads/fuad_ws/install/turtlebot3_gazebo/share/turtlebot3_gazebo//models/turtlebot3_house
[17.787s] -- Installing: /home/fuad/Downloads/fuad_ws/install/turtlebot3_gazebo/share/turtlebot3_gazebo//models/turtlebot3_house/textures
[17.788s] -- Installing: /home/fuad/Downloads/fuad_ws/install/turtlebot3_gazebo/share/turtlebot3_gazebo//models/turtlebot3_house/textures/wood.png
[17.788s] -- Installing: /home/fuad/Downloads/fuad_ws/install/turtlebot3_gazebo/share/turtlebot3_gazebo//models/turtlebot3_house/textures/bricks.png
[17.790s] -- Installing: /home/fuad/Downloads/fuad_ws/install/turtlebot3_gazebo/share/turtlebot3_gazebo//models/turtlebot3_house/model.sdf
[17.790s] -- Installing: /home/fuad/Downloads/fuad_ws/install/turtlebot3_gazebo/share/turtlebot3_gazebo//models/turtlebot3_house/cafe_table
[17.790s] -- Installing: /home/fuad/Downloads/fuad_ws/install/turtlebot3_gazebo/share/turtlebot3_gazebo//models/turtlebot3_house/cafe_table/model.sdf
[17.790s] -- Installing: /home/fuad/Downloads/fuad_ws/install/turtlebot3_gazebo/share/turtlebot3_gazebo//models/turtlebot3_house/cafe_table/meshes
[17.791s] -- Installing: /home/fuad/Downloads/fuad_ws/install/turtlebot3_gazebo/share/turtlebot3_gazebo//models/turtlebot3_house/cafe_table/meshes/cafe_table.dae
[17.791s] -- Installing: /home/fuad/Downloads/fuad_ws/install/turtlebot3_gazebo/share/turtlebot3_gazebo//models/turtlebot3_house/cafe_table/model-1_4.sdf
[17.791s] -- Installing: /home/fuad/Downloads/fuad_ws/install/turtlebot3_gazebo/share/turtlebot3_gazebo//models/turtlebot3_house/cafe_table/model.config
[17.791s] -- Installing: /home/fuad/Downloads/fuad_ws/install/turtlebot3_gazebo/share/turtlebot3_gazebo//models/turtlebot3_house/cafe_table/materials
[17.791s] -- Installing: /home/fuad/Downloads/fuad_ws/install/turtlebot3_gazebo/share/turtlebot3_gazebo//models/turtlebot3_house/cafe_table/materials/textures
[17.791s] -- Installing: /home/fuad/Downloads/fuad_ws/install/turtlebot3_gazebo/share/turtlebot3_gazebo//models/turtlebot3_house/cafe_table/materials/textures/Wood_Floor_Dark.jpg
[17.792s] -- Installing: /home/fuad/Downloads/fuad_ws/install/turtlebot3_gazebo/share/turtlebot3_gazebo//models/turtlebot3_house/cafe_table/materials/textures/Maple.jpg
[17.792s] -- Installing: /home/fuad/Downloads/fuad_ws/install/turtlebot3_gazebo/share/turtlebot3_gazebo//models/turtlebot3_house/mailbox
[17.792s] -- Installing: /home/fuad/Downloads/fuad_ws/install/turtlebot3_gazebo/share/turtlebot3_gazebo//models/turtlebot3_house/mailbox/model.sdf
[17.792s] -- Installing: /home/fuad/Downloads/fuad_ws/install/turtlebot3_gazebo/share/turtlebot3_gazebo//models/turtlebot3_house/mailbox/meshes
[17.792s] -- Installing: /home/fuad/Downloads/fuad_ws/install/turtlebot3_gazebo/share/turtlebot3_gazebo//models/turtlebot3_house/mailbox/meshes/mailbox.dae
[17.792s] -- Installing: /home/fuad/Downloads/fuad_ws/install/turtlebot3_gazebo/share/turtlebot3_gazebo//models/turtlebot3_house/mailbox/model-1_3.sdf
[17.793s] -- Installing: /home/fuad/Downloads/fuad_ws/install/turtlebot3_gazebo/share/turtlebot3_gazebo//models/turtlebot3_house/mailbox/model-1_4.sdf
[17.793s] -- Installing: /home/fuad/Downloads/fuad_ws/install/turtlebot3_gazebo/share/turtlebot3_gazebo//models/turtlebot3_house/mailbox/model.config
[17.793s] -- Installing: /home/fuad/Downloads/fuad_ws/install/turtlebot3_gazebo/share/turtlebot3_gazebo//models/turtlebot3_house/mailbox/materials
[17.793s] -- Installing: /home/fuad/Downloads/fuad_ws/install/turtlebot3_gazebo/share/turtlebot3_gazebo//models/turtlebot3_house/mailbox/materials/textures
[17.793s] -- Installing: /home/fuad/Downloads/fuad_ws/install/turtlebot3_gazebo/share/turtlebot3_gazebo//models/turtlebot3_house/mailbox/materials/textures/Mailbox_Diffuse.png
[17.793s] -- Installing: /home/fuad/Downloads/fuad_ws/install/turtlebot3_gazebo/share/turtlebot3_gazebo//models/turtlebot3_house/mailbox/materials/textures/Mailbox_Spec.png
[17.793s] -- Installing: /home/fuad/Downloads/fuad_ws/install/turtlebot3_gazebo/share/turtlebot3_gazebo//models/turtlebot3_house/mailbox/materials/textures/Mailbox_Diffuse.tga.orig
[17.794s] -- Installing: /home/fuad/Downloads/fuad_ws/install/turtlebot3_gazebo/share/turtlebot3_gazebo//models/turtlebot3_house/mailbox/materials/scripts
[17.794s] -- Installing: /home/fuad/Downloads/fuad_ws/install/turtlebot3_gazebo/share/turtlebot3_gazebo//models/turtlebot3_house/mailbox/materials/scripts/mailbox.material
[17.794s] -- Installing: /home/fuad/Downloads/fuad_ws/install/turtlebot3_gazebo/share/turtlebot3_gazebo//models/turtlebot3_house/first_2015_trash_can
[17.794s] -- Installing: /home/fuad/Downloads/fuad_ws/install/turtlebot3_gazebo/share/turtlebot3_gazebo//models/turtlebot3_house/first_2015_trash_can/model.sdf
[17.795s] -- Installing: /home/fuad/Downloads/fuad_ws/install/turtlebot3_gazebo/share/turtlebot3_gazebo//models/turtlebot3_house/first_2015_trash_can/meshes
[17.795s] -- Installing: /home/fuad/Downloads/fuad_ws/install/turtlebot3_gazebo/share/turtlebot3_gazebo//models/turtlebot3_house/first_2015_trash_can/meshes/trash_can.dae
[17.796s] -- Installing: /home/fuad/Downloads/fuad_ws/install/turtlebot3_gazebo/share/turtlebot3_gazebo//models/turtlebot3_house/first_2015_trash_can/model.config
[17.796s] -- Installing: /home/fuad/Downloads/fuad_ws/install/turtlebot3_gazebo/share/turtlebot3_gazebo//models/turtlebot3_house/table_marble
[17.796s] -- Installing: /home/fuad/Downloads/fuad_ws/install/turtlebot3_gazebo/share/turtlebot3_gazebo//models/turtlebot3_house/table_marble/model.sdf
[17.796s] -- Installing: /home/fuad/Downloads/fuad_ws/install/turtlebot3_gazebo/share/turtlebot3_gazebo//models/turtlebot3_house/table_marble/meshes
[17.796s] -- Installing: /home/fuad/Downloads/fuad_ws/install/turtlebot3_gazebo/share/turtlebot3_gazebo//models/turtlebot3_house/table_marble/meshes/table_lightmap.dae
[17.796s] -- Installing: /home/fuad/Downloads/fuad_ws/install/turtlebot3_gazebo/share/turtlebot3_gazebo//models/turtlebot3_house/table_marble/model-1_4.sdf
[17.796s] -- Installing: /home/fuad/Downloads/fuad_ws/install/turtlebot3_gazebo/share/turtlebot3_gazebo//models/turtlebot3_house/table_marble/model.config
[17.797s] -- Installing: /home/fuad/Downloads/fuad_ws/install/turtlebot3_gazebo/share/turtlebot3_gazebo//models/turtlebot3_house/table_marble/materials
[17.797s] -- Installing: /home/fuad/Downloads/fuad_ws/install/turtlebot3_gazebo/share/turtlebot3_gazebo//models/turtlebot3_house/table_marble/materials/textures
[17.797s] -- Installing: /home/fuad/Downloads/fuad_ws/install/turtlebot3_gazebo/share/turtlebot3_gazebo//models/turtlebot3_house/table_marble/materials/textures/marble.png
[17.797s] -- Installing: /home/fuad/Downloads/fuad_ws/install/turtlebot3_gazebo/share/turtlebot3_gazebo//models/turtlebot3_house/table_marble/materials/textures/table_lightmap.png
[17.797s] -- Installing: /home/fuad/Downloads/fuad_ws/install/turtlebot3_gazebo/share/turtlebot3_gazebo//models/turtlebot3_house/table_marble/materials/scripts
[17.797s] -- Installing: /home/fuad/Downloads/fuad_ws/install/turtlebot3_gazebo/share/turtlebot3_gazebo//models/turtlebot3_house/table_marble/materials/scripts/table_lightmap.material
[17.798s] -- Installing: /home/fuad/Downloads/fuad_ws/install/turtlebot3_gazebo/share/turtlebot3_gazebo//models/turtlebot3_house/model.config
[17.798s] -- Installing: /home/fuad/Downloads/fuad_ws/install/turtlebot3_gazebo/share/turtlebot3_gazebo//models/turtlebot3_common
[17.798s] -- Installing: /home/fuad/Downloads/fuad_ws/install/turtlebot3_gazebo/share/turtlebot3_gazebo//models/turtlebot3_common/meshes
[17.798s] -- Installing: /home/fuad/Downloads/fuad_ws/install/turtlebot3_gazebo/share/turtlebot3_gazebo//models/turtlebot3_common/meshes/bases
[17.798s] -- Installing: /home/fuad/Downloads/fuad_ws/install/turtlebot3_gazebo/share/turtlebot3_gazebo//models/turtlebot3_common/meshes/bases/waffle_pi_base.stl
[17.806s] -- Installing: /home/fuad/Downloads/fuad_ws/install/turtlebot3_gazebo/share/turtlebot3_gazebo//models/turtlebot3_common/meshes/bases/burger_base.stl
[17.811s] -- Installing: /home/fuad/Downloads/fuad_ws/install/turtlebot3_gazebo/share/turtlebot3_gazebo//models/turtlebot3_common/meshes/bases/waffle_base.stl
[17.827s] -- Installing: /home/fuad/Downloads/fuad_ws/install/turtlebot3_gazebo/share/turtlebot3_gazebo//models/turtlebot3_common/meshes/waffle_base.dae
[17.827s] -- Installing: /home/fuad/Downloads/fuad_ws/install/turtlebot3_gazebo/share/turtlebot3_gazebo//models/turtlebot3_common/meshes/tire.dae
[17.828s] -- Installing: /home/fuad/Downloads/fuad_ws/install/turtlebot3_gazebo/share/turtlebot3_gazebo//models/turtlebot3_common/meshes/waffle_pi_base.dae
[17.828s] -- Installing: /home/fuad/Downloads/fuad_ws/install/turtlebot3_gazebo/share/turtlebot3_gazebo//models/turtlebot3_common/meshes/burger_base.dae
[17.828s] -- Installing: /home/fuad/Downloads/fuad_ws/install/turtlebot3_gazebo/share/turtlebot3_gazebo//models/turtlebot3_common/meshes/sensors
[17.828s] -- Installing: /home/fuad/Downloads/fuad_ws/install/turtlebot3_gazebo/share/turtlebot3_gazebo//models/turtlebot3_common/meshes/sensors/astra.dae
[17.836s] -- Installing: /home/fuad/Downloads/fuad_ws/install/turtlebot3_gazebo/share/turtlebot3_gazebo//models/turtlebot3_common/meshes/sensors/lds.stl
[17.837s] -- Installing: /home/fuad/Downloads/fuad_ws/install/turtlebot3_gazebo/share/turtlebot3_gazebo//models/turtlebot3_common/meshes/sensors/astra.jpg
[17.837s] -- Installing: /home/fuad/Downloads/fuad_ws/install/turtlebot3_gazebo/share/turtlebot3_gazebo//models/turtlebot3_common/meshes/sensors/r200.dae
[17.838s] -- Installing: /home/fuad/Downloads/fuad_ws/install/turtlebot3_gazebo/share/turtlebot3_gazebo//models/turtlebot3_common/meshes/sensors/r200.jpg
[17.838s] -- Installing: /home/fuad/Downloads/fuad_ws/install/turtlebot3_gazebo/share/turtlebot3_gazebo//models/turtlebot3_common/meshes/lds.dae
[17.838s] -- Installing: /home/fuad/Downloads/fuad_ws/install/turtlebot3_gazebo/share/turtlebot3_gazebo//models/turtlebot3_common/meshes/wheels
[17.838s] -- Installing: /home/fuad/Downloads/fuad_ws/install/turtlebot3_gazebo/share/turtlebot3_gazebo//models/turtlebot3_common/meshes/wheels/right_tire.stl
[17.839s] -- Installing: /home/fuad/Downloads/fuad_ws/install/turtlebot3_gazebo/share/turtlebot3_gazebo//models/turtlebot3_common/meshes/wheels/left_tire.stl
[17.840s] -- Installing: /home/fuad/Downloads/fuad_ws/install/turtlebot3_gazebo/share/turtlebot3_gazebo//models/turtlebot3_common/meshes/r200.dae
[17.840s] -- Installing: /home/fuad/Downloads/fuad_ws/install/turtlebot3_gazebo/share/turtlebot3_gazebo//models/turtlebot3_common/model.config
[17.841s] -- Installing: /home/fuad/Downloads/fuad_ws/install/turtlebot3_gazebo/share/turtlebot3_gazebo//models/turtlebot3_waffle
[17.841s] -- Installing: /home/fuad/Downloads/fuad_ws/install/turtlebot3_gazebo/share/turtlebot3_gazebo//models/turtlebot3_waffle/model.sdf
[17.841s] -- Installing: /home/fuad/Downloads/fuad_ws/install/turtlebot3_gazebo/share/turtlebot3_gazebo//models/turtlebot3_waffle/model-1_4.sdf
[17.842s] -- Installing: /home/fuad/Downloads/fuad_ws/install/turtlebot3_gazebo/share/turtlebot3_gazebo//models/turtlebot3_waffle/model.config
[17.842s] -- Installing: /home/fuad/Downloads/fuad_ws/install/turtlebot3_gazebo/share/turtlebot3_gazebo//models/turtlebot3_dqn_world
[17.842s] -- Installing: /home/fuad/Downloads/fuad_ws/install/turtlebot3_gazebo/share/turtlebot3_gazebo//models/turtlebot3_dqn_world/textures
[17.843s] -- Installing: /home/fuad/Downloads/fuad_ws/install/turtlebot3_gazebo/share/turtlebot3_gazebo//models/turtlebot3_dqn_world/textures/wood.png
[17.843s] -- Installing: /home/fuad/Downloads/fuad_ws/install/turtlebot3_gazebo/share/turtlebot3_gazebo//models/turtlebot3_dqn_world/obstacles
[17.843s] -- Installing: /home/fuad/Downloads/fuad_ws/install/turtlebot3_gazebo/share/turtlebot3_gazebo//models/turtlebot3_dqn_world/obstacles/model.sdf
[17.843s] -- Installing: /home/fuad/Downloads/fuad_ws/install/turtlebot3_gazebo/share/turtlebot3_gazebo//models/turtlebot3_dqn_world/obstacles/model.config
[17.844s] -- Installing: /home/fuad/Downloads/fuad_ws/install/turtlebot3_gazebo/share/turtlebot3_gazebo//models/turtlebot3_dqn_world/inner_walls
[17.844s] -- Installing: /home/fuad/Downloads/fuad_ws/install/turtlebot3_gazebo/share/turtlebot3_gazebo//models/turtlebot3_dqn_world/inner_walls/textures
[17.844s] -- Installing: /home/fuad/Downloads/fuad_ws/install/turtlebot3_gazebo/share/turtlebot3_gazebo//models/turtlebot3_dqn_world/inner_walls/textures/wood.png
[17.845s] -- Installing: /home/fuad/Downloads/fuad_ws/install/turtlebot3_gazebo/share/turtlebot3_gazebo//models/turtlebot3_dqn_world/inner_walls/model.sdf
[17.845s] -- Installing: /home/fuad/Downloads/fuad_ws/install/turtlebot3_gazebo/share/turtlebot3_gazebo//models/turtlebot3_dqn_world/inner_walls/model.config
[17.845s] -- Installing: /home/fuad/Downloads/fuad_ws/install/turtlebot3_gazebo/share/turtlebot3_gazebo//models/turtlebot3_dqn_world/model.sdf
[17.846s] -- Installing: /home/fuad/Downloads/fuad_ws/install/turtlebot3_gazebo/share/turtlebot3_gazebo//models/turtlebot3_dqn_world/obstacle1
[17.846s] -- Installing: /home/fuad/Downloads/fuad_ws/install/turtlebot3_gazebo/share/turtlebot3_gazebo//models/turtlebot3_dqn_world/obstacle1/model.sdf
[17.846s] -- Installing: /home/fuad/Downloads/fuad_ws/install/turtlebot3_gazebo/share/turtlebot3_gazebo//models/turtlebot3_dqn_world/obstacle1/model.config
[17.847s] -- Installing: /home/fuad/Downloads/fuad_ws/install/turtlebot3_gazebo/share/turtlebot3_gazebo//models/turtlebot3_dqn_world/model.config
[17.847s] -- Installing: /home/fuad/Downloads/fuad_ws/install/turtlebot3_gazebo/share/turtlebot3_gazebo//models/turtlebot3_dqn_world/obstacle2
[17.847s] -- Installing: /home/fuad/Downloads/fuad_ws/install/turtlebot3_gazebo/share/turtlebot3_gazebo//models/turtlebot3_dqn_world/obstacle2/model.sdf
[17.847s] -- Installing: /home/fuad/Downloads/fuad_ws/install/turtlebot3_gazebo/share/turtlebot3_gazebo//models/turtlebot3_dqn_world/obstacle2/model.config
[17.848s] -- Installing: /home/fuad/Downloads/fuad_ws/install/turtlebot3_gazebo/share/turtlebot3_gazebo//models/turtlebot3_dqn_world/goal_box
[17.848s] -- Installing: /home/fuad/Downloads/fuad_ws/install/turtlebot3_gazebo/share/turtlebot3_gazebo//models/turtlebot3_dqn_world/goal_box/model.sdf
[17.848s] -- Installing: /home/fuad/Downloads/fuad_ws/install/turtlebot3_gazebo/share/turtlebot3_gazebo//models/turtlebot3_dqn_world/goal_box/model.config
[17.848s] -- Installing: /home/fuad/Downloads/fuad_ws/install/turtlebot3_gazebo/share/turtlebot3_gazebo//models/turtlebot3_world
[17.848s] -- Installing: /home/fuad/Downloads/fuad_ws/install/turtlebot3_gazebo/share/turtlebot3_gazebo//models/turtlebot3_world/model.sdf
[17.849s] -- Installing: /home/fuad/Downloads/fuad_ws/install/turtlebot3_gazebo/share/turtlebot3_gazebo//models/turtlebot3_world/meshes
[17.849s] -- Installing: /home/fuad/Downloads/fuad_ws/install/turtlebot3_gazebo/share/turtlebot3_gazebo//models/turtlebot3_world/meshes/wall.dae
[17.849s] -- Installing: /home/fuad/Downloads/fuad_ws/install/turtlebot3_gazebo/share/turtlebot3_gazebo//models/turtlebot3_world/meshes/hexagon.dae
[17.850s] -- Installing: /home/fuad/Downloads/fuad_ws/install/turtlebot3_gazebo/share/turtlebot3_gazebo//models/turtlebot3_world/model-1_4.sdf
[17.850s] -- Installing: /home/fuad/Downloads/fuad_ws/install/turtlebot3_gazebo/share/turtlebot3_gazebo//models/turtlebot3_world/model.config
[17.850s] -- Installing: /home/fuad/Downloads/fuad_ws/install/turtlebot3_gazebo/share/turtlebot3_gazebo//models/turtlebot3_burger
[17.850s] -- Installing: /home/fuad/Downloads/fuad_ws/install/turtlebot3_gazebo/share/turtlebot3_gazebo//models/turtlebot3_burger/model.sdf
[17.851s] -- Installing: /home/fuad/Downloads/fuad_ws/install/turtlebot3_gazebo/share/turtlebot3_gazebo//models/turtlebot3_burger/model-1_4.sdf
[17.851s] -- Installing: /home/fuad/Downloads/fuad_ws/install/turtlebot3_gazebo/share/turtlebot3_gazebo//models/turtlebot3_burger/model.config
[17.851s] -- Installing: /home/fuad/Downloads/fuad_ws/install/turtlebot3_gazebo/share/turtlebot3_gazebo//params
[17.851s] -- Installing: /home/fuad/Downloads/fuad_ws/install/turtlebot3_gazebo/share/turtlebot3_gazebo//params/turtlebot3_burger_bridge.yaml
[17.851s] -- Installing: /home/fuad/Downloads/fuad_ws/install/turtlebot3_gazebo/share/turtlebot3_gazebo//params/turtlebot3_burger_cam_bridge.yaml
[17.852s] -- Installing: /home/fuad/Downloads/fuad_ws/install/turtlebot3_gazebo/share/turtlebot3_gazebo//params/turtlebot3_waffle_bridge.yaml
[17.852s] -- Installing: /home/fuad/Downloads/fuad_ws/install/turtlebot3_gazebo/share/turtlebot3_gazebo//params/turtlebot3_waffle_pi_bridge.yaml
[17.852s] -- Installing: /home/fuad/Downloads/fuad_ws/install/turtlebot3_gazebo/share/turtlebot3_gazebo//rviz
[17.852s] -- Installing: /home/fuad/Downloads/fuad_ws/install/turtlebot3_gazebo/share/turtlebot3_gazebo//rviz/tb3_gazebo.rviz
[17.852s] -- Installing: /home/fuad/Downloads/fuad_ws/install/turtlebot3_gazebo/share/turtlebot3_gazebo//urdf
[17.853s] -- Installing: /home/fuad/Downloads/fuad_ws/install/turtlebot3_gazebo/share/turtlebot3_gazebo//urdf/common_properties.urdf
[17.853s] -- Installing: /home/fuad/Downloads/fuad_ws/install/turtlebot3_gazebo/share/turtlebot3_gazebo//urdf/turtlebot3_waffle_pi.urdf
[17.853s] -- Installing: /home/fuad/Downloads/fuad_ws/install/turtlebot3_gazebo/share/turtlebot3_gazebo//urdf/turtlebot3_waffle.urdf
[17.854s] -- Installing: /home/fuad/Downloads/fuad_ws/install/turtlebot3_gazebo/share/turtlebot3_gazebo//urdf/turtlebot3_burger.urdf
[17.854s] -- Installing: /home/fuad/Downloads/fuad_ws/install/turtlebot3_gazebo/share/turtlebot3_gazebo//urdf/turtlebot3_burger_cam.urdf
[17.854s] -- Installing: /home/fuad/Downloads/fuad_ws/install/turtlebot3_gazebo/share/turtlebot3_gazebo//worlds
[17.855s] -- Installing: /home/fuad/Downloads/fuad_ws/install/turtlebot3_gazebo/share/turtlebot3_gazebo//worlds/turtlebot3_world.world
[17.855s] -- Installing: /home/fuad/Downloads/fuad_ws/install/turtlebot3_gazebo/share/turtlebot3_gazebo//worlds/turtlebot3_dqn_stage1.world
[17.855s] -- Installing: /home/fuad/Downloads/fuad_ws/install/turtlebot3_gazebo/share/turtlebot3_gazebo//worlds/turtlebot3_autorace_2020.world
[17.855s] -- Installing: /home/fuad/Downloads/fuad_ws/install/turtlebot3_gazebo/share/turtlebot3_gazebo//worlds/empty_world.world
[17.856s] -- Installing: /home/fuad/Downloads/fuad_ws/install/turtlebot3_gazebo/share/turtlebot3_gazebo//worlds/turtlebot3_house.world
[17.857s] -- Installing: /home/fuad/Downloads/fuad_ws/install/turtlebot3_gazebo/share/turtlebot3_gazebo//worlds/turtlebot3_dqn_stage3.world
[17.858s] -- Installing: /home/fuad/Downloads/fuad_ws/install/turtlebot3_gazebo/share/turtlebot3_gazebo//worlds/turtlebot3_dqn_stage4.world
[17.858s] -- Installing: /home/fuad/Downloads/fuad_ws/install/turtlebot3_gazebo/share/turtlebot3_gazebo//worlds/turtlebot3_dqn_stage2.world
[17.858s] -- Installing: /home/fuad/Downloads/fuad_ws/install/turtlebot3_gazebo/include/
[17.859s] -- Installing: /home/fuad/Downloads/fuad_ws/install/turtlebot3_gazebo/include//turtlebot3_gazebo
[17.859s] -- Installing: /home/fuad/Downloads/fuad_ws/install/turtlebot3_gazebo/include//turtlebot3_gazebo/traffic_light_plugin.hpp
[17.859s] -- Installing: /home/fuad/Downloads/fuad_ws/install/turtlebot3_gazebo/include//turtlebot3_gazebo/traffic_bar_plugin.hpp
[17.860s] -- Installing: /home/fuad/Downloads/fuad_ws/install/turtlebot3_gazebo/include//turtlebot3_gazebo/obstacle1.hpp
[17.860s] -- Installing: /home/fuad/Downloads/fuad_ws/install/turtlebot3_gazebo/include//turtlebot3_gazebo/obstacle2.hpp
[17.860s] -- Installing: /home/fuad/Downloads/fuad_ws/install/turtlebot3_gazebo/include//turtlebot3_gazebo/obstacles.hpp
[17.860s] -- Installing: /home/fuad/Downloads/fuad_ws/install/turtlebot3_gazebo/include//turtlebot3_gazebo/turtlebot3_drive.hpp
[17.861s] -- Installing: /home/fuad/Downloads/fuad_ws/install/turtlebot3_gazebo/share/ament_index/resource_index/package_run_dependencies/turtlebot3_gazebo
[17.861s] -- Installing: /home/fuad/Downloads/fuad_ws/install/turtlebot3_gazebo/share/ament_index/resource_index/parent_prefix_path/turtlebot3_gazebo
[17.861s] -- Installing: /home/fuad/Downloads/fuad_ws/install/turtlebot3_gazebo/share/turtlebot3_gazebo/environment/ament_prefix_path.sh
[17.862s] -- Installing: /home/fuad/Downloads/fuad_ws/install/turtlebot3_gazebo/share/turtlebot3_gazebo/environment/ament_prefix_path.dsv
[17.862s] -- Installing: /home/fuad/Downloads/fuad_ws/install/turtlebot3_gazebo/share/turtlebot3_gazebo/environment/path.sh
[17.863s] -- Installing: /home/fuad/Downloads/fuad_ws/install/turtlebot3_gazebo/share/turtlebot3_gazebo/environment/path.dsv
[17.863s] -- Installing: /home/fuad/Downloads/fuad_ws/install/turtlebot3_gazebo/share/turtlebot3_gazebo/local_setup.bash
[17.863s] -- Installing: /home/fuad/Downloads/fuad_ws/install/turtlebot3_gazebo/share/turtlebot3_gazebo/local_setup.sh
[17.864s] -- Installing: /home/fuad/Downloads/fuad_ws/install/turtlebot3_gazebo/share/turtlebot3_gazebo/local_setup.zsh
[17.864s] -- Installing: /home/fuad/Downloads/fuad_ws/install/turtlebot3_gazebo/share/turtlebot3_gazebo/local_setup.dsv
[17.865s] -- Installing: /home/fuad/Downloads/fuad_ws/install/turtlebot3_gazebo/share/turtlebot3_gazebo/package.dsv
[17.865s] -- Installing: /home/fuad/Downloads/fuad_ws/install/turtlebot3_gazebo/share/ament_index/resource_index/packages/turtlebot3_gazebo
[17.866s] -- Installing: /home/fuad/Downloads/fuad_ws/install/turtlebot3_gazebo/share/turtlebot3_gazebo/cmake/ament_cmake_export_include_directories-extras.cmake
[17.866s] -- Installing: /home/fuad/Downloads/fuad_ws/install/turtlebot3_gazebo/share/turtlebot3_gazebo/cmake/ament_cmake_export_dependencies-extras.cmake
[17.867s] -- Installing: /home/fuad/Downloads/fuad_ws/install/turtlebot3_gazebo/share/turtlebot3_gazebo/cmake/turtlebot3_gazeboConfig.cmake
[17.868s] -- Installing: /home/fuad/Downloads/fuad_ws/install/turtlebot3_gazebo/share/turtlebot3_gazebo/cmake/turtlebot3_gazeboConfig-version.cmake
[17.869s] -- Installing: /home/fuad/Downloads/fuad_ws/install/turtlebot3_gazebo/share/turtlebot3_gazebo/package.xml
[17.870s] Invoked command in '/home/fuad/Downloads/fuad_ws/build/turtlebot3_gazebo' returned '0': CMAKE_PREFIX_PATH=${CMAKE_PREFIX_PATH}:/home/fuad/Downloads/fuad_ws/install/quadcopter_gazebo:/home/fuad/Downloads/fuad_ws/install/integration_pkg:/opt/ros/jazzy DEBUGINFOD_URLS=https://debuginfod.ubuntu.com PS1=(.venv) \[\e]0;\u@\h: \w\a\]${debian_chroot:+($debian_chroot)}\[\033[01;32m\]\u@\h\[\033[00m\]:\[\033[01;34m\]\w\[\033[00m\]\$ VIRTUAL_ENV_PROMPT=(.venv) /usr/bin/cmake --install /home/fuad/Downloads/fuad_ws/build/turtlebot3_gazebo
