[0.106s] DEBUG:colcon:Command line arguments: ['/usr/bin/colcon', 'build']
[0.106s] DEBUG:colcon:Parsed command line arguments: Namespace(log_base=None, log_level=None, verb_name='build', build_base='build', install_base='install', merge_install=False, symlink_install=False, test_result_base=None, continue_on_error=False, executor='parallel', parallel_workers=16, event_handlers=None, ignore_user_meta=False, metas=['./colcon.meta'], base_paths=['.'], packages_ignore=None, packages_ignore_regex=None, paths=None, packages_up_to=None, packages_up_to_regex=None, packages_above=None, packages_above_and_dependencies=None, packages_above_depth=None, packages_select_by_dep=None, packages_skip_by_dep=None, packages_skip_up_to=None, packages_select_build_failed=False, packages_skip_build_finished=False, packages_select_test_failures=False, packages_skip_test_passed=False, packages_select=None, packages_skip=None, packages_select_regex=None, packages_skip_regex=None, packages_start=None, packages_end=None, allow_overriding=[], cmake_args=None, cmake_target=None, cmake_target_skip_unavailable=False, cmake_clean_cache=False, cmake_clean_first=False, cmake_force_configure=False, ament_cmake_args=None, catkin_cmake_args=None, catkin_skip_building_tests=False, mixin_files=None, mixin=None, verb_parser=<colcon_mixin.mixin.mixin_argument.MixinArgumentDecorator object at 0x7c05ff1cb5f0>, verb_extension=<colcon_core.verb.build.BuildVerb object at 0x7c05ff1cb320>, main=<bound method BuildVerb.main of <colcon_core.verb.build.BuildVerb object at 0x7c05ff1cb320>>, mixin_verb=('build',))
[0.142s] Level 1:colcon.colcon_core.package_discovery:discover_packages(colcon_meta) check parameters
[0.142s] Level 1:colcon.colcon_core.package_discovery:discover_packages(recursive) check parameters
[0.142s] Level 1:colcon.colcon_core.package_discovery:discover_packages(ignore) check parameters
[0.142s] Level 1:colcon.colcon_core.package_discovery:discover_packages(path) check parameters
[0.142s] Level 1:colcon.colcon_core.package_discovery:discover_packages(colcon_meta) discover
[0.142s] Level 1:colcon.colcon_core.package_discovery:discover_packages(recursive) discover
[0.142s] INFO:colcon.colcon_core.package_discovery:Crawling recursively for packages in '/home/fuad/Downloads/fuad_ws'
[0.142s] Level 1:colcon.colcon_core.package_identification:_identify(.) by extensions ['ignore', 'ignore_ament_install']
[0.142s] Level 1:colcon.colcon_core.package_identification:_identify(.) by extension 'ignore'
[0.142s] Level 1:colcon.colcon_core.package_identification:_identify(.) by extension 'ignore_ament_install'
[0.142s] Level 1:colcon.colcon_core.package_identification:_identify(.) by extensions ['colcon_pkg']
[0.142s] Level 1:colcon.colcon_core.package_identification:_identify(.) by extension 'colcon_pkg'
[0.143s] Level 1:colcon.colcon_core.package_identification:_identify(.) by extensions ['colcon_meta']
[0.143s] Level 1:colcon.colcon_core.package_identification:_identify(.) by extension 'colcon_meta'
[0.143s] Level 1:colcon.colcon_core.package_identification:_identify(.) by extensions ['ros']
[0.143s] Level 1:colcon.colcon_core.package_identification:_identify(.) by extension 'ros'
[0.167s] Level 1:colcon.colcon_core.package_identification:_identify(.) by extensions ['cmake', 'python']
[0.167s] Level 1:colcon.colcon_core.package_identification:_identify(.) by extension 'cmake'
[0.167s] Level 1:colcon.colcon_core.package_identification:_identify(.) by extension 'python'
[0.167s] Level 1:colcon.colcon_core.package_identification:_identify(.) by extensions ['python_setup_py']
[0.167s] Level 1:colcon.colcon_core.package_identification:_identify(.) by extension 'python_setup_py'
[0.167s] Level 1:colcon.colcon_core.package_identification:_identify(build) by extensions ['ignore', 'ignore_ament_install']
[0.167s] Level 1:colcon.colcon_core.package_identification:_identify(build) by extension 'ignore'
[0.167s] Level 1:colcon.colcon_core.package_identification:_identify(build) ignored
[0.167s] Level 1:colcon.colcon_core.package_identification:_identify(install) by extensions ['ignore', 'ignore_ament_install']
[0.167s] Level 1:colcon.colcon_core.package_identification:_identify(install) by extension 'ignore'
[0.167s] Level 1:colcon.colcon_core.package_identification:_identify(install) ignored
[0.167s] Level 1:colcon.colcon_core.package_identification:_identify(log) by extensions ['ignore', 'ignore_ament_install']
[0.167s] Level 1:colcon.colcon_core.package_identification:_identify(log) by extension 'ignore'
[0.167s] Level 1:colcon.colcon_core.package_identification:_identify(log) ignored
[0.167s] Level 1:colcon.colcon_core.package_identification:_identify(src) by extensions ['ignore', 'ignore_ament_install']
[0.168s] Level 1:colcon.colcon_core.package_identification:_identify(src) by extension 'ignore'
[0.168s] Level 1:colcon.colcon_core.package_identification:_identify(src) by extension 'ignore_ament_install'
[0.168s] Level 1:colcon.colcon_core.package_identification:_identify(src) by extensions ['colcon_pkg']
[0.168s] Level 1:colcon.colcon_core.package_identification:_identify(src) by extension 'colcon_pkg'
[0.168s] Level 1:colcon.colcon_core.package_identification:_identify(src) by extensions ['colcon_meta']
[0.168s] Level 1:colcon.colcon_core.package_identification:_identify(src) by extension 'colcon_meta'
[0.168s] Level 1:colcon.colcon_core.package_identification:_identify(src) by extensions ['ros']
[0.168s] Level 1:colcon.colcon_core.package_identification:_identify(src) by extension 'ros'
[0.168s] Level 1:colcon.colcon_core.package_identification:_identify(src) by extensions ['cmake', 'python']
[0.168s] Level 1:colcon.colcon_core.package_identification:_identify(src) by extension 'cmake'
[0.168s] Level 1:colcon.colcon_core.package_identification:_identify(src) by extension 'python'
[0.168s] Level 1:colcon.colcon_core.package_identification:_identify(src) by extensions ['python_setup_py']
[0.168s] Level 1:colcon.colcon_core.package_identification:_identify(src) by extension 'python_setup_py'
[0.168s] Level 1:colcon.colcon_core.package_identification:_identify(src/integration_pkg) by extensions ['ignore', 'ignore_ament_install']
[0.168s] Level 1:colcon.colcon_core.package_identification:_identify(src/integration_pkg) by extension 'ignore'
[0.168s] Level 1:colcon.colcon_core.package_identification:_identify(src/integration_pkg) by extension 'ignore_ament_install'
[0.168s] Level 1:colcon.colcon_core.package_identification:_identify(src/integration_pkg) by extensions ['colcon_pkg']
[0.168s] Level 1:colcon.colcon_core.package_identification:_identify(src/integration_pkg) by extension 'colcon_pkg'
[0.168s] Level 1:colcon.colcon_core.package_identification:_identify(src/integration_pkg) by extensions ['colcon_meta']
[0.168s] Level 1:colcon.colcon_core.package_identification:_identify(src/integration_pkg) by extension 'colcon_meta'
[0.168s] Level 1:colcon.colcon_core.package_identification:_identify(src/integration_pkg) by extensions ['ros']
[0.168s] Level 1:colcon.colcon_core.package_identification:_identify(src/integration_pkg) by extension 'ros'
[0.171s] DEBUG:colcon.colcon_core.package_identification:Package 'src/integration_pkg' with type 'ros.ament_python' and name 'integration_pkg'
[0.171s] Level 1:colcon.colcon_core.package_identification:_identify(src/quadcopter_gazebo) by extensions ['ignore', 'ignore_ament_install']
[0.171s] Level 1:colcon.colcon_core.package_identification:_identify(src/quadcopter_gazebo) by extension 'ignore'
[0.171s] Level 1:colcon.colcon_core.package_identification:_identify(src/quadcopter_gazebo) by extension 'ignore_ament_install'
[0.171s] Level 1:colcon.colcon_core.package_identification:_identify(src/quadcopter_gazebo) by extensions ['colcon_pkg']
[0.171s] Level 1:colcon.colcon_core.package_identification:_identify(src/quadcopter_gazebo) by extension 'colcon_pkg'
[0.171s] Level 1:colcon.colcon_core.package_identification:_identify(src/quadcopter_gazebo) by extensions ['colcon_meta']
[0.172s] Level 1:colcon.colcon_core.package_identification:_identify(src/quadcopter_gazebo) by extension 'colcon_meta'
[0.172s] Level 1:colcon.colcon_core.package_identification:_identify(src/quadcopter_gazebo) by extensions ['ros']
[0.172s] Level 1:colcon.colcon_core.package_identification:_identify(src/quadcopter_gazebo) by extension 'ros'
[0.172s] DEBUG:colcon.colcon_core.package_identification:Package 'src/quadcopter_gazebo' with type 'ros.ament_python' and name 'quadcopter_gazebo'
[0.172s] Level 1:colcon.colcon_core.package_identification:_identify(src/turtlebot3) by extensions ['ignore', 'ignore_ament_install']
[0.172s] Level 1:colcon.colcon_core.package_identification:_identify(src/turtlebot3) by extension 'ignore'
[0.172s] Level 1:colcon.colcon_core.package_identification:_identify(src/turtlebot3) by extension 'ignore_ament_install'
[0.172s] Level 1:colcon.colcon_core.package_identification:_identify(src/turtlebot3) by extensions ['colcon_pkg']
[0.173s] Level 1:colcon.colcon_core.package_identification:_identify(src/turtlebot3) by extension 'colcon_pkg'
[0.173s] Level 1:colcon.colcon_core.package_identification:_identify(src/turtlebot3) by extensions ['colcon_meta']
[0.173s] Level 1:colcon.colcon_core.package_identification:_identify(src/turtlebot3) by extension 'colcon_meta'
[0.173s] Level 1:colcon.colcon_core.package_identification:_identify(src/turtlebot3) by extensions ['ros']
[0.173s] Level 1:colcon.colcon_core.package_identification:_identify(src/turtlebot3) by extension 'ros'
[0.173s] Level 1:colcon.colcon_core.package_identification:_identify(src/turtlebot3) by extensions ['cmake', 'python']
[0.173s] Level 1:colcon.colcon_core.package_identification:_identify(src/turtlebot3) by extension 'cmake'
[0.173s] Level 1:colcon.colcon_core.package_identification:_identify(src/turtlebot3) by extension 'python'
[0.173s] Level 1:colcon.colcon_core.package_identification:_identify(src/turtlebot3) by extensions ['python_setup_py']
[0.173s] Level 1:colcon.colcon_core.package_identification:_identify(src/turtlebot3) by extension 'python_setup_py'
[0.173s] Level 1:colcon.colcon_core.package_identification:_identify(src/turtlebot3/turtlebot3_bringup) by extensions ['ignore', 'ignore_ament_install']
[0.173s] Level 1:colcon.colcon_core.package_identification:_identify(src/turtlebot3/turtlebot3_bringup) by extension 'ignore'
[0.173s] Level 1:colcon.colcon_core.package_identification:_identify(src/turtlebot3/turtlebot3_bringup) by extension 'ignore_ament_install'
[0.173s] Level 1:colcon.colcon_core.package_identification:_identify(src/turtlebot3/turtlebot3_bringup) by extensions ['colcon_pkg']
[0.173s] Level 1:colcon.colcon_core.package_identification:_identify(src/turtlebot3/turtlebot3_bringup) by extension 'colcon_pkg'
[0.173s] Level 1:colcon.colcon_core.package_identification:_identify(src/turtlebot3/turtlebot3_bringup) by extensions ['colcon_meta']
[0.173s] Level 1:colcon.colcon_core.package_identification:_identify(src/turtlebot3/turtlebot3_bringup) by extension 'colcon_meta'
[0.173s] Level 1:colcon.colcon_core.package_identification:_identify(src/turtlebot3/turtlebot3_bringup) by extensions ['ros']
[0.173s] Level 1:colcon.colcon_core.package_identification:_identify(src/turtlebot3/turtlebot3_bringup) by extension 'ros'
[0.174s] DEBUG:colcon.colcon_core.package_identification:Package 'src/turtlebot3/turtlebot3_bringup' with type 'ros.ament_cmake' and name 'turtlebot3_bringup'
[0.174s] Level 1:colcon.colcon_core.package_identification:_identify(src/turtlebot3/turtlebot3_description) by extensions ['ignore', 'ignore_ament_install']
[0.174s] Level 1:colcon.colcon_core.package_identification:_identify(src/turtlebot3/turtlebot3_description) by extension 'ignore'
[0.174s] Level 1:colcon.colcon_core.package_identification:_identify(src/turtlebot3/turtlebot3_description) by extension 'ignore_ament_install'
[0.174s] Level 1:colcon.colcon_core.package_identification:_identify(src/turtlebot3/turtlebot3_description) by extensions ['colcon_pkg']
[0.174s] Level 1:colcon.colcon_core.package_identification:_identify(src/turtlebot3/turtlebot3_description) by extension 'colcon_pkg'
[0.174s] Level 1:colcon.colcon_core.package_identification:_identify(src/turtlebot3/turtlebot3_description) by extensions ['colcon_meta']
[0.174s] Level 1:colcon.colcon_core.package_identification:_identify(src/turtlebot3/turtlebot3_description) by extension 'colcon_meta'
[0.174s] Level 1:colcon.colcon_core.package_identification:_identify(src/turtlebot3/turtlebot3_description) by extensions ['ros']
[0.174s] Level 1:colcon.colcon_core.package_identification:_identify(src/turtlebot3/turtlebot3_description) by extension 'ros'
[0.174s] DEBUG:colcon.colcon_core.package_identification:Package 'src/turtlebot3/turtlebot3_description' with type 'ros.ament_cmake' and name 'turtlebot3_description'
[0.175s] Level 1:colcon.colcon_core.package_identification:_identify(src/turtlebot3/turtlebot3_gazebo) by extensions ['ignore', 'ignore_ament_install']
[0.175s] Level 1:colcon.colcon_core.package_identification:_identify(src/turtlebot3/turtlebot3_gazebo) by extension 'ignore'
[0.175s] Level 1:colcon.colcon_core.package_identification:_identify(src/turtlebot3/turtlebot3_gazebo) by extension 'ignore_ament_install'
[0.175s] Level 1:colcon.colcon_core.package_identification:_identify(src/turtlebot3/turtlebot3_gazebo) by extensions ['colcon_pkg']
[0.175s] Level 1:colcon.colcon_core.package_identification:_identify(src/turtlebot3/turtlebot3_gazebo) by extension 'colcon_pkg'
[0.175s] Level 1:colcon.colcon_core.package_identification:_identify(src/turtlebot3/turtlebot3_gazebo) by extensions ['colcon_meta']
[0.175s] Level 1:colcon.colcon_core.package_identification:_identify(src/turtlebot3/turtlebot3_gazebo) by extension 'colcon_meta'
[0.175s] Level 1:colcon.colcon_core.package_identification:_identify(src/turtlebot3/turtlebot3_gazebo) by extensions ['ros']
[0.175s] Level 1:colcon.colcon_core.package_identification:_identify(src/turtlebot3/turtlebot3_gazebo) by extension 'ros'
[0.176s] DEBUG:colcon.colcon_core.package_identification:Package 'src/turtlebot3/turtlebot3_gazebo' with type 'ros.ament_cmake' and name 'turtlebot3_gazebo'
[0.176s] Level 1:colcon.colcon_core.package_discovery:discover_packages(recursive) using defaults
[0.176s] Level 1:colcon.colcon_core.package_discovery:discover_packages(ignore) discover
[0.176s] Level 1:colcon.colcon_core.package_discovery:discover_packages(ignore) using defaults
[0.176s] Level 1:colcon.colcon_core.package_discovery:discover_packages(path) discover
[0.176s] Level 1:colcon.colcon_core.package_discovery:discover_packages(path) using defaults
[0.193s] Level 1:colcon.colcon_core.package_discovery:discover_packages(prefix_path) check parameters
[0.193s] Level 1:colcon.colcon_core.package_discovery:discover_packages(prefix_path) discover
[0.195s] DEBUG:colcon.colcon_installed_package_information.package_discovery:Found 5 installed packages in /home/fuad/Downloads/fuad_ws/install
[0.197s] DEBUG:colcon.colcon_installed_package_information.package_discovery:Found 460 installed packages in /opt/ros/jazzy
[0.199s] Level 1:colcon.colcon_core.package_discovery:discover_packages(prefix_path) using defaults
[0.253s] WARNING:colcon.colcon_core.package_selection:Some selected packages are already built in one or more underlay workspaces:
	'turtlebot3_description' is in: /home/fuad/Downloads/fuad_ws/install/turtlebot3_description, /opt/ros/jazzy
	'turtlebot3_bringup' is in: /home/fuad/Downloads/fuad_ws/install/turtlebot3_bringup, /opt/ros/jazzy
If a package in a merged underlay workspace is overridden and it installs headers, then all packages in the overlay must sort their include directories by workspace order. Failure to do so may result in build failures or undefined behavior at run time.
If the overridden package is used by another package in any underlay, then the overriding package in the overlay must be API and ABI compatible or undefined behavior at run time may occur.

If you understand the risks and want to override a package anyways, add the following to the command line:
	--allow-overriding turtlebot3_bringup turtlebot3_description

This may be promoted to an error in a future release of colcon-override-check.
[0.254s] Level 5:colcon.colcon_core.verb:set package 'integration_pkg' build argument 'cmake_args' from command line to 'None'
[0.254s] Level 5:colcon.colcon_core.verb:set package 'integration_pkg' build argument 'cmake_target' from command line to 'None'
[0.254s] Level 5:colcon.colcon_core.verb:set package 'integration_pkg' build argument 'cmake_target_skip_unavailable' from command line to 'False'
[0.254s] Level 5:colcon.colcon_core.verb:set package 'integration_pkg' build argument 'cmake_clean_cache' from command line to 'False'
[0.254s] Level 5:colcon.colcon_core.verb:set package 'integration_pkg' build argument 'cmake_clean_first' from command line to 'False'
[0.254s] Level 5:colcon.colcon_core.verb:set package 'integration_pkg' build argument 'cmake_force_configure' from command line to 'False'
[0.254s] Level 5:colcon.colcon_core.verb:set package 'integration_pkg' build argument 'ament_cmake_args' from command line to 'None'
[0.254s] Level 5:colcon.colcon_core.verb:set package 'integration_pkg' build argument 'catkin_cmake_args' from command line to 'None'
[0.254s] Level 5:colcon.colcon_core.verb:set package 'integration_pkg' build argument 'catkin_skip_building_tests' from command line to 'False'
[0.254s] DEBUG:colcon.colcon_core.verb:Building package 'integration_pkg' with the following arguments: {'ament_cmake_args': None, 'build_base': '/home/fuad/Downloads/fuad_ws/build/integration_pkg', 'catkin_cmake_args': None, 'catkin_skip_building_tests': False, 'cmake_args': None, 'cmake_clean_cache': False, 'cmake_clean_first': False, 'cmake_force_configure': False, 'cmake_target': None, 'cmake_target_skip_unavailable': False, 'install_base': '/home/fuad/Downloads/fuad_ws/install/integration_pkg', 'merge_install': False, 'path': '/home/fuad/Downloads/fuad_ws/src/integration_pkg', 'symlink_install': False, 'test_result_base': None}
[0.255s] Level 5:colcon.colcon_core.verb:set package 'quadcopter_gazebo' build argument 'cmake_args' from command line to 'None'
[0.255s] Level 5:colcon.colcon_core.verb:set package 'quadcopter_gazebo' build argument 'cmake_target' from command line to 'None'
[0.255s] Level 5:colcon.colcon_core.verb:set package 'quadcopter_gazebo' build argument 'cmake_target_skip_unavailable' from command line to 'False'
[0.255s] Level 5:colcon.colcon_core.verb:set package 'quadcopter_gazebo' build argument 'cmake_clean_cache' from command line to 'False'
[0.255s] Level 5:colcon.colcon_core.verb:set package 'quadcopter_gazebo' build argument 'cmake_clean_first' from command line to 'False'
[0.255s] Level 5:colcon.colcon_core.verb:set package 'quadcopter_gazebo' build argument 'cmake_force_configure' from command line to 'False'
[0.255s] Level 5:colcon.colcon_core.verb:set package 'quadcopter_gazebo' build argument 'ament_cmake_args' from command line to 'None'
[0.255s] Level 5:colcon.colcon_core.verb:set package 'quadcopter_gazebo' build argument 'catkin_cmake_args' from command line to 'None'
[0.255s] Level 5:colcon.colcon_core.verb:set package 'quadcopter_gazebo' build argument 'catkin_skip_building_tests' from command line to 'False'
[0.255s] DEBUG:colcon.colcon_core.verb:Building package 'quadcopter_gazebo' with the following arguments: {'ament_cmake_args': None, 'build_base': '/home/fuad/Downloads/fuad_ws/build/quadcopter_gazebo', 'catkin_cmake_args': None, 'catkin_skip_building_tests': False, 'cmake_args': None, 'cmake_clean_cache': False, 'cmake_clean_first': False, 'cmake_force_configure': False, 'cmake_target': None, 'cmake_target_skip_unavailable': False, 'install_base': '/home/fuad/Downloads/fuad_ws/install/quadcopter_gazebo', 'merge_install': False, 'path': '/home/fuad/Downloads/fuad_ws/src/quadcopter_gazebo', 'symlink_install': False, 'test_result_base': None}
[0.255s] Level 5:colcon.colcon_core.verb:set package 'turtlebot3_description' build argument 'cmake_args' from command line to 'None'
[0.255s] Level 5:colcon.colcon_core.verb:set package 'turtlebot3_description' build argument 'cmake_target' from command line to 'None'
[0.255s] Level 5:colcon.colcon_core.verb:set package 'turtlebot3_description' build argument 'cmake_target_skip_unavailable' from command line to 'False'
[0.255s] Level 5:colcon.colcon_core.verb:set package 'turtlebot3_description' build argument 'cmake_clean_cache' from command line to 'False'
[0.255s] Level 5:colcon.colcon_core.verb:set package 'turtlebot3_description' build argument 'cmake_clean_first' from command line to 'False'
[0.255s] Level 5:colcon.colcon_core.verb:set package 'turtlebot3_description' build argument 'cmake_force_configure' from command line to 'False'
[0.255s] Level 5:colcon.colcon_core.verb:set package 'turtlebot3_description' build argument 'ament_cmake_args' from command line to 'None'
[0.255s] Level 5:colcon.colcon_core.verb:set package 'turtlebot3_description' build argument 'catkin_cmake_args' from command line to 'None'
[0.255s] Level 5:colcon.colcon_core.verb:set package 'turtlebot3_description' build argument 'catkin_skip_building_tests' from command line to 'False'
[0.255s] DEBUG:colcon.colcon_core.verb:Building package 'turtlebot3_description' with the following arguments: {'ament_cmake_args': None, 'build_base': '/home/fuad/Downloads/fuad_ws/build/turtlebot3_description', 'catkin_cmake_args': None, 'catkin_skip_building_tests': False, 'cmake_args': None, 'cmake_clean_cache': False, 'cmake_clean_first': False, 'cmake_force_configure': False, 'cmake_target': None, 'cmake_target_skip_unavailable': False, 'install_base': '/home/fuad/Downloads/fuad_ws/install/turtlebot3_description', 'merge_install': False, 'path': '/home/fuad/Downloads/fuad_ws/src/turtlebot3/turtlebot3_description', 'symlink_install': False, 'test_result_base': None}
[0.256s] Level 5:colcon.colcon_core.verb:set package 'turtlebot3_gazebo' build argument 'cmake_args' from command line to 'None'
[0.256s] Level 5:colcon.colcon_core.verb:set package 'turtlebot3_gazebo' build argument 'cmake_target' from command line to 'None'
[0.256s] Level 5:colcon.colcon_core.verb:set package 'turtlebot3_gazebo' build argument 'cmake_target_skip_unavailable' from command line to 'False'
[0.256s] Level 5:colcon.colcon_core.verb:set package 'turtlebot3_gazebo' build argument 'cmake_clean_cache' from command line to 'False'
[0.256s] Level 5:colcon.colcon_core.verb:set package 'turtlebot3_gazebo' build argument 'cmake_clean_first' from command line to 'False'
[0.256s] Level 5:colcon.colcon_core.verb:set package 'turtlebot3_gazebo' build argument 'cmake_force_configure' from command line to 'False'
[0.256s] Level 5:colcon.colcon_core.verb:set package 'turtlebot3_gazebo' build argument 'ament_cmake_args' from command line to 'None'
[0.256s] Level 5:colcon.colcon_core.verb:set package 'turtlebot3_gazebo' build argument 'catkin_cmake_args' from command line to 'None'
[0.256s] Level 5:colcon.colcon_core.verb:set package 'turtlebot3_gazebo' build argument 'catkin_skip_building_tests' from command line to 'False'
[0.256s] DEBUG:colcon.colcon_core.verb:Building package 'turtlebot3_gazebo' with the following arguments: {'ament_cmake_args': None, 'build_base': '/home/fuad/Downloads/fuad_ws/build/turtlebot3_gazebo', 'catkin_cmake_args': None, 'catkin_skip_building_tests': False, 'cmake_args': None, 'cmake_clean_cache': False, 'cmake_clean_first': False, 'cmake_force_configure': False, 'cmake_target': None, 'cmake_target_skip_unavailable': False, 'install_base': '/home/fuad/Downloads/fuad_ws/install/turtlebot3_gazebo', 'merge_install': False, 'path': '/home/fuad/Downloads/fuad_ws/src/turtlebot3/turtlebot3_gazebo', 'symlink_install': False, 'test_result_base': None}
[0.256s] Level 5:colcon.colcon_core.verb:set package 'turtlebot3_bringup' build argument 'cmake_args' from command line to 'None'
[0.256s] Level 5:colcon.colcon_core.verb:set package 'turtlebot3_bringup' build argument 'cmake_target' from command line to 'None'
[0.256s] Level 5:colcon.colcon_core.verb:set package 'turtlebot3_bringup' build argument 'cmake_target_skip_unavailable' from command line to 'False'
[0.256s] Level 5:colcon.colcon_core.verb:set package 'turtlebot3_bringup' build argument 'cmake_clean_cache' from command line to 'False'
[0.256s] Level 5:colcon.colcon_core.verb:set package 'turtlebot3_bringup' build argument 'cmake_clean_first' from command line to 'False'
[0.256s] Level 5:colcon.colcon_core.verb:set package 'turtlebot3_bringup' build argument 'cmake_force_configure' from command line to 'False'
[0.256s] Level 5:colcon.colcon_core.verb:set package 'turtlebot3_bringup' build argument 'ament_cmake_args' from command line to 'None'
[0.256s] Level 5:colcon.colcon_core.verb:set package 'turtlebot3_bringup' build argument 'catkin_cmake_args' from command line to 'None'
[0.256s] Level 5:colcon.colcon_core.verb:set package 'turtlebot3_bringup' build argument 'catkin_skip_building_tests' from command line to 'False'
[0.256s] DEBUG:colcon.colcon_core.verb:Building package 'turtlebot3_bringup' with the following arguments: {'ament_cmake_args': None, 'build_base': '/home/fuad/Downloads/fuad_ws/build/turtlebot3_bringup', 'catkin_cmake_args': None, 'catkin_skip_building_tests': False, 'cmake_args': None, 'cmake_clean_cache': False, 'cmake_clean_first': False, 'cmake_force_configure': False, 'cmake_target': None, 'cmake_target_skip_unavailable': False, 'install_base': '/home/fuad/Downloads/fuad_ws/install/turtlebot3_bringup', 'merge_install': False, 'path': '/home/fuad/Downloads/fuad_ws/src/turtlebot3/turtlebot3_bringup', 'symlink_install': False, 'test_result_base': None}
[0.256s] INFO:colcon.colcon_core.executor:Executing jobs using 'parallel' executor
[0.257s] DEBUG:colcon.colcon_parallel_executor.executor.parallel:run_until_complete
[0.258s] INFO:colcon.colcon_ros.task.ament_cmake.build:Building ROS package in '/home/fuad/Downloads/fuad_ws/src/turtlebot3/turtlebot3_description' with build type 'ament_cmake'
[0.258s] INFO:colcon.colcon_cmake.task.cmake.build:Building CMake package in '/home/fuad/Downloads/fuad_ws/src/turtlebot3/turtlebot3_description'
[0.260s] INFO:colcon.colcon_core.plugin_system:Skipping extension 'colcon_core.shell.bat': Not used on non-Windows systems
[0.260s] INFO:colcon.colcon_core.shell:Skip shell extension 'powershell' for command environment: Not usable outside of PowerShell
[0.260s] DEBUG:colcon.colcon_core.shell:Skip shell extension 'dsv' for command environment
[0.264s] INFO:colcon.colcon_ros.task.ament_python.build:Building ROS package in '/home/fuad/Downloads/fuad_ws/src/integration_pkg' with build type 'ament_python'
[0.264s] Level 1:colcon.colcon_core.shell:create_environment_hook('integration_pkg', 'ament_prefix_path')
[0.265s] INFO:colcon.colcon_core.shell:Creating environment hook '/home/fuad/Downloads/fuad_ws/install/integration_pkg/share/integration_pkg/hook/ament_prefix_path.ps1'
[0.265s] INFO:colcon.colcon_core.shell:Creating environment descriptor '/home/fuad/Downloads/fuad_ws/install/integration_pkg/share/integration_pkg/hook/ament_prefix_path.dsv'
[0.266s] INFO:colcon.colcon_core.shell:Creating environment hook '/home/fuad/Downloads/fuad_ws/install/integration_pkg/share/integration_pkg/hook/ament_prefix_path.sh'
[0.266s] INFO:colcon.colcon_core.shell:Skip shell extension 'powershell' for command environment: Not usable outside of PowerShell
[0.266s] DEBUG:colcon.colcon_core.shell:Skip shell extension 'dsv' for command environment
[0.270s] INFO:colcon.colcon_ros.task.ament_python.build:Building ROS package in '/home/fuad/Downloads/fuad_ws/src/quadcopter_gazebo' with build type 'ament_python'
[0.271s] Level 1:colcon.colcon_core.shell:create_environment_hook('quadcopter_gazebo', 'ament_prefix_path')
[0.271s] INFO:colcon.colcon_core.shell:Creating environment hook '/home/fuad/Downloads/fuad_ws/install/quadcopter_gazebo/share/quadcopter_gazebo/hook/ament_prefix_path.ps1'
[0.271s] INFO:colcon.colcon_core.shell:Creating environment descriptor '/home/fuad/Downloads/fuad_ws/install/quadcopter_gazebo/share/quadcopter_gazebo/hook/ament_prefix_path.dsv'
[0.272s] INFO:colcon.colcon_core.shell:Creating environment hook '/home/fuad/Downloads/fuad_ws/install/quadcopter_gazebo/share/quadcopter_gazebo/hook/ament_prefix_path.sh'
[0.272s] INFO:colcon.colcon_core.shell:Skip shell extension 'powershell' for command environment: Not usable outside of PowerShell
[0.272s] DEBUG:colcon.colcon_core.shell:Skip shell extension 'dsv' for command environment
[0.277s] INFO:colcon.colcon_ros.task.ament_cmake.build:Building ROS package in '/home/fuad/Downloads/fuad_ws/src/turtlebot3/turtlebot3_gazebo' with build type 'ament_cmake'
[0.277s] INFO:colcon.colcon_cmake.task.cmake.build:Building CMake package in '/home/fuad/Downloads/fuad_ws/src/turtlebot3/turtlebot3_gazebo'
[0.277s] INFO:colcon.colcon_core.shell:Skip shell extension 'powershell' for command environment: Not usable outside of PowerShell
[0.277s] DEBUG:colcon.colcon_core.shell:Skip shell extension 'dsv' for command environment
[0.286s] DEBUG:colcon.colcon_core.event_handler.log_command:Invoking command in '/home/fuad/Downloads/fuad_ws/build/turtlebot3_description': CMAKE_PREFIX_PATH=${CMAKE_PREFIX_PATH}:/home/fuad/Downloads/fuad_ws/install/quadcopter_gazebo:/home/fuad/Downloads/fuad_ws/install/integration_pkg:/opt/ros/jazzy DEBUGINFOD_URLS=https://debuginfod.ubuntu.com PS1=(.venv) \[\e]0;\u@\h: \w\a\]${debian_chroot:+($debian_chroot)}\[\033[01;32m\]\u@\h\[\033[00m\]:\[\033[01;34m\]\w\[\033[00m\]\$ VIRTUAL_ENV_PROMPT=(.venv) /usr/bin/cmake --build /home/fuad/Downloads/fuad_ws/build/turtlebot3_description -- -j16 -l16
[0.543s] WARNING:colcon.colcon_ros.task.ament_python.build:Package 'integration_pkg' doesn't explicitly install the 'package.xml' file (colcon-ros currently does it implicitly but that fallback will be removed in the future)
[0.544s] INFO:colcon.colcon_core.task.python.build:Building Python package in '/home/fuad/Downloads/fuad_ws/src/integration_pkg'
[0.544s] INFO:colcon.colcon_core.shell:Skip shell extension 'powershell' for command environment: Not usable outside of PowerShell
[0.544s] DEBUG:colcon.colcon_core.shell:Skip shell extension 'dsv' for command environment
[0.804s] WARNING:colcon.colcon_ros.task.ament_python.build:Package 'quadcopter_gazebo' doesn't explicitly install the 'package.xml' file (colcon-ros currently does it implicitly but that fallback will be removed in the future)
[0.805s] INFO:colcon.colcon_core.task.python.build:Building Python package in '/home/fuad/Downloads/fuad_ws/src/quadcopter_gazebo'
[0.805s] INFO:colcon.colcon_core.shell:Skip shell extension 'powershell' for command environment: Not usable outside of PowerShell
[0.805s] DEBUG:colcon.colcon_core.shell:Skip shell extension 'dsv' for command environment
[0.826s] DEBUG:colcon.colcon_core.event_handler.log_command:Invoking command in '/home/fuad/Downloads/fuad_ws/build/turtlebot3_gazebo': CMAKE_PREFIX_PATH=${CMAKE_PREFIX_PATH}:/home/fuad/Downloads/fuad_ws/install/quadcopter_gazebo:/home/fuad/Downloads/fuad_ws/install/integration_pkg:/opt/ros/jazzy DEBUGINFOD_URLS=https://debuginfod.ubuntu.com PS1=(.venv) \[\e]0;\u@\h: \w\a\]${debian_chroot:+($debian_chroot)}\[\033[01;32m\]\u@\h\[\033[00m\]:\[\033[01;34m\]\w\[\033[00m\]\$ VIRTUAL_ENV_PROMPT=(.venv) /usr/bin/cmake --build /home/fuad/Downloads/fuad_ws/build/turtlebot3_gazebo -- -j16 -l16
[0.826s] DEBUG:colcon.colcon_core.event_handler.log_command:Invoked command in '/home/fuad/Downloads/fuad_ws/build/turtlebot3_description' returned '0': CMAKE_PREFIX_PATH=${CMAKE_PREFIX_PATH}:/home/fuad/Downloads/fuad_ws/install/quadcopter_gazebo:/home/fuad/Downloads/fuad_ws/install/integration_pkg:/opt/ros/jazzy DEBUGINFOD_URLS=https://debuginfod.ubuntu.com PS1=(.venv) \[\e]0;\u@\h: \w\a\]${debian_chroot:+($debian_chroot)}\[\033[01;32m\]\u@\h\[\033[00m\]:\[\033[01;34m\]\w\[\033[00m\]\$ VIRTUAL_ENV_PROMPT=(.venv) /usr/bin/cmake --build /home/fuad/Downloads/fuad_ws/build/turtlebot3_description -- -j16 -l16
[0.847s] DEBUG:colcon.colcon_core.event_handler.log_command:Invoking command in '/home/fuad/Downloads/fuad_ws/build/turtlebot3_description': CMAKE_PREFIX_PATH=${CMAKE_PREFIX_PATH}:/home/fuad/Downloads/fuad_ws/install/quadcopter_gazebo:/home/fuad/Downloads/fuad_ws/install/integration_pkg:/opt/ros/jazzy DEBUGINFOD_URLS=https://debuginfod.ubuntu.com PS1=(.venv) \[\e]0;\u@\h: \w\a\]${debian_chroot:+($debian_chroot)}\[\033[01;32m\]\u@\h\[\033[00m\]:\[\033[01;34m\]\w\[\033[00m\]\$ VIRTUAL_ENV_PROMPT=(.venv) /usr/bin/cmake --install /home/fuad/Downloads/fuad_ws/build/turtlebot3_description
[0.878s] Level 1:colcon.colcon_core.environment:create_environment_scripts_only(turtlebot3_description)
[0.882s] DEBUG:colcon.colcon_core.event_handler.log_command:Invoked command in '/home/fuad/Downloads/fuad_ws/build/turtlebot3_description' returned '0': CMAKE_PREFIX_PATH=${CMAKE_PREFIX_PATH}:/home/fuad/Downloads/fuad_ws/install/quadcopter_gazebo:/home/fuad/Downloads/fuad_ws/install/integration_pkg:/opt/ros/jazzy DEBUGINFOD_URLS=https://debuginfod.ubuntu.com PS1=(.venv) \[\e]0;\u@\h: \w\a\]${debian_chroot:+($debian_chroot)}\[\033[01;32m\]\u@\h\[\033[00m\]:\[\033[01;34m\]\w\[\033[00m\]\$ VIRTUAL_ENV_PROMPT=(.venv) /usr/bin/cmake --install /home/fuad/Downloads/fuad_ws/build/turtlebot3_description
[0.882s] Level 1:colcon.colcon_core.environment:checking '/home/fuad/Downloads/fuad_ws/install/turtlebot3_description' for CMake module files
[0.883s] Level 1:colcon.colcon_core.environment:checking '/home/fuad/Downloads/fuad_ws/install/turtlebot3_description' for CMake config files
[0.883s] Level 1:colcon.colcon_core.shell:create_environment_hook('turtlebot3_description', 'cmake_prefix_path')
[0.884s] INFO:colcon.colcon_core.shell:Creating environment hook '/home/fuad/Downloads/fuad_ws/install/turtlebot3_description/share/turtlebot3_description/hook/cmake_prefix_path.ps1'
[0.884s] INFO:colcon.colcon_core.shell:Creating environment descriptor '/home/fuad/Downloads/fuad_ws/install/turtlebot3_description/share/turtlebot3_description/hook/cmake_prefix_path.dsv'
[0.885s] INFO:colcon.colcon_core.shell:Creating environment hook '/home/fuad/Downloads/fuad_ws/install/turtlebot3_description/share/turtlebot3_description/hook/cmake_prefix_path.sh'
[0.885s] Level 1:colcon.colcon_core.environment:checking '/home/fuad/Downloads/fuad_ws/install/turtlebot3_description/bin'
[0.886s] Level 1:colcon.colcon_core.environment:checking '/home/fuad/Downloads/fuad_ws/install/turtlebot3_description/lib/pkgconfig/turtlebot3_description.pc'
[0.886s] Level 1:colcon.colcon_core.environment:checking '/home/fuad/Downloads/fuad_ws/install/turtlebot3_description/lib/python3.12/site-packages'
[0.886s] Level 1:colcon.colcon_core.environment:checking '/home/fuad/Downloads/fuad_ws/install/turtlebot3_description/bin'
[0.886s] INFO:colcon.colcon_core.shell:Creating package script '/home/fuad/Downloads/fuad_ws/install/turtlebot3_description/share/turtlebot3_description/package.ps1'
[0.887s] INFO:colcon.colcon_core.shell:Creating package descriptor '/home/fuad/Downloads/fuad_ws/install/turtlebot3_description/share/turtlebot3_description/package.dsv'
[0.888s] INFO:colcon.colcon_core.shell:Creating package script '/home/fuad/Downloads/fuad_ws/install/turtlebot3_description/share/turtlebot3_description/package.sh'
[0.889s] INFO:colcon.colcon_core.shell:Creating package script '/home/fuad/Downloads/fuad_ws/install/turtlebot3_description/share/turtlebot3_description/package.bash'
[0.890s] INFO:colcon.colcon_core.shell:Creating package script '/home/fuad/Downloads/fuad_ws/install/turtlebot3_description/share/turtlebot3_description/package.zsh'
[0.891s] Level 1:colcon.colcon_core.environment:create_file_with_runtime_dependencies(/home/fuad/Downloads/fuad_ws/install/turtlebot3_description/share/colcon-core/packages/turtlebot3_description)
[0.891s] Level 1:colcon.colcon_core.environment:create_environment_scripts_only(turtlebot3_description)
[0.892s] Level 1:colcon.colcon_core.environment:checking '/home/fuad/Downloads/fuad_ws/install/turtlebot3_description' for CMake module files
[0.892s] Level 1:colcon.colcon_core.environment:checking '/home/fuad/Downloads/fuad_ws/install/turtlebot3_description' for CMake config files
[0.892s] Level 1:colcon.colcon_core.shell:create_environment_hook('turtlebot3_description', 'cmake_prefix_path')
[0.893s] INFO:colcon.colcon_core.shell:Creating environment hook '/home/fuad/Downloads/fuad_ws/install/turtlebot3_description/share/turtlebot3_description/hook/cmake_prefix_path.ps1'
[0.893s] INFO:colcon.colcon_core.shell:Creating environment descriptor '/home/fuad/Downloads/fuad_ws/install/turtlebot3_description/share/turtlebot3_description/hook/cmake_prefix_path.dsv'
[0.894s] INFO:colcon.colcon_core.shell:Creating environment hook '/home/fuad/Downloads/fuad_ws/install/turtlebot3_description/share/turtlebot3_description/hook/cmake_prefix_path.sh'
[0.894s] Level 1:colcon.colcon_core.environment:checking '/home/fuad/Downloads/fuad_ws/install/turtlebot3_description/bin'
[0.895s] Level 1:colcon.colcon_core.environment:checking '/home/fuad/Downloads/fuad_ws/install/turtlebot3_description/lib/pkgconfig/turtlebot3_description.pc'
[0.895s] Level 1:colcon.colcon_core.environment:checking '/home/fuad/Downloads/fuad_ws/install/turtlebot3_description/lib/python3.12/site-packages'
[0.895s] Level 1:colcon.colcon_core.environment:checking '/home/fuad/Downloads/fuad_ws/install/turtlebot3_description/bin'
[0.896s] INFO:colcon.colcon_core.shell:Creating package script '/home/fuad/Downloads/fuad_ws/install/turtlebot3_description/share/turtlebot3_description/package.ps1'
[0.897s] INFO:colcon.colcon_core.shell:Creating package descriptor '/home/fuad/Downloads/fuad_ws/install/turtlebot3_description/share/turtlebot3_description/package.dsv'
[0.897s] INFO:colcon.colcon_core.shell:Creating package script '/home/fuad/Downloads/fuad_ws/install/turtlebot3_description/share/turtlebot3_description/package.sh'
[0.898s] INFO:colcon.colcon_core.shell:Creating package script '/home/fuad/Downloads/fuad_ws/install/turtlebot3_description/share/turtlebot3_description/package.bash'
[0.898s] INFO:colcon.colcon_core.shell:Creating package script '/home/fuad/Downloads/fuad_ws/install/turtlebot3_description/share/turtlebot3_description/package.zsh'
[0.898s] Level 1:colcon.colcon_core.environment:create_file_with_runtime_dependencies(/home/fuad/Downloads/fuad_ws/install/turtlebot3_description/share/colcon-core/packages/turtlebot3_description)
[0.899s] INFO:colcon.colcon_ros.task.ament_cmake.build:Building ROS package in '/home/fuad/Downloads/fuad_ws/src/turtlebot3/turtlebot3_bringup' with build type 'ament_cmake'
[0.899s] INFO:colcon.colcon_cmake.task.cmake.build:Building CMake package in '/home/fuad/Downloads/fuad_ws/src/turtlebot3/turtlebot3_bringup'
[0.899s] INFO:colcon.colcon_core.shell:Skip shell extension 'powershell' for command environment: Not usable outside of PowerShell
[0.899s] DEBUG:colcon.colcon_core.shell:Skip shell extension 'dsv' for command environment
[0.913s] DEBUG:colcon.colcon_core.event_handler.log_command:Invoking command in '/home/fuad/Downloads/fuad_ws/build/turtlebot3_bringup': CMAKE_PREFIX_PATH=/home/fuad/Downloads/fuad_ws/install/turtlebot3_description:/home/fuad/Downloads/fuad_ws/install/turtlebot3_gazebo:/home/fuad/Downloads/fuad_ws/install/turtlebot3_bringup:/opt/ros/jazzy/opt/gz_sim_vendor:/opt/ros/jazzy/opt/gz_sensors_vendor:/opt/ros/jazzy/opt/gz_physics_vendor:/opt/ros/jazzy/opt/sdformat_vendor:/opt/ros/jazzy/opt/gz_gui_vendor:/opt/ros/jazzy/opt/gz_transport_vendor:/opt/ros/jazzy/opt/gz_rendering_vendor:/opt/ros/jazzy/opt/gz_plugin_vendor:/opt/ros/jazzy/opt/gz_fuel_tools_vendor:/opt/ros/jazzy/opt/gz_msgs_vendor:/opt/ros/jazzy/opt/gz_common_vendor:/opt/ros/jazzy/opt/gz_math_vendor:/opt/ros/jazzy/opt/gz_utils_vendor:/opt/ros/jazzy/opt/gz_tools_vendor:/opt/ros/jazzy/opt/gz_ogre_next_vendor:/opt/ros/jazzy/opt/gz_dartsim_vendor:/opt/ros/jazzy/opt/gz_cmake_vendor:/home/fuad/Downloads/fuad_ws/install/quadcopter_gazebo:/home/fuad/Downloads/fuad_ws/install/integration_pkg:/opt/ros/jazzy DEBUGINFOD_URLS=https://debuginfod.ubuntu.com PS1=(.venv) \[\e]0;\u@\h: \w\a\]${debian_chroot:+($debian_chroot)}\[\033[01;32m\]\u@\h\[\033[00m\]:\[\033[01;34m\]\w\[\033[00m\]\$ VIRTUAL_ENV_PROMPT=(.venv) /usr/bin/cmake --build /home/fuad/Downloads/fuad_ws/build/turtlebot3_bringup -- -j16 -l16
[0.952s] DEBUG:colcon.colcon_core.event_handler.log_command:Invoked command in '/home/fuad/Downloads/fuad_ws/build/turtlebot3_gazebo' returned '0': CMAKE_PREFIX_PATH=${CMAKE_PREFIX_PATH}:/home/fuad/Downloads/fuad_ws/install/quadcopter_gazebo:/home/fuad/Downloads/fuad_ws/install/integration_pkg:/opt/ros/jazzy DEBUGINFOD_URLS=https://debuginfod.ubuntu.com PS1=(.venv) \[\e]0;\u@\h: \w\a\]${debian_chroot:+($debian_chroot)}\[\033[01;32m\]\u@\h\[\033[00m\]:\[\033[01;34m\]\w\[\033[00m\]\$ VIRTUAL_ENV_PROMPT=(.venv) /usr/bin/cmake --build /home/fuad/Downloads/fuad_ws/build/turtlebot3_gazebo -- -j16 -l16
[0.953s] DEBUG:colcon.colcon_core.event_handler.log_command:Invoking command in '/home/fuad/Downloads/fuad_ws/build/turtlebot3_gazebo': CMAKE_PREFIX_PATH=${CMAKE_PREFIX_PATH}:/home/fuad/Downloads/fuad_ws/install/quadcopter_gazebo:/home/fuad/Downloads/fuad_ws/install/integration_pkg:/opt/ros/jazzy DEBUGINFOD_URLS=https://debuginfod.ubuntu.com PS1=(.venv) \[\e]0;\u@\h: \w\a\]${debian_chroot:+($debian_chroot)}\[\033[01;32m\]\u@\h\[\033[00m\]:\[\033[01;34m\]\w\[\033[00m\]\$ VIRTUAL_ENV_PROMPT=(.venv) /usr/bin/cmake --install /home/fuad/Downloads/fuad_ws/build/turtlebot3_gazebo
[0.975s] Level 1:colcon.colcon_core.environment:create_environment_scripts_only(turtlebot3_gazebo)
[0.975s] Level 1:colcon.colcon_core.environment:checking '/home/fuad/Downloads/fuad_ws/install/turtlebot3_gazebo' for CMake module files
[0.977s] Level 1:colcon.colcon_core.environment:checking '/home/fuad/Downloads/fuad_ws/install/turtlebot3_gazebo' for CMake config files
[0.978s] Level 1:colcon.colcon_core.shell:create_environment_hook('turtlebot3_gazebo', 'cmake_prefix_path')
[0.979s] INFO:colcon.colcon_core.shell:Creating environment hook '/home/fuad/Downloads/fuad_ws/install/turtlebot3_gazebo/share/turtlebot3_gazebo/hook/cmake_prefix_path.ps1'
[0.979s] INFO:colcon.colcon_core.shell:Creating environment descriptor '/home/fuad/Downloads/fuad_ws/install/turtlebot3_gazebo/share/turtlebot3_gazebo/hook/cmake_prefix_path.dsv'
[0.980s] INFO:colcon.colcon_core.shell:Creating environment hook '/home/fuad/Downloads/fuad_ws/install/turtlebot3_gazebo/share/turtlebot3_gazebo/hook/cmake_prefix_path.sh'
[0.981s] Level 1:colcon.colcon_core.environment:checking '/home/fuad/Downloads/fuad_ws/install/turtlebot3_gazebo/lib'
[0.982s] Level 1:colcon.colcon_core.environment:checking '/home/fuad/Downloads/fuad_ws/install/turtlebot3_gazebo/bin'
[0.982s] Level 1:colcon.colcon_core.environment:checking '/home/fuad/Downloads/fuad_ws/install/turtlebot3_gazebo/lib/pkgconfig/turtlebot3_gazebo.pc'
[0.982s] Level 1:colcon.colcon_core.environment:checking '/home/fuad/Downloads/fuad_ws/install/turtlebot3_gazebo/lib/python3.12/site-packages'
[0.983s] Level 1:colcon.colcon_core.environment:checking '/home/fuad/Downloads/fuad_ws/install/turtlebot3_gazebo/bin'
[0.983s] INFO:colcon.colcon_core.shell:Creating package script '/home/fuad/Downloads/fuad_ws/install/turtlebot3_gazebo/share/turtlebot3_gazebo/package.ps1'
[0.984s] INFO:colcon.colcon_core.shell:Creating package descriptor '/home/fuad/Downloads/fuad_ws/install/turtlebot3_gazebo/share/turtlebot3_gazebo/package.dsv'
[0.985s] INFO:colcon.colcon_core.shell:Creating package script '/home/fuad/Downloads/fuad_ws/install/turtlebot3_gazebo/share/turtlebot3_gazebo/package.sh'
[0.986s] INFO:colcon.colcon_core.shell:Creating package script '/home/fuad/Downloads/fuad_ws/install/turtlebot3_gazebo/share/turtlebot3_gazebo/package.bash'
[0.987s] INFO:colcon.colcon_core.shell:Creating package script '/home/fuad/Downloads/fuad_ws/install/turtlebot3_gazebo/share/turtlebot3_gazebo/package.zsh'
[0.987s] Level 1:colcon.colcon_core.environment:create_file_with_runtime_dependencies(/home/fuad/Downloads/fuad_ws/install/turtlebot3_gazebo/share/colcon-core/packages/turtlebot3_gazebo)
[0.988s] Level 1:colcon.colcon_core.environment:create_environment_scripts_only(turtlebot3_gazebo)
[0.988s] Level 1:colcon.colcon_core.environment:checking '/home/fuad/Downloads/fuad_ws/install/turtlebot3_gazebo' for CMake module files
[0.990s] Level 1:colcon.colcon_core.environment:checking '/home/fuad/Downloads/fuad_ws/install/turtlebot3_gazebo' for CMake config files
[0.991s] Level 1:colcon.colcon_core.shell:create_environment_hook('turtlebot3_gazebo', 'cmake_prefix_path')
[0.992s] INFO:colcon.colcon_core.shell:Creating environment hook '/home/fuad/Downloads/fuad_ws/install/turtlebot3_gazebo/share/turtlebot3_gazebo/hook/cmake_prefix_path.ps1'
[0.993s] INFO:colcon.colcon_core.shell:Creating environment descriptor '/home/fuad/Downloads/fuad_ws/install/turtlebot3_gazebo/share/turtlebot3_gazebo/hook/cmake_prefix_path.dsv'
[0.994s] INFO:colcon.colcon_core.shell:Creating environment hook '/home/fuad/Downloads/fuad_ws/install/turtlebot3_gazebo/share/turtlebot3_gazebo/hook/cmake_prefix_path.sh'
[0.995s] Level 1:colcon.colcon_core.environment:checking '/home/fuad/Downloads/fuad_ws/install/turtlebot3_gazebo/lib'
[0.995s] Level 1:colcon.colcon_core.environment:checking '/home/fuad/Downloads/fuad_ws/install/turtlebot3_gazebo/bin'
[0.995s] Level 1:colcon.colcon_core.environment:checking '/home/fuad/Downloads/fuad_ws/install/turtlebot3_gazebo/lib/pkgconfig/turtlebot3_gazebo.pc'
[0.995s] Level 1:colcon.colcon_core.environment:checking '/home/fuad/Downloads/fuad_ws/install/turtlebot3_gazebo/lib/python3.12/site-packages'
[0.996s] Level 1:colcon.colcon_core.environment:checking '/home/fuad/Downloads/fuad_ws/install/turtlebot3_gazebo/bin'
[0.996s] INFO:colcon.colcon_core.shell:Creating package script '/home/fuad/Downloads/fuad_ws/install/turtlebot3_gazebo/share/turtlebot3_gazebo/package.ps1'
[0.997s] INFO:colcon.colcon_core.shell:Creating package descriptor '/home/fuad/Downloads/fuad_ws/install/turtlebot3_gazebo/share/turtlebot3_gazebo/package.dsv'
[0.998s] INFO:colcon.colcon_core.shell:Creating package script '/home/fuad/Downloads/fuad_ws/install/turtlebot3_gazebo/share/turtlebot3_gazebo/package.sh'
[0.999s] INFO:colcon.colcon_core.shell:Creating package script '/home/fuad/Downloads/fuad_ws/install/turtlebot3_gazebo/share/turtlebot3_gazebo/package.bash'
[0.999s] INFO:colcon.colcon_core.shell:Creating package script '/home/fuad/Downloads/fuad_ws/install/turtlebot3_gazebo/share/turtlebot3_gazebo/package.zsh'
[1.000s] Level 1:colcon.colcon_core.environment:create_file_with_runtime_dependencies(/home/fuad/Downloads/fuad_ws/install/turtlebot3_gazebo/share/colcon-core/packages/turtlebot3_gazebo)
[1.001s] Level 1:colcon.colcon_core.environment:create_environment_scripts_only(turtlebot3_bringup)
[1.002s] Level 1:colcon.colcon_core.environment:checking '/home/fuad/Downloads/fuad_ws/install/turtlebot3_bringup' for CMake module files
[1.003s] Level 1:colcon.colcon_core.environment:checking '/home/fuad/Downloads/fuad_ws/install/turtlebot3_bringup' for CMake config files
[1.004s] Level 1:colcon.colcon_core.shell:create_environment_hook('turtlebot3_bringup', 'cmake_prefix_path')
[1.004s] INFO:colcon.colcon_core.shell:Creating environment hook '/home/fuad/Downloads/fuad_ws/install/turtlebot3_bringup/share/turtlebot3_bringup/hook/cmake_prefix_path.ps1'
[1.005s] INFO:colcon.colcon_core.shell:Creating environment descriptor '/home/fuad/Downloads/fuad_ws/install/turtlebot3_bringup/share/turtlebot3_bringup/hook/cmake_prefix_path.dsv'
[1.005s] INFO:colcon.colcon_core.shell:Creating environment hook '/home/fuad/Downloads/fuad_ws/install/turtlebot3_bringup/share/turtlebot3_bringup/hook/cmake_prefix_path.sh'
[1.006s] Level 1:colcon.colcon_core.environment:checking '/home/fuad/Downloads/fuad_ws/install/turtlebot3_bringup/bin'
[1.006s] Level 1:colcon.colcon_core.environment:checking '/home/fuad/Downloads/fuad_ws/install/turtlebot3_bringup/lib/pkgconfig/turtlebot3_bringup.pc'
[1.007s] Level 1:colcon.colcon_core.environment:checking '/home/fuad/Downloads/fuad_ws/install/turtlebot3_bringup/lib/python3.12/site-packages'
[1.007s] Level 1:colcon.colcon_core.environment:checking '/home/fuad/Downloads/fuad_ws/install/turtlebot3_bringup/bin'
[1.007s] INFO:colcon.colcon_core.shell:Creating package script '/home/fuad/Downloads/fuad_ws/install/turtlebot3_bringup/share/turtlebot3_bringup/package.ps1'
[1.008s] INFO:colcon.colcon_core.shell:Creating package descriptor '/home/fuad/Downloads/fuad_ws/install/turtlebot3_bringup/share/turtlebot3_bringup/package.dsv'
[1.009s] INFO:colcon.colcon_core.shell:Creating package script '/home/fuad/Downloads/fuad_ws/install/turtlebot3_bringup/share/turtlebot3_bringup/package.sh'
[1.009s] INFO:colcon.colcon_core.shell:Creating package script '/home/fuad/Downloads/fuad_ws/install/turtlebot3_bringup/share/turtlebot3_bringup/package.bash'
[1.010s] INFO:colcon.colcon_core.shell:Creating package script '/home/fuad/Downloads/fuad_ws/install/turtlebot3_bringup/share/turtlebot3_bringup/package.zsh'
[1.010s] Level 1:colcon.colcon_core.environment:create_file_with_runtime_dependencies(/home/fuad/Downloads/fuad_ws/install/turtlebot3_bringup/share/colcon-core/packages/turtlebot3_bringup)
[1.011s] Level 1:colcon.colcon_core.environment:create_environment_scripts_only(turtlebot3_bringup)
[1.011s] Level 1:colcon.colcon_core.environment:checking '/home/fuad/Downloads/fuad_ws/install/turtlebot3_bringup' for CMake module files
[1.013s] Level 1:colcon.colcon_core.environment:checking '/home/fuad/Downloads/fuad_ws/install/turtlebot3_bringup' for CMake config files
[1.014s] Level 1:colcon.colcon_core.shell:create_environment_hook('turtlebot3_bringup', 'cmake_prefix_path')
[1.014s] INFO:colcon.colcon_core.shell:Creating environment hook '/home/fuad/Downloads/fuad_ws/install/turtlebot3_bringup/share/turtlebot3_bringup/hook/cmake_prefix_path.ps1'
[1.016s] INFO:colcon.colcon_core.shell:Creating environment descriptor '/home/fuad/Downloads/fuad_ws/install/turtlebot3_bringup/share/turtlebot3_bringup/hook/cmake_prefix_path.dsv'
[1.016s] INFO:colcon.colcon_core.shell:Creating environment hook '/home/fuad/Downloads/fuad_ws/install/turtlebot3_bringup/share/turtlebot3_bringup/hook/cmake_prefix_path.sh'
[1.017s] Level 1:colcon.colcon_core.environment:checking '/home/fuad/Downloads/fuad_ws/install/turtlebot3_bringup/bin'
[1.018s] Level 1:colcon.colcon_core.environment:checking '/home/fuad/Downloads/fuad_ws/install/turtlebot3_bringup/lib/pkgconfig/turtlebot3_bringup.pc'
[1.018s] Level 1:colcon.colcon_core.environment:checking '/home/fuad/Downloads/fuad_ws/install/turtlebot3_bringup/lib/python3.12/site-packages'
[1.018s] Level 1:colcon.colcon_core.environment:checking '/home/fuad/Downloads/fuad_ws/install/turtlebot3_bringup/bin'
[1.018s] INFO:colcon.colcon_core.shell:Creating package script '/home/fuad/Downloads/fuad_ws/install/turtlebot3_bringup/share/turtlebot3_bringup/package.ps1'
[1.019s] INFO:colcon.colcon_core.shell:Creating package descriptor '/home/fuad/Downloads/fuad_ws/install/turtlebot3_bringup/share/turtlebot3_bringup/package.dsv'
[1.020s] INFO:colcon.colcon_core.shell:Creating package script '/home/fuad/Downloads/fuad_ws/install/turtlebot3_bringup/share/turtlebot3_bringup/package.sh'
[1.021s] INFO:colcon.colcon_core.shell:Creating package script '/home/fuad/Downloads/fuad_ws/install/turtlebot3_bringup/share/turtlebot3_bringup/package.bash'
[1.021s] INFO:colcon.colcon_core.shell:Creating package script '/home/fuad/Downloads/fuad_ws/install/turtlebot3_bringup/share/turtlebot3_bringup/package.zsh'
[1.022s] Level 1:colcon.colcon_core.environment:create_file_with_runtime_dependencies(/home/fuad/Downloads/fuad_ws/install/turtlebot3_bringup/share/colcon-core/packages/turtlebot3_bringup)
[1.026s] DEBUG:colcon.colcon_core.event_handler.log_command:Invoked command in '/home/fuad/Downloads/fuad_ws/build/turtlebot3_bringup' returned '0': CMAKE_PREFIX_PATH=/home/fuad/Downloads/fuad_ws/install/turtlebot3_description:/home/fuad/Downloads/fuad_ws/install/turtlebot3_gazebo:/home/fuad/Downloads/fuad_ws/install/turtlebot3_bringup:/opt/ros/jazzy/opt/gz_sim_vendor:/opt/ros/jazzy/opt/gz_sensors_vendor:/opt/ros/jazzy/opt/gz_physics_vendor:/opt/ros/jazzy/opt/sdformat_vendor:/opt/ros/jazzy/opt/gz_gui_vendor:/opt/ros/jazzy/opt/gz_transport_vendor:/opt/ros/jazzy/opt/gz_rendering_vendor:/opt/ros/jazzy/opt/gz_plugin_vendor:/opt/ros/jazzy/opt/gz_fuel_tools_vendor:/opt/ros/jazzy/opt/gz_msgs_vendor:/opt/ros/jazzy/opt/gz_common_vendor:/opt/ros/jazzy/opt/gz_math_vendor:/opt/ros/jazzy/opt/gz_utils_vendor:/opt/ros/jazzy/opt/gz_tools_vendor:/opt/ros/jazzy/opt/gz_ogre_next_vendor:/opt/ros/jazzy/opt/gz_dartsim_vendor:/opt/ros/jazzy/opt/gz_cmake_vendor:/home/fuad/Downloads/fuad_ws/install/quadcopter_gazebo:/home/fuad/Downloads/fuad_ws/install/integration_pkg:/opt/ros/jazzy DEBUGINFOD_URLS=https://debuginfod.ubuntu.com PS1=(.venv) \[\e]0;\u@\h: \w\a\]${debian_chroot:+($debian_chroot)}\[\033[01;32m\]\u@\h\[\033[00m\]:\[\033[01;34m\]\w\[\033[00m\]\$ VIRTUAL_ENV_PROMPT=(.venv) /usr/bin/cmake --build /home/fuad/Downloads/fuad_ws/build/turtlebot3_bringup -- -j16 -l16
[1.028s] DEBUG:colcon.colcon_core.event_handler.log_command:Invoking command in '/home/fuad/Downloads/fuad_ws/build/turtlebot3_bringup': CMAKE_PREFIX_PATH=/home/fuad/Downloads/fuad_ws/install/turtlebot3_description:/home/fuad/Downloads/fuad_ws/install/turtlebot3_gazebo:/home/fuad/Downloads/fuad_ws/install/turtlebot3_bringup:/opt/ros/jazzy/opt/gz_sim_vendor:/opt/ros/jazzy/opt/gz_sensors_vendor:/opt/ros/jazzy/opt/gz_physics_vendor:/opt/ros/jazzy/opt/sdformat_vendor:/opt/ros/jazzy/opt/gz_gui_vendor:/opt/ros/jazzy/opt/gz_transport_vendor:/opt/ros/jazzy/opt/gz_rendering_vendor:/opt/ros/jazzy/opt/gz_plugin_vendor:/opt/ros/jazzy/opt/gz_fuel_tools_vendor:/opt/ros/jazzy/opt/gz_msgs_vendor:/opt/ros/jazzy/opt/gz_common_vendor:/opt/ros/jazzy/opt/gz_math_vendor:/opt/ros/jazzy/opt/gz_utils_vendor:/opt/ros/jazzy/opt/gz_tools_vendor:/opt/ros/jazzy/opt/gz_ogre_next_vendor:/opt/ros/jazzy/opt/gz_dartsim_vendor:/opt/ros/jazzy/opt/gz_cmake_vendor:/home/fuad/Downloads/fuad_ws/install/quadcopter_gazebo:/home/fuad/Downloads/fuad_ws/install/integration_pkg:/opt/ros/jazzy DEBUGINFOD_URLS=https://debuginfod.ubuntu.com PS1=(.venv) \[\e]0;\u@\h: \w\a\]${debian_chroot:+($debian_chroot)}\[\033[01;32m\]\u@\h\[\033[00m\]:\[\033[01;34m\]\w\[\033[00m\]\$ VIRTUAL_ENV_PROMPT=(.venv) /usr/bin/cmake --install /home/fuad/Downloads/fuad_ws/build/turtlebot3_bringup
[1.029s] DEBUG:colcon.colcon_core.event_handler.log_command:Invoked command in '/home/fuad/Downloads/fuad_ws/build/turtlebot3_gazebo' returned '0': CMAKE_PREFIX_PATH=${CMAKE_PREFIX_PATH}:/home/fuad/Downloads/fuad_ws/install/quadcopter_gazebo:/home/fuad/Downloads/fuad_ws/install/integration_pkg:/opt/ros/jazzy DEBUGINFOD_URLS=https://debuginfod.ubuntu.com PS1=(.venv) \[\e]0;\u@\h: \w\a\]${debian_chroot:+($debian_chroot)}\[\033[01;32m\]\u@\h\[\033[00m\]:\[\033[01;34m\]\w\[\033[00m\]\$ VIRTUAL_ENV_PROMPT=(.venv) /usr/bin/cmake --install /home/fuad/Downloads/fuad_ws/build/turtlebot3_gazebo
[1.035s] DEBUG:colcon.colcon_core.event_handler.log_command:Invoked command in '/home/fuad/Downloads/fuad_ws/build/turtlebot3_bringup' returned '0': CMAKE_PREFIX_PATH=/home/fuad/Downloads/fuad_ws/install/turtlebot3_description:/home/fuad/Downloads/fuad_ws/install/turtlebot3_gazebo:/home/fuad/Downloads/fuad_ws/install/turtlebot3_bringup:/opt/ros/jazzy/opt/gz_sim_vendor:/opt/ros/jazzy/opt/gz_sensors_vendor:/opt/ros/jazzy/opt/gz_physics_vendor:/opt/ros/jazzy/opt/sdformat_vendor:/opt/ros/jazzy/opt/gz_gui_vendor:/opt/ros/jazzy/opt/gz_transport_vendor:/opt/ros/jazzy/opt/gz_rendering_vendor:/opt/ros/jazzy/opt/gz_plugin_vendor:/opt/ros/jazzy/opt/gz_fuel_tools_vendor:/opt/ros/jazzy/opt/gz_msgs_vendor:/opt/ros/jazzy/opt/gz_common_vendor:/opt/ros/jazzy/opt/gz_math_vendor:/opt/ros/jazzy/opt/gz_utils_vendor:/opt/ros/jazzy/opt/gz_tools_vendor:/opt/ros/jazzy/opt/gz_ogre_next_vendor:/opt/ros/jazzy/opt/gz_dartsim_vendor:/opt/ros/jazzy/opt/gz_cmake_vendor:/home/fuad/Downloads/fuad_ws/install/quadcopter_gazebo:/home/fuad/Downloads/fuad_ws/install/integration_pkg:/opt/ros/jazzy DEBUGINFOD_URLS=https://debuginfod.ubuntu.com PS1=(.venv) \[\e]0;\u@\h: \w\a\]${debian_chroot:+($debian_chroot)}\[\033[01;32m\]\u@\h\[\033[00m\]:\[\033[01;34m\]\w\[\033[00m\]\$ VIRTUAL_ENV_PROMPT=(.venv) /usr/bin/cmake --install /home/fuad/Downloads/fuad_ws/build/turtlebot3_bringup
[1.619s] DEBUG:colcon.colcon_core.task.python.build:Available setuptools commands: develop, bdist, update_catalog, sdist, alias, bdist_egg, build_clib, clean, install_data, build_ext, install_egg_info, build, rotate, install_scripts, check, extract_messages, bdist_dumb, bdist_wheel, build_py, setopt, bdist_rpm, easy_install, compile_catalog, install_headers, egg_info, upload, init_catalog, dist_info, editable_wheel, symlink_data, upload_docs, install_lib, test, install, build_scripts, register, saveopts
[1.623s] DEBUG:colcon.colcon_core.event_handler.log_command:Invoking command in '/home/fuad/Downloads/fuad_ws/src/integration_pkg': DEBUGINFOD_URLS=https://debuginfod.ubuntu.com PS1=(.venv) \[\e]0;\u@\h: \w\a\]${debian_chroot:+($debian_chroot)}\[\033[01;32m\]\u@\h\[\033[00m\]:\[\033[01;34m\]\w\[\033[00m\]\$ PYTHONPATH=/home/fuad/Downloads/fuad_ws/build/integration_pkg/prefix_override:/usr/lib/python3/dist-packages/colcon_core/task/python/colcon_distutils_commands:/home/fuad/Downloads/fuad_ws/install/integration_pkg/lib/python3.12/site-packages:${PYTHONPATH} VIRTUAL_ENV_PROMPT=(.venv) /usr/bin/python3 -W ignore:setup.py install is deprecated -W ignore:easy_install command is deprecated setup.py egg_info --egg-base ../../build/integration_pkg build --build-base /home/fuad/Downloads/fuad_ws/build/integration_pkg/build install --record /home/fuad/Downloads/fuad_ws/build/integration_pkg/install.log --install-scripts $base/lib/integration_pkg --single-version-externally-managed install_data
[1.632s] DEBUG:colcon.colcon_core.task.python.build:Available setuptools commands: develop, bdist, update_catalog, sdist, alias, bdist_egg, build_clib, clean, install_data, build_ext, install_egg_info, build, rotate, install_scripts, check, extract_messages, bdist_dumb, bdist_wheel, build_py, setopt, bdist_rpm, easy_install, compile_catalog, install_headers, egg_info, upload, init_catalog, dist_info, editable_wheel, symlink_data, upload_docs, install_lib, test, install, build_scripts, register, saveopts
[1.635s] DEBUG:colcon.colcon_core.event_handler.log_command:Invoking command in '/home/fuad/Downloads/fuad_ws/src/quadcopter_gazebo': DEBUGINFOD_URLS=https://debuginfod.ubuntu.com PS1=(.venv) \[\e]0;\u@\h: \w\a\]${debian_chroot:+($debian_chroot)}\[\033[01;32m\]\u@\h\[\033[00m\]:\[\033[01;34m\]\w\[\033[00m\]\$ PYTHONPATH=/home/fuad/Downloads/fuad_ws/build/quadcopter_gazebo/prefix_override:/usr/lib/python3/dist-packages/colcon_core/task/python/colcon_distutils_commands:/home/fuad/Downloads/fuad_ws/install/quadcopter_gazebo/lib/python3.12/site-packages:${PYTHONPATH} VIRTUAL_ENV_PROMPT=(.venv) /usr/bin/python3 -W ignore:setup.py install is deprecated -W ignore:easy_install command is deprecated setup.py egg_info --egg-base ../../build/quadcopter_gazebo build --build-base /home/fuad/Downloads/fuad_ws/build/quadcopter_gazebo/build install --record /home/fuad/Downloads/fuad_ws/build/quadcopter_gazebo/install.log --install-scripts $base/lib/quadcopter_gazebo --single-version-externally-managed install_data
[2.323s] Level 1:colcon.colcon_core.environment:checking '/home/fuad/Downloads/fuad_ws/install/integration_pkg' for CMake module files
[2.324s] DEBUG:colcon.colcon_core.event_handler.log_command:Invoked command in '/home/fuad/Downloads/fuad_ws/src/integration_pkg' returned '0': DEBUGINFOD_URLS=https://debuginfod.ubuntu.com PS1=(.venv) \[\e]0;\u@\h: \w\a\]${debian_chroot:+($debian_chroot)}\[\033[01;32m\]\u@\h\[\033[00m\]:\[\033[01;34m\]\w\[\033[00m\]\$ PYTHONPATH=/home/fuad/Downloads/fuad_ws/build/integration_pkg/prefix_override:/usr/lib/python3/dist-packages/colcon_core/task/python/colcon_distutils_commands:/home/fuad/Downloads/fuad_ws/install/integration_pkg/lib/python3.12/site-packages:${PYTHONPATH} VIRTUAL_ENV_PROMPT=(.venv) /usr/bin/python3 -W ignore:setup.py install is deprecated -W ignore:easy_install command is deprecated setup.py egg_info --egg-base ../../build/integration_pkg build --build-base /home/fuad/Downloads/fuad_ws/build/integration_pkg/build install --record /home/fuad/Downloads/fuad_ws/build/integration_pkg/install.log --install-scripts $base/lib/integration_pkg --single-version-externally-managed install_data
[2.325s] Level 1:colcon.colcon_core.environment:checking '/home/fuad/Downloads/fuad_ws/install/integration_pkg' for CMake config files
[2.326s] Level 1:colcon.colcon_core.environment:checking '/home/fuad/Downloads/fuad_ws/install/integration_pkg/lib'
[2.326s] Level 1:colcon.colcon_core.environment:checking '/home/fuad/Downloads/fuad_ws/install/integration_pkg/bin'
[2.326s] Level 1:colcon.colcon_core.environment:checking '/home/fuad/Downloads/fuad_ws/install/integration_pkg/lib/pkgconfig/integration_pkg.pc'
[2.327s] Level 1:colcon.colcon_core.environment:checking '/home/fuad/Downloads/fuad_ws/install/integration_pkg/lib/python3.12/site-packages'
[2.327s] Level 1:colcon.colcon_core.shell:create_environment_hook('integration_pkg', 'pythonpath')
[2.327s] INFO:colcon.colcon_core.shell:Creating environment hook '/home/fuad/Downloads/fuad_ws/install/integration_pkg/share/integration_pkg/hook/pythonpath.ps1'
[2.328s] INFO:colcon.colcon_core.shell:Creating environment descriptor '/home/fuad/Downloads/fuad_ws/install/integration_pkg/share/integration_pkg/hook/pythonpath.dsv'
[2.329s] INFO:colcon.colcon_core.shell:Creating environment hook '/home/fuad/Downloads/fuad_ws/install/integration_pkg/share/integration_pkg/hook/pythonpath.sh'
[2.330s] Level 1:colcon.colcon_core.environment:checking '/home/fuad/Downloads/fuad_ws/install/integration_pkg/bin'
[2.331s] Level 1:colcon.colcon_core.environment:create_environment_scripts_only(integration_pkg)
[2.331s] INFO:colcon.colcon_core.shell:Creating package script '/home/fuad/Downloads/fuad_ws/install/integration_pkg/share/integration_pkg/package.ps1'
[2.332s] INFO:colcon.colcon_core.shell:Creating package descriptor '/home/fuad/Downloads/fuad_ws/install/integration_pkg/share/integration_pkg/package.dsv'
[2.333s] INFO:colcon.colcon_core.shell:Creating package script '/home/fuad/Downloads/fuad_ws/install/integration_pkg/share/integration_pkg/package.sh'
[2.334s] INFO:colcon.colcon_core.shell:Creating package script '/home/fuad/Downloads/fuad_ws/install/integration_pkg/share/integration_pkg/package.bash'
[2.335s] INFO:colcon.colcon_core.shell:Creating package script '/home/fuad/Downloads/fuad_ws/install/integration_pkg/share/integration_pkg/package.zsh'
[2.336s] Level 1:colcon.colcon_core.environment:create_file_with_runtime_dependencies(/home/fuad/Downloads/fuad_ws/install/integration_pkg/share/colcon-core/packages/integration_pkg)
[2.350s] Level 1:colcon.colcon_core.environment:checking '/home/fuad/Downloads/fuad_ws/install/quadcopter_gazebo' for CMake module files
[2.351s] DEBUG:colcon.colcon_core.event_handler.log_command:Invoked command in '/home/fuad/Downloads/fuad_ws/src/quadcopter_gazebo' returned '0': DEBUGINFOD_URLS=https://debuginfod.ubuntu.com PS1=(.venv) \[\e]0;\u@\h: \w\a\]${debian_chroot:+($debian_chroot)}\[\033[01;32m\]\u@\h\[\033[00m\]:\[\033[01;34m\]\w\[\033[00m\]\$ PYTHONPATH=/home/fuad/Downloads/fuad_ws/build/quadcopter_gazebo/prefix_override:/usr/lib/python3/dist-packages/colcon_core/task/python/colcon_distutils_commands:/home/fuad/Downloads/fuad_ws/install/quadcopter_gazebo/lib/python3.12/site-packages:${PYTHONPATH} VIRTUAL_ENV_PROMPT=(.venv) /usr/bin/python3 -W ignore:setup.py install is deprecated -W ignore:easy_install command is deprecated setup.py egg_info --egg-base ../../build/quadcopter_gazebo build --build-base /home/fuad/Downloads/fuad_ws/build/quadcopter_gazebo/build install --record /home/fuad/Downloads/fuad_ws/build/quadcopter_gazebo/install.log --install-scripts $base/lib/quadcopter_gazebo --single-version-externally-managed install_data
[2.351s] Level 1:colcon.colcon_core.environment:checking '/home/fuad/Downloads/fuad_ws/install/quadcopter_gazebo' for CMake config files
[2.352s] Level 1:colcon.colcon_core.environment:checking '/home/fuad/Downloads/fuad_ws/install/quadcopter_gazebo/lib'
[2.352s] Level 1:colcon.colcon_core.environment:checking '/home/fuad/Downloads/fuad_ws/install/quadcopter_gazebo/bin'
[2.352s] Level 1:colcon.colcon_core.environment:checking '/home/fuad/Downloads/fuad_ws/install/quadcopter_gazebo/lib/pkgconfig/quadcopter_gazebo.pc'
[2.352s] Level 1:colcon.colcon_core.environment:checking '/home/fuad/Downloads/fuad_ws/install/quadcopter_gazebo/lib/python3.12/site-packages'
[2.352s] Level 1:colcon.colcon_core.shell:create_environment_hook('quadcopter_gazebo', 'pythonpath')
[2.353s] INFO:colcon.colcon_core.shell:Creating environment hook '/home/fuad/Downloads/fuad_ws/install/quadcopter_gazebo/share/quadcopter_gazebo/hook/pythonpath.ps1'
[2.353s] INFO:colcon.colcon_core.shell:Creating environment descriptor '/home/fuad/Downloads/fuad_ws/install/quadcopter_gazebo/share/quadcopter_gazebo/hook/pythonpath.dsv'
[2.353s] INFO:colcon.colcon_core.shell:Creating environment hook '/home/fuad/Downloads/fuad_ws/install/quadcopter_gazebo/share/quadcopter_gazebo/hook/pythonpath.sh'
[2.354s] Level 1:colcon.colcon_core.environment:checking '/home/fuad/Downloads/fuad_ws/install/quadcopter_gazebo/bin'
[2.354s] Level 1:colcon.colcon_core.environment:create_environment_scripts_only(quadcopter_gazebo)
[2.354s] INFO:colcon.colcon_core.shell:Creating package script '/home/fuad/Downloads/fuad_ws/install/quadcopter_gazebo/share/quadcopter_gazebo/package.ps1'
[2.355s] INFO:colcon.colcon_core.shell:Creating package descriptor '/home/fuad/Downloads/fuad_ws/install/quadcopter_gazebo/share/quadcopter_gazebo/package.dsv'
[2.355s] INFO:colcon.colcon_core.shell:Creating package script '/home/fuad/Downloads/fuad_ws/install/quadcopter_gazebo/share/quadcopter_gazebo/package.sh'
[2.356s] INFO:colcon.colcon_core.shell:Creating package script '/home/fuad/Downloads/fuad_ws/install/quadcopter_gazebo/share/quadcopter_gazebo/package.bash'
[2.356s] INFO:colcon.colcon_core.shell:Creating package script '/home/fuad/Downloads/fuad_ws/install/quadcopter_gazebo/share/quadcopter_gazebo/package.zsh'
[2.356s] Level 1:colcon.colcon_core.environment:create_file_with_runtime_dependencies(/home/fuad/Downloads/fuad_ws/install/quadcopter_gazebo/share/colcon-core/packages/quadcopter_gazebo)
[2.356s] DEBUG:colcon.colcon_parallel_executor.executor.parallel:closing loop
[2.357s] DEBUG:colcon.colcon_parallel_executor.executor.parallel:loop closed
[2.357s] DEBUG:colcon.colcon_parallel_executor.executor.parallel:run_until_complete finished with '0'
[2.357s] DEBUG:colcon.colcon_core.event_reactor:joining thread
[2.369s] INFO:colcon.colcon_core.plugin_system:Skipping extension 'colcon_notification.desktop_notification.terminal_notifier': Not used on non-Darwin systems
[2.369s] INFO:colcon.colcon_core.plugin_system:Skipping extension 'colcon_notification.desktop_notification.win32': Not used on non-Windows systems
[2.370s] INFO:colcon.colcon_notification.desktop_notification:Sending desktop notification using 'notify2'
[2.397s] DEBUG:colcon.colcon_core.event_reactor:joined thread
[2.398s] INFO:colcon.colcon_core.shell:Creating prefix script '/home/fuad/Downloads/fuad_ws/install/local_setup.ps1'
[2.399s] INFO:colcon.colcon_core.shell:Creating prefix util module '/home/fuad/Downloads/fuad_ws/install/_local_setup_util_ps1.py'
[2.402s] INFO:colcon.colcon_core.shell:Creating prefix chain script '/home/fuad/Downloads/fuad_ws/install/setup.ps1'
[2.404s] INFO:colcon.colcon_core.shell:Creating prefix script '/home/fuad/Downloads/fuad_ws/install/local_setup.sh'
[2.404s] INFO:colcon.colcon_core.shell:Creating prefix util module '/home/fuad/Downloads/fuad_ws/install/_local_setup_util_sh.py'
[2.405s] INFO:colcon.colcon_core.shell:Creating prefix chain script '/home/fuad/Downloads/fuad_ws/install/setup.sh'
[2.406s] INFO:colcon.colcon_core.shell:Creating prefix script '/home/fuad/Downloads/fuad_ws/install/local_setup.bash'
[2.406s] INFO:colcon.colcon_core.shell:Creating prefix chain script '/home/fuad/Downloads/fuad_ws/install/setup.bash'
[2.407s] INFO:colcon.colcon_core.shell:Creating prefix script '/home/fuad/Downloads/fuad_ws/install/local_setup.zsh'
[2.407s] INFO:colcon.colcon_core.shell:Creating prefix chain script '/home/fuad/Downloads/fuad_ws/install/setup.zsh'
