running egg_info
creating ../../build/quadcopter_gazebo/quadcopter_gazebo.egg-info
writing ../../build/quadcopter_gazebo/quadcopter_gazebo.egg-info/PKG-INFO
writing dependency_links to ../../build/quadcopter_gazebo/quadcopter_gazebo.egg-info/dependency_links.txt
writing entry points to ../../build/quadcopter_gazebo/quadcopter_gazebo.egg-info/entry_points.txt
writing requirements to ../../build/quadcopter_gazebo/quadcopter_gazebo.egg-info/requires.txt
writing top-level names to ../../build/quadcopter_gazebo/quadcopter_gazebo.egg-info/top_level.txt
writing manifest file '../../build/quadcopter_gazebo/quadcopter_gazebo.egg-info/SOURCES.txt'
reading manifest file '../../build/quadcopter_gazebo/quadcopter_gazebo.egg-info/SOURCES.txt'
writing manifest file '../../build/quadcopter_gazebo/quadcopter_gazebo.egg-info/SOURCES.txt'
running build
running build_py
creating /home/fuad/Downloads/fuad_ws/build/quadcopter_gazebo/build
creating /home/fuad/Downloads/fuad_ws/build/quadcopter_gazebo/build/lib
creating /home/fuad/Downloads/fuad_ws/build/quadcopter_gazebo/build/lib/quadcopter_gazebo
copying quadcopter_gazebo/motor_mixer_node.py -> /home/fuad/Downloads/fuad_ws/build/quadcopter_gazebo/build/lib/quadcopter_gazebo
copying quadcopter_gazebo/__init__.py -> /home/fuad/Downloads/fuad_ws/build/quadcopter_gazebo/build/lib/quadcopter_gazebo
running install
running install_lib
creating /home/fuad/Downloads/fuad_ws/install/quadcopter_gazebo/lib/python3.12/site-packages/quadcopter_gazebo
copying /home/fuad/Downloads/fuad_ws/build/quadcopter_gazebo/build/lib/quadcopter_gazebo/motor_mixer_node.py -> /home/fuad/Downloads/fuad_ws/install/quadcopter_gazebo/lib/python3.12/site-packages/quadcopter_gazebo
copying /home/fuad/Downloads/fuad_ws/build/quadcopter_gazebo/build/lib/quadcopter_gazebo/__init__.py -> /home/fuad/Downloads/fuad_ws/install/quadcopter_gazebo/lib/python3.12/site-packages/quadcopter_gazebo
byte-compiling /home/fuad/Downloads/fuad_ws/install/quadcopter_gazebo/lib/python3.12/site-packages/quadcopter_gazebo/motor_mixer_node.py to motor_mixer_node.cpython-312.pyc
byte-compiling /home/fuad/Downloads/fuad_ws/install/quadcopter_gazebo/lib/python3.12/site-packages/quadcopter_gazebo/__init__.py to __init__.cpython-312.pyc
running install_data
creating /home/fuad/Downloads/fuad_ws/install/quadcopter_gazebo/share/ament_index
creating /home/fuad/Downloads/fuad_ws/install/quadcopter_gazebo/share/ament_index/resource_index
creating /home/fuad/Downloads/fuad_ws/install/quadcopter_gazebo/share/ament_index/resource_index/packages
copying resource/quadcopter_gazebo -> /home/fuad/Downloads/fuad_ws/install/quadcopter_gazebo/share/ament_index/resource_index/packages
creating /home/fuad/Downloads/fuad_ws/install/quadcopter_gazebo/share/quadcopter_gazebo/launch
copying launch/quadcopter.launch.py -> /home/fuad/Downloads/fuad_ws/install/quadcopter_gazebo/share/quadcopter_gazebo/launch
creating /home/fuad/Downloads/fuad_ws/install/quadcopter_gazebo/share/quadcopter_gazebo/config
creating /home/fuad/Downloads/fuad_ws/install/quadcopter_gazebo/share/quadcopter_gazebo/models
creating /home/fuad/Downloads/fuad_ws/install/quadcopter_gazebo/share/quadcopter_gazebo/models/quadcopter
copying models/quadcopter/model.sdf -> /home/fuad/Downloads/fuad_ws/install/quadcopter_gazebo/share/quadcopter_gazebo/models/quadcopter
copying models/quadcopter/model.config -> /home/fuad/Downloads/fuad_ws/install/quadcopter_gazebo/share/quadcopter_gazebo/models/quadcopter
running install_egg_info
Copying ../../build/quadcopter_gazebo/quadcopter_gazebo.egg-info to /home/fuad/Downloads/fuad_ws/install/quadcopter_gazebo/lib/python3.12/site-packages/quadcopter_gazebo-0.0.1-py3.12.egg-info
running install_scripts
Installing motor_mixer script to /home/fuad/Downloads/fuad_ws/install/quadcopter_gazebo/lib/quadcopter_gazebo
Installing teleop_to_motor script to /home/fuad/Downloads/fuad_ws/install/quadcopter_gazebo/lib/quadcopter_gazebo
writing list of installed files to '/home/fuad/Downloads/fuad_ws/build/quadcopter_gazebo/install.log'
