[1.614s] Invoking command in '/home/fuad/Downloads/fuad_ws/src/quadcopter_gazebo': DEBUGINFOD_URLS=https://debuginfod.ubuntu.com PS1=(.venv) \[\e]0;\u@\h: \w\a\]${debian_chroot:+($debian_chroot)}\[\033[01;32m\]\u@\h\[\033[00m\]:\[\033[01;34m\]\w\[\033[00m\]\$ PYTHONPATH=/home/fuad/Downloads/fuad_ws/build/quadcopter_gazebo/prefix_override:/usr/lib/python3/dist-packages/colcon_core/task/python/colcon_distutils_commands:/home/fuad/Downloads/fuad_ws/install/quadcopter_gazebo/lib/python3.12/site-packages:${PYTHONPATH} VIRTUAL_ENV_PROMPT=(.venv) /usr/bin/python3 -W ignore:setup.py install is deprecated -W ignore:easy_install command is deprecated setup.py egg_info --egg-base ../../build/quadcopter_gazebo build --build-base /home/fuad/Downloads/fuad_ws/build/quadcopter_gazebo/build install --record /home/fuad/Downloads/fuad_ws/build/quadcopter_gazebo/install.log --install-scripts $base/lib/quadcopter_gazebo --single-version-externally-managed install_data
[2.027s] running egg_info
[2.027s] creating ../../build/quadcopter_gazebo/quadcopter_gazebo.egg-info
[2.060s] writing ../../build/quadcopter_gazebo/quadcopter_gazebo.egg-info/PKG-INFO
[2.060s] writing dependency_links to ../../build/quadcopter_gazebo/quadcopter_gazebo.egg-info/dependency_links.txt
[2.060s] writing entry points to ../../build/quadcopter_gazebo/quadcopter_gazebo.egg-info/entry_points.txt
[2.061s] writing requirements to ../../build/quadcopter_gazebo/quadcopter_gazebo.egg-info/requires.txt
[2.061s] writing top-level names to ../../build/quadcopter_gazebo/quadcopter_gazebo.egg-info/top_level.txt
[2.061s] writing manifest file '../../build/quadcopter_gazebo/quadcopter_gazebo.egg-info/SOURCES.txt'
[2.129s] reading manifest file '../../build/quadcopter_gazebo/quadcopter_gazebo.egg-info/SOURCES.txt'
[2.130s] writing manifest file '../../build/quadcopter_gazebo/quadcopter_gazebo.egg-info/SOURCES.txt'
[2.130s] running build
[2.130s] running build_py
[2.130s] creating /home/fuad/Downloads/fuad_ws/build/quadcopter_gazebo/build
[2.130s] creating /home/fuad/Downloads/fuad_ws/build/quadcopter_gazebo/build/lib
[2.130s] creating /home/fuad/Downloads/fuad_ws/build/quadcopter_gazebo/build/lib/quadcopter_gazebo
[2.130s] copying quadcopter_gazebo/motor_mixer_node.py -> /home/fuad/Downloads/fuad_ws/build/quadcopter_gazebo/build/lib/quadcopter_gazebo
[2.130s] copying quadcopter_gazebo/__init__.py -> /home/fuad/Downloads/fuad_ws/build/quadcopter_gazebo/build/lib/quadcopter_gazebo
[2.131s] running install
[2.138s] running install_lib
[2.174s] creating /home/fuad/Downloads/fuad_ws/install/quadcopter_gazebo/lib/python3.12/site-packages/quadcopter_gazebo
[2.175s] copying /home/fuad/Downloads/fuad_ws/build/quadcopter_gazebo/build/lib/quadcopter_gazebo/motor_mixer_node.py -> /home/fuad/Downloads/fuad_ws/install/quadcopter_gazebo/lib/python3.12/site-packages/quadcopter_gazebo
[2.175s] copying /home/fuad/Downloads/fuad_ws/build/quadcopter_gazebo/build/lib/quadcopter_gazebo/__init__.py -> /home/fuad/Downloads/fuad_ws/install/quadcopter_gazebo/lib/python3.12/site-packages/quadcopter_gazebo
[2.176s] byte-compiling /home/fuad/Downloads/fuad_ws/install/quadcopter_gazebo/lib/python3.12/site-packages/quadcopter_gazebo/motor_mixer_node.py to motor_mixer_node.cpython-312.pyc
[2.178s] byte-compiling /home/fuad/Downloads/fuad_ws/install/quadcopter_gazebo/lib/python3.12/site-packages/quadcopter_gazebo/__init__.py to __init__.cpython-312.pyc
[2.178s] running install_data
[2.178s] creating /home/fuad/Downloads/fuad_ws/install/quadcopter_gazebo/share/ament_index
[2.178s] creating /home/fuad/Downloads/fuad_ws/install/quadcopter_gazebo/share/ament_index/resource_index
[2.178s] creating /home/fuad/Downloads/fuad_ws/install/quadcopter_gazebo/share/ament_index/resource_index/packages
[2.179s] copying resource/quadcopter_gazebo -> /home/fuad/Downloads/fuad_ws/install/quadcopter_gazebo/share/ament_index/resource_index/packages
[2.179s] creating /home/fuad/Downloads/fuad_ws/install/quadcopter_gazebo/share/quadcopter_gazebo/launch
[2.179s] copying launch/quadcopter.launch.py -> /home/fuad/Downloads/fuad_ws/install/quadcopter_gazebo/share/quadcopter_gazebo/launch
[2.179s] creating /home/fuad/Downloads/fuad_ws/install/quadcopter_gazebo/share/quadcopter_gazebo/config
[2.179s] creating /home/fuad/Downloads/fuad_ws/install/quadcopter_gazebo/share/quadcopter_gazebo/models
[2.180s] creating /home/fuad/Downloads/fuad_ws/install/quadcopter_gazebo/share/quadcopter_gazebo/models/quadcopter
[2.180s] copying models/quadcopter/model.sdf -> /home/fuad/Downloads/fuad_ws/install/quadcopter_gazebo/share/quadcopter_gazebo/models/quadcopter
[2.180s] copying models/quadcopter/model.config -> /home/fuad/Downloads/fuad_ws/install/quadcopter_gazebo/share/quadcopter_gazebo/models/quadcopter
[2.180s] running install_egg_info
[2.217s] Copying ../../build/quadcopter_gazebo/quadcopter_gazebo.egg-info to /home/fuad/Downloads/fuad_ws/install/quadcopter_gazebo/lib/python3.12/site-packages/quadcopter_gazebo-0.0.1-py3.12.egg-info
[2.218s] running install_scripts
[2.448s] Installing motor_mixer script to /home/fuad/Downloads/fuad_ws/install/quadcopter_gazebo/lib/quadcopter_gazebo
[2.449s] Installing teleop_to_motor script to /home/fuad/Downloads/fuad_ws/install/quadcopter_gazebo/lib/quadcopter_gazebo
[2.449s] writing list of installed files to '/home/fuad/Downloads/fuad_ws/build/quadcopter_gazebo/install.log'
[2.527s] Invoked command in '/home/fuad/Downloads/fuad_ws/src/quadcopter_gazebo' returned '0': DEBUGINFOD_URLS=https://debuginfod.ubuntu.com PS1=(.venv) \[\e]0;\u@\h: \w\a\]${debian_chroot:+($debian_chroot)}\[\033[01;32m\]\u@\h\[\033[00m\]:\[\033[01;34m\]\w\[\033[00m\]\$ PYTHONPATH=/home/fuad/Downloads/fuad_ws/build/quadcopter_gazebo/prefix_override:/usr/lib/python3/dist-packages/colcon_core/task/python/colcon_distutils_commands:/home/fuad/Downloads/fuad_ws/install/quadcopter_gazebo/lib/python3.12/site-packages:${PYTHONPATH} VIRTUAL_ENV_PROMPT=(.venv) /usr/bin/python3 -W ignore:setup.py install is deprecated -W ignore:easy_install command is deprecated setup.py egg_info --egg-base ../../build/quadcopter_gazebo build --build-base /home/fuad/Downloads/fuad_ws/build/quadcopter_gazebo/build install --record /home/fuad/Downloads/fuad_ws/build/quadcopter_gazebo/install.log --install-scripts $base/lib/quadcopter_gazebo --single-version-externally-managed install_data
