running develop
running egg_info
writing integration_pkg.egg-info/PKG-INFO
writing dependency_links to integration_pkg.egg-info/dependency_links.txt
writing entry points to integration_pkg.egg-info/entry_points.txt
writing requirements to integration_pkg.egg-info/requires.txt
writing top-level names to integration_pkg.egg-info/top_level.txt
reading manifest file 'integration_pkg.egg-info/SOURCES.txt'
writing manifest file 'integration_pkg.egg-info/SOURCES.txt'
running build_ext
Creating /home/fuad/Downloads/fuad_ws/install/integration_pkg/lib/python3.12/site-packages/integration-pkg.egg-link (link to .)
Installing battery_sim script to /home/fuad/Downloads/fuad_ws/install/integration_pkg/lib/integration_pkg
Installing dashboard_node script to /home/fuad/Downloads/fuad_ws/install/integration_pkg/lib/integration_pkg
Installing follow_node script to /home/fuad/Downloads/fuad_ws/install/integration_pkg/lib/integration_pkg
Installing selector_node script to /home/fuad/Downloads/fuad_ws/install/integration_pkg/lib/integration_pkg
Installing teleop_bridge script to /home/fuad/Downloads/fuad_ws/install/integration_pkg/lib/integration_pkg
Installing voice_node script to /home/fuad/Downloads/fuad_ws/install/integration_pkg/lib/integration_pkg

Installed /home/fuad/Downloads/fuad_ws/build/integration_pkg
running symlink_data
symbolically linking /home/fuad/Downloads/fuad_ws/build/integration_pkg/resource/integration_pkg -> /home/fuad/Downloads/fuad_ws/install/integration_pkg/share/ament_index/resource_index/packages
symbolically linking /home/fuad/Downloads/fuad_ws/build/integration_pkg/launch/all.launch.py -> /home/fuad/Downloads/fuad_ws/install/integration_pkg/share/integration_pkg/launch
symbolically linking /home/fuad/Downloads/fuad_ws/build/integration_pkg/config/params.yaml -> /home/fuad/Downloads/fuad_ws/install/integration_pkg/share/integration_pkg/config
