[1.583s] Invoking command in '/home/fuad/Downloads/fuad_ws/src/integration_pkg': DEBUGINFOD_URLS=https://debuginfod.ubuntu.com PS1=(.venv) \[\e]0;\u@\h: \w\a\]${debian_chroot:+($debian_chroot)}\[\033[01;32m\]\u@\h\[\033[00m\]:\[\033[01;34m\]\w\[\033[00m\]\$ PYTHONPATH=/home/fuad/Downloads/fuad_ws/build/integration_pkg/prefix_override:/usr/lib/python3/dist-packages/colcon_core/task/python/colcon_distutils_commands:/home/fuad/Downloads/fuad_ws/install/integration_pkg/lib/python3.12/site-packages:${PYTHONPATH} VIRTUAL_ENV_PROMPT=(.venv) /usr/bin/python3 -W ignore:setup.py install is deprecated -W ignore:easy_install command is deprecated setup.py egg_info --egg-base ../../build/integration_pkg build --build-base /home/fuad/Downloads/fuad_ws/build/integration_pkg/build install --record /home/fuad/Downloads/fuad_ws/build/integration_pkg/install.log --install-scripts $base/lib/integration_pkg --single-version-externally-managed install_data
[2.006s] running egg_info
[2.006s] creating ../../build/integration_pkg/integration_pkg.egg-info
[2.039s] writing ../../build/integration_pkg/integration_pkg.egg-info/PKG-INFO
[2.040s] writing dependency_links to ../../build/integration_pkg/integration_pkg.egg-info/dependency_links.txt
[2.040s] writing entry points to ../../build/integration_pkg/integration_pkg.egg-info/entry_points.txt
[2.040s] writing requirements to ../../build/integration_pkg/integration_pkg.egg-info/requires.txt
[2.040s] writing top-level names to ../../build/integration_pkg/integration_pkg.egg-info/top_level.txt
[2.040s] writing manifest file '../../build/integration_pkg/integration_pkg.egg-info/SOURCES.txt'
[2.109s] reading manifest file '../../build/integration_pkg/integration_pkg.egg-info/SOURCES.txt'
[2.109s] writing manifest file '../../build/integration_pkg/integration_pkg.egg-info/SOURCES.txt'
[2.110s] running build
[2.110s] running build_py
[2.110s] creating /home/fuad/Downloads/fuad_ws/build/integration_pkg/build
[2.110s] creating /home/fuad/Downloads/fuad_ws/build/integration_pkg/build/lib
[2.110s] creating /home/fuad/Downloads/fuad_ws/build/integration_pkg/build/lib/integration_pkg
[2.110s] copying integration_pkg/teleop_bridge.py -> /home/fuad/Downloads/fuad_ws/build/integration_pkg/build/lib/integration_pkg
[2.110s] copying integration_pkg/selector_node.py -> /home/fuad/Downloads/fuad_ws/build/integration_pkg/build/lib/integration_pkg
[2.111s] copying integration_pkg/dashboard_node.py -> /home/fuad/Downloads/fuad_ws/build/integration_pkg/build/lib/integration_pkg
[2.111s] copying integration_pkg/voice_node.py -> /home/fuad/Downloads/fuad_ws/build/integration_pkg/build/lib/integration_pkg
[2.111s] copying integration_pkg/follow_node.py -> /home/fuad/Downloads/fuad_ws/build/integration_pkg/build/lib/integration_pkg
[2.111s] copying integration_pkg/__init__.py -> /home/fuad/Downloads/fuad_ws/build/integration_pkg/build/lib/integration_pkg
[2.111s] running install
[2.119s] running install_lib
[2.153s] creating /home/fuad/Downloads/fuad_ws/install/integration_pkg/lib/python3.12/site-packages/integration_pkg
[2.154s] copying /home/fuad/Downloads/fuad_ws/build/integration_pkg/build/lib/integration_pkg/teleop_bridge.py -> /home/fuad/Downloads/fuad_ws/install/integration_pkg/lib/python3.12/site-packages/integration_pkg
[2.154s] copying /home/fuad/Downloads/fuad_ws/build/integration_pkg/build/lib/integration_pkg/selector_node.py -> /home/fuad/Downloads/fuad_ws/install/integration_pkg/lib/python3.12/site-packages/integration_pkg
[2.154s] copying /home/fuad/Downloads/fuad_ws/build/integration_pkg/build/lib/integration_pkg/dashboard_node.py -> /home/fuad/Downloads/fuad_ws/install/integration_pkg/lib/python3.12/site-packages/integration_pkg
[2.155s] copying /home/fuad/Downloads/fuad_ws/build/integration_pkg/build/lib/integration_pkg/voice_node.py -> /home/fuad/Downloads/fuad_ws/install/integration_pkg/lib/python3.12/site-packages/integration_pkg
[2.155s] copying /home/fuad/Downloads/fuad_ws/build/integration_pkg/build/lib/integration_pkg/follow_node.py -> /home/fuad/Downloads/fuad_ws/install/integration_pkg/lib/python3.12/site-packages/integration_pkg
[2.155s] copying /home/fuad/Downloads/fuad_ws/build/integration_pkg/build/lib/integration_pkg/__init__.py -> /home/fuad/Downloads/fuad_ws/install/integration_pkg/lib/python3.12/site-packages/integration_pkg
[2.155s] byte-compiling /home/fuad/Downloads/fuad_ws/install/integration_pkg/lib/python3.12/site-packages/integration_pkg/teleop_bridge.py to teleop_bridge.cpython-312.pyc
[2.156s] byte-compiling /home/fuad/Downloads/fuad_ws/install/integration_pkg/lib/python3.12/site-packages/integration_pkg/selector_node.py to selector_node.cpython-312.pyc
[2.157s] byte-compiling /home/fuad/Downloads/fuad_ws/install/integration_pkg/lib/python3.12/site-packages/integration_pkg/dashboard_node.py to dashboard_node.cpython-312.pyc
[2.160s] byte-compiling /home/fuad/Downloads/fuad_ws/install/integration_pkg/lib/python3.12/site-packages/integration_pkg/voice_node.py to voice_node.cpython-312.pyc
[2.161s] byte-compiling /home/fuad/Downloads/fuad_ws/install/integration_pkg/lib/python3.12/site-packages/integration_pkg/follow_node.py to follow_node.cpython-312.pyc
[2.163s] byte-compiling /home/fuad/Downloads/fuad_ws/install/integration_pkg/lib/python3.12/site-packages/integration_pkg/__init__.py to __init__.cpython-312.pyc
[2.163s] running install_data
[2.163s] creating /home/fuad/Downloads/fuad_ws/install/integration_pkg/share/ament_index
[2.164s] creating /home/fuad/Downloads/fuad_ws/install/integration_pkg/share/ament_index/resource_index
[2.164s] creating /home/fuad/Downloads/fuad_ws/install/integration_pkg/share/ament_index/resource_index/packages
[2.164s] copying resource/integration_pkg -> /home/fuad/Downloads/fuad_ws/install/integration_pkg/share/ament_index/resource_index/packages
[2.164s] creating /home/fuad/Downloads/fuad_ws/install/integration_pkg/share/integration_pkg/launch
[2.164s] copying launch/all.launch.py -> /home/fuad/Downloads/fuad_ws/install/integration_pkg/share/integration_pkg/launch
[2.164s] creating /home/fuad/Downloads/fuad_ws/install/integration_pkg/share/integration_pkg/config
[2.165s] copying config/params.yaml -> /home/fuad/Downloads/fuad_ws/install/integration_pkg/share/integration_pkg/config
[2.165s] running install_egg_info
[2.202s] Copying ../../build/integration_pkg/integration_pkg.egg-info to /home/fuad/Downloads/fuad_ws/install/integration_pkg/lib/python3.12/site-packages/integration_pkg-0.0.1-py3.12.egg-info
[2.203s] running install_scripts
[2.434s] Installing dashboard_node script to /home/fuad/Downloads/fuad_ws/install/integration_pkg/lib/integration_pkg
[2.435s] Installing follow_node script to /home/fuad/Downloads/fuad_ws/install/integration_pkg/lib/integration_pkg
[2.435s] Installing selector_node script to /home/fuad/Downloads/fuad_ws/install/integration_pkg/lib/integration_pkg
[2.435s] Installing teleop_bridge script to /home/fuad/Downloads/fuad_ws/install/integration_pkg/lib/integration_pkg
[2.435s] Installing voice_node script to /home/fuad/Downloads/fuad_ws/install/integration_pkg/lib/integration_pkg
[2.436s] writing list of installed files to '/home/fuad/Downloads/fuad_ws/build/integration_pkg/install.log'
[2.513s] Invoked command in '/home/fuad/Downloads/fuad_ws/src/integration_pkg' returned '0': DEBUGINFOD_URLS=https://debuginfod.ubuntu.com PS1=(.venv) \[\e]0;\u@\h: \w\a\]${debian_chroot:+($debian_chroot)}\[\033[01;32m\]\u@\h\[\033[00m\]:\[\033[01;34m\]\w\[\033[00m\]\$ PYTHONPATH=/home/fuad/Downloads/fuad_ws/build/integration_pkg/prefix_override:/usr/lib/python3/dist-packages/colcon_core/task/python/colcon_distutils_commands:/home/fuad/Downloads/fuad_ws/install/integration_pkg/lib/python3.12/site-packages:${PYTHONPATH} VIRTUAL_ENV_PROMPT=(.venv) /usr/bin/python3 -W ignore:setup.py install is deprecated -W ignore:easy_install command is deprecated setup.py egg_info --egg-base ../../build/integration_pkg build --build-base /home/fuad/Downloads/fuad_ws/build/integration_pkg/build install --record /home/fuad/Downloads/fuad_ws/build/integration_pkg/install.log --install-scripts $base/lib/integration_pkg --single-version-externally-managed install_data
